[01m[K/root/distr_slam_ws/src/cartographer_ros/cartographer_ros/src/node.cpp:1009:6:[m[K [01;31m[Kerror: [m[Kno declaration matches ‘[01m[Kbool cartographer_ros::Node::[01;32m[KSaveCurrentPosesToRedis[m[K()[m[K’
 1009 | bool [01;31m[KNode[m[K::SaveCurrentPosesToRedis() {
      |      [01;31m[K^~~~[m[K
[01m[K/root/distr_slam_ws/src/cartographer_ros/cartographer_ros/src/node.cpp:1009:6:[m[K [01;36m[Knote: [m[Kno functions named ‘[01m[Kbool cartographer_ros::Node::[01;32m[KSaveCurrentPosesToRedis[m[K()[m[K’
In file included from [01m[K/root/distr_slam_ws/src/cartographer_ros/cartographer_ros/src/node.cpp:17[m[K:
[01m[K/root/distr_slam_ws/src/cartographer_ros/cartographer_ros/include/cartographer_ros/node.h:61:7:[m[K [01;36m[Knote: [m[K‘[01m[Kclass cartographer_ros::Node[m[K’ defined here
   61 | class [01;36m[KNode[m[K {
      |       [01;36m[K^~~~[m[K
[01m[K/root/distr_slam_ws/src/cartographer_ros/cartographer_ros/src/node.cpp:[m[K In member function ‘[01m[Kvoid cartographer_ros::Node::[01;32m[KHandleExportStateToRedis[m[K(std::shared_ptr<std_srvs::srv::Trigger_Request_<std::allocator<void> > >, std::shared_ptr<std_srvs::srv::Trigger_Response_<std::allocator<void> > >)[m[K’:
[01m[K/root/distr_slam_ws/src/cartographer_ros/cartographer_ros/src/node.cpp:1154:8:[m[K [01;31m[Kerror: [m[K‘[01m[KSaveCurrentPosesToRedis[m[K’ was not declared in this scope; did you mean ‘[01m[KSaveCurrentPoseToRedis[m[K’?
 1154 |   if (![01;31m[KSaveCurrentPosesToRedis[m[K()) {
      |        [01;31m[K^~~~~~~~~~~~~~~~~~~~~~~[m[K
      |        [32m[KSaveCurrentPoseToRedis[m[K
[01m[K/root/distr_slam_ws/src/cartographer_ros/cartographer_ros/src/node.cpp:[m[K At global scope:
[01m[K/root/distr_slam_ws/src/cartographer_ros/cartographer_ros/src/node.cpp:105:5:[m[K [01;35m[Kwarning: [m[K‘[01m[Kint cartographer_ros::{anonymous}::[01;32m[KFindReferenceTrajectoryId[m[K(const std::map<int, cartographer::mapping::PoseGraphInterface::TrajectoryState>&)[m[K’ defined but not used [[01;35m[K-Wunused-function[m[K]
  105 | int [01;35m[KFindReferenceTrajectoryId[m[K(
      |     [01;35m[K^~~~~~~~~~~~~~~~~~~~~~~~~[m[K
gmake[2]: *** [CMakeFiles/cartographer_ros.dir/build.make:132: CMakeFiles/cartographer_ros.dir/src/node.cpp.o] Error 1
gmake[1]: *** [CMakeFiles/Makefile2:151: CMakeFiles/cartographer_ros.dir/all] Error 2
gmake: *** [Makefile:146: all] Error 2
