[0.017s] Invoking command in '/root/distr_slam_ws/build/cartographer_ros': CMAKE_PREFIX_PATH=/root/distr_slam_ws/install/cartographer_ros_msgs:/root/distr_slam_ws/install/cartographer:/root/distr_slam_ws/install/cartographer_rviz:/root/distr_slam_ws/install/cartographer_ros:/opt/ros/jazzy/opt/gz_math_vendor:/opt/ros/jazzy/opt/gz_utils_vendor:/opt/ros/jazzy/opt/gz_cmake_vendor:/opt/ros/jazzy LD_LIBRARY_PATH=/root/distr_slam_ws/install/cartographer_ros_msgs/lib:/root/distr_slam_ws/install/cartographer_rviz/lib:/root/distr_slam_ws/install/cartographer_ros/lib:/opt/ros/jazzy/opt/rviz_ogre_vendor/lib:/opt/ros/jazzy/lib/x86_64-linux-gnu:/opt/ros/jazzy/opt/gz_math_vendor/lib:/opt/ros/jazzy/opt/gz_utils_vendor/lib:/opt/ros/jazzy/opt/gz_cmake_vendor/lib:/opt/ros/jazzy/lib /usr/bin/cmake --build /root/distr_slam_ws/build/cartographer_ros -- -j8 -l8
[0.314s] [  2%] [32mBuilding CXX object CMakeFiles/cartographer_ros.dir/src/node.cpp.o[0m
[0.317s] [  5%] [32mBuilding CXX object CMakeFiles/cartographer_ros.dir/src/offline_node.cpp.o[0m
[9.734s] [01m[K/root/distr_slam_ws/src/cartographer_ros/cartographer_ros/src/node.cpp:1009:6:[m[K [01;31m[Kerror: [m[Kno declaration matches ‘[01m[Kbool cartographer_ros::Node::[01;32m[KSaveCurrentPosesToRedis[m[K()[m[K’
[9.734s]  1009 | bool [01;31m[KNode[m[K::SaveCurrentPosesToRedis() {
[9.734s]       |      [01;31m[K^~~~[m[K
[9.734s] [01m[K/root/distr_slam_ws/src/cartographer_ros/cartographer_ros/src/node.cpp:1009:6:[m[K [01;36m[Knote: [m[Kno functions named ‘[01m[Kbool cartographer_ros::Node::[01;32m[KSaveCurrentPosesToRedis[m[K()[m[K’
[9.735s] In file included from [01m[K/root/distr_slam_ws/src/cartographer_ros/cartographer_ros/src/node.cpp:17[m[K:
[9.735s] [01m[K/root/distr_slam_ws/src/cartographer_ros/cartographer_ros/include/cartographer_ros/node.h:61:7:[m[K [01;36m[Knote: [m[K‘[01m[Kclass cartographer_ros::Node[m[K’ defined here
[9.735s]    61 | class [01;36m[KNode[m[K {
[9.735s]       |       [01;36m[K^~~~[m[K
[9.752s] [01m[K/root/distr_slam_ws/src/cartographer_ros/cartographer_ros/src/node.cpp:[m[K In member function ‘[01m[Kvoid cartographer_ros::Node::[01;32m[KHandleExportStateToRedis[m[K(std::shared_ptr<std_srvs::srv::Trigger_Request_<std::allocator<void> > >, std::shared_ptr<std_srvs::srv::Trigger_Response_<std::allocator<void> > >)[m[K’:
[9.753s] [01m[K/root/distr_slam_ws/src/cartographer_ros/cartographer_ros/src/node.cpp:1154:8:[m[K [01;31m[Kerror: [m[K‘[01m[KSaveCurrentPosesToRedis[m[K’ was not declared in this scope; did you mean ‘[01m[KSaveCurrentPoseToRedis[m[K’?
[9.753s]  1154 |   if (![01;31m[KSaveCurrentPosesToRedis[m[K()) {
[9.753s]       |        [01;31m[K^~~~~~~~~~~~~~~~~~~~~~~[m[K
[9.753s]       |        [32m[KSaveCurrentPoseToRedis[m[K
[25.798s] [01m[K/root/distr_slam_ws/src/cartographer_ros/cartographer_ros/src/node.cpp:[m[K At global scope:
[25.799s] [01m[K/root/distr_slam_ws/src/cartographer_ros/cartographer_ros/src/node.cpp:105:5:[m[K [01;35m[Kwarning: [m[K‘[01m[Kint cartographer_ros::{anonymous}::[01;32m[KFindReferenceTrajectoryId[m[K(const std::map<int, cartographer::mapping::PoseGraphInterface::TrajectoryState>&)[m[K’ defined but not used [[01;35m[K-Wunused-function[m[K]
[25.799s]   105 | int [01;35m[KFindReferenceTrajectoryId[m[K(
[25.799s]       |     [01;35m[K^~~~~~~~~~~~~~~~~~~~~~~~~[m[K
[25.953s] gmake[2]: *** [CMakeFiles/cartographer_ros.dir/build.make:132: CMakeFiles/cartographer_ros.dir/src/node.cpp.o] Error 1
[25.953s] gmake[1]: *** [CMakeFiles/Makefile2:151: CMakeFiles/cartographer_ros.dir/all] Error 2
[25.954s] gmake: *** [Makefile:146: all] Error 2
[25.956s] Invoked command in '/root/distr_slam_ws/build/cartographer_ros' returned '2': CMAKE_PREFIX_PATH=/root/distr_slam_ws/install/cartographer_ros_msgs:/root/distr_slam_ws/install/cartographer:/root/distr_slam_ws/install/cartographer_rviz:/root/distr_slam_ws/install/cartographer_ros:/opt/ros/jazzy/opt/gz_math_vendor:/opt/ros/jazzy/opt/gz_utils_vendor:/opt/ros/jazzy/opt/gz_cmake_vendor:/opt/ros/jazzy LD_LIBRARY_PATH=/root/distr_slam_ws/install/cartographer_ros_msgs/lib:/root/distr_slam_ws/install/cartographer_rviz/lib:/root/distr_slam_ws/install/cartographer_ros/lib:/opt/ros/jazzy/opt/rviz_ogre_vendor/lib:/opt/ros/jazzy/lib/x86_64-linux-gnu:/opt/ros/jazzy/opt/gz_math_vendor/lib:/opt/ros/jazzy/opt/gz_utils_vendor/lib:/opt/ros/jazzy/opt/gz_cmake_vendor/lib:/opt/ros/jazzy/lib /usr/bin/cmake --build /root/distr_slam_ws/build/cartographer_ros -- -j8 -l8
