[0.044s] Invoking command in '/root/distr_slam_ws/build/cartographer': CMAKE_PREFIX_PATH=${CMAKE_PREFIX_PATH}:/opt/ros/jazzy /usr/bin/cmake /root/distr_slam_ws/src/cartographer -DCMAKE_INSTALL_PREFIX=/root/distr_slam_ws/install/cartographer
[0.056s] -- Build type: Release
[0.388s] -- Found Boost: /usr/lib/x86_64-linux-gnu/cmake/Boost-1.83.0/BoostConfig.cmake (found version "1.83.0") found components: iostreams 
[1.295s] -- Found AMD headers in: /usr/include/suitesparse
[1.297s] -- Found AMD library: /usr/lib/x86_64-linux-gnu/libamd.so
[1.298s] -- Found CAMD headers in: /usr/include/suitesparse
[1.299s] -- Found CAMD library: /usr/lib/x86_64-linux-gnu/libcamd.so
[1.300s] -- Found CCOLAMD headers in: /usr/include/suitesparse
[1.302s] -- Found CCOLAMD library: /usr/lib/x86_64-linux-gnu/libccolamd.so
[1.303s] -- Found CHOLMOD headers in: /usr/include/suitesparse
[1.304s] -- Found CHOLMOD library: /usr/lib/x86_64-linux-gnu/libcholmod.so
[1.305s] -- Found COLAMD headers in: /usr/include/suitesparse
[1.307s] -- Found COLAMD library: /usr/lib/x86_64-linux-gnu/libcolamd.so
[1.308s] -- Found SPQR headers in: /usr/include/suitesparse
[1.309s] -- Found SPQR library: /usr/lib/x86_64-linux-gnu/libspqr.so
[1.310s] -- Found Config headers in: /usr/include/suitesparse
[1.312s] -- Found Config library: /usr/lib/x86_64-linux-gnu/libsuitesparseconfig.so
[1.319s] -- Found Intel Thread Building Blocks (TBB) library (2021.11 / ) include location: . Assuming SuiteSparseQR was compiled with TBB.
[1.319s] -- Looking for shm_open in rt
[1.462s] -- Looking for shm_open in rt - found
[1.463s] -- Adding librt to SuiteSparse_config libraries (required on Linux & Unix [not OSX] if SuiteSparse is compiled with timing).
[1.471s] -- Could NOT find METIS (missing: METIS_INCLUDE_DIR METIS_LIBRARY) 
[1.473s] -- Found SuiteSparse: /usr/include/suitesparse (found suitable version "7.6.1", minimum required is "7.6.1") found components: AMD CAMD CCOLAMD CHOLMOD COLAMD SPQR Config 
[1.495s] -- Found required Ceres dependency: Eigen version 3.4.0 in /usr/share/eigen3/cmake
[1.512s] -- Found required Ceres dependency: glog
[1.513s] -- Found required Ceres dependency: gflags
[1.514s] -- Found Ceres version: 2.2.0 installed in: /usr with components: [EigenSparse, SparseLinearAlgebraLibrary, LAPACK, SuiteSparse, SchurSpecializations]
[1.534s] -- Found Lua: /usr/lib/x86_64-linux-gnu/liblua5.2.so;/usr/lib/x86_64-linux-gnu/libm.so (found version "5.2.4") 
[1.561s] -- Found Protobuf: /usr/lib/x86_64-linux-gnu/libprotobuf.so (found suitable version "3.21.12", minimum required is "3.0.0") 
[1.570s] -- Found PkgConfig: /usr/bin/pkg-config (found version "1.8.1") 
[1.571s] -- Checking for one of the modules 'cairo>=1.12.16'
[1.675s] -- Found Sphinx: /usr/bin/sphinx-build  
[1.826s] -- Configuring done (1.8s)
[2.563s] -- Generating done (0.7s)
[2.715s] -- Build files have been written to: /root/distr_slam_ws/build/cartographer
[2.734s] Invoked command in '/root/distr_slam_ws/build/cartographer' returned '0': CMAKE_PREFIX_PATH=${CMAKE_PREFIX_PATH}:/opt/ros/jazzy /usr/bin/cmake /root/distr_slam_ws/src/cartographer -DCMAKE_INSTALL_PREFIX=/root/distr_slam_ws/install/cartographer
[2.736s] Invoking command in '/root/distr_slam_ws/build/cartographer': CMAKE_PREFIX_PATH=${CMAKE_PREFIX_PATH}:/opt/ros/jazzy /usr/bin/cmake --build /root/distr_slam_ws/build/cartographer -- -j8 -l8
[2.852s] [  0%] [34m[1mRunning C++ protocol buffer compiler on /root/distr_slam_ws/src/cartographer/cartographer/common/proto/ceres_solver_options.proto[0m
[2.852s] [  1%] [34m[1mRunning C++ protocol buffer compiler on /root/distr_slam_ws/src/cartographer/cartographer/mapping/proto/cell_limits_2d.proto[0m
[2.858s] [  1%] [34m[1mRunning C++ protocol buffer compiler on /root/distr_slam_ws/src/cartographer/cartographer/ground_truth/proto/relations.proto[0m
[2.859s] [  1%] [34m[1mRunning C++ protocol buffer compiler on /root/distr_slam_ws/src/cartographer/cartographer/transform/proto/transform.proto[0m
[2.868s] [  1%] [34m[1mBuilding documentation.[0m
[2.869s] [  1%] [34m[1mRunning C++ protocol buffer compiler on /root/distr_slam_ws/src/cartographer/cartographer/mapping/proto/connected_components.proto[0m
[2.871s] [  2%] [32mBuilding CXX object googletest/CMakeFiles/gtest.dir/src/gtest-all.cc.o[0m
[2.893s] [  2%] [34m[1mRunning C++ protocol buffer compiler on /root/distr_slam_ws/src/cartographer/cartographer/mapping/proto/grid_2d_options.proto[0m
[2.899s] [  3%] [34m[1mRunning C++ protocol buffer compiler on /root/distr_slam_ws/src/cartographer/cartographer/mapping/proto/grid_2d.proto[0m
[2.900s] [  3%] [34m[1mRunning C++ protocol buffer compiler on /root/distr_slam_ws/src/cartographer/cartographer/mapping/proto/hybrid_grid.proto[0m
[2.900s] [  3%] Built target cartographer_detect_changes
[2.922s] [  3%] [34m[1mRunning C++ protocol buffer compiler on /root/distr_slam_ws/src/cartographer/cartographer/mapping/proto/local_trajectory_builder_options_3d.proto[0m
[2.927s] [  3%] [34m[1mRunning C++ protocol buffer compiler on /root/distr_slam_ws/src/cartographer/cartographer/mapping/proto/map_builder_options.proto[0m
[2.931s] [  3%] [34m[1mRunning C++ protocol buffer compiler on /root/distr_slam_ws/src/cartographer/cartographer/mapping/proto/local_trajectory_builder_options_2d.proto[0m
[2.935s] [  4%] [34m[1mRunning C++ protocol buffer compiler on /root/distr_slam_ws/src/cartographer/cartographer/mapping/proto/map_limits.proto[0m
[2.949s] [  4%] [34m[1mRunning C++ protocol buffer compiler on /root/distr_slam_ws/src/cartographer/cartographer/mapping/proto/motion_filter_options.proto[0m
[2.965s] [  4%] [34m[1mRunning C++ protocol buffer compiler on /root/distr_slam_ws/src/cartographer/cartographer/mapping/proto/normal_estimation_options_2d.proto[0m
[2.977s] [  5%] [34m[1mRunning C++ protocol buffer compiler on /root/distr_slam_ws/src/cartographer/cartographer/mapping/proto/pose_graph.proto[0m
[2.988s] [  5%] [34m[1mRunning C++ protocol buffer compiler on /root/distr_slam_ws/src/cartographer/cartographer/mapping/proto/pose_graph/optimization_problem_options.proto[0m
[2.989s] [  5%] [34m[1mRunning C++ protocol buffer compiler on /root/distr_slam_ws/src/cartographer/cartographer/mapping/proto/pose_graph/constraint_builder_options.proto[0m
[2.990s] [  5%] [34m[1mRunning C++ protocol buffer compiler on /root/distr_slam_ws/src/cartographer/cartographer/mapping/proto/pose_extrapolator_options.proto[0m
[3.006s] [  5%] [34m[1mRunning C++ protocol buffer compiler on /root/distr_slam_ws/src/cartographer/cartographer/mapping/proto/pose_graph_options.proto[0m
[3.027s] [  5%] [34m[1mRunning C++ protocol buffer compiler on /root/distr_slam_ws/src/cartographer/cartographer/mapping/proto/probability_grid_range_data_inserter_options_2d.proto[0m
[3.028s] [  6%] [34m[1mRunning C++ protocol buffer compiler on /root/distr_slam_ws/src/cartographer/cartographer/mapping/proto/probability_grid.proto[0m
[3.035s] [  6%] [34m[1mRunning C++ protocol buffer compiler on /root/distr_slam_ws/src/cartographer/cartographer/mapping/proto/range_data_inserter_options.proto[0m
[3.057s] [  6%] [34m[1mRunning C++ protocol buffer compiler on /root/distr_slam_ws/src/cartographer/cartographer/mapping/proto/scan_matching/ceres_scan_matcher_options_3d.proto[0m
[3.058s] [  6%] [34m[1mRunning C++ protocol buffer compiler on /root/distr_slam_ws/src/cartographer/cartographer/mapping/proto/range_data_inserter_options_3d.proto[0m
[3.064s] [  6%] [34m[1mRunning C++ protocol buffer compiler on /root/distr_slam_ws/src/cartographer/cartographer/mapping/proto/scan_matching/fast_correlative_scan_matcher_options_3d.proto[0m
[3.069s] [  6%] [34m[1mRunning C++ protocol buffer compiler on /root/distr_slam_ws/src/cartographer/cartographer/mapping/proto/scan_matching/fast_correlative_scan_matcher_options_2d.proto[0m
[3.070s] [  7%] [34m[1mRunning C++ protocol buffer compiler on /root/distr_slam_ws/src/cartographer/cartographer/mapping/proto/scan_matching/real_time_correlative_scan_matcher_options.proto[0m
[3.074s] [  8%] [34m[1mRunning C++ protocol buffer compiler on /root/distr_slam_ws/src/cartographer/cartographer/mapping/proto/scan_matching/ceres_scan_matcher_options_2d.proto[0m
[3.090s] [  8%] [34m[1mRunning C++ protocol buffer compiler on /root/distr_slam_ws/src/cartographer/cartographer/mapping/proto/serialization.proto[0m
[3.100s] [  8%] [34m[1mRunning C++ protocol buffer compiler on /root/distr_slam_ws/src/cartographer/cartographer/mapping/proto/submap_visualization.proto[0m
[3.102s] [  8%] [34m[1mRunning C++ protocol buffer compiler on /root/distr_slam_ws/src/cartographer/cartographer/mapping/proto/submap.proto[0m
[3.112s] [  8%] [34m[1mRunning C++ protocol buffer compiler on /root/distr_slam_ws/src/cartographer/cartographer/mapping/proto/submaps_options_3d.proto[0m
[3.125s] [  9%] [34m[1mRunning C++ protocol buffer compiler on /root/distr_slam_ws/src/cartographer/cartographer/mapping/proto/submaps_options_2d.proto[0m
[3.137s] [  9%] [34m[1mRunning C++ protocol buffer compiler on /root/distr_slam_ws/src/cartographer/cartographer/mapping/proto/trajectory.proto[0m
[3.146s] [  9%] [34m[1mRunning C++ protocol buffer compiler on /root/distr_slam_ws/src/cartographer/cartographer/mapping/proto/trajectory_builder_options.proto[0m
[3.168s] [  9%] [34m[1mRunning C++ protocol buffer compiler on /root/distr_slam_ws/src/cartographer/cartographer/mapping/proto/tsdf_2d.proto[0m
[3.169s] [ 10%] [34m[1mRunning C++ protocol buffer compiler on /root/distr_slam_ws/src/cartographer/cartographer/mapping/proto/trajectory_node_data.proto[0m
[3.175s] [ 10%] [34m[1mRunning C++ protocol buffer compiler on /root/distr_slam_ws/src/cartographer/cartographer/mapping/proto/tsdf_range_data_inserter_options_2d.proto[0m
[3.190s] [ 11%] [34m[1mRunning C++ protocol buffer compiler on /root/distr_slam_ws/src/cartographer/cartographer/sensor/proto/adaptive_voxel_filter_options.proto[0m
[3.197s] [ 11%] [34m[1mRunning C++ protocol buffer compiler on /root/distr_slam_ws/src/cartographer/cartographer/sensor/proto/sensor.proto[0m
[3.201s] [ 11%] [34m[1mRunning C++ protocol buffer compiler on /root/distr_slam_ws/src/cartographer/cartographer/transform/proto/timestamped_transform.proto[0m
[3.445s] [ 12%] [32mBuilding CXX object CMakeFiles/cartographer.dir/cartographer/common/histogram.cc.o[0m
[3.445s] [ 12%] [32mBuilding CXX object CMakeFiles/cartographer.dir/cartographer/common/configuration_file_resolver.cc.o[0m
[3.445s] [ 12%] [32mBuilding CXX object CMakeFiles/cartographer.dir/cartographer/common/fixed_ratio_sampler.cc.o[0m
[3.457s] [ 13%] [32mBuilding CXX object CMakeFiles/cartographer.dir/cartographer/common/internal/ceres_solver_options.cc.o[0m
[3.457s] [ 13%] [32mBuilding CXX object CMakeFiles/cartographer.dir/cartographer/common/internal/testing/thread_pool_for_testing.cc.o[0m
[3.457s] [ 13%] [32mBuilding CXX object CMakeFiles/cartographer.dir/cartographer/common/lua_parameter_dictionary.cc.o[0m
[3.826s] [01mRunning Sphinx v7.2.6[39;49;00m
[4.690s] [01mmaking output directory... [39;49;00mdone
[4.731s] [01mbuilding [mo]: [39;49;00mtargets for 0 po files that are out of date
[4.732s] [01mwriting output... [39;49;00m
[4.740s] [01mbuilding [html]: [39;49;00mtargets for 6 source files that are out of date
[4.740s] [01mupdating environment: [39;49;00m[new config] 6 added, 0 changed, 0 removed
[5.084s] [2K[01mreading sources... [39;49;00m[ 17%] [35mconfiguration[39;49;00m
[5.117s] [2K[01mreading sources... [39;49;00m[ 33%] [35mcost_functions[39;49;00m
[5.159s] [2K[01mreading sources... [39;49;00m[ 50%] [35mevaluation[39;49;00m
[5.209s] [2K[01mreading sources... [39;49;00m[ 67%] [35mindex[39;49;00m
[5.224s] [2K[01mreading sources... [39;49;00m[ 83%] [35mpbstream_migration[39;49;00m
[5.248s] [2K[01mreading sources... [39;49;00m[100%] [35mterminology[39;49;00m
[5.251s] 
[5.251s] [01mlooking for now-outdated files... [39;49;00mnone found
[5.263s] [01mpickling environment... [39;49;00mdone
[5.263s] [01mchecking consistency... [39;49;00mdone
[5.267s] [01mpreparing documents... [39;49;00mdone
[5.332s] [01mcopying assets... [39;49;00m[01mcopying static files... [39;49;00mdone
[5.333s] [01mcopying extra files... [39;49;00mdone
[5.334s] done
[5.719s] [2K[01mwriting output... [39;49;00m[ 17%] [32mconfiguration[39;49;00m
[5.787s] [2K[01mwriting output... [39;49;00m[ 33%] [32mcost_functions[39;49;00m
[5.914s] [2K[01mwriting output... [39;49;00m[ 50%] [32mevaluation[39;49;00m
[6.023s] [2K[01mwriting output... [39;49;00m[ 67%] [32mindex[39;49;00m
[6.269s] [2K[01mwriting output... [39;49;00m[ 83%] [32mpbstream_migration[39;49;00m
[6.326s] [2K[01mwriting output... [39;49;00m[100%] [32mterminology[39;49;00m
[6.326s] 
[6.418s] [01mgenerating indices... [39;49;00mgenindex done
[6.475s] [01mwriting additional pages... [39;49;00msearch done
[6.480s] [2K[01mcopying images... [39;49;00m[ 50%] [33mautogenerate_groundtruth.png[39;49;00m
[6.484s] [2K[01mcopying images... [39;49;00m[100%] [33mhigh_level_system_overview.png[39;49;00m
[6.485s] 
[6.491s] [01mdumping search index in English (code: en)... [39;49;00mdone
[6.496s] [01mdumping object inventory... [39;49;00mdone
[6.496s] [01mbuild succeeded.[39;49;00m
[6.496s] 
[6.497s] The HTML pages are in html.
[6.809s] [ 13%] Built target build_doc
[6.853s] [ 13%] [32mBuilding CXX object CMakeFiles/cartographer.dir/cartographer/common/task.cc.o[0m
[8.836s] [ 13%] [32mBuilding CXX object CMakeFiles/cartographer.dir/cartographer/common/thread_pool.cc.o[0m
[9.451s] [ 14%] [32mBuilding CXX object CMakeFiles/cartographer.dir/cartographer/common/time.cc.o[0m
[9.965s] [ 14%] [32mBuilding CXX object CMakeFiles/cartographer.dir/cartographer/ground_truth/autogenerate_ground_truth.cc.o[0m
[11.310s] [ 14%] [32mBuilding CXX object CMakeFiles/cartographer.dir/cartographer/ground_truth/relations_text_file.cc.o[0m
[11.876s] [ 14%] [32mBuilding CXX object CMakeFiles/cartographer.dir/cartographer/io/color.cc.o[0m
[14.787s] [ 15%] [32mBuilding CXX object CMakeFiles/cartographer.dir/cartographer/io/coloring_points_processor.cc.o[0m
[15.455s] [ 15%] [32mBuilding CXX object CMakeFiles/cartographer.dir/cartographer/io/counting_points_processor.cc.o[0m
[15.942s] [ 15%] [32mBuilding CXX object CMakeFiles/cartographer.dir/cartographer/io/draw_trajectories.cc.o[0m
[16.522s] [ 15%] [32mBuilding CXX object CMakeFiles/cartographer.dir/cartographer/io/file_writer.cc.o[0m
[22.842s] [ 16%] [32mBuilding CXX object CMakeFiles/cartographer.dir/cartographer/io/fixed_ratio_sampling_points_processor.cc.o[0m
[24.019s] [ 16%] [32mBuilding CXX object CMakeFiles/cartographer.dir/cartographer/io/frame_id_filtering_points_processor.cc.o[0m
[25.276s] [ 16%] [32mBuilding CXX object CMakeFiles/cartographer.dir/cartographer/io/hybrid_grid_points_processor.cc.o[0m
[27.256s] [ 16%] [32mBuilding CXX object CMakeFiles/cartographer.dir/cartographer/io/image.cc.o[0m
[32.231s] [ 17%] [32mBuilding CXX object CMakeFiles/cartographer.dir/cartographer/io/intensity_to_color_points_processor.cc.o[0m
[34.418s] [ 17%] [32mBuilding CXX object CMakeFiles/cartographer.dir/cartographer/io/internal/in_memory_proto_stream.cc.o[0m
[34.819s] [ 17%] [32mBuilding CXX object CMakeFiles/cartographer.dir/cartographer/io/internal/mapping_state_serialization.cc.o[0m
[52.111s] [ 17%] [32m[1mLinking CXX static library ../lib/libgtest.a[0m
[52.188s] [ 17%] Built target gtest
[52.367s] [ 17%] [32mBuilding CXX object CMakeFiles/cartographer.dir/cartographer/io/points_batch.cc.o[0m
[54.390s] [ 18%] [32mBuilding CXX object CMakeFiles/cartographer.dir/cartographer/io/ply_writing_points_processor.cc.o[0m
[55.413s] [ 18%] [32mBuilding CXX object CMakeFiles/cartographer.dir/cartographer/io/pcd_writing_points_processor.cc.o[0m
[57.442s] [ 18%] [32mBuilding CXX object CMakeFiles/cartographer.dir/cartographer/io/outlier_removing_points_processor.cc.o[0m
[63.761s] [ 18%] [32mBuilding CXX object CMakeFiles/cartographer.dir/cartographer/io/probability_grid_points_processor.cc.o[0m
[63.767s] [ 18%] [32mBuilding CXX object CMakeFiles/cartographer.dir/cartographer/io/points_processor_pipeline_builder.cc.o[0m
[63.849s] [ 18%] [32mBuilding CXX object CMakeFiles/cartographer.dir/cartographer/io/min_max_range_filtering_points_processor.cc.o[0m
[64.874s] [ 20%] [32mBuilding CXX object CMakeFiles/cartographer.dir/cartographer/io/internal/pbstream_migrate.cc.o[0m
[64.875s] [ 20%] [32mBuilding CXX object CMakeFiles/cartographer.dir/cartographer/io/proto_stream.cc.o[0m
[65.899s] [ 20%] [32mBuilding CXX object CMakeFiles/cartographer.dir/cartographer/io/internal/pbstream_info.cc.o[0m
[66.993s] [ 20%] [32mBuilding CXX object CMakeFiles/cartographer.dir/cartographer/io/proto_stream_deserializer.cc.o[0m
[71.850s] [ 20%] [32mBuilding CXX object CMakeFiles/cartographer.dir/cartographer/io/serialization_format_migration.cc.o[0m
[73.857s] [ 21%] [32mBuilding CXX object CMakeFiles/cartographer.dir/cartographer/io/submap_painter.cc.o[0m
[74.603s] [ 21%] [32mBuilding CXX object CMakeFiles/cartographer.dir/cartographer/io/vertical_range_filtering_points_processor.cc.o[0m
[75.499s] [ 21%] [32mBuilding CXX object CMakeFiles/cartographer.dir/cartographer/io/xray_points_processor.cc.o[0m
[75.983s] [ 21%] [32mBuilding CXX object CMakeFiles/cartographer.dir/cartographer/io/xyz_writing_points_processor.cc.o[0m
[79.260s] [ 22%] [32mBuilding CXX object CMakeFiles/cartographer.dir/cartographer/mapping/2d/grid_2d.cc.o[0m
[79.339s] [ 22%] [32mBuilding CXX object CMakeFiles/cartographer.dir/cartographer/mapping/2d/probability_grid.cc.o[0m
[88.795s] [ 22%] [32mBuilding CXX object CMakeFiles/cartographer.dir/cartographer/mapping/2d/submap_2d.cc.o[0m
[90.574s] [ 22%] [32mBuilding CXX object CMakeFiles/cartographer.dir/cartographer/mapping/2d/probability_grid_range_data_inserter_2d.cc.o[0m
[92.986s] [ 22%] [32mBuilding CXX object CMakeFiles/cartographer.dir/cartographer/mapping/detect_floors.cc.o[0m
[94.011s] [ 22%] [32mBuilding CXX object CMakeFiles/cartographer.dir/cartographer/mapping/3d/submap_3d.cc.o[0m
[94.841s] [ 23%] [32mBuilding CXX object CMakeFiles/cartographer.dir/cartographer/mapping/3d/range_data_inserter_3d.cc.o[0m
[95.728s] [ 23%] [32mBuilding CXX object CMakeFiles/cartographer.dir/cartographer/mapping/imu_tracker.cc.o[0m
[96.752s] [ 24%] [32mBuilding CXX object CMakeFiles/cartographer.dir/cartographer/mapping/internal/2d/local_slam_result_2d.cc.o[0m
[109.272s] [ 25%] [32mBuilding CXX object CMakeFiles/cartographer.dir/cartographer/mapping/internal/2d/pose_graph_2d.cc.o[0m
[109.272s] [ 25%] [32mBuilding CXX object CMakeFiles/cartographer.dir/cartographer/mapping/internal/2d/overlapping_submaps_trimmer_2d.cc.o[0m
[110.157s] [ 25%] [32mBuilding CXX object CMakeFiles/cartographer.dir/cartographer/mapping/internal/2d/normal_estimation_2d.cc.o[0m
[110.162s] [ 25%] [32mBuilding CXX object CMakeFiles/cartographer.dir/cartographer/mapping/internal/2d/local_trajectory_builder_options_2d.cc.o[0m
[110.791s] [ 25%] [32mBuilding CXX object CMakeFiles/cartographer.dir/cartographer/mapping/internal/2d/local_trajectory_builder_2d.cc.o[0m
[110.791s] [ 25%] [32mBuilding CXX object CMakeFiles/cartographer.dir/cartographer/mapping/internal/2d/ray_to_pixel_mask.cc.o[0m
[111.816s] [ 25%] [32mBuilding CXX object CMakeFiles/cartographer.dir/cartographer/mapping/internal/2d/scan_matching/ceres_scan_matcher_2d.cc.o[0m
[119.731s] [ 26%] [32mBuilding CXX object CMakeFiles/cartographer.dir/cartographer/mapping/internal/2d/scan_matching/correlative_scan_matcher_2d.cc.o[0m
[120.039s] [ 26%] [32mBuilding CXX object CMakeFiles/cartographer.dir/cartographer/mapping/internal/2d/scan_matching/fast_correlative_scan_matcher_2d.cc.o[0m
[120.796s] [ 26%] [32mBuilding CXX object CMakeFiles/cartographer.dir/cartographer/mapping/internal/2d/scan_matching/occupied_space_cost_function_2d.cc.o[0m
[121.390s] [ 26%] [32mBuilding CXX object CMakeFiles/cartographer.dir/cartographer/mapping/internal/2d/scan_matching/real_time_correlative_scan_matcher_2d.cc.o[0m
[122.604s] [ 27%] [32mBuilding CXX object CMakeFiles/cartographer.dir/cartographer/mapping/internal/2d/scan_matching/tsdf_match_cost_function_2d.cc.o[0m
[125.584s] [ 27%] [32mBuilding CXX object CMakeFiles/cartographer.dir/cartographer/mapping/internal/2d/tsd_value_converter.cc.o[0m
[131.344s] [ 27%] [32mBuilding CXX object CMakeFiles/cartographer.dir/cartographer/mapping/internal/2d/tsdf_2d.cc.o[0m
[131.575s] [ 27%] [32mBuilding CXX object CMakeFiles/cartographer.dir/cartographer/mapping/internal/2d/tsdf_range_data_inserter_2d.cc.o[0m
[132.258s] [ 28%] [32mBuilding CXX object CMakeFiles/cartographer.dir/cartographer/mapping/internal/3d/local_slam_result_3d.cc.o[0m
[132.437s] [ 28%] [32mBuilding CXX object CMakeFiles/cartographer.dir/cartographer/mapping/internal/3d/local_trajectory_builder_3d.cc.o[0m
[134.873s] [ 28%] [32mBuilding CXX object CMakeFiles/cartographer.dir/cartographer/mapping/internal/3d/local_trajectory_builder_options_3d.cc.o[0m
[136.129s] [ 28%] [32mBuilding CXX object CMakeFiles/cartographer.dir/cartographer/mapping/internal/3d/pose_graph_3d.cc.o[0m
[136.501s] [ 29%] [32mBuilding CXX object CMakeFiles/cartographer.dir/cartographer/mapping/internal/3d/scan_matching/ceres_scan_matcher_3d.cc.o[0m
[142.940s] [ 29%] [32mBuilding CXX object CMakeFiles/cartographer.dir/cartographer/mapping/internal/3d/scan_matching/fast_correlative_scan_matcher_3d.cc.o[0m
[143.003s] [ 29%] [32mBuilding CXX object CMakeFiles/cartographer.dir/cartographer/mapping/internal/3d/scan_matching/intensity_cost_function_3d.cc.o[0m
[146.790s] [ 29%] [32mBuilding CXX object CMakeFiles/cartographer.dir/cartographer/mapping/internal/3d/scan_matching/low_resolution_matcher.cc.o[0m
[148.059s] [ 30%] [32mBuilding CXX object CMakeFiles/cartographer.dir/cartographer/mapping/internal/3d/scan_matching/precomputation_grid_3d.cc.o[0m
[149.197s] [ 30%] [32mBuilding CXX object CMakeFiles/cartographer.dir/cartographer/mapping/internal/3d/scan_matching/real_time_correlative_scan_matcher_3d.cc.o[0m
[155.783s] [ 30%] [32mBuilding CXX object CMakeFiles/cartographer.dir/cartographer/mapping/internal/3d/scan_matching/rotational_scan_matcher.cc.o[0m
[156.167s] [ 31%] [32mBuilding CXX object CMakeFiles/cartographer.dir/cartographer/mapping/internal/collated_trajectory_builder.cc.o[0m
[156.553s] [ 31%] [32mBuilding CXX object CMakeFiles/cartographer.dir/cartographer/mapping/internal/connected_components.cc.o[0m
[157.504s] [ 31%] [32mBuilding CXX object CMakeFiles/cartographer.dir/cartographer/mapping/internal/constraints/constraint_builder.cc.o[0m
[158.684s] [ 31%] [32mBuilding CXX object CMakeFiles/cartographer.dir/cartographer/mapping/internal/constraints/constraint_builder_2d.cc.o[0m
[159.903s] [ 32%] [32mBuilding CXX object CMakeFiles/cartographer.dir/cartographer/mapping/internal/constraints/constraint_builder_3d.cc.o[0m
[164.315s] [ 32%] [32mBuilding CXX object CMakeFiles/cartographer.dir/cartographer/mapping/internal/eigen_quaterniond_from_two_vectors.cc.o[0m
[168.536s] [ 32%] [32mBuilding CXX object CMakeFiles/cartographer.dir/cartographer/mapping/internal/global_trajectory_builder.cc.o[0m
[168.855s] [ 32%] [32mBuilding CXX object CMakeFiles/cartographer.dir/cartographer/mapping/internal/imu_based_pose_extrapolator.cc.o[0m
[169.862s] [ 33%] [32mBuilding CXX object CMakeFiles/cartographer.dir/cartographer/mapping/internal/motion_filter.cc.o[0m
[170.903s] [ 33%] [32mBuilding CXX object CMakeFiles/cartographer.dir/cartographer/mapping/internal/optimization/ceres_pose.cc.o[0m
[175.360s] [ 33%] [32mBuilding CXX object CMakeFiles/cartographer.dir/cartographer/mapping/internal/optimization/cost_functions/spa_cost_function_2d.cc.o[0m
[178.645s] [ 33%] [32mBuilding CXX object CMakeFiles/cartographer.dir/cartographer/mapping/internal/optimization/optimization_problem_2d.cc.o[0m
[178.841s] [ 34%] [32mBuilding CXX object CMakeFiles/cartographer.dir/cartographer/mapping/internal/optimization/optimization_problem_3d.cc.o[0m
[179.528s] [ 34%] [32mBuilding CXX object CMakeFiles/cartographer.dir/cartographer/mapping/internal/optimization/optimization_problem_options.cc.o[0m
[179.725s] [ 34%] [32mBuilding CXX object CMakeFiles/cartographer.dir/cartographer/mapping/internal/range_data_collator.cc.o[0m
[185.249s] [ 34%] [32mBuilding CXX object CMakeFiles/cartographer.dir/cartographer/mapping/internal/scan_matching/real_time_correlative_scan_matcher.cc.o[0m
[187.200s] [ 35%] [32mBuilding CXX object CMakeFiles/cartographer.dir/cartographer/mapping/internal/submap_controller.cc.o[0m
[187.660s] [ 35%] [32mBuilding CXX object CMakeFiles/cartographer.dir/cartographer/mapping/internal/trajectory_connectivity_state.cc.o[0m
[190.445s] [ 35%] [32mBuilding CXX object CMakeFiles/cartographer.dir/cartographer/mapping/map_builder.cc.o[0m
[192.327s] [ 35%] [32mBuilding CXX object CMakeFiles/cartographer.dir/cartographer/mapping/map_builder_interface.cc.o[0m
[193.742s] [ 36%] [32mBuilding CXX object CMakeFiles/cartographer.dir/cartographer/mapping/pose_extrapolator.cc.o[0m
[197.214s] [ 36%] [32mBuilding CXX object CMakeFiles/cartographer.dir/cartographer/mapping/pose_extrapolator_interface.cc.o[0m
[198.944s] [ 36%] [32mBuilding CXX object CMakeFiles/cartographer.dir/cartographer/mapping/pose_graph.cc.o[0m
[203.315s] [ 36%] [32mBuilding CXX object CMakeFiles/cartographer.dir/cartographer/mapping/pose_graph_trimmer.cc.o[0m
[203.969s] [ 37%] [32mBuilding CXX object CMakeFiles/cartographer.dir/cartographer/mapping/probability_values.cc.o[0m
[205.636s] [ 37%] [32mBuilding CXX object CMakeFiles/cartographer.dir/cartographer/mapping/range_data_inserter_interface.cc.o[0m
[205.924s] [ 37%] [32mBuilding CXX object CMakeFiles/cartographer.dir/cartographer/mapping/trajectory_builder_interface.cc.o[0m
[210.952s] [ 37%] [32mBuilding CXX object CMakeFiles/cartographer.dir/cartographer/mapping/trajectory_node.cc.o[0m
[211.638s] [ 38%] [32mBuilding CXX object CMakeFiles/cartographer.dir/cartographer/mapping/value_conversion_tables.cc.o[0m
[212.800s] [ 38%] [32mBuilding CXX object CMakeFiles/cartographer.dir/cartographer/metrics/counter.cc.o[0m
[212.825s] [ 38%] [32mBuilding CXX object CMakeFiles/cartographer.dir/cartographer/metrics/gauge.cc.o[0m
[213.019s] [ 38%] [32mBuilding CXX object CMakeFiles/cartographer.dir/cartographer/metrics/histogram.cc.o[0m
[213.196s] [ 39%] [32mBuilding CXX object CMakeFiles/cartographer.dir/cartographer/metrics/register.cc.o[0m
[213.262s] [ 39%] [32mBuilding CXX object CMakeFiles/cartographer.dir/cartographer/sensor/compressed_point_cloud.cc.o[0m
[214.585s] [ 39%] [32mBuilding CXX object CMakeFiles/cartographer.dir/cartographer/sensor/fixed_frame_pose_data.cc.o[0m
[216.184s] [ 39%] [32mBuilding CXX object CMakeFiles/cartographer.dir/cartographer/sensor/imu_data.cc.o[0m
[217.159s] [ 40%] [32mBuilding CXX object CMakeFiles/cartographer.dir/cartographer/sensor/internal/collator.cc.o[0m
[219.297s] [ 40%] [32mBuilding CXX object CMakeFiles/cartographer.dir/cartographer/sensor/internal/ordered_multi_queue.cc.o[0m
[220.260s] [ 40%] [32mBuilding CXX object CMakeFiles/cartographer.dir/cartographer/sensor/internal/trajectory_collator.cc.o[0m
[223.097s] [ 41%] [32mBuilding CXX object CMakeFiles/cartographer.dir/cartographer/sensor/internal/voxel_filter.cc.o[0m
[224.602s] [ 41%] [32mBuilding CXX object CMakeFiles/cartographer.dir/cartographer/sensor/landmark_data.cc.o[0m
[224.631s] [ 41%] [32mBuilding CXX object CMakeFiles/cartographer.dir/cartographer/sensor/odometry_data.cc.o[0m
[226.215s] [ 41%] [32mBuilding CXX object CMakeFiles/cartographer.dir/cartographer/sensor/point_cloud.cc.o[0m
[228.134s] [ 42%] [32mBuilding CXX object CMakeFiles/cartographer.dir/cartographer/sensor/range_data.cc.o[0m
[230.499s] [ 42%] [32mBuilding CXX object CMakeFiles/cartographer.dir/cartographer/sensor/timed_point_cloud_data.cc.o[0m
[232.012s] [ 42%] [32mBuilding CXX object CMakeFiles/cartographer.dir/cartographer/transform/rigid_transform.cc.o[0m
[232.321s] [ 42%] [32mBuilding CXX object CMakeFiles/cartographer.dir/cartographer/transform/timestamped_transform.cc.o[0m
[233.028s] [ 43%] [32mBuilding CXX object CMakeFiles/cartographer.dir/cartographer/transform/transform.cc.o[0m
[234.346s] [ 43%] [32mBuilding CXX object CMakeFiles/cartographer.dir/cartographer/transform/transform_interpolation_buffer.cc.o[0m
[235.326s] [ 43%] [32mBuilding CXX object CMakeFiles/cartographer.dir/cartographer/common/proto/ceres_solver_options.pb.cc.o[0m
[237.263s] [ 43%] [32mBuilding CXX object CMakeFiles/cartographer.dir/cartographer/ground_truth/proto/relations.pb.cc.o[0m
[237.978s] [ 44%] [32mBuilding CXX object CMakeFiles/cartographer.dir/cartographer/mapping/proto/cell_limits_2d.pb.cc.o[0m
[239.155s] [ 44%] [32mBuilding CXX object CMakeFiles/cartographer.dir/cartographer/mapping/proto/connected_components.pb.cc.o[0m
[239.473s] [ 44%] [32mBuilding CXX object CMakeFiles/cartographer.dir/cartographer/mapping/proto/grid_2d.pb.cc.o[0m
[239.490s] [ 44%] [32mBuilding CXX object CMakeFiles/cartographer.dir/cartographer/mapping/proto/grid_2d_options.pb.cc.o[0m
[240.869s] [ 45%] [32mBuilding CXX object CMakeFiles/cartographer.dir/cartographer/mapping/proto/hybrid_grid.pb.cc.o[0m
[240.979s] [ 45%] [32mBuilding CXX object CMakeFiles/cartographer.dir/cartographer/mapping/proto/local_trajectory_builder_options_2d.pb.cc.o[0m
[241.558s] [ 45%] [32mBuilding CXX object CMakeFiles/cartographer.dir/cartographer/mapping/proto/local_trajectory_builder_options_3d.pb.cc.o[0m
[242.127s] [ 45%] [32mBuilding CXX object CMakeFiles/cartographer.dir/cartographer/mapping/proto/map_builder_options.pb.cc.o[0m
[242.312s] [ 46%] [32mBuilding CXX object CMakeFiles/cartographer.dir/cartographer/mapping/proto/map_limits.pb.cc.o[0m
[242.560s] [ 46%] [32mBuilding CXX object CMakeFiles/cartographer.dir/cartographer/mapping/proto/motion_filter_options.pb.cc.o[0m
[243.341s] [ 46%] [32mBuilding CXX object CMakeFiles/cartographer.dir/cartographer/mapping/proto/normal_estimation_options_2d.pb.cc.o[0m
[244.089s] [ 46%] [32mBuilding CXX object CMakeFiles/cartographer.dir/cartographer/mapping/proto/pose_extrapolator_options.pb.cc.o[0m
[244.222s] [ 47%] [32mBuilding CXX object CMakeFiles/cartographer.dir/cartographer/mapping/proto/pose_graph.pb.cc.o[0m
[245.150s] [ 47%] [32mBuilding CXX object CMakeFiles/cartographer.dir/cartographer/mapping/proto/pose_graph/constraint_builder_options.pb.cc.o[0m
[245.204s] [ 47%] [32mBuilding CXX object CMakeFiles/cartographer.dir/cartographer/mapping/proto/pose_graph/optimization_problem_options.pb.cc.o[0m
[245.299s] [ 47%] [32mBuilding CXX object CMakeFiles/cartographer.dir/cartographer/mapping/proto/pose_graph_options.pb.cc.o[0m
[245.514s] [ 48%] [32mBuilding CXX object CMakeFiles/cartographer.dir/cartographer/mapping/proto/probability_grid.pb.cc.o[0m
[245.951s] [ 48%] [32mBuilding CXX object CMakeFiles/cartographer.dir/cartographer/mapping/proto/probability_grid_range_data_inserter_options_2d.pb.cc.o[0m
[247.707s] [ 48%] [32mBuilding CXX object CMakeFiles/cartographer.dir/cartographer/mapping/proto/range_data_inserter_options.pb.cc.o[0m
[247.939s] [ 48%] [32mBuilding CXX object CMakeFiles/cartographer.dir/cartographer/mapping/proto/range_data_inserter_options_3d.pb.cc.o[0m
[248.340s] [ 49%] [32mBuilding CXX object CMakeFiles/cartographer.dir/cartographer/mapping/proto/scan_matching/ceres_scan_matcher_options_2d.pb.cc.o[0m
[248.461s] [ 49%] [32mBuilding CXX object CMakeFiles/cartographer.dir/cartographer/mapping/proto/scan_matching/ceres_scan_matcher_options_3d.pb.cc.o[0m
[248.475s] [ 49%] [32mBuilding CXX object CMakeFiles/cartographer.dir/cartographer/mapping/proto/scan_matching/fast_correlative_scan_matcher_options_2d.pb.cc.o[0m
[248.632s] [ 49%] [32mBuilding CXX object CMakeFiles/cartographer.dir/cartographer/mapping/proto/scan_matching/fast_correlative_scan_matcher_options_3d.pb.cc.o[0m
[248.757s] [ 50%] [32mBuilding CXX object CMakeFiles/cartographer.dir/cartographer/mapping/proto/scan_matching/real_time_correlative_scan_matcher_options.pb.cc.o[0m
[250.355s] [ 50%] [32mBuilding CXX object CMakeFiles/cartographer.dir/cartographer/mapping/proto/serialization.pb.cc.o[0m
[250.849s] [ 50%] [32mBuilding CXX object CMakeFiles/cartographer.dir/cartographer/mapping/proto/submap.pb.cc.o[0m
[251.086s] [ 51%] [32mBuilding CXX object CMakeFiles/cartographer.dir/cartographer/mapping/proto/submap_visualization.pb.cc.o[0m
[251.473s] [ 51%] [32mBuilding CXX object CMakeFiles/cartographer.dir/cartographer/mapping/proto/submaps_options_2d.pb.cc.o[0m
[251.696s] [ 51%] [32mBuilding CXX object CMakeFiles/cartographer.dir/cartographer/mapping/proto/submaps_options_3d.pb.cc.o[0m
[251.823s] [ 51%] [32mBuilding CXX object CMakeFiles/cartographer.dir/cartographer/mapping/proto/trajectory.pb.cc.o[0m
[252.105s] [ 52%] [32mBuilding CXX object CMakeFiles/cartographer.dir/cartographer/mapping/proto/trajectory_builder_options.pb.cc.o[0m
[254.064s] [ 52%] [32mBuilding CXX object CMakeFiles/cartographer.dir/cartographer/mapping/proto/trajectory_node_data.pb.cc.o[0m
[254.628s] [ 52%] [32mBuilding CXX object CMakeFiles/cartographer.dir/cartographer/mapping/proto/tsdf_2d.pb.cc.o[0m
[254.718s] [ 52%] [32mBuilding CXX object CMakeFiles/cartographer.dir/cartographer/mapping/proto/tsdf_range_data_inserter_options_2d.pb.cc.o[0m
[255.723s] [ 53%] [32mBuilding CXX object CMakeFiles/cartographer.dir/cartographer/sensor/proto/adaptive_voxel_filter_options.pb.cc.o[0m
[255.912s] [ 53%] [32mBuilding CXX object CMakeFiles/cartographer.dir/cartographer/sensor/proto/sensor.pb.cc.o[0m
[256.658s] [ 53%] [32mBuilding CXX object CMakeFiles/cartographer.dir/cartographer/transform/proto/timestamped_transform.pb.cc.o[0m
[256.902s] [ 53%] [32mBuilding CXX object CMakeFiles/cartographer.dir/cartographer/transform/proto/transform.pb.cc.o[0m
[260.319s] [ 54%] [32m[1mLinking CXX static library libcartographer.a[0m
[260.784s] [ 54%] Built target cartographer
[260.858s] [ 54%] [32mBuilding CXX object CMakeFiles/cartographer_pbstream.dir/cartographer/io/pbstream_main.cc.o[0m
[260.859s] [ 54%] [32mBuilding CXX object CMakeFiles/cartographer_autogenerate_ground_truth.dir/cartographer/ground_truth/autogenerate_ground_truth_main.cc.o[0m
[260.860s] [ 55%] [32mBuilding CXX object gmock/CMakeFiles/gmock.dir/src/gmock-all.cc.o[0m
[260.875s] [ 55%] [32mBuilding CXX object CMakeFiles/cartographer_print_configuration.dir/cartographer/common/print_configuration_main.cc.o[0m
[260.879s] [ 55%] [32mBuilding CXX object CMakeFiles/cartographer_compute_relations_metrics.dir/cartographer/ground_truth/compute_relations_metrics_main.cc.o[0m
[264.236s] [ 56%] [32m[1mLinking CXX executable cartographer_pbstream[0m
[264.246s] [ 56%] [32m[1mLinking CXX executable cartographer_print_configuration[0m
[264.539s] [ 56%] Built target cartographer_print_configuration
[264.600s] [ 57%] [32mBuilding CXX object CMakeFiles/cartographer_test_library.dir/cartographer/io/fake_file_writer.cc.o[0m
[264.600s] [ 57%] [32mBuilding CXX object CMakeFiles/cartographer_test_library.dir/cartographer/mapping/internal/testing/test_helpers.cc.o[0m
[264.600s] [ 57%] [32mBuilding CXX object CMakeFiles/cartographer_test_library.dir/cartographer/io/internal/testing/test_helpers.cc.o[0m
[264.601s] [ 57%] [32mBuilding CXX object CMakeFiles/cartographer_test_library.dir/cartographer/io/fake_file_writer_test.cc.o[0m
[264.775s] [ 57%] Built target cartographer_pbstream
[268.393s] [ 58%] [32m[1mLinking CXX executable cartographer_autogenerate_ground_truth[0m
[268.900s] [ 58%] Built target cartographer_autogenerate_ground_truth
[270.463s] [ 58%] [32m[1mLinking CXX executable cartographer_compute_relations_metrics[0m
[270.763s] [ 58%] [32m[1mLinking CXX static library ../lib/libgmock.a[0m
[270.789s] [ 58%] Built target cartographer_compute_relations_metrics
[270.823s] [ 58%] Built target gmock
[270.856s] [ 58%] [32mBuilding CXX object gmock/CMakeFiles/gmock_main.dir/src/gmock_main.cc.o[0m
[272.813s] [ 58%] [32m[1mLinking CXX static library ../lib/libgmock_main.a[0m
[272.879s] [ 58%] Built target gmock_main
[273.853s] [ 58%] [32m[1mLinking CXX static library libcartographer_test_library.a[0m
[273.903s] [ 58%] Built target cartographer_test_library
[273.955s] [ 58%] [32mBuilding CXX object CMakeFiles/cartographer.common.internal.rate_timer_test.dir/cartographer/common/internal/rate_timer_test.cc.o[0m
[273.956s] [ 58%] [32mBuilding CXX object CMakeFiles/cartographer.common.task_test.dir/cartographer/common/task_test.cc.o[0m
[273.960s] [ 58%] [32mBuilding CXX object CMakeFiles/cartographer.common.configuration_files_test.dir/cartographer/common/configuration_files_test.cc.o[0m
[273.961s] [ 58%] [32mBuilding CXX object CMakeFiles/cartographer.common.fixed_ratio_sampler_test.dir/cartographer/common/fixed_ratio_sampler_test.cc.o[0m
[273.962s] [ 58%] [32mBuilding CXX object CMakeFiles/cartographer.common.lua_parameter_dictionary_test.dir/cartographer/common/lua_parameter_dictionary_test.cc.o[0m
[273.963s] [ 58%] [32mBuilding CXX object CMakeFiles/cartographer.common.math_test.dir/cartographer/common/math_test.cc.o[0m
[273.963s] [ 58%] [32mBuilding CXX object CMakeFiles/cartographer.common.internal.blocking_queue_test.dir/cartographer/common/internal/blocking_queue_test.cc.o[0m
[275.008s] [ 58%] [32mBuilding CXX object CMakeFiles/cartographer.common.thread_pool_test.dir/cartographer/common/thread_pool_test.cc.o[0m
[280.936s] [ 59%] [32m[1mLinking CXX executable cartographer.common.fixed_ratio_sampler_test[0m
[281.294s] [ 59%] Built target cartographer.common.fixed_ratio_sampler_test
[281.345s] [ 59%] [32mBuilding CXX object CMakeFiles/cartographer.io.fake_file_writer_test.dir/cartographer/io/fake_file_writer_test.cc.o[0m
[282.545s] [ 60%] [32m[1mLinking CXX executable cartographer.common.thread_pool_test[0m
[282.891s] [ 60%] Built target cartographer.common.thread_pool_test
[282.944s] [ 60%] [32mBuilding CXX object CMakeFiles/cartographer.io.internal.in_memory_proto_stream_test.dir/cartographer/io/internal/in_memory_proto_stream_test.cc.o[0m
[283.207s] [ 61%] [32m[1mLinking CXX executable cartographer.common.math_test[0m
[283.393s] [ 62%] [32m[1mLinking CXX executable cartographer.common.internal.rate_timer_test[0m
[283.548s] [ 62%] Built target cartographer.common.math_test
[283.607s] [ 62%] [32mBuilding CXX object CMakeFiles/cartographer.io.points_processor_pipeline_builder_test.dir/cartographer/io/points_processor_pipeline_builder_test.cc.o[0m
[283.755s] [ 62%] Built target cartographer.common.internal.rate_timer_test
[283.810s] [ 62%] [32mBuilding CXX object CMakeFiles/cartographer.io.probability_grid_points_processor_test.dir/cartographer/io/probability_grid_points_processor_test.cc.o[0m
[284.286s] [ 62%] [32m[1mLinking CXX executable cartographer.common.internal.blocking_queue_test[0m
[284.627s] [ 62%] Built target cartographer.common.internal.blocking_queue_test
[284.681s] [ 62%] [32mBuilding CXX object CMakeFiles/cartographer.io.proto_stream_deserializer_test.dir/cartographer/io/proto_stream_deserializer_test.cc.o[0m
[284.711s] [ 62%] [32m[1mLinking CXX executable cartographer.common.task_test[0m
[285.080s] [ 62%] Built target cartographer.common.task_test
[285.132s] [ 63%] [32mBuilding CXX object CMakeFiles/cartographer.io.proto_stream_test.dir/cartographer/io/proto_stream_test.cc.o[0m
[285.459s] [ 63%] [32m[1mLinking CXX executable cartographer.common.lua_parameter_dictionary_test[0m
[285.814s] [ 63%] Built target cartographer.common.lua_parameter_dictionary_test
[285.871s] [ 63%] [32mBuilding CXX object CMakeFiles/cartographer.io.serialization_format_migration_test.dir/cartographer/io/serialization_format_migration_test.cc.o[0m
[286.219s] [ 63%] [32m[1mLinking CXX executable cartographer.common.configuration_files_test[0m
[286.929s] [ 63%] Built target cartographer.common.configuration_files_test
[286.986s] [ 64%] [32mBuilding CXX object CMakeFiles/cartographer.mapping.2d.map_limits_test.dir/cartographer/mapping/2d/map_limits_test.cc.o[0m
[289.739s] [ 64%] [32m[1mLinking CXX executable cartographer.io.fake_file_writer_test[0m
[290.110s] [ 64%] Built target cartographer.io.fake_file_writer_test
[290.172s] [ 64%] [32mBuilding CXX object CMakeFiles/cartographer.mapping.2d.probability_grid_test.dir/cartographer/mapping/2d/probability_grid_test.cc.o[0m
[292.511s] [ 65%] [32m[1mLinking CXX executable cartographer.io.internal.in_memory_proto_stream_test[0m
[292.766s] [ 65%] [32m[1mLinking CXX executable cartographer.io.proto_stream_test[0m
[293.077s] [ 65%] Built target cartographer.io.internal.in_memory_proto_stream_test
[293.138s] [ 66%] [32mBuilding CXX object CMakeFiles/cartographer.mapping.2d.range_data_inserter_2d_test.dir/cartographer/mapping/2d/range_data_inserter_2d_test.cc.o[0m
[293.253s] [ 66%] Built target cartographer.io.proto_stream_test
[293.310s] [ 66%] [32mBuilding CXX object CMakeFiles/cartographer.mapping.2d.submap_2d_test.dir/cartographer/mapping/2d/submap_2d_test.cc.o[0m
[295.235s] [ 66%] [32m[1mLinking CXX executable cartographer.io.points_processor_pipeline_builder_test[0m
[295.823s] [ 66%] Built target cartographer.io.points_processor_pipeline_builder_test
[295.884s] [ 67%] [32mBuilding CXX object CMakeFiles/cartographer.mapping.2d.xy_index_test.dir/cartographer/mapping/2d/xy_index_test.cc.o[0m
[296.155s] [ 67%] [32m[1mLinking CXX executable cartographer.io.proto_stream_deserializer_test[0m
[296.711s] [ 67%] Built target cartographer.io.proto_stream_deserializer_test
[296.770s] [ 67%] [32mBuilding CXX object CMakeFiles/cartographer.mapping.3d.hybrid_grid_test.dir/cartographer/mapping/3d/hybrid_grid_test.cc.o[0m
[298.895s] [ 67%] [32m[1mLinking CXX executable cartographer.mapping.2d.map_limits_test[0m
[299.352s] [ 67%] Built target cartographer.mapping.2d.map_limits_test
[299.414s] [ 68%] [32mBuilding CXX object CMakeFiles/cartographer.mapping.3d.range_data_inserter_3d_test.dir/cartographer/mapping/3d/range_data_inserter_3d_test.cc.o[0m
[300.307s] [ 68%] [32m[1mLinking CXX executable cartographer.io.serialization_format_migration_test[0m
[300.771s] [ 69%] [32m[1mLinking CXX executable cartographer.io.probability_grid_points_processor_test[0m
[301.067s] [ 69%] Built target cartographer.io.serialization_format_migration_test
[301.128s] [ 69%] [32mBuilding CXX object CMakeFiles/cartographer.mapping.3d.submap_3d_test.dir/cartographer/mapping/3d/submap_3d_test.cc.o[0m
[301.336s] [ 69%] Built target cartographer.io.probability_grid_points_processor_test
[301.398s] [ 70%] [32mBuilding CXX object CMakeFiles/cartographer.mapping.id_test.dir/cartographer/mapping/id_test.cc.o[0m
[305.792s] [ 70%] [32m[1mLinking CXX executable cartographer.mapping.2d.probability_grid_test[0m
[306.276s] [ 70%] Built target cartographer.mapping.2d.probability_grid_test
[306.336s] [ 70%] [32mBuilding CXX object CMakeFiles/cartographer.mapping.imu_tracker_test.dir/cartographer/mapping/imu_tracker_test.cc.o[0m
[306.648s] [ 70%] [32m[1mLinking CXX executable cartographer.mapping.2d.range_data_inserter_2d_test[0m
[306.691s] [ 70%] [32m[1mLinking CXX executable cartographer.mapping.2d.xy_index_test[0m
[307.148s] [ 70%] Built target cartographer.mapping.2d.range_data_inserter_2d_test
[307.153s] [ 70%] Built target cartographer.mapping.2d.xy_index_test
[307.204s] [ 71%] [32mBuilding CXX object CMakeFiles/cartographer.mapping.internal.2d.normal_estimation_2d_test.dir/cartographer/mapping/internal/2d/normal_estimation_2d_test.cc.o[0m
[307.209s] [ 71%] [32mBuilding CXX object CMakeFiles/cartographer.mapping.internal.2d.overlapping_submaps_trimmer_2d_test.dir/cartographer/mapping/internal/2d/overlapping_submaps_trimmer_2d_test.cc.o[0m
[310.185s] [ 71%] [32m[1mLinking CXX executable cartographer.mapping.2d.submap_2d_test[0m
[310.877s] [ 71%] Built target cartographer.mapping.2d.submap_2d_test
[310.939s] [ 72%] [32mBuilding CXX object CMakeFiles/cartographer.mapping.internal.2d.pose_graph_2d_test.dir/cartographer/mapping/internal/2d/pose_graph_2d_test.cc.o[0m
[315.021s] [ 72%] [32m[1mLinking CXX executable cartographer.mapping.3d.range_data_inserter_3d_test[0m
[315.469s] [ 72%] Built target cartographer.mapping.3d.range_data_inserter_3d_test
[315.531s] [ 72%] [32mBuilding CXX object CMakeFiles/cartographer.mapping.internal.2d.ray_to_pixel_mask_test.dir/cartographer/mapping/internal/2d/ray_to_pixel_mask_test.cc.o[0m
[316.189s] [ 72%] [32m[1mLinking CXX executable cartographer.mapping.imu_tracker_test[0m
[316.545s] [ 72%] Built target cartographer.mapping.imu_tracker_test
[316.606s] [ 73%] [32mBuilding CXX object CMakeFiles/cartographer.mapping.internal.2d.scan_matching.ceres_scan_matcher_2d_test.dir/cartographer/mapping/internal/2d/scan_matching/ceres_scan_matcher_2d_test.cc.o[0m
[317.171s] [ 73%] [32m[1mLinking CXX executable cartographer.mapping.3d.submap_3d_test[0m
[317.362s] [ 73%] [32m[1mLinking CXX executable cartographer.mapping.id_test[0m
[317.740s] [ 73%] Built target cartographer.mapping.id_test
[317.758s] [ 73%] Built target cartographer.mapping.3d.submap_3d_test
[317.804s] [ 73%] [32mBuilding CXX object CMakeFiles/cartographer.mapping.internal.2d.scan_matching.correlative_scan_matcher_test.dir/cartographer/mapping/internal/2d/scan_matching/correlative_scan_matcher_test.cc.o[0m
[317.815s] [ 74%] [32mBuilding CXX object CMakeFiles/cartographer.mapping.internal.2d.scan_matching.fast_correlative_scan_matcher_2d_test.dir/cartographer/mapping/internal/2d/scan_matching/fast_correlative_scan_matcher_2d_test.cc.o[0m
[317.995s] [ 74%] [32m[1mLinking CXX executable cartographer.mapping.3d.hybrid_grid_test[0m
[318.391s] [ 74%] Built target cartographer.mapping.3d.hybrid_grid_test
[318.447s] [ 74%] [32mBuilding CXX object CMakeFiles/cartographer.mapping.internal.2d.scan_matching.interpolated_tsdf_2d_test.dir/cartographer/mapping/internal/2d/scan_matching/interpolated_tsdf_2d_test.cc.o[0m
[322.353s] [ 74%] [32m[1mLinking CXX executable cartographer.mapping.internal.2d.normal_estimation_2d_test[0m
[322.814s] [ 74%] Built target cartographer.mapping.internal.2d.normal_estimation_2d_test
[322.885s] [ 74%] [32mBuilding CXX object CMakeFiles/cartographer.mapping.internal.2d.scan_matching.occupied_space_cost_function_2d_test.dir/cartographer/mapping/internal/2d/scan_matching/occupied_space_cost_function_2d_test.cc.o[0m
[329.603s] [ 74%] [32m[1mLinking CXX executable cartographer.mapping.internal.2d.overlapping_submaps_trimmer_2d_test[0m
[330.253s] [ 74%] Built target cartographer.mapping.internal.2d.overlapping_submaps_trimmer_2d_test
[330.315s] [ 74%] [32mBuilding CXX object CMakeFiles/cartographer.mapping.internal.2d.scan_matching.real_time_correlative_scan_matcher_2d_test.dir/cartographer/mapping/internal/2d/scan_matching/real_time_correlative_scan_matcher_2d_test.cc.o[0m
[330.988s] [ 74%] [32m[1mLinking CXX executable cartographer.mapping.internal.2d.scan_matching.correlative_scan_matcher_test[0m
[331.351s] [ 74%] Built target cartographer.mapping.internal.2d.scan_matching.correlative_scan_matcher_test
[331.415s] [ 74%] [32mBuilding CXX object CMakeFiles/cartographer.mapping.internal.2d.scan_matching.tsdf_match_cost_function_2d_test.dir/cartographer/mapping/internal/2d/scan_matching/tsdf_match_cost_function_2d_test.cc.o[0m
[331.816s] [ 75%] [32m[1mLinking CXX executable cartographer.mapping.internal.2d.scan_matching.interpolated_tsdf_2d_test[0m
[332.316s] [ 75%] Built target cartographer.mapping.internal.2d.scan_matching.interpolated_tsdf_2d_test
[332.375s] [ 75%] [32mBuilding CXX object CMakeFiles/cartographer.mapping.internal.2d.tsd_value_converter_test.dir/cartographer/mapping/internal/2d/tsd_value_converter_test.cc.o[0m
[332.592s] [ 75%] [32m[1mLinking CXX executable cartographer.mapping.internal.2d.ray_to_pixel_mask_test[0m
[332.961s] [ 75%] Built target cartographer.mapping.internal.2d.ray_to_pixel_mask_test
[333.016s] [ 75%] [32mBuilding CXX object CMakeFiles/cartographer.mapping.internal.2d.tsdf_2d_test.dir/cartographer/mapping/internal/2d/tsdf_2d_test.cc.o[0m
[333.330s] [ 75%] [32m[1mLinking CXX executable cartographer.mapping.internal.2d.scan_matching.ceres_scan_matcher_2d_test[0m
[333.869s] [ 75%] Built target cartographer.mapping.internal.2d.scan_matching.ceres_scan_matcher_2d_test
[333.925s] [ 75%] [32mBuilding CXX object CMakeFiles/cartographer.mapping.internal.2d.tsdf_range_data_inserter_2d_test.dir/cartographer/mapping/internal/2d/tsdf_range_data_inserter_2d_test.cc.o[0m
[337.357s] [ 75%] [32m[1mLinking CXX executable cartographer.mapping.internal.2d.scan_matching.fast_correlative_scan_matcher_2d_test[0m
[337.636s] [ 75%] [32m[1mLinking CXX executable cartographer.mapping.internal.2d.scan_matching.occupied_space_cost_function_2d_test[0m
[337.861s] [ 75%] Built target cartographer.mapping.internal.2d.scan_matching.fast_correlative_scan_matcher_2d_test
[337.921s] [ 75%] [32mBuilding CXX object CMakeFiles/cartographer.mapping.internal.3d.local_trajectory_builder_3d_test.dir/cartographer/mapping/internal/3d/local_trajectory_builder_3d_test.cc.o[0m
[338.174s] [ 75%] Built target cartographer.mapping.internal.2d.scan_matching.occupied_space_cost_function_2d_test
[338.231s] [ 75%] [32mBuilding CXX object CMakeFiles/cartographer.mapping.internal.3d.pose_graph_3d_test.dir/cartographer/mapping/internal/3d/pose_graph_3d_test.cc.o[0m
[338.479s] [ 75%] [32m[1mLinking CXX executable cartographer.mapping.internal.2d.pose_graph_2d_test[0m
[339.221s] [ 75%] Built target cartographer.mapping.internal.2d.pose_graph_2d_test
[339.282s] [ 75%] [32mBuilding CXX object CMakeFiles/cartographer.mapping.internal.3d.rotation_parameterization_test.dir/cartographer/mapping/internal/3d/rotation_parameterization_test.cc.o[0m
[339.335s] [ 75%] [32m[1mLinking CXX executable cartographer.mapping.internal.3d.rotation_parameterization_test[0m
[339.671s] [ 75%] Built target cartographer.mapping.internal.3d.rotation_parameterization_test
[339.729s] [ 75%] [32mBuilding CXX object CMakeFiles/cartographer.mapping.internal.3d.scan_matching.ceres_scan_matcher_3d_test.dir/cartographer/mapping/internal/3d/scan_matching/ceres_scan_matcher_3d_test.cc.o[0m
[342.779s] [ 76%] [32m[1mLinking CXX executable cartographer.mapping.internal.2d.tsd_value_converter_test[0m
[343.153s] [ 76%] Built target cartographer.mapping.internal.2d.tsd_value_converter_test
[343.213s] [ 76%] [32mBuilding CXX object CMakeFiles/cartographer.mapping.internal.3d.scan_matching.fast_correlative_scan_matcher_3d_test.dir/cartographer/mapping/internal/3d/scan_matching/fast_correlative_scan_matcher_3d_test.cc.o[0m
[345.160s] [ 77%] [32m[1mLinking CXX executable cartographer.mapping.internal.2d.scan_matching.real_time_correlative_scan_matcher_2d_test[0m
[345.725s] [ 77%] Built target cartographer.mapping.internal.2d.scan_matching.real_time_correlative_scan_matcher_2d_test
[345.788s] [ 77%] [32mBuilding CXX object CMakeFiles/cartographer.mapping.internal.3d.scan_matching.intensity_cost_function_3d_test.dir/cartographer/mapping/internal/3d/scan_matching/intensity_cost_function_3d_test.cc.o[0m
[347.751s] [ 77%] [32m[1mLinking CXX executable cartographer.mapping.internal.2d.tsdf_2d_test[0m
[348.250s] [ 77%] Built target cartographer.mapping.internal.2d.tsdf_2d_test
[348.312s] [ 77%] [32mBuilding CXX object CMakeFiles/cartographer.mapping.internal.3d.scan_matching.interpolated_grid_test.dir/cartographer/mapping/internal/3d/scan_matching/interpolated_grid_test.cc.o[0m
[348.814s] [ 77%] [32m[1mLinking CXX executable cartographer.mapping.internal.2d.scan_matching.tsdf_match_cost_function_2d_test[0m
[349.360s] [ 77%] Built target cartographer.mapping.internal.2d.scan_matching.tsdf_match_cost_function_2d_test
[349.416s] [ 77%] [32mBuilding CXX object CMakeFiles/cartographer.mapping.internal.3d.scan_matching.precomputation_grid_3d_test.dir/cartographer/mapping/internal/3d/scan_matching/precomputation_grid_3d_test.cc.o[0m
[352.123s] [ 78%] [32m[1mLinking CXX executable cartographer.mapping.internal.2d.tsdf_range_data_inserter_2d_test[0m
[352.642s] [ 78%] Built target cartographer.mapping.internal.2d.tsdf_range_data_inserter_2d_test
[352.710s] [ 78%] [32mBuilding CXX object CMakeFiles/cartographer.mapping.internal.3d.scan_matching.real_time_correlative_scan_matcher_3d_test.dir/cartographer/mapping/internal/3d/scan_matching/real_time_correlative_scan_matcher_3d_test.cc.o[0m
[360.154s] [ 78%] [32m[1mLinking CXX executable cartographer.mapping.internal.3d.local_trajectory_builder_3d_test[0m
[360.867s] [ 78%] Built target cartographer.mapping.internal.3d.local_trajectory_builder_3d_test
[360.924s] [ 78%] [32mBuilding CXX object CMakeFiles/cartographer.mapping.internal.3d.scan_matching.rotation_delta_cost_functor_3d_test.dir/cartographer/mapping/internal/3d/scan_matching/rotation_delta_cost_functor_3d_test.cc.o[0m
[360.950s] [ 79%] [32m[1mLinking CXX executable cartographer.mapping.internal.3d.scan_matching.ceres_scan_matcher_3d_test[0m
[361.441s] [ 79%] Built target cartographer.mapping.internal.3d.scan_matching.ceres_scan_matcher_3d_test
[361.493s] [ 79%] [32mBuilding CXX object CMakeFiles/cartographer.mapping.internal.3d.scan_matching.rotational_scan_matcher_test.dir/cartographer/mapping/internal/3d/scan_matching/rotational_scan_matcher_test.cc.o[0m
[361.537s] [ 80%] [32m[1mLinking CXX executable cartographer.mapping.internal.3d.pose_graph_3d_test[0m
[361.701s] [ 81%] [32m[1mLinking CXX executable cartographer.mapping.internal.3d.scan_matching.intensity_cost_function_3d_test[0m
[362.101s] [ 81%] [32m[1mLinking CXX executable cartographer.mapping.internal.3d.scan_matching.interpolated_grid_test[0m
[362.125s] [ 81%] Built target cartographer.mapping.internal.3d.scan_matching.intensity_cost_function_3d_test
[362.181s] [ 81%] [32mBuilding CXX object CMakeFiles/cartographer.mapping.internal.connected_components_test.dir/cartographer/mapping/internal/connected_components_test.cc.o[0m
[362.276s] [ 81%] Built target cartographer.mapping.internal.3d.pose_graph_3d_test
[362.334s] [ 81%] [32mBuilding CXX object CMakeFiles/cartographer.mapping.internal.constraints.constraint_builder_2d_test.dir/cartographer/mapping/internal/constraints/constraint_builder_2d_test.cc.o[0m
[362.457s] [ 81%] Built target cartographer.mapping.internal.3d.scan_matching.interpolated_grid_test
[362.512s] [ 82%] [32mBuilding CXX object CMakeFiles/cartographer.mapping.internal.constraints.constraint_builder_3d_test.dir/cartographer/mapping/internal/constraints/constraint_builder_3d_test.cc.o[0m
[363.276s] [ 83%] [32m[1mLinking CXX executable cartographer.mapping.internal.3d.scan_matching.precomputation_grid_3d_test[0m
[363.606s] [ 83%] Built target cartographer.mapping.internal.3d.scan_matching.precomputation_grid_3d_test
[363.660s] [ 83%] [32mBuilding CXX object CMakeFiles/cartographer.mapping.internal.motion_filter_test.dir/cartographer/mapping/internal/motion_filter_test.cc.o[0m
[365.349s] [ 83%] [32m[1mLinking CXX executable cartographer.mapping.internal.3d.scan_matching.fast_correlative_scan_matcher_3d_test[0m
[365.824s] [ 83%] Built target cartographer.mapping.internal.3d.scan_matching.fast_correlative_scan_matcher_3d_test
[365.877s] [ 84%] [32mBuilding CXX object CMakeFiles/cartographer.mapping.internal.optimization.cost_functions.landmark_cost_function_2d_test.dir/cartographer/mapping/internal/optimization/cost_functions/landmark_cost_function_2d_test.cc.o[0m
[371.587s] [ 85%] [32m[1mLinking CXX executable cartographer.mapping.internal.3d.scan_matching.rotation_delta_cost_functor_3d_test[0m
[372.030s] [ 85%] Built target cartographer.mapping.internal.3d.scan_matching.rotation_delta_cost_functor_3d_test
[372.057s] [ 85%] [32m[1mLinking CXX executable cartographer.mapping.internal.3d.scan_matching.real_time_correlative_scan_matcher_3d_test[0m
[372.106s] [ 85%] [32mBuilding CXX object CMakeFiles/cartographer.mapping.internal.optimization.cost_functions.landmark_cost_function_3d_test.dir/cartographer/mapping/internal/optimization/cost_functions/landmark_cost_function_3d_test.cc.o[0m
[372.620s] [ 85%] Built target cartographer.mapping.internal.3d.scan_matching.real_time_correlative_scan_matcher_3d_test
[372.677s] [ 86%] [32mBuilding CXX object CMakeFiles/cartographer.mapping.internal.optimization.cost_functions.spa_cost_function_2d_test.dir/cartographer/mapping/internal/optimization/cost_functions/spa_cost_function_2d_test.cc.o[0m
[373.825s] [ 86%] [32m[1mLinking CXX executable cartographer.mapping.internal.3d.scan_matching.rotational_scan_matcher_test[0m
[374.189s] [ 86%] Built target cartographer.mapping.internal.3d.scan_matching.rotational_scan_matcher_test
[374.249s] [ 86%] [32mBuilding CXX object CMakeFiles/cartographer.mapping.internal.optimization.optimization_problem_3d_test.dir/cartographer/mapping/internal/optimization/optimization_problem_3d_test.cc.o[0m
[375.922s] [ 86%] [32m[1mLinking CXX executable cartographer.mapping.internal.motion_filter_test[0m
[376.372s] [ 86%] Built target cartographer.mapping.internal.motion_filter_test
[376.438s] [ 87%] [32mBuilding CXX object CMakeFiles/cartographer.mapping.internal.range_data_collator_test.dir/cartographer/mapping/internal/range_data_collator_test.cc.o[0m
[377.738s] [ 88%] [32m[1mLinking CXX executable cartographer.mapping.internal.connected_components_test[0m
[378.166s] [ 88%] Built target cartographer.mapping.internal.connected_components_test
[378.223s] [ 88%] [32mBuilding CXX object CMakeFiles/cartographer.mapping.internal.trajectory_connectivity_state_test.dir/cartographer/mapping/internal/trajectory_connectivity_state_test.cc.o[0m
[383.751s] [ 88%] [32m[1mLinking CXX executable cartographer.mapping.internal.constraints.constraint_builder_2d_test[0m
[384.497s] [ 88%] Built target cartographer.mapping.internal.constraints.constraint_builder_2d_test
[384.556s] [ 89%] [32mBuilding CXX object CMakeFiles/cartographer.mapping.map_builder_test.dir/cartographer/mapping/map_builder_test.cc.o[0m
[385.351s] [ 89%] [32m[1mLinking CXX executable cartographer.mapping.internal.constraints.constraint_builder_3d_test[0m
[386.076s] [ 89%] Built target cartographer.mapping.internal.constraints.constraint_builder_3d_test
[386.131s] [ 89%] [32mBuilding CXX object CMakeFiles/cartographer.mapping.pose_extrapolator_test.dir/cartographer/mapping/pose_extrapolator_test.cc.o[0m
[388.988s] [ 89%] [32m[1mLinking CXX executable cartographer.mapping.internal.optimization.cost_functions.landmark_cost_function_2d_test[0m
[389.415s] [ 89%] Built target cartographer.mapping.internal.optimization.cost_functions.landmark_cost_function_2d_test
[389.478s] [ 90%] [32mBuilding CXX object CMakeFiles/cartographer.mapping.pose_graph_test.dir/cartographer/mapping/pose_graph_test.cc.o[0m
[392.519s] [ 90%] [32m[1mLinking CXX executable cartographer.mapping.internal.range_data_collator_test[0m
[392.599s] [ 90%] [32m[1mLinking CXX executable cartographer.mapping.internal.optimization.optimization_problem_3d_test[0m
[392.769s] [ 90%] [32m[1mLinking CXX executable cartographer.mapping.internal.optimization.cost_functions.spa_cost_function_2d_test[0m
[392.870s] [ 90%] Built target cartographer.mapping.internal.range_data_collator_test
[392.892s] [ 90%] [32m[1mLinking CXX executable cartographer.mapping.internal.trajectory_connectivity_state_test[0m
[392.930s] [ 90%] [32mBuilding CXX object CMakeFiles/cartographer.mapping.pose_graph_trimmer_test.dir/cartographer/mapping/pose_graph_trimmer_test.cc.o[0m
[393.123s] [ 90%] Built target cartographer.mapping.internal.optimization.optimization_problem_3d_test
[393.182s] [ 90%] Built target cartographer.mapping.internal.optimization.cost_functions.spa_cost_function_2d_test
[393.183s] [ 91%] [32mBuilding CXX object CMakeFiles/cartographer.mapping.probability_values_test.dir/cartographer/mapping/probability_values_test.cc.o[0m
[393.242s] [ 91%] [32mBuilding CXX object CMakeFiles/cartographer.mapping.submaps_test.dir/cartographer/mapping/submaps_test.cc.o[0m
[393.326s] [ 91%] Built target cartographer.mapping.internal.trajectory_connectivity_state_test
[393.377s] [ 92%] [32mBuilding CXX object CMakeFiles/cartographer.mapping.trajectory_node_test.dir/cartographer/mapping/trajectory_node_test.cc.o[0m
[394.746s] [ 92%] [32m[1mLinking CXX executable cartographer.mapping.internal.optimization.cost_functions.landmark_cost_function_3d_test[0m
[395.156s] [ 92%] Built target cartographer.mapping.internal.optimization.cost_functions.landmark_cost_function_3d_test
[395.219s] [ 92%] [32mBuilding CXX object CMakeFiles/cartographer.mapping.value_conversion_tables_test.dir/cartographer/mapping/value_conversion_tables_test.cc.o[0m
[402.384s] [ 92%] [32m[1mLinking CXX executable cartographer.mapping.value_conversion_tables_test[0m
[402.781s] [ 92%] Built target cartographer.mapping.value_conversion_tables_test
[402.842s] [ 93%] [32mBuilding CXX object CMakeFiles/cartographer.sensor.compressed_point_cloud_test.dir/cartographer/sensor/compressed_point_cloud_test.cc.o[0m
[403.287s] [ 93%] [32m[1mLinking CXX executable cartographer.mapping.pose_graph_test[0m
[403.481s] [ 93%] [32m[1mLinking CXX executable cartographer.mapping.probability_values_test[0m
[403.870s] [ 93%] Built target cartographer.mapping.probability_values_test
[403.929s] [ 93%] [32mBuilding CXX object CMakeFiles/cartographer.sensor.internal.collator_test.dir/cartographer/sensor/internal/collator_test.cc.o[0m
[403.948s] [ 93%] Built target cartographer.mapping.pose_graph_test
[404.002s] [ 94%] [32mBuilding CXX object CMakeFiles/cartographer.sensor.internal.ordered_multi_queue_test.dir/cartographer/sensor/internal/ordered_multi_queue_test.cc.o[0m
[405.073s] [ 94%] [32m[1mLinking CXX executable cartographer.mapping.submaps_test[0m
[405.408s] [ 94%] Built target cartographer.mapping.submaps_test
[405.462s] [ 94%] [32mBuilding CXX object CMakeFiles/cartographer.sensor.internal.trajectory_collator_test.dir/cartographer/sensor/internal/trajectory_collator_test.cc.o[0m
[406.110s] [ 94%] [32m[1mLinking CXX executable cartographer.mapping.pose_extrapolator_test[0m
[406.498s] [ 94%] Built target cartographer.mapping.pose_extrapolator_test
[406.553s] [ 94%] [32mBuilding CXX object CMakeFiles/cartographer.sensor.internal.voxel_filter_test.dir/cartographer/sensor/internal/voxel_filter_test.cc.o[0m
[406.873s] [ 94%] [32m[1mLinking CXX executable cartographer.mapping.pose_graph_trimmer_test[0m
[407.206s] [ 94%] Built target cartographer.mapping.pose_graph_trimmer_test
[407.264s] [ 94%] [32mBuilding CXX object CMakeFiles/cartographer.sensor.landmark_data_test.dir/cartographer/sensor/landmark_data_test.cc.o[0m
[410.312s] [ 94%] [32m[1mLinking CXX executable cartographer.mapping.trajectory_node_test[0m
[410.787s] [ 94%] Built target cartographer.mapping.trajectory_node_test
[410.847s] [ 94%] [32mBuilding CXX object CMakeFiles/cartographer.sensor.map_by_time_test.dir/cartographer/sensor/map_by_time_test.cc.o[0m
[411.924s] [ 94%] [32m[1mLinking CXX executable cartographer.mapping.map_builder_test[0m
[412.810s] [ 94%] Built target cartographer.mapping.map_builder_test
[412.867s] [ 94%] [32mBuilding CXX object CMakeFiles/cartographer.sensor.point_cloud_test.dir/cartographer/sensor/point_cloud_test.cc.o[0m
[418.527s] [ 94%] [32m[1mLinking CXX executable cartographer.sensor.compressed_point_cloud_test[0m
[418.906s] [ 94%] [32m[1mLinking CXX executable cartographer.sensor.internal.ordered_multi_queue_test[0m
[418.999s] [ 94%] Built target cartographer.sensor.compressed_point_cloud_test
[419.060s] [ 94%] [32mBuilding CXX object CMakeFiles/cartographer.sensor.range_data_test.dir/cartographer/sensor/range_data_test.cc.o[0m
[419.283s] [ 94%] Built target cartographer.sensor.internal.ordered_multi_queue_test
[419.337s] [ 94%] [32mBuilding CXX object CMakeFiles/cartographer.transform.rigid_transform_test.dir/cartographer/transform/rigid_transform_test.cc.o[0m
[421.967s] [ 94%] [32m[1mLinking CXX executable cartographer.sensor.map_by_time_test[0m
[422.223s] [ 94%] [32m[1mLinking CXX executable cartographer.sensor.internal.voxel_filter_test[0m
[422.347s] [ 94%] Built target cartographer.sensor.map_by_time_test
[422.412s] [ 94%] [32mBuilding CXX object CMakeFiles/cartographer.transform.timestamped_transform_test.dir/cartographer/transform/timestamped_transform_test.cc.o[0m
[422.689s] [ 94%] Built target cartographer.sensor.internal.voxel_filter_test
[422.695s] [ 94%] [32m[1mLinking CXX executable cartographer.sensor.internal.collator_test[0m
[422.746s] [ 94%] [32mBuilding CXX object CMakeFiles/cartographer.transform.transform_interpolation_buffer_test.dir/cartographer/transform/transform_interpolation_buffer_test.cc.o[0m
[423.069s] [ 94%] Built target cartographer.sensor.internal.collator_test
[423.124s] [ 94%] [32mBuilding CXX object CMakeFiles/cartographer.transform.transform_test.dir/cartographer/transform/transform_test.cc.o[0m
[423.144s] [ 95%] [32m[1mLinking CXX executable cartographer.sensor.internal.trajectory_collator_test[0m
[423.501s] [ 95%] Built target cartographer.sensor.internal.trajectory_collator_test
[427.557s] [ 96%] [32m[1mLinking CXX executable cartographer.sensor.landmark_data_test[0m
[427.881s] [ 96%] Built target cartographer.sensor.landmark_data_test
[430.940s] [ 97%] [32m[1mLinking CXX executable cartographer.sensor.point_cloud_test[0m
[431.283s] [ 97%] Built target cartographer.sensor.point_cloud_test
[432.972s] [ 97%] [32m[1mLinking CXX executable cartographer.sensor.range_data_test[0m
[433.333s] [ 97%] Built target cartographer.sensor.range_data_test
[434.803s] [ 97%] [32m[1mLinking CXX executable cartographer.transform.timestamped_transform_test[0m
[435.116s] [ 97%] Built target cartographer.transform.timestamped_transform_test
[436.139s] [ 98%] [32m[1mLinking CXX executable cartographer.transform.transform_interpolation_buffer_test[0m
[436.386s] [ 98%] [32m[1mLinking CXX executable cartographer.transform.transform_test[0m
[436.407s] [ 98%] Built target cartographer.transform.transform_interpolation_buffer_test
[436.588s] [ 98%] Built target cartographer.transform.transform_test
[438.316s] [100%] [32m[1mLinking CXX executable cartographer.transform.rigid_transform_test[0m
[438.570s] [100%] Built target cartographer.transform.rigid_transform_test
[438.592s] Invoked command in '/root/distr_slam_ws/build/cartographer' returned '0': CMAKE_PREFIX_PATH=${CMAKE_PREFIX_PATH}:/opt/ros/jazzy /usr/bin/cmake --build /root/distr_slam_ws/build/cartographer -- -j8 -l8
[438.594s] Invoking command in '/root/distr_slam_ws/build/cartographer': CMAKE_PREFIX_PATH=${CMAKE_PREFIX_PATH}:/opt/ros/jazzy /usr/bin/cmake --install /root/distr_slam_ws/build/cartographer
[438.608s] -- Install configuration: "Release"
[438.608s] -- Installing: /root/distr_slam_ws/install/cartographer/share/cartographer/package.xml
[438.609s] -- Installing: /root/distr_slam_ws/install/cartographer/share/cartographer//configuration_files
[438.609s] -- Installing: /root/distr_slam_ws/install/cartographer/share/cartographer//configuration_files/trajectory_builder_2d.lua
[438.609s] -- Installing: /root/distr_slam_ws/install/cartographer/share/cartographer//configuration_files/trajectory_builder_3d.lua
[438.609s] -- Installing: /root/distr_slam_ws/install/cartographer/share/cartographer//configuration_files/pose_graph.lua
[438.610s] -- Installing: /root/distr_slam_ws/install/cartographer/share/cartographer//configuration_files/map_builder.lua
[438.610s] -- Installing: /root/distr_slam_ws/install/cartographer/share/cartographer//configuration_files/map_builder_server.lua
[438.610s] -- Installing: /root/distr_slam_ws/install/cartographer/share/cartographer//configuration_files/trajectory_builder.lua
[438.610s] -- Installing: /root/distr_slam_ws/install/cartographer/share/cartographer//cmake
[438.611s] -- Installing: /root/distr_slam_ws/install/cartographer/share/cartographer//cmake/modules
[438.611s] -- Installing: /root/distr_slam_ws/install/cartographer/share/cartographer//cmake/modules/FindLuaGoogle.cmake
[438.611s] -- Installing: /root/distr_slam_ws/install/cartographer/share/cartographer//cmake/modules/FindSphinx.cmake
[438.612s] -- Installing: /root/distr_slam_ws/install/cartographer/share/cartographer//cmake/modules/FindEigen3.cmake
[438.612s] -- Installing: /root/distr_slam_ws/install/cartographer/share/cartographer//cmake/modules/FindGMock.cmake
[438.612s] -- Installing: /root/distr_slam_ws/install/cartographer/share/cartographer//cmake/functions.cmake
[438.613s] -- Installing: /root/distr_slam_ws/install/cartographer/bin/cartographer_autogenerate_ground_truth
[438.615s] -- Installing: /root/distr_slam_ws/install/cartographer/bin/cartographer_compute_relations_metrics
[438.617s] -- Installing: /root/distr_slam_ws/install/cartographer/bin/cartographer_pbstream
[438.621s] -- Installing: /root/distr_slam_ws/install/cartographer/bin/cartographer_print_configuration
[438.622s] -- Installing: /root/distr_slam_ws/install/cartographer/lib/libcartographer.a
[438.641s] -- Installing: /root/distr_slam_ws/install/cartographer/include/cartographer/common/configuration_file_resolver.h
[438.641s] -- Installing: /root/distr_slam_ws/install/cartographer/include/cartographer/common/fixed_ratio_sampler.h
[438.642s] -- Installing: /root/distr_slam_ws/install/cartographer/include/cartographer/common/histogram.h
[438.643s] -- Installing: /root/distr_slam_ws/install/cartographer/include/cartographer/common/lua.h
[438.643s] -- Installing: /root/distr_slam_ws/install/cartographer/include/cartographer/common/lua_parameter_dictionary.h
[438.644s] -- Installing: /root/distr_slam_ws/install/cartographer/include/cartographer/common/math.h
[438.644s] -- Installing: /root/distr_slam_ws/install/cartographer/include/cartographer/common/port.h
[438.645s] -- Installing: /root/distr_slam_ws/install/cartographer/include/cartographer/common/task.h
[438.645s] -- Installing: /root/distr_slam_ws/install/cartographer/include/cartographer/common/thread_pool.h
[438.646s] -- Installing: /root/distr_slam_ws/install/cartographer/include/cartographer/common/time.h
[438.647s] -- Installing: /root/distr_slam_ws/install/cartographer/include/cartographer/ground_truth/autogenerate_ground_truth.h
[438.647s] -- Installing: /root/distr_slam_ws/install/cartographer/include/cartographer/ground_truth/relations_text_file.h
[438.648s] -- Installing: /root/distr_slam_ws/install/cartographer/include/cartographer/io/color.h
[438.649s] -- Installing: /root/distr_slam_ws/install/cartographer/include/cartographer/io/coloring_points_processor.h
[438.649s] -- Installing: /root/distr_slam_ws/install/cartographer/include/cartographer/io/counting_points_processor.h
[438.650s] -- Installing: /root/distr_slam_ws/install/cartographer/include/cartographer/io/draw_trajectories.h
[438.650s] -- Installing: /root/distr_slam_ws/install/cartographer/include/cartographer/io/file_writer.h
[438.651s] -- Installing: /root/distr_slam_ws/install/cartographer/include/cartographer/io/fixed_ratio_sampling_points_processor.h
[438.652s] -- Installing: /root/distr_slam_ws/install/cartographer/include/cartographer/io/frame_id_filtering_points_processor.h
[438.652s] -- Installing: /root/distr_slam_ws/install/cartographer/include/cartographer/io/hybrid_grid_points_processor.h
[438.653s] -- Installing: /root/distr_slam_ws/install/cartographer/include/cartographer/io/image.h
[438.653s] -- Installing: /root/distr_slam_ws/install/cartographer/include/cartographer/io/intensity_to_color_points_processor.h
[438.654s] -- Installing: /root/distr_slam_ws/install/cartographer/include/cartographer/io/min_max_range_filtering_points_processor.h
[438.654s] -- Installing: /root/distr_slam_ws/install/cartographer/include/cartographer/io/null_points_processor.h
[438.655s] -- Installing: /root/distr_slam_ws/install/cartographer/include/cartographer/io/outlier_removing_points_processor.h
[438.656s] -- Installing: /root/distr_slam_ws/install/cartographer/include/cartographer/io/pcd_writing_points_processor.h
[438.656s] -- Installing: /root/distr_slam_ws/install/cartographer/include/cartographer/io/ply_writing_points_processor.h
[438.657s] -- Installing: /root/distr_slam_ws/install/cartographer/include/cartographer/io/points_batch.h
[438.657s] -- Installing: /root/distr_slam_ws/install/cartographer/include/cartographer/io/points_processor.h
[438.658s] -- Installing: /root/distr_slam_ws/install/cartographer/include/cartographer/io/points_processor_pipeline_builder.h
[438.659s] -- Installing: /root/distr_slam_ws/install/cartographer/include/cartographer/io/probability_grid_points_processor.h
[438.659s] -- Installing: /root/distr_slam_ws/install/cartographer/include/cartographer/io/proto_stream.h
[438.660s] -- Installing: /root/distr_slam_ws/install/cartographer/include/cartographer/io/proto_stream_deserializer.h
[438.660s] -- Installing: /root/distr_slam_ws/install/cartographer/include/cartographer/io/proto_stream_interface.h
[438.661s] -- Installing: /root/distr_slam_ws/install/cartographer/include/cartographer/io/serialization_format_migration.h
[438.662s] -- Installing: /root/distr_slam_ws/install/cartographer/include/cartographer/io/submap_painter.h
[438.662s] -- Installing: /root/distr_slam_ws/install/cartographer/include/cartographer/io/vertical_range_filtering_points_processor.h
[438.663s] -- Installing: /root/distr_slam_ws/install/cartographer/include/cartographer/io/xray_points_processor.h
[438.664s] -- Installing: /root/distr_slam_ws/install/cartographer/include/cartographer/io/xyz_writing_points_processor.h
[438.664s] -- Installing: /root/distr_slam_ws/install/cartographer/include/cartographer/mapping/2d/grid_2d.h
[438.665s] -- Installing: /root/distr_slam_ws/install/cartographer/include/cartographer/mapping/2d/map_limits.h
[438.666s] -- Installing: /root/distr_slam_ws/install/cartographer/include/cartographer/mapping/2d/probability_grid.h
[438.666s] -- Installing: /root/distr_slam_ws/install/cartographer/include/cartographer/mapping/2d/probability_grid_range_data_inserter_2d.h
[438.667s] -- Installing: /root/distr_slam_ws/install/cartographer/include/cartographer/mapping/2d/submap_2d.h
[438.668s] -- Installing: /root/distr_slam_ws/install/cartographer/include/cartographer/mapping/2d/xy_index.h
[438.668s] -- Installing: /root/distr_slam_ws/install/cartographer/include/cartographer/mapping/3d/hybrid_grid.h
[438.669s] -- Installing: /root/distr_slam_ws/install/cartographer/include/cartographer/mapping/3d/range_data_inserter_3d.h
[438.670s] -- Installing: /root/distr_slam_ws/install/cartographer/include/cartographer/mapping/3d/submap_3d.h
[438.670s] -- Installing: /root/distr_slam_ws/install/cartographer/include/cartographer/mapping/detect_floors.h
[438.671s] -- Installing: /root/distr_slam_ws/install/cartographer/include/cartographer/mapping/grid_interface.h
[438.671s] -- Installing: /root/distr_slam_ws/install/cartographer/include/cartographer/mapping/id.h
[438.672s] -- Installing: /root/distr_slam_ws/install/cartographer/include/cartographer/mapping/imu_tracker.h
[438.673s] -- Installing: /root/distr_slam_ws/install/cartographer/include/cartographer/mapping/map_builder.h
[438.673s] -- Installing: /root/distr_slam_ws/install/cartographer/include/cartographer/mapping/map_builder_interface.h
[438.674s] -- Installing: /root/distr_slam_ws/install/cartographer/include/cartographer/mapping/pose_extrapolator.h
[438.674s] -- Installing: /root/distr_slam_ws/install/cartographer/include/cartographer/mapping/pose_extrapolator_interface.h
[438.675s] -- Installing: /root/distr_slam_ws/install/cartographer/include/cartographer/mapping/pose_graph.h
[438.676s] -- Installing: /root/distr_slam_ws/install/cartographer/include/cartographer/mapping/pose_graph_interface.h
[438.676s] -- Installing: /root/distr_slam_ws/install/cartographer/include/cartographer/mapping/pose_graph_trimmer.h
[438.677s] -- Installing: /root/distr_slam_ws/install/cartographer/include/cartographer/mapping/probability_values.h
[438.678s] -- Installing: /root/distr_slam_ws/install/cartographer/include/cartographer/mapping/range_data_inserter_interface.h
[438.678s] -- Installing: /root/distr_slam_ws/install/cartographer/include/cartographer/mapping/submaps.h
[438.679s] -- Installing: /root/distr_slam_ws/install/cartographer/include/cartographer/mapping/trajectory_builder_interface.h
[438.679s] -- Installing: /root/distr_slam_ws/install/cartographer/include/cartographer/mapping/trajectory_node.h
[438.680s] -- Installing: /root/distr_slam_ws/install/cartographer/include/cartographer/mapping/value_conversion_tables.h
[438.681s] -- Installing: /root/distr_slam_ws/install/cartographer/include/cartographer/metrics/counter.h
[438.681s] -- Installing: /root/distr_slam_ws/install/cartographer/include/cartographer/metrics/family_factory.h
[438.682s] -- Installing: /root/distr_slam_ws/install/cartographer/include/cartographer/metrics/gauge.h
[438.682s] -- Installing: /root/distr_slam_ws/install/cartographer/include/cartographer/metrics/histogram.h
[438.683s] -- Installing: /root/distr_slam_ws/install/cartographer/include/cartographer/metrics/register.h
[438.684s] -- Installing: /root/distr_slam_ws/install/cartographer/include/cartographer/sensor/collator_interface.h
[438.684s] -- Installing: /root/distr_slam_ws/install/cartographer/include/cartographer/sensor/compressed_point_cloud.h
[438.685s] -- Installing: /root/distr_slam_ws/install/cartographer/include/cartographer/sensor/data.h
[438.685s] -- Installing: /root/distr_slam_ws/install/cartographer/include/cartographer/sensor/fixed_frame_pose_data.h
[438.686s] -- Installing: /root/distr_slam_ws/install/cartographer/include/cartographer/sensor/imu_data.h
[438.687s] -- Installing: /root/distr_slam_ws/install/cartographer/include/cartographer/sensor/landmark_data.h
[438.687s] -- Installing: /root/distr_slam_ws/install/cartographer/include/cartographer/sensor/map_by_time.h
[438.688s] -- Installing: /root/distr_slam_ws/install/cartographer/include/cartographer/sensor/odometry_data.h
[438.689s] -- Installing: /root/distr_slam_ws/install/cartographer/include/cartographer/sensor/point_cloud.h
[438.689s] -- Installing: /root/distr_slam_ws/install/cartographer/include/cartographer/sensor/range_data.h
[438.690s] -- Installing: /root/distr_slam_ws/install/cartographer/include/cartographer/sensor/rangefinder_point.h
[438.690s] -- Installing: /root/distr_slam_ws/install/cartographer/include/cartographer/sensor/timed_point_cloud_data.h
[438.691s] -- Installing: /root/distr_slam_ws/install/cartographer/include/cartographer/transform/rigid_transform.h
[438.692s] -- Installing: /root/distr_slam_ws/install/cartographer/include/cartographer/transform/timestamped_transform.h
[438.692s] -- Installing: /root/distr_slam_ws/install/cartographer/include/cartographer/transform/transform.h
[438.693s] -- Installing: /root/distr_slam_ws/install/cartographer/include/cartographer/transform/transform_interpolation_buffer.h
[438.693s] -- Installing: /root/distr_slam_ws/install/cartographer/include/cartographer/io/fake_file_writer.h
[438.694s] -- Installing: /root/distr_slam_ws/install/cartographer/include/cartographer/transform/rigid_transform_test_helpers.h
[438.695s] -- Installing: /root/distr_slam_ws/install/cartographer/include/cartographer/common/proto/ceres_solver_options.pb.h
[438.696s] -- Installing: /root/distr_slam_ws/install/cartographer/include/cartographer/ground_truth/proto/relations.pb.h
[438.697s] -- Installing: /root/distr_slam_ws/install/cartographer/include/cartographer/mapping/proto/cell_limits_2d.pb.h
[438.698s] -- Installing: /root/distr_slam_ws/install/cartographer/include/cartographer/mapping/proto/connected_components.pb.h
[438.699s] -- Installing: /root/distr_slam_ws/install/cartographer/include/cartographer/mapping/proto/grid_2d.pb.h
[438.700s] -- Installing: /root/distr_slam_ws/install/cartographer/include/cartographer/mapping/proto/grid_2d_options.pb.h
[438.700s] -- Installing: /root/distr_slam_ws/install/cartographer/include/cartographer/mapping/proto/hybrid_grid.pb.h
[438.701s] -- Installing: /root/distr_slam_ws/install/cartographer/include/cartographer/mapping/proto/local_trajectory_builder_options_2d.pb.h
[438.703s] -- Installing: /root/distr_slam_ws/install/cartographer/include/cartographer/mapping/proto/local_trajectory_builder_options_3d.pb.h
[438.704s] -- Installing: /root/distr_slam_ws/install/cartographer/include/cartographer/mapping/proto/map_builder_options.pb.h
[438.704s] -- Installing: /root/distr_slam_ws/install/cartographer/include/cartographer/mapping/proto/map_limits.pb.h
[438.705s] -- Installing: /root/distr_slam_ws/install/cartographer/include/cartographer/mapping/proto/motion_filter_options.pb.h
[438.706s] -- Installing: /root/distr_slam_ws/install/cartographer/include/cartographer/mapping/proto/normal_estimation_options_2d.pb.h
[438.707s] -- Installing: /root/distr_slam_ws/install/cartographer/include/cartographer/mapping/proto/pose_extrapolator_options.pb.h
[438.708s] -- Installing: /root/distr_slam_ws/install/cartographer/include/cartographer/mapping/proto/pose_graph.pb.h
[438.709s] -- Installing: /root/distr_slam_ws/install/cartographer/include/cartographer/mapping/proto/pose_graph/constraint_builder_options.pb.h
[438.710s] -- Installing: /root/distr_slam_ws/install/cartographer/include/cartographer/mapping/proto/pose_graph/optimization_problem_options.pb.h
[438.711s] -- Installing: /root/distr_slam_ws/install/cartographer/include/cartographer/mapping/proto/pose_graph_options.pb.h
[438.712s] -- Installing: /root/distr_slam_ws/install/cartographer/include/cartographer/mapping/proto/probability_grid.pb.h
[438.713s] -- Installing: /root/distr_slam_ws/install/cartographer/include/cartographer/mapping/proto/probability_grid_range_data_inserter_options_2d.pb.h
[438.714s] -- Installing: /root/distr_slam_ws/install/cartographer/include/cartographer/mapping/proto/range_data_inserter_options.pb.h
[438.715s] -- Installing: /root/distr_slam_ws/install/cartographer/include/cartographer/mapping/proto/range_data_inserter_options_3d.pb.h
[438.716s] -- Installing: /root/distr_slam_ws/install/cartographer/include/cartographer/mapping/proto/scan_matching/ceres_scan_matcher_options_2d.pb.h
[438.717s] -- Installing: /root/distr_slam_ws/install/cartographer/include/cartographer/mapping/proto/scan_matching/ceres_scan_matcher_options_3d.pb.h
[438.718s] -- Installing: /root/distr_slam_ws/install/cartographer/include/cartographer/mapping/proto/scan_matching/fast_correlative_scan_matcher_options_2d.pb.h
[438.719s] -- Installing: /root/distr_slam_ws/install/cartographer/include/cartographer/mapping/proto/scan_matching/fast_correlative_scan_matcher_options_3d.pb.h
[438.720s] -- Installing: /root/distr_slam_ws/install/cartographer/include/cartographer/mapping/proto/scan_matching/real_time_correlative_scan_matcher_options.pb.h
[438.720s] -- Installing: /root/distr_slam_ws/install/cartographer/include/cartographer/mapping/proto/serialization.pb.h
[438.721s] -- Installing: /root/distr_slam_ws/install/cartographer/include/cartographer/mapping/proto/submap.pb.h
[438.722s] -- Installing: /root/distr_slam_ws/install/cartographer/include/cartographer/mapping/proto/submap_visualization.pb.h
[438.723s] -- Installing: /root/distr_slam_ws/install/cartographer/include/cartographer/mapping/proto/submaps_options_2d.pb.h
[438.723s] -- Installing: /root/distr_slam_ws/install/cartographer/include/cartographer/mapping/proto/submaps_options_3d.pb.h
[438.724s] -- Installing: /root/distr_slam_ws/install/cartographer/include/cartographer/mapping/proto/trajectory.pb.h
[438.725s] -- Installing: /root/distr_slam_ws/install/cartographer/include/cartographer/mapping/proto/trajectory_builder_options.pb.h
[438.726s] -- Installing: /root/distr_slam_ws/install/cartographer/include/cartographer/mapping/proto/trajectory_node_data.pb.h
[438.726s] -- Installing: /root/distr_slam_ws/install/cartographer/include/cartographer/mapping/proto/tsdf_2d.pb.h
[438.727s] -- Installing: /root/distr_slam_ws/install/cartographer/include/cartographer/mapping/proto/tsdf_range_data_inserter_options_2d.pb.h
[438.728s] -- Installing: /root/distr_slam_ws/install/cartographer/include/cartographer/sensor/proto/adaptive_voxel_filter_options.pb.h
[438.728s] -- Installing: /root/distr_slam_ws/install/cartographer/include/cartographer/sensor/proto/sensor.pb.h
[438.729s] -- Installing: /root/distr_slam_ws/install/cartographer/include/cartographer/transform/proto/timestamped_transform.pb.h
[438.730s] -- Installing: /root/distr_slam_ws/install/cartographer/include/cartographer/transform/proto/transform.pb.h
[438.730s] -- Installing: /root/distr_slam_ws/install/cartographer/share/cartographer/cmake/CartographerTargets.cmake
[438.731s] -- Installing: /root/distr_slam_ws/install/cartographer/share/cartographer/cmake/CartographerTargets-release.cmake
[438.731s] -- Installing: /root/distr_slam_ws/install/cartographer/share/cartographer/cartographer-config.cmake
[438.735s] Invoked command in '/root/distr_slam_ws/build/cartographer' returned '0': CMAKE_PREFIX_PATH=${CMAKE_PREFIX_PATH}:/opt/ros/jazzy /usr/bin/cmake --install /root/distr_slam_ws/build/cartographer
