[0.028s] Invoking command in '/root/distr_slam_ws/build/cartographer': CMAKE_PREFIX_PATH=${CMAKE_PREFIX_PATH}:/opt/ros/jazzy /usr/bin/cmake /root/distr_slam_ws/src/cartographer -DCMAKE_INSTALL_PREFIX=/root/distr_slam_ws/install/cartographer
[0.256s] -- The C compiler identification is GNU 13.3.0
[0.383s] -- The CXX compiler identification is GNU 13.3.0
[0.407s] -- Detecting C compiler ABI info
[0.528s] -- Detecting C compiler ABI info - done
[0.540s] -- Check for working C compiler: /usr/bin/cc - skipped
[0.541s] -- Detecting C compile features
[0.542s] -- Detecting C compile features - done
[0.556s] -- Detecting CXX compiler ABI info
[0.684s] -- Detecting CXX compiler ABI info - done
[0.697s] -- Check for working CXX compiler: /usr/bin/c++ - skipped
[0.697s] -- Detecting CXX compile features
[0.698s] -- Detecting CXX compile features - done
[0.701s] -- Build type: Release
[0.715s] Files /root/distr_slam_ws/build/cartographer/AllFiles.cmake and - differ
[0.930s] -- Found Python3: /usr/bin/python3 (found version "3.12.3") found components: Interpreter 
[0.933s] -- Performing Test CMAKE_HAVE_LIBC_PTHREAD
[1.055s] -- Performing Test CMAKE_HAVE_LIBC_PTHREAD - Success
[1.057s] -- Found Threads: TRUE  
[1.063s] -- Found GMock: gmock_main  
[1.080s] [31mCMake Error at CMakeLists.txt:32 (find_package):
[1.080s]   By not providing "Findabsl.cmake" in CMAKE_MODULE_PATH this project has
[1.080s]   asked CMake to find a package configuration file provided by "absl", but
[1.080s]   CMake did not find one.
[1.080s] 
[1.080s]   Could not find a package configuration file provided by "absl" with any of
[1.080s]   the following names:
[1.080s] 
[1.081s]     abslConfig.cmake
[1.081s]     absl-config.cmake
[1.081s] 
[1.081s]   Add the installation prefix of "absl" to CMAKE_PREFIX_PATH or set
[1.081s]   "absl_DIR" to a directory containing one of the above files.  If "absl"
[1.081s]   provides a separate development package or SDK, be sure it has been
[1.081s]   installed.
[1.081s] 
[1.081s] [0m
[1.081s] -- Configuring incomplete, errors occurred!
[1.088s] Invoked command in '/root/distr_slam_ws/build/cartographer' returned '1': CMAKE_PREFIX_PATH=${CMAKE_PREFIX_PATH}:/opt/ros/jazzy /usr/bin/cmake /root/distr_slam_ws/src/cartographer -DCMAKE_INSTALL_PREFIX=/root/distr_slam_ws/install/cartographer
