[0.032s] Invoking command in '/root/distr_slam_ws/build/cartographer_rviz': AMENT_PREFIX_PATH=/root/distr_slam_ws/install/cartographer_ros:/root/distr_slam_ws/install/cartographer_ros_msgs:${AMENT_PREFIX_PATH} CMAKE_PREFIX_PATH=/root/distr_slam_ws/install/cartographer_ros:/root/distr_slam_ws/install/cartographer_ros_msgs:/root/distr_slam_ws/install/cartographer:/opt/ros/humble LD_LIBRARY_PATH=/root/distr_slam_ws/install/cartographer_ros/lib:/root/distr_slam_ws/install/cartographer_ros_msgs/lib:${LD_LIBRARY_PATH} PATH=/root/distr_slam_ws/install/cartographer/bin:${PATH} PKG_CONFIG_PATH=/root/distr_slam_ws/install/cartographer/lib/x86_64-linux-gnu/pkgconfig:/root/distr_slam_ws/install/cartographer/lib/pkgconfig PYTHONPATH=/root/distr_slam_ws/install/cartographer_ros_msgs/local/lib/python3.10/dist-packages:${PYTHONPATH} /usr/bin/cmake /root/distr_slam_ws/src/cartographer_ros/cartographer_rviz -DCMAKE_INSTALL_PREFIX=/root/distr_slam_ws/install/cartographer_rviz
[0.091s] -- The C compiler identification is GNU 11.4.0
[0.151s] -- The CXX compiler identification is GNU 11.4.0
[0.159s] -- Detecting C compiler ABI info
[0.243s] -- Detecting C compiler ABI info - done
[0.252s] -- Check for working C compiler: /usr/bin/cc - skipped
[0.253s] -- Detecting C compile features
[0.253s] -- Detecting C compile features - done
[0.257s] -- Detecting CXX compiler ABI info
[0.350s] -- Detecting CXX compiler ABI info - done
[0.359s] -- Check for working CXX compiler: /usr/bin/c++ - skipped
[0.360s] -- Detecting CXX compile features
[0.360s] -- Detecting CXX compile features - done
[0.364s] -- Found ament_cmake: 1.3.14 (/opt/ros/humble/share/ament_cmake/cmake)
[0.543s] -- Found Python3: /usr/bin/python3 (found version "3.10.12") found components: Interpreter 
[0.688s] -- Looking for pthread.h
[0.770s] -- Looking for pthread.h - found
[0.771s] -- Performing Test CMAKE_HAVE_LIBC_PTHREAD
[0.857s] -- Performing Test CMAKE_HAVE_LIBC_PTHREAD - Success
[0.858s] -- Found Threads: TRUE  
[0.868s] -- Found required Ceres dependency: Eigen version 3.4.0 in /usr/include/eigen3
[0.877s] -- Found required Ceres dependency: glog
[0.878s] -- Found required Ceres dependency: gflags
[0.878s] -- Found Ceres version: 2.0.0 installed in: /usr with components: [EigenSparse, SparseLinearAlgebraLibrary, LAPACK, SuiteSparse, CXSparse, SchurSpecializations, Multithreading]
[0.904s] -- Found Boost: /usr/lib/x86_64-linux-gnu/cmake/Boost-1.74.0/BoostConfig.cmake (found version "1.74.0") found components: iostreams 
[0.910s] -- Build type: Release
[0.931s] Files /root/distr_slam_ws/build/cartographer_rviz/AllFiles.cmake and - differ
[0.942s] -- Found cartographer_ros: 2.0.9003 (/root/distr_slam_ws/install/cartographer_ros/share/cartographer_ros/cmake)
[0.996s] -- Found rosidl_generator_c: 3.1.8 (/opt/ros/humble/share/rosidl_generator_c/cmake)
[1.005s] -- Found rosidl_adapter: 3.1.8 (/opt/ros/humble/share/rosidl_adapter/cmake)
[1.018s] -- Found rosidl_generator_cpp: 3.1.8 (/opt/ros/humble/share/rosidl_generator_cpp/cmake)
[1.040s] -- Using all available rosidl_typesupport_c: rosidl_typesupport_fastrtps_c;rosidl_typesupport_introspection_c
[1.066s] -- Using all available rosidl_typesupport_cpp: rosidl_typesupport_fastrtps_cpp;rosidl_typesupport_introspection_cpp
[1.216s] -- Found rmw_implementation_cmake: 6.1.2 (/opt/ros/humble/share/rmw_implementation_cmake/cmake)
[1.221s] -- Found rmw_fastrtps_cpp: 6.2.10 (/opt/ros/humble/share/rmw_fastrtps_cpp/cmake)
[1.333s] -- Found OpenSSL: /usr/lib/x86_64-linux-gnu/libcrypto.so (found version "3.0.2")  
[1.365s] -- Found FastRTPS: /opt/ros/humble/include  
[1.413s] -- Using RMW implementation 'rmw_fastrtps_cpp' as default
[1.742s] -- Found rviz_common: 11.2.26 (/opt/ros/humble/share/rviz_common/cmake)
[1.964s] -- Setting assimp_DIR to: '/opt/ros/humble/share/rviz_assimp_vendor/cmake/../../../opt/rviz_assimp_vendor/lib/cmake/assimp-4.1'
[1.978s] -- Setting OGRE_DIR to: '/opt/ros/humble/share/rviz_ogre_vendor/cmake/../../../opt/rviz_ogre_vendor/lib/OGRE/cmake'
[1.998s] -- Found OGRE
[1.999s] --   static     : OFF
[1.999s] --   components : HLMS;MeshLodGenerator;Overlay;Paging;Property;RTShaderSystem;Terrain;Volume
[1.999s] --   plugins    : Plugin_BSPSceneManager;Plugin_OctreeSceneManager;Plugin_PCZSceneManager;Plugin_ParticleFX;RenderSystem_GL;RenderSystem_GL3Plus;Codec_STBI
[1.999s] --   media      : /opt/ros/humble/opt/rviz_ogre_vendor/share/OGRE/Media
[2.000s] -- OGRE_LIBRARIES: OgreHLMS;OgreMeshLodGenerator;OgreOverlay;OgrePaging;OgreProperty;OgreRTShaderSystem;OgreTerrain;OgreVolume;OgreMain
[2.000s] -- OGRE_LIBRARY_DIRS: /opt/ros/humble/opt/rviz_ogre_vendor/lib
[2.000s] -- OGRE_PLUGINS: Plugin_BSPSceneManager;Plugin_OctreeSceneManager;Plugin_PCZSceneManager;Plugin_ParticleFX;RenderSystem_GL;RenderSystem_GL3Plus;Codec_STBI
[2.000s] -- OGRE_PLUGIN_DIR: /opt/ros/humble/opt/rviz_ogre_vendor/lib/OGRE
[2.000s] -- rviz_ogre_vendor::OgreOverlay for IMPORTED_LOCATION_RELEASE: /opt/ros/humble/opt/rviz_ogre_vendor/lib/libOgreOverlay.so
[2.000s] -- rviz_ogre_vendor::OgreOverlay for IMPORTED_LOCATION_DEBUG: /opt/ros/humble/opt/rviz_ogre_vendor/lib/libOgreOverlay.so
[2.001s] -- rviz_ogre_vendor::OgreMain for IMPORTED_LOCATION_RELEASE: /opt/ros/humble/opt/rviz_ogre_vendor/lib/libOgreMain.so
[2.001s] -- rviz_ogre_vendor::OgreMain for IMPORTED_LOCATION_DEBUG: /opt/ros/humble/opt/rviz_ogre_vendor/lib/libOgreMain.so
[2.062s] -- Found ZLIB: /usr/lib/x86_64-linux-gnu/libz.so (found version "1.2.11") 
[2.082s] -- Found OpenGL: /usr/lib/x86_64-linux-gnu/libOpenGL.so   
[2.248s] -- Found X11: /usr/include   
[2.250s] -- Looking for XOpenDisplay in /usr/lib/x86_64-linux-gnu/libX11.so;/usr/lib/x86_64-linux-gnu/libXext.so
[2.346s] -- Looking for XOpenDisplay in /usr/lib/x86_64-linux-gnu/libX11.so;/usr/lib/x86_64-linux-gnu/libXext.so - found
[2.347s] -- Looking for gethostbyname
[2.425s] -- Looking for gethostbyname - found
[2.425s] -- Looking for connect
[2.503s] -- Looking for connect - found
[2.503s] -- Looking for remove
[2.595s] -- Looking for remove - found
[2.596s] -- Looking for shmat
[2.672s] -- Looking for shmat - found
[2.672s] -- Looking for IceConnectionNumber in ICE
[2.745s] -- Looking for IceConnectionNumber in ICE - found
[2.912s] -- library: /usr/lib/x86_64-linux-gnu/libcurl.so
[3.050s] -- Found Eigen3: TRUE (found version "3.4.0") 
[3.050s] -- Ensuring Eigen3 include directory is part of orocos-kdl CMake target
[3.203s] -- Deploy OGRE media
[3.214s] -- Configuring done
[3.440s] -- Generating done
[3.455s] -- Build files have been written to: /root/distr_slam_ws/build/cartographer_rviz
[3.475s] Invoked command in '/root/distr_slam_ws/build/cartographer_rviz' returned '0': AMENT_PREFIX_PATH=/root/distr_slam_ws/install/cartographer_ros:/root/distr_slam_ws/install/cartographer_ros_msgs:${AMENT_PREFIX_PATH} CMAKE_PREFIX_PATH=/root/distr_slam_ws/install/cartographer_ros:/root/distr_slam_ws/install/cartographer_ros_msgs:/root/distr_slam_ws/install/cartographer:/opt/ros/humble LD_LIBRARY_PATH=/root/distr_slam_ws/install/cartographer_ros/lib:/root/distr_slam_ws/install/cartographer_ros_msgs/lib:${LD_LIBRARY_PATH} PATH=/root/distr_slam_ws/install/cartographer/bin:${PATH} PKG_CONFIG_PATH=/root/distr_slam_ws/install/cartographer/lib/x86_64-linux-gnu/pkgconfig:/root/distr_slam_ws/install/cartographer/lib/pkgconfig PYTHONPATH=/root/distr_slam_ws/install/cartographer_ros_msgs/local/lib/python3.10/dist-packages:${PYTHONPATH} /usr/bin/cmake /root/distr_slam_ws/src/cartographer_ros/cartographer_rviz -DCMAKE_INSTALL_PREFIX=/root/distr_slam_ws/install/cartographer_rviz
[3.477s] Invoking command in '/root/distr_slam_ws/build/cartographer_rviz': AMENT_PREFIX_PATH=/root/distr_slam_ws/install/cartographer_ros:/root/distr_slam_ws/install/cartographer_ros_msgs:${AMENT_PREFIX_PATH} CMAKE_PREFIX_PATH=/root/distr_slam_ws/install/cartographer_ros:/root/distr_slam_ws/install/cartographer_ros_msgs:/root/distr_slam_ws/install/cartographer:/opt/ros/humble LD_LIBRARY_PATH=/root/distr_slam_ws/install/cartographer_ros/lib:/root/distr_slam_ws/install/cartographer_ros_msgs/lib:${LD_LIBRARY_PATH} PATH=/root/distr_slam_ws/install/cartographer/bin:${PATH} PKG_CONFIG_PATH=/root/distr_slam_ws/install/cartographer/lib/x86_64-linux-gnu/pkgconfig:/root/distr_slam_ws/install/cartographer/lib/pkgconfig PYTHONPATH=/root/distr_slam_ws/install/cartographer_ros_msgs/local/lib/python3.10/dist-packages:${PYTHONPATH} /usr/bin/cmake --build /root/distr_slam_ws/build/cartographer_rviz -- -j4 -l4
[3.545s] [ 16%] [34m[1mAutomatic MOC for target cartographer_rviz[0m
[3.551s] [ 16%] Built target cartographer_rviz_detect_changes
[7.057s] [ 16%] Built target cartographer_rviz_autogen
[7.082s] [ 33%] [32mBuilding CXX object CMakeFiles/cartographer_rviz.dir/cartographer_rviz_autogen/mocs_compilation.cpp.o[0m
[7.082s] [ 50%] [32mBuilding CXX object CMakeFiles/cartographer_rviz.dir/src/drawable_submap.cpp.o[0m
[7.083s] [ 66%] [32mBuilding CXX object CMakeFiles/cartographer_rviz.dir/src/ogre_slice.cpp.o[0m
[7.086s] [ 83%] [32mBuilding CXX object CMakeFiles/cartographer_rviz.dir/src/submaps_display.cpp.o[0m
[36.252s] [100%] [32m[1mLinking CXX shared library libcartographer_rviz.so[0m
[39.861s] [100%] Built target cartographer_rviz
[39.882s] Invoked command in '/root/distr_slam_ws/build/cartographer_rviz' returned '0': AMENT_PREFIX_PATH=/root/distr_slam_ws/install/cartographer_ros:/root/distr_slam_ws/install/cartographer_ros_msgs:${AMENT_PREFIX_PATH} CMAKE_PREFIX_PATH=/root/distr_slam_ws/install/cartographer_ros:/root/distr_slam_ws/install/cartographer_ros_msgs:/root/distr_slam_ws/install/cartographer:/opt/ros/humble LD_LIBRARY_PATH=/root/distr_slam_ws/install/cartographer_ros/lib:/root/distr_slam_ws/install/cartographer_ros_msgs/lib:${LD_LIBRARY_PATH} PATH=/root/distr_slam_ws/install/cartographer/bin:${PATH} PKG_CONFIG_PATH=/root/distr_slam_ws/install/cartographer/lib/x86_64-linux-gnu/pkgconfig:/root/distr_slam_ws/install/cartographer/lib/pkgconfig PYTHONPATH=/root/distr_slam_ws/install/cartographer_ros_msgs/local/lib/python3.10/dist-packages:${PYTHONPATH} /usr/bin/cmake --build /root/distr_slam_ws/build/cartographer_rviz -- -j4 -l4
[39.883s] Invoking command in '/root/distr_slam_ws/build/cartographer_rviz': AMENT_PREFIX_PATH=/root/distr_slam_ws/install/cartographer_ros:/root/distr_slam_ws/install/cartographer_ros_msgs:${AMENT_PREFIX_PATH} CMAKE_PREFIX_PATH=/root/distr_slam_ws/install/cartographer_ros:/root/distr_slam_ws/install/cartographer_ros_msgs:/root/distr_slam_ws/install/cartographer:/opt/ros/humble LD_LIBRARY_PATH=/root/distr_slam_ws/install/cartographer_ros/lib:/root/distr_slam_ws/install/cartographer_ros_msgs/lib:${LD_LIBRARY_PATH} PATH=/root/distr_slam_ws/install/cartographer/bin:${PATH} PKG_CONFIG_PATH=/root/distr_slam_ws/install/cartographer/lib/x86_64-linux-gnu/pkgconfig:/root/distr_slam_ws/install/cartographer/lib/pkgconfig PYTHONPATH=/root/distr_slam_ws/install/cartographer_ros_msgs/local/lib/python3.10/dist-packages:${PYTHONPATH} /usr/bin/cmake --install /root/distr_slam_ws/build/cartographer_rviz
[39.891s] -- Install configuration: "Release"
[39.894s] -- Up-to-date: /root/distr_slam_ws/install/cartographer_rviz/share/cartographer_rviz/rviz_plugin_description.xml
[39.925s] -- Installing: /root/distr_slam_ws/install/cartographer_rviz/lib/libcartographer_rviz.so
[39.930s] -- Set runtime path of "/root/distr_slam_ws/install/cartographer_rviz/lib/libcartographer_rviz.so" to ""
[39.930s] -- Up-to-date: /root/distr_slam_ws/install/cartographer_rviz/include/cartographer_rviz
[39.931s] -- Up-to-date: /root/distr_slam_ws/install/cartographer_rviz/include/cartographer_rviz/cartographer_rviz
[39.932s] -- Up-to-date: /root/distr_slam_ws/install/cartographer_rviz/include/cartographer_rviz/cartographer_rviz/drawable_submap.h
[39.932s] -- Up-to-date: /root/distr_slam_ws/install/cartographer_rviz/include/cartographer_rviz/cartographer_rviz/submaps_display.h
[39.932s] -- Up-to-date: /root/distr_slam_ws/install/cartographer_rviz/include/cartographer_rviz/cartographer_rviz/ogre_slice.h
[39.933s] -- Installing: /root/distr_slam_ws/install/cartographer_rviz/share/cartographer_rviz/environment/library_path.sh
[39.933s] -- Installing: /root/distr_slam_ws/install/cartographer_rviz/share/cartographer_rviz/environment/library_path.dsv
[39.934s] -- Installing: /root/distr_slam_ws/install/cartographer_rviz/share/ament_index/resource_index/package_run_dependencies/cartographer_rviz
[39.935s] -- Installing: /root/distr_slam_ws/install/cartographer_rviz/share/ament_index/resource_index/parent_prefix_path/cartographer_rviz
[39.935s] -- Installing: /root/distr_slam_ws/install/cartographer_rviz/share/cartographer_rviz/environment/ament_prefix_path.sh
[39.936s] -- Installing: /root/distr_slam_ws/install/cartographer_rviz/share/cartographer_rviz/environment/ament_prefix_path.dsv
[39.936s] -- Installing: /root/distr_slam_ws/install/cartographer_rviz/share/cartographer_rviz/environment/path.sh
[39.937s] -- Installing: /root/distr_slam_ws/install/cartographer_rviz/share/cartographer_rviz/environment/path.dsv
[39.937s] -- Installing: /root/distr_slam_ws/install/cartographer_rviz/share/cartographer_rviz/local_setup.bash
[39.938s] -- Installing: /root/distr_slam_ws/install/cartographer_rviz/share/cartographer_rviz/local_setup.sh
[39.938s] -- Installing: /root/distr_slam_ws/install/cartographer_rviz/share/cartographer_rviz/local_setup.zsh
[39.939s] -- Installing: /root/distr_slam_ws/install/cartographer_rviz/share/cartographer_rviz/local_setup.dsv
[39.939s] -- Installing: /root/distr_slam_ws/install/cartographer_rviz/share/cartographer_rviz/package.dsv
[39.940s] -- Installing: /root/distr_slam_ws/install/cartographer_rviz/share/ament_index/resource_index/packages/cartographer_rviz
[39.941s] -- Installing: /root/distr_slam_ws/install/cartographer_rviz/share/ament_index/resource_index/rviz_common__pluginlib__plugin/cartographer_rviz
[39.942s] -- Up-to-date: /root/distr_slam_ws/install/cartographer_rviz/share/cartographer_rviz/ogre_media/materials/glsl120
[39.943s] -- Up-to-date: /root/distr_slam_ws/install/cartographer_rviz/share/cartographer_rviz/ogre_media/materials/glsl120/submap.frag
[39.943s] -- Up-to-date: /root/distr_slam_ws/install/cartographer_rviz/share/cartographer_rviz/ogre_media/materials/glsl120/submap.vert
[39.943s] -- Up-to-date: /root/distr_slam_ws/install/cartographer_rviz/share/cartographer_rviz/ogre_media/materials/glsl120/glsl120.program
[39.944s] -- Up-to-date: /root/distr_slam_ws/install/cartographer_rviz/share/cartographer_rviz/ogre_media/materials/scripts
[39.944s] -- Up-to-date: /root/distr_slam_ws/install/cartographer_rviz/share/cartographer_rviz/ogre_media/materials/scripts/submap.material
[39.945s] -- Installing: /root/distr_slam_ws/install/cartographer_rviz/share/ament_index/resource_index/rviz_ogre_media_exports/cartographer_rviz
[39.946s] -- Old export file "/root/distr_slam_ws/install/cartographer_rviz/share/cartographer_rviz/cmake/cartographer_rvizExport.cmake" will be replaced.  Removing files [/root/distr_slam_ws/install/cartographer_rviz/share/cartographer_rviz/cmake/cartographer_rvizExport-release.cmake].
[39.946s] -- Installing: /root/distr_slam_ws/install/cartographer_rviz/share/cartographer_rviz/cmake/cartographer_rvizExport.cmake
[39.946s] -- Installing: /root/distr_slam_ws/install/cartographer_rviz/share/cartographer_rviz/cmake/cartographer_rvizExport-release.cmake
[39.947s] -- Installing: /root/distr_slam_ws/install/cartographer_rviz/share/cartographer_rviz/cmake/ament_cmake_export_include_directories-extras.cmake
[39.947s] -- Installing: /root/distr_slam_ws/install/cartographer_rviz/share/cartographer_rviz/cmake/ament_cmake_export_libraries-extras.cmake
[39.948s] -- Installing: /root/distr_slam_ws/install/cartographer_rviz/share/cartographer_rviz/cmake/ament_cmake_export_targets-extras.cmake
[39.948s] -- Installing: /root/distr_slam_ws/install/cartographer_rviz/share/cartographer_rviz/cmake/ament_cmake_export_dependencies-extras.cmake
[39.949s] -- Installing: /root/distr_slam_ws/install/cartographer_rviz/share/cartographer_rviz/cmake/cartographer_rvizConfig.cmake
[39.949s] -- Installing: /root/distr_slam_ws/install/cartographer_rviz/share/cartographer_rviz/cmake/cartographer_rvizConfig-version.cmake
[39.950s] -- Up-to-date: /root/distr_slam_ws/install/cartographer_rviz/share/cartographer_rviz/package.xml
[39.953s] Invoked command in '/root/distr_slam_ws/build/cartographer_rviz' returned '0': AMENT_PREFIX_PATH=/root/distr_slam_ws/install/cartographer_ros:/root/distr_slam_ws/install/cartographer_ros_msgs:${AMENT_PREFIX_PATH} CMAKE_PREFIX_PATH=/root/distr_slam_ws/install/cartographer_ros:/root/distr_slam_ws/install/cartographer_ros_msgs:/root/distr_slam_ws/install/cartographer:/opt/ros/humble LD_LIBRARY_PATH=/root/distr_slam_ws/install/cartographer_ros/lib:/root/distr_slam_ws/install/cartographer_ros_msgs/lib:${LD_LIBRARY_PATH} PATH=/root/distr_slam_ws/install/cartographer/bin:${PATH} PKG_CONFIG_PATH=/root/distr_slam_ws/install/cartographer/lib/x86_64-linux-gnu/pkgconfig:/root/distr_slam_ws/install/cartographer/lib/pkgconfig PYTHONPATH=/root/distr_slam_ws/install/cartographer_ros_msgs/local/lib/python3.10/dist-packages:${PYTHONPATH} /usr/bin/cmake --install /root/distr_slam_ws/build/cartographer_rviz
