[0.010s] Invoking command in '/root/distr_slam_ws/build/cartographer_ros': AMENT_PREFIX_PATH=/root/distr_slam_ws/install/cartographer_ros_msgs:${AMENT_PREFIX_PATH} CMAKE_PREFIX_PATH=/root/distr_slam_ws/install/cartographer_ros_msgs:/root/distr_slam_ws/install/cartographer:/opt/ros/jazzy/opt/gz_math_vendor:/opt/ros/jazzy/opt/gz_utils_vendor:/opt/ros/jazzy/opt/gz_cmake_vendor:/opt/ros/jazzy LD_LIBRARY_PATH=/root/distr_slam_ws/install/cartographer_ros_msgs/lib:${LD_LIBRARY_PATH} PATH=/root/distr_slam_ws/install/cartographer/bin:${PATH} PKG_CONFIG_PATH=/root/distr_slam_ws/install/cartographer/lib/x86_64-linux-gnu/pkgconfig:/root/distr_slam_ws/install/cartographer/lib/pkgconfig PYTHONPATH=/root/distr_slam_ws/install/cartographer_ros_msgs/lib/python3.12/site-packages:${PYTHONPATH} /usr/bin/cmake /root/distr_slam_ws/src/cartographer_ros/cartographer_ros -DCMAKE_INSTALL_PREFIX=/root/distr_slam_ws/install/cartographer_ros
[0.072s] -- The C compiler identification is GNU 13.3.0
[0.153s] -- The CXX compiler identification is GNU 13.3.0
[0.179s] -- Detecting C compiler ABI info
[0.322s] -- Detecting C compiler ABI info - done
[0.330s] -- Check for working C compiler: /usr/bin/cc - skipped
[0.330s] -- Detecting C compile features
[0.330s] -- Detecting C compile features - done
[0.345s] -- Detecting CXX compiler ABI info
[0.466s] -- Detecting CXX compiler ABI info - done
[0.475s] -- Check for working CXX compiler: /usr/bin/c++ - skipped
[0.475s] -- Detecting CXX compile features
[0.475s] -- Detecting CXX compile features - done
[0.477s] -- Found ament_cmake: 2.5.6 (/opt/ros/jazzy/share/ament_cmake/cmake)
[0.604s] -- Found Python3: /usr/bin/python3 (found version "3.12.3") found components: Interpreter 
[0.674s] -- Performing Test CMAKE_HAVE_LIBC_PTHREAD
[0.767s] -- Performing Test CMAKE_HAVE_LIBC_PTHREAD - Success
[0.768s] -- Found Threads: TRUE  
[0.774s] -- Found builtin_interfaces: 2.0.3 (/opt/ros/jazzy/share/builtin_interfaces/cmake)
[0.800s] -- Found rosidl_generator_c: 4.6.7 (/opt/ros/jazzy/share/rosidl_generator_c/cmake)
[0.807s] -- Found rosidl_generator_cpp: 4.6.7 (/opt/ros/jazzy/share/rosidl_generator_cpp/cmake)
[0.815s] -- Using all available rosidl_typesupport_c: rosidl_typesupport_fastrtps_c;rosidl_typesupport_introspection_c
[0.825s] -- Using all available rosidl_typesupport_cpp: rosidl_typesupport_fastrtps_cpp;rosidl_typesupport_introspection_cpp
[1.279s] -- Found AMD headers in: /usr/include/suitesparse
[1.281s] -- Found AMD library: /usr/lib/x86_64-linux-gnu/libamd.so
[1.281s] -- Found CAMD headers in: /usr/include/suitesparse
[1.282s] -- Found CAMD library: /usr/lib/x86_64-linux-gnu/libcamd.so
[1.282s] -- Found CCOLAMD headers in: /usr/include/suitesparse
[1.283s] -- Found CCOLAMD library: /usr/lib/x86_64-linux-gnu/libccolamd.so
[1.283s] -- Found CHOLMOD headers in: /usr/include/suitesparse
[1.283s] -- Found CHOLMOD library: /usr/lib/x86_64-linux-gnu/libcholmod.so
[1.284s] -- Found COLAMD headers in: /usr/include/suitesparse
[1.284s] -- Found COLAMD library: /usr/lib/x86_64-linux-gnu/libcolamd.so
[1.285s] -- Found SPQR headers in: /usr/include/suitesparse
[1.285s] -- Found SPQR library: /usr/lib/x86_64-linux-gnu/libspqr.so
[1.285s] -- Found Config headers in: /usr/include/suitesparse
[1.286s] -- Found Config library: /usr/lib/x86_64-linux-gnu/libsuitesparseconfig.so
[1.288s] -- Found Intel Thread Building Blocks (TBB) library (2021.11 / ) include location: . Assuming SuiteSparseQR was compiled with TBB.
[1.288s] -- Looking for shm_open in rt
[1.391s] -- Looking for shm_open in rt - found
[1.391s] -- Adding librt to SuiteSparse_config libraries (required on Linux & Unix [not OSX] if SuiteSparse is compiled with timing).
[1.394s] -- Could NOT find METIS (missing: METIS_INCLUDE_DIR METIS_LIBRARY) 
[1.394s] -- Found SuiteSparse: /usr/include/suitesparse (found suitable version "7.6.1", minimum required is "7.6.1") found components: AMD CAMD CCOLAMD CHOLMOD COLAMD SPQR Config 
[1.401s] -- Found required Ceres dependency: Eigen version 3.4.0 in /usr/share/eigen3/cmake
[1.405s] -- Found required Ceres dependency: glog
[1.406s] -- Found required Ceres dependency: gflags
[1.406s] -- Found Ceres version: 2.2.0 installed in: /usr with components: [EigenSparse, SparseLinearAlgebraLibrary, LAPACK, SuiteSparse, SchurSpecializations]
[1.413s] -- Found Boost: /usr/lib/x86_64-linux-gnu/cmake/Boost-1.83.0/BoostConfig.cmake (found version "1.83.0") found components: iostreams 
[1.414s] -- Found cartographer_ros_msgs: 2.0.9003 (/root/distr_slam_ws/install/cartographer_ros_msgs/share/cartographer_ros_msgs/cmake)
[1.457s] -- Found Unwind: /usr/include/x86_64-linux-gnu (found suitable version "1.6.2", minimum required is "1.6.2") 
[1.458s] -- Found nav_msgs: 5.3.7 (/opt/ros/jazzy/share/nav_msgs/cmake)
[1.486s] -- Found Boost: /usr/lib/x86_64-linux-gnu/cmake/Boost-1.83.0/BoostConfig.cmake (found suitable version "1.83.0", minimum required is "1.65.0") found components: system filesystem iostreams serialization 
[1.487s] -- looking for PCL_COMMON
[1.487s] -- Found PCL_COMMON: /usr/lib/x86_64-linux-gnu/libpcl_common.so  
[1.487s] -- Found PCL: pcl_common;Boost::system;Boost::filesystem;Boost::iostreams;Boost::serialization  
[1.489s] -- Found pcl_conversions: 2.6.4 (/opt/ros/jazzy/share/pcl_conversions/cmake)
[1.519s] -- Found rmw_implementation_cmake: 7.3.3 (/opt/ros/jazzy/share/rmw_implementation_cmake/cmake)
[1.520s] -- Found rmw_fastrtps_cpp: 8.4.3 (/opt/ros/jazzy/share/rmw_fastrtps_cpp/cmake)
[1.591s] -- Found OpenSSL: /usr/lib/x86_64-linux-gnu/libcrypto.so (found version "3.0.13")  
[1.621s] -- Found FastRTPS: /opt/ros/jazzy/include (Required is at least version "2.13") 
[1.648s] -- Using RMW implementation 'rmw_fastrtps_cpp' as default
[1.736s] -- Found ros_environment: 4.2.1 (/opt/ros/jazzy/share/ros_environment/cmake)
[1.737s] -- Found rosbag2_cpp: 0.26.10 (/opt/ros/jazzy/share/rosbag2_cpp/cmake)
[1.753s] -- Setting yaml-cpp_DIR to: '/opt/ros/jazzy/share/yaml_cpp_vendor/cmake/../../../opt/yaml_cpp_vendor/share/cmake/yaml-cpp'
[1.756s] -- Found tf2: 0.36.20 (/opt/ros/jazzy/share/tf2/cmake)
[1.759s] -- Found tf2_eigen: 0.36.20 (/opt/ros/jazzy/share/tf2_eigen/cmake)
[1.824s] -- Found urdf: 2.10.0 (/opt/ros/jazzy/share/urdf/cmake)
[1.830s] -- Found visualization_msgs: 5.3.7 (/opt/ros/jazzy/share/visualization_msgs/cmake)
[1.846s] -- Found std_srvs: 5.3.7 (/opt/ros/jazzy/share/std_srvs/cmake)
[1.857s] -- Found PkgConfig: /usr/bin/pkg-config (found version "1.8.1") 
[1.858s] -- Checking for module 'hiredis'
[1.867s] --   Found hiredis, version 1.2.0
[1.929s] -- Checking for one of the modules 'cairo>=1.12.16'
[2.149s] -- Configuring done (2.1s)
[2.196s] -- Generating done (0.0s)
[2.209s] -- Build files have been written to: /root/distr_slam_ws/build/cartographer_ros
[2.218s] Invoked command in '/root/distr_slam_ws/build/cartographer_ros' returned '0': AMENT_PREFIX_PATH=/root/distr_slam_ws/install/cartographer_ros_msgs:${AMENT_PREFIX_PATH} CMAKE_PREFIX_PATH=/root/distr_slam_ws/install/cartographer_ros_msgs:/root/distr_slam_ws/install/cartographer:/opt/ros/jazzy/opt/gz_math_vendor:/opt/ros/jazzy/opt/gz_utils_vendor:/opt/ros/jazzy/opt/gz_cmake_vendor:/opt/ros/jazzy LD_LIBRARY_PATH=/root/distr_slam_ws/install/cartographer_ros_msgs/lib:${LD_LIBRARY_PATH} PATH=/root/distr_slam_ws/install/cartographer/bin:${PATH} PKG_CONFIG_PATH=/root/distr_slam_ws/install/cartographer/lib/x86_64-linux-gnu/pkgconfig:/root/distr_slam_ws/install/cartographer/lib/pkgconfig PYTHONPATH=/root/distr_slam_ws/install/cartographer_ros_msgs/lib/python3.12/site-packages:${PYTHONPATH} /usr/bin/cmake /root/distr_slam_ws/src/cartographer_ros/cartographer_ros -DCMAKE_INSTALL_PREFIX=/root/distr_slam_ws/install/cartographer_ros
[2.218s] Invoking command in '/root/distr_slam_ws/build/cartographer_ros': AMENT_PREFIX_PATH=/root/distr_slam_ws/install/cartographer_ros_msgs:${AMENT_PREFIX_PATH} CMAKE_PREFIX_PATH=/root/distr_slam_ws/install/cartographer_ros_msgs:/root/distr_slam_ws/install/cartographer:/opt/ros/jazzy/opt/gz_math_vendor:/opt/ros/jazzy/opt/gz_utils_vendor:/opt/ros/jazzy/opt/gz_cmake_vendor:/opt/ros/jazzy LD_LIBRARY_PATH=/root/distr_slam_ws/install/cartographer_ros_msgs/lib:${LD_LIBRARY_PATH} PATH=/root/distr_slam_ws/install/cartographer/bin:${PATH} PKG_CONFIG_PATH=/root/distr_slam_ws/install/cartographer/lib/x86_64-linux-gnu/pkgconfig:/root/distr_slam_ws/install/cartographer/lib/pkgconfig PYTHONPATH=/root/distr_slam_ws/install/cartographer_ros_msgs/lib/python3.12/site-packages:${PYTHONPATH} /usr/bin/cmake --build /root/distr_slam_ws/build/cartographer_ros -- -j24 -l24
[2.282s] [ 28%] [32mBuilding CXX object CMakeFiles/cartographer_ros.dir/src/time_conversion.cpp.o[0m
[2.282s] [ 34%] [32mBuilding CXX object CMakeFiles/cartographer_ros.dir/src/sensor_bridge.cpp.o[0m
[2.282s] [ 28%] [32mBuilding CXX object CMakeFiles/cartographer_ros.dir/src/ros_log_sink.cpp.o[0m
[2.282s] [ 28%] [32mBuilding CXX object CMakeFiles/cartographer_ros.dir/src/tf_bridge.cpp.o[0m
[2.282s] [ 28%] [32mBuilding CXX object CMakeFiles/cartographer_ros.dir/src/offline_node.cpp.o[0m
[2.282s] [ 28%] [32mBuilding CXX object CMakeFiles/cartographer_ros.dir/src/node.cpp.o[0m
[2.282s] [ 34%] [32mBuilding CXX object CMakeFiles/cartographer_ros.dir/src/submap.cpp.o[0m
[2.282s] [ 28%] [32mBuilding CXX object CMakeFiles/cartographer_ros.dir/src/node_options.cpp.o[0m
[2.282s] [ 28%] [32mBuilding CXX object CMakeFiles/cartographer_ros.dir/src/ros_map.cpp.o[0m
[2.282s] [ 28%] [32mBuilding CXX object CMakeFiles/cartographer_ros.dir/src/playable_bag.cpp.o[0m
[2.282s] [ 34%] [32mBuilding CXX object CMakeFiles/cartographer_ros.dir/src/assets_writer.cpp.o[0m
[2.282s] [ 34%] [32mBuilding CXX object CMakeFiles/cartographer_ros.dir/src/map_builder_bridge.cpp.o[0m
[2.282s] [ 37%] [32mBuilding CXX object CMakeFiles/cartographer_ros.dir/src/node_constants.cpp.o[0m
[2.282s] [ 40%] [32mBuilding CXX object CMakeFiles/cartographer_ros.dir/src/msg_conversion.cpp.o[0m
[2.283s] [ 42%] [32mBuilding CXX object CMakeFiles/cartographer_ros.dir/src/ros_map_writing_points_processor.cpp.o[0m
[2.283s] [ 45%] [32mBuilding CXX object CMakeFiles/cartographer_ros.dir/src/urdf_reader.cpp.o[0m
[2.283s] [ 48%] [32mBuilding CXX object CMakeFiles/cartographer_ros.dir/src/trajectory_options.cpp.o[0m
[2.283s] [ 51%] [32mBuilding CXX object CMakeFiles/cartographer_ros.dir/src/metrics/internal/histogram.cpp.o[0m
[2.283s] [ 54%] [32mBuilding CXX object CMakeFiles/cartographer_ros.dir/src/metrics/internal/family.cpp.o[0m
[2.284s] [ 57%] [32mBuilding CXX object CMakeFiles/cartographer_ros.dir/src/metrics/family_factory.cpp.o[0m
[9.203s] [01m[K/root/distr_slam_ws/src/cartographer_ros/cartographer_ros/src/node.cpp:[m[K In member function ‘[01m[Kvoid cartographer_ros::Node::[01;32m[KHandleExportStateToRedis[m[K(std::shared_ptr<std_srvs::srv::Trigger_Request_<std::allocator<void> > >, std::shared_ptr<std_srvs::srv::Trigger_Response_<std::allocator<void> > >)[m[K’:
[9.203s] [01m[K/root/distr_slam_ws/src/cartographer_ros/cartographer_ros/src/node.cpp:945:39:[m[K [01;31m[Kerror: [m[Kcannot convert ‘[01m[Kbool[m[K’ to ‘[01m[Kconst std::string&[m[K’ {aka ‘[01m[Kconst std::__cxx11::basic_string<char>&[m[K’}
[9.203s]   945 |   map_builder_bridge_->SerializeState([01;31m[Kfalse[m[K, &writer);
[9.203s]       |                                       [01;31m[K^~~~~[m[K
[9.203s]       |                                       [01;31m[K|[m[K
[9.203s]       |                                       [01;31m[Kbool[m[K
[9.203s] In file included from [01m[K/root/distr_slam_ws/src/cartographer_ros/cartographer_ros/include/cartographer_ros/node.h:31[m[K,
[9.203s]                  from [01m[K/root/distr_slam_ws/src/cartographer_ros/cartographer_ros/src/node.cpp:17[m[K:
[9.203s] [01m[K/root/distr_slam_ws/src/cartographer_ros/cartographer_ros/include/cartographer_ros/map_builder_bridge.h:83:42:[m[K [01;36m[Knote: [m[K  initializing argument 1 of ‘[01m[Kbool cartographer_ros::MapBuilderBridge::[01;32m[KSerializeState[m[K(const std::string&, bool)[m[K’
[9.203s]    83 |   bool SerializeState([01;36m[Kconst std::string& filename[m[K,
[9.203s]       |                       [01;36m[K~~~~~~~~~~~~~~~~~~~^~~~~~~~[m[K
[16.398s] gmake[2]: *** [CMakeFiles/cartographer_ros.dir/build.make:132: CMakeFiles/cartographer_ros.dir/src/node.cpp.o] Error 1
[16.398s] gmake[1]: *** [CMakeFiles/Makefile2:151: CMakeFiles/cartographer_ros.dir/all] Error 2
[16.399s] gmake: *** [Makefile:146: all] Error 2
[16.401s] Invoked command in '/root/distr_slam_ws/build/cartographer_ros' returned '2': AMENT_PREFIX_PATH=/root/distr_slam_ws/install/cartographer_ros_msgs:${AMENT_PREFIX_PATH} CMAKE_PREFIX_PATH=/root/distr_slam_ws/install/cartographer_ros_msgs:/root/distr_slam_ws/install/cartographer:/opt/ros/jazzy/opt/gz_math_vendor:/opt/ros/jazzy/opt/gz_utils_vendor:/opt/ros/jazzy/opt/gz_cmake_vendor:/opt/ros/jazzy LD_LIBRARY_PATH=/root/distr_slam_ws/install/cartographer_ros_msgs/lib:${LD_LIBRARY_PATH} PATH=/root/distr_slam_ws/install/cartographer/bin:${PATH} PKG_CONFIG_PATH=/root/distr_slam_ws/install/cartographer/lib/x86_64-linux-gnu/pkgconfig:/root/distr_slam_ws/install/cartographer/lib/pkgconfig PYTHONPATH=/root/distr_slam_ws/install/cartographer_ros_msgs/lib/python3.12/site-packages:${PYTHONPATH} /usr/bin/cmake --build /root/distr_slam_ws/build/cartographer_ros -- -j24 -l24
