[0.006s] Invoking command in '/root/distr_slam_ws/build/cartographer': CMAKE_PREFIX_PATH=${CMAKE_PREFIX_PATH}:/opt/ros/jazzy /usr/bin/cmake --build /root/distr_slam_ws/build/cartographer -- -j24 -l24
[0.060s] [  0%] [34m[1mBuilding documentation.[0m
[0.066s] [  1%] Built target gtest
[0.068s] [  1%] Built target cartographer_detect_changes
[0.078s] [  2%] Built target gmock
[0.094s] [  2%] Built target gmock_main
[0.209s] [01mRunning Sphinx v7.2.6[39;49;00m
[0.308s] [01mloading pickled environment... [39;49;00mdone
[0.311s] [01mbuilding [mo]: [39;49;00mtargets for 0 po files that are out of date
[0.311s] [01mwriting output... [39;49;00m
[0.312s] [01mbuilding [html]: [39;49;00mtargets for 0 source files that are out of date
[0.312s] [01mupdating environment: [39;49;00m0 added, 0 changed, 0 removed
[0.312s] [01mreading sources... [39;49;00m
[0.312s] [01mlooking for now-outdated files... [39;49;00mnone found
[0.312s] [01mno targets are out of date.[39;49;00m
[0.312s] [01mbuild succeeded.[39;49;00m
[0.312s] 
[0.312s] The HTML pages are in html.
[0.348s] [  2%] [32mBuilding CXX object CMakeFiles/cartographer.dir/cartographer/io/internal/mapping_state_serialization.cc.o[0m
[0.364s] [  2%] Built target build_doc
[2.459s] [  3%] [32m[1mLinking CXX static library libcartographer.a[0m
[2.525s] [ 55%] Built target cartographer
[2.549s] [ 56%] [32m[1mLinking CXX executable cartographer_pbstream[0m
[2.558s] [ 57%] [32m[1mLinking CXX executable cartographer_autogenerate_ground_truth[0m
[2.558s] [ 57%] [32m[1mLinking CXX executable cartographer_print_configuration[0m
[2.558s] [ 57%] [32m[1mLinking CXX executable cartographer_compute_relations_metrics[0m
[2.567s] [ 58%] Built target cartographer_test_library
[2.600s] [ 58%] [32m[1mLinking CXX executable cartographer.common.internal.blocking_queue_test[0m
[2.600s] [ 59%] [32m[1mLinking CXX executable cartographer.common.fixed_ratio_sampler_test[0m
[2.600s] [ 59%] [32m[1mLinking CXX executable cartographer.common.configuration_files_test[0m
[2.600s] [ 59%] [32m[1mLinking CXX executable cartographer.common.lua_parameter_dictionary_test[0m
[2.602s] [ 59%] [32m[1mLinking CXX executable cartographer.common.task_test[0m
[2.605s] [ 60%] [32m[1mLinking CXX executable cartographer.common.math_test[0m
[2.605s] [ 61%] [32m[1mLinking CXX executable cartographer.common.thread_pool_test[0m
[2.610s] [ 62%] [32m[1mLinking CXX executable cartographer.common.internal.rate_timer_test[0m
[2.610s] [ 62%] [32m[1mLinking CXX executable cartographer.io.fake_file_writer_test[0m
[2.619s] [ 63%] [32m[1mLinking CXX executable cartographer.io.internal.in_memory_proto_stream_test[0m
[2.619s] [ 63%] [32m[1mLinking CXX executable cartographer.io.proto_stream_test[0m
[2.620s] [ 63%] [32m[1mLinking CXX executable cartographer.io.proto_stream_deserializer_test[0m
[2.620s] [ 63%] [32m[1mLinking CXX executable cartographer.io.points_processor_pipeline_builder_test[0m
[2.620s] [ 64%] [32m[1mLinking CXX executable cartographer.io.probability_grid_points_processor_test[0m
[2.620s] [ 64%] [32m[1mLinking CXX executable cartographer.io.serialization_format_migration_test[0m
[2.626s] [ 64%] [32m[1mLinking CXX executable cartographer.mapping.2d.map_limits_test[0m
[2.627s] [ 64%] [32m[1mLinking CXX executable cartographer.mapping.2d.probability_grid_test[0m
[2.663s] [ 64%] [32m[1mLinking CXX executable cartographer.mapping.2d.range_data_inserter_2d_test[0m
[2.684s] [ 64%] [32m[1mLinking CXX executable cartographer.mapping.2d.submap_2d_test[0m
[2.684s] [ 64%] [32m[1mLinking CXX executable cartographer.mapping.2d.xy_index_test[0m
[3.228s] [ 64%] Built target cartographer.common.math_test
[3.260s] [ 64%] Built target cartographer_print_configuration
[3.285s] [ 64%] Built target cartographer.common.task_test
[3.288s] [ 64%] Built target cartographer.io.fake_file_writer_test
[3.302s] [ 64%] Built target cartographer.common.internal.rate_timer_test
[3.315s] [ 64%] [32m[1mLinking CXX executable cartographer.mapping.3d.hybrid_grid_test[0m
[3.337s] [ 64%] Built target cartographer.common.internal.blocking_queue_test
[3.346s] [ 64%] Built target cartographer.common.lua_parameter_dictionary_test
[3.354s] [ 64%] [32m[1mLinking CXX executable cartographer.mapping.imu_tracker_test[0m
[3.354s] [ 64%] [32m[1mLinking CXX executable cartographer.mapping.3d.range_data_inserter_3d_test[0m
[3.354s] [ 64%] Built target cartographer.common.thread_pool_test
[3.357s] [ 65%] Built target cartographer.mapping.2d.map_limits_test
[3.361s] [ 65%] [32m[1mLinking CXX executable cartographer.mapping.id_test[0m
[3.396s] [ 65%] [32m[1mLinking CXX executable cartographer.mapping.3d.submap_3d_test[0m
[3.416s] [ 65%] [32m[1mLinking CXX executable cartographer.mapping.internal.2d.overlapping_submaps_trimmer_2d_test[0m
[3.416s] [ 65%] [32m[1mLinking CXX executable cartographer.mapping.internal.2d.normal_estimation_2d_test[0m
[3.424s] [ 65%] [32m[1mLinking CXX executable cartographer.mapping.internal.2d.ray_to_pixel_mask_test[0m
[3.424s] [ 65%] Built target cartographer.io.proto_stream_deserializer_test
[3.424s] [ 65%] Built target cartographer.common.fixed_ratio_sampler_test
[3.437s] [ 65%] [32m[1mLinking CXX executable cartographer.mapping.internal.2d.pose_graph_2d_test[0m
[3.522s] [ 65%] Built target cartographer_compute_relations_metrics
[3.522s] [ 65%] [32m[1mLinking CXX executable cartographer.mapping.internal.2d.scan_matching.ceres_scan_matcher_2d_test[0m
[3.534s] [ 65%] [32m[1mLinking CXX executable cartographer.mapping.internal.2d.scan_matching.correlative_scan_matcher_test[0m
[3.565s] [ 65%] Built target cartographer_autogenerate_ground_truth
[3.566s] [ 65%] Built target cartographer.mapping.2d.probability_grid_test
[3.657s] [ 66%] Built target cartographer.mapping.2d.xy_index_test
[3.682s] [ 67%] [32m[1mLinking CXX executable cartographer.mapping.internal.2d.scan_matching.interpolated_tsdf_2d_test[0m
[3.684s] [ 67%] [32m[1mLinking CXX executable cartographer.mapping.internal.2d.scan_matching.fast_correlative_scan_matcher_2d_test[0m
[3.687s] [ 67%] Built target cartographer.io.internal.in_memory_proto_stream_test
[3.703s] [ 67%] [32m[1mLinking CXX executable cartographer.mapping.internal.2d.scan_matching.occupied_space_cost_function_2d_test[0m
[3.711s] [ 68%] Built target cartographer.io.proto_stream_test
[3.744s] [ 68%] Built target cartographer.io.serialization_format_migration_test
[3.767s] [ 69%] [32m[1mLinking CXX executable cartographer.mapping.internal.2d.scan_matching.tsdf_match_cost_function_2d_test[0m
[3.768s] [ 69%] [32m[1mLinking CXX executable cartographer.mapping.internal.2d.scan_matching.real_time_correlative_scan_matcher_2d_test[0m
[3.806s] [ 69%] Built target cartographer.common.configuration_files_test
[3.829s] [ 70%] Built target cartographer.mapping.2d.range_data_inserter_2d_test
[3.842s] [ 71%] [32m[1mLinking CXX executable cartographer.mapping.internal.2d.tsd_value_converter_test[0m
[3.869s] [ 72%] [32m[1mLinking CXX executable cartographer.mapping.internal.2d.tsdf_2d_test[0m
[3.869s] [ 72%] Built target cartographer.mapping.imu_tracker_test
[3.869s] [ 72%] Built target cartographer.mapping.id_test
[3.888s] [ 72%] Built target cartographer.io.points_processor_pipeline_builder_test
[3.889s] [ 72%] Built target cartographer.mapping.2d.submap_2d_test
[3.933s] [ 73%] [32m[1mLinking CXX executable cartographer.mapping.internal.2d.tsdf_range_data_inserter_2d_test[0m
[3.942s] [ 73%] [32m[1mLinking CXX executable cartographer.mapping.internal.3d.rotation_parameterization_test[0m
[3.942s] [ 73%] Built target cartographer.mapping.3d.hybrid_grid_test
[3.944s] [ 73%] Built target cartographer_pbstream
[3.947s] [ 74%] [32m[1mLinking CXX executable cartographer.mapping.internal.3d.pose_graph_3d_test[0m
[3.951s] [ 74%] [32m[1mLinking CXX executable cartographer.mapping.internal.3d.local_trajectory_builder_3d_test[0m
[3.952s] [ 75%] Built target cartographer.mapping.3d.range_data_inserter_3d_test
[3.972s] [ 76%] [32m[1mLinking CXX executable cartographer.mapping.internal.3d.scan_matching.ceres_scan_matcher_3d_test[0m
[4.001s] [ 76%] [32m[1mLinking CXX executable cartographer.mapping.internal.3d.scan_matching.fast_correlative_scan_matcher_3d_test[0m
[4.014s] [ 76%] Built target cartographer.mapping.internal.2d.scan_matching.correlative_scan_matcher_test
[4.036s] [ 76%] Built target cartographer.mapping.internal.2d.ray_to_pixel_mask_test
[4.042s] [ 77%] [32m[1mLinking CXX executable cartographer.mapping.internal.3d.scan_matching.intensity_cost_function_3d_test[0m
[4.047s] [ 77%] Built target cartographer.io.probability_grid_points_processor_test
[4.064s] [ 77%] [32m[1mLinking CXX executable cartographer.mapping.internal.3d.scan_matching.interpolated_grid_test[0m
[4.066s] [ 77%] Built target cartographer.mapping.3d.submap_3d_test
[4.067s] [ 78%] [32m[1mLinking CXX executable cartographer.mapping.internal.3d.scan_matching.precomputation_grid_3d_test[0m
[4.139s] [ 78%] [32m[1mLinking CXX executable cartographer.mapping.internal.3d.scan_matching.real_time_correlative_scan_matcher_3d_test[0m
[4.159s] [ 78%] [32m[1mLinking CXX executable cartographer.mapping.internal.3d.scan_matching.rotational_scan_matcher_test[0m
[4.163s] [ 80%] [32m[1mLinking CXX executable cartographer.mapping.internal.connected_components_test[0m
[4.163s] [ 80%] [32m[1mLinking CXX executable cartographer.mapping.internal.3d.scan_matching.rotation_delta_cost_functor_3d_test[0m
[4.186s] [ 81%] Built target cartographer.mapping.internal.2d.normal_estimation_2d_test
[4.262s] [ 81%] Built target cartographer.mapping.internal.2d.scan_matching.interpolated_tsdf_2d_test
[4.280s] [ 81%] [32m[1mLinking CXX executable cartographer.mapping.internal.constraints.constraint_builder_2d_test[0m
[4.299s] [ 82%] Built target cartographer.mapping.internal.2d.scan_matching.fast_correlative_scan_matcher_2d_test
[4.301s] [ 82%] Built target cartographer.mapping.internal.2d.overlapping_submaps_trimmer_2d_test
[4.324s] [ 82%] Built target cartographer.mapping.internal.2d.tsd_value_converter_test
[4.385s] [ 83%] Built target cartographer.mapping.internal.2d.pose_graph_2d_test
[4.386s] [ 83%] Built target cartographer.mapping.internal.3d.rotation_parameterization_test
[4.386s] [ 83%] Built target cartographer.mapping.internal.2d.scan_matching.real_time_correlative_scan_matcher_2d_test
[4.386s] [ 83%] Built target cartographer.mapping.internal.2d.scan_matching.occupied_space_cost_function_2d_test
[4.392s] [ 84%] Built target cartographer.mapping.internal.2d.scan_matching.ceres_scan_matcher_2d_test
[4.420s] [ 84%] [32m[1mLinking CXX executable cartographer.mapping.internal.constraints.constraint_builder_3d_test[0m
[4.437s] [ 84%] [32m[1mLinking CXX executable cartographer.mapping.internal.optimization.cost_functions.landmark_cost_function_2d_test[0m
[4.447s] [ 84%] [32m[1mLinking CXX executable cartographer.mapping.internal.motion_filter_test[0m
[4.458s] [ 84%] [32m[1mLinking CXX executable cartographer.mapping.internal.optimization.cost_functions.landmark_cost_function_3d_test[0m
[4.458s] [ 84%] Built target cartographer.mapping.internal.2d.tsdf_2d_test
[4.481s] [ 84%] [32m[1mLinking CXX executable cartographer.mapping.internal.optimization.optimization_problem_3d_test[0m
[4.486s] [ 84%] [32m[1mLinking CXX executable cartographer.mapping.internal.optimization.cost_functions.spa_cost_function_2d_test[0m
[4.505s] [ 84%] [32m[1mLinking CXX executable cartographer.mapping.map_builder_test[0m
[4.513s] [ 84%] [32m[1mLinking CXX executable cartographer.mapping.internal.range_data_collator_test[0m
[4.519s] [ 84%] [32m[1mLinking CXX executable cartographer.mapping.internal.trajectory_connectivity_state_test[0m
[4.533s] [ 84%] [32m[1mLinking CXX executable cartographer.mapping.pose_extrapolator_test[0m
[4.650s] [ 84%] Built target cartographer.mapping.internal.2d.scan_matching.tsdf_match_cost_function_2d_test
[4.666s] [ 84%] Built target cartographer.mapping.internal.3d.scan_matching.rotational_scan_matcher_test
[4.685s] [ 84%] Built target cartographer.mapping.internal.3d.scan_matching.fast_correlative_scan_matcher_3d_test
[4.686s] [ 84%] Built target cartographer.mapping.internal.3d.scan_matching.rotation_delta_cost_functor_3d_test
[4.703s] [ 84%] Built target cartographer.mapping.internal.3d.scan_matching.ceres_scan_matcher_3d_test
[4.714s] [ 84%] Built target cartographer.mapping.internal.3d.scan_matching.precomputation_grid_3d_test
[4.721s] [ 84%] Built target cartographer.mapping.internal.3d.scan_matching.interpolated_grid_test
[4.721s] [ 84%] [32m[1mLinking CXX executable cartographer.mapping.pose_graph_trimmer_test[0m
[4.730s] [ 84%] Built target cartographer.mapping.internal.3d.scan_matching.intensity_cost_function_3d_test
[4.758s] [ 84%] [32m[1mLinking CXX executable cartographer.mapping.pose_graph_test[0m
[4.758s] [ 84%] Built target cartographer.mapping.internal.3d.scan_matching.real_time_correlative_scan_matcher_3d_test
[4.774s] [ 84%] [32m[1mLinking CXX executable cartographer.mapping.trajectory_node_test[0m
[4.774s] [ 84%] [32m[1mLinking CXX executable cartographer.mapping.probability_values_test[0m
[4.775s] [ 84%] [32m[1mLinking CXX executable cartographer.mapping.submaps_test[0m
[4.787s] [ 84%] Built target cartographer.mapping.internal.2d.tsdf_range_data_inserter_2d_test
[4.796s] [ 84%] Built target cartographer.mapping.internal.connected_components_test
[4.826s] [ 84%] [32m[1mLinking CXX executable cartographer.mapping.value_conversion_tables_test[0m
[4.827s] [ 84%] [32m[1mLinking CXX executable cartographer.sensor.compressed_point_cloud_test[0m
[4.849s] [ 84%] [32m[1mLinking CXX executable cartographer.sensor.internal.collator_test[0m
[4.859s] [ 84%] [32m[1mLinking CXX executable cartographer.sensor.internal.ordered_multi_queue_test[0m
[4.880s] [ 84%] Built target cartographer.mapping.internal.3d.pose_graph_3d_test
[4.885s] [ 84%] [32m[1mLinking CXX executable cartographer.sensor.internal.voxel_filter_test[0m
[4.887s] [ 84%] Built target cartographer.mapping.internal.3d.local_trajectory_builder_3d_test
[4.902s] [ 85%] [32m[1mLinking CXX executable cartographer.sensor.internal.trajectory_collator_test[0m
[4.993s] [ 86%] [32m[1mLinking CXX executable cartographer.sensor.landmark_data_test[0m
[5.012s] [ 86%] Built target cartographer.mapping.pose_extrapolator_test
[5.013s] [ 86%] [32m[1mLinking CXX executable cartographer.sensor.map_by_time_test[0m
[5.015s] [ 86%] Built target cartographer.mapping.internal.optimization.cost_functions.landmark_cost_function_3d_test
[5.050s] [ 87%] Built target cartographer.mapping.internal.range_data_collator_test
[5.135s] [ 87%] [32m[1mLinking CXX executable cartographer.sensor.range_data_test[0m
[5.135s] [ 88%] [32m[1mLinking CXX executable cartographer.sensor.point_cloud_test[0m
[5.143s] [ 89%] Built target cartographer.mapping.internal.optimization.cost_functions.landmark_cost_function_2d_test
[5.158s] [ 89%] Built target cartographer.mapping.internal.trajectory_connectivity_state_test
[5.162s] [ 89%] Built target cartographer.mapping.internal.motion_filter_test
[5.184s] [ 90%] [32m[1mLinking CXX executable cartographer.transform.rigid_transform_test[0m
[5.204s] [ 90%] Built target cartographer.mapping.pose_graph_trimmer_test
[5.209s] [ 91%] Built target cartographer.mapping.internal.optimization.optimization_problem_3d_test
[5.210s] [ 91%] Built target cartographer.mapping.probability_values_test
[5.234s] [ 91%] [32m[1mLinking CXX executable cartographer.transform.timestamped_transform_test[0m
[5.235s] [ 92%] [32m[1mLinking CXX executable cartographer.transform.transform_test[0m
[5.235s] [ 92%] [32m[1mLinking CXX executable cartographer.transform.transform_interpolation_buffer_test[0m
[5.271s] [ 93%] Built target cartographer.mapping.internal.optimization.cost_functions.spa_cost_function_2d_test
[5.322s] [ 93%] Built target cartographer.mapping.submaps_test
[5.348s] [ 93%] Built target cartographer.mapping.value_conversion_tables_test
[5.365s] [ 93%] Built target cartographer.mapping.internal.constraints.constraint_builder_2d_test
[5.365s] [ 93%] Built target cartographer.sensor.internal.trajectory_collator_test
[5.389s] [ 94%] Built target cartographer.mapping.internal.constraints.constraint_builder_3d_test
[5.391s] [ 95%] Built target cartographer.sensor.compressed_point_cloud_test
[5.413s] [ 96%] Built target cartographer.mapping.trajectory_node_test
[5.446s] [ 97%] Built target cartographer.sensor.internal.ordered_multi_queue_test
[5.446s] [ 97%] Built target cartographer.sensor.internal.voxel_filter_test
[5.455s] [ 97%] Built target cartographer.sensor.internal.collator_test
[5.463s] [ 98%] Built target cartographer.mapping.map_builder_test
[5.475s] [ 98%] Built target cartographer.sensor.range_data_test
[5.485s] [ 98%] Built target cartographer.sensor.map_by_time_test
[5.490s] [ 98%] Built target cartographer.transform.rigid_transform_test
[5.497s] [ 98%] Built target cartographer.sensor.landmark_data_test
[5.498s] [ 98%] Built target cartographer.transform.transform_test
[5.500s] [ 98%] Built target cartographer.sensor.point_cloud_test
[5.511s] [ 98%] Built target cartographer.transform.timestamped_transform_test
[5.511s] [ 98%] Built target cartographer.transform.transform_interpolation_buffer_test
[5.519s] [100%] Built target cartographer.mapping.pose_graph_test
[5.527s] Invoked command in '/root/distr_slam_ws/build/cartographer' returned '0': CMAKE_PREFIX_PATH=${CMAKE_PREFIX_PATH}:/opt/ros/jazzy /usr/bin/cmake --build /root/distr_slam_ws/build/cartographer -- -j24 -l24
[5.532s] Invoking command in '/root/distr_slam_ws/build/cartographer': CMAKE_PREFIX_PATH=${CMAKE_PREFIX_PATH}:/opt/ros/jazzy /usr/bin/cmake --install /root/distr_slam_ws/build/cartographer
[5.538s] -- Install configuration: "Release"
[5.538s] -- Up-to-date: /root/distr_slam_ws/install/cartographer/share/cartographer/package.xml
[5.538s] -- Up-to-date: /root/distr_slam_ws/install/cartographer/share/cartographer//configuration_files
[5.538s] -- Up-to-date: /root/distr_slam_ws/install/cartographer/share/cartographer//configuration_files/pose_graph.lua
[5.538s] -- Up-to-date: /root/distr_slam_ws/install/cartographer/share/cartographer//configuration_files/map_builder_server.lua
[5.538s] -- Up-to-date: /root/distr_slam_ws/install/cartographer/share/cartographer//configuration_files/trajectory_builder.lua
[5.538s] -- Up-to-date: /root/distr_slam_ws/install/cartographer/share/cartographer//configuration_files/trajectory_builder_2d.lua
[5.538s] -- Up-to-date: /root/distr_slam_ws/install/cartographer/share/cartographer//configuration_files/map_builder.lua
[5.538s] -- Up-to-date: /root/distr_slam_ws/install/cartographer/share/cartographer//configuration_files/trajectory_builder_3d.lua
[5.538s] -- Up-to-date: /root/distr_slam_ws/install/cartographer/share/cartographer//cmake
[5.538s] -- Up-to-date: /root/distr_slam_ws/install/cartographer/share/cartographer//cmake/functions.cmake
[5.538s] -- Up-to-date: /root/distr_slam_ws/install/cartographer/share/cartographer//cmake/modules
[5.538s] -- Up-to-date: /root/distr_slam_ws/install/cartographer/share/cartographer//cmake/modules/FindGMock.cmake
[5.538s] -- Up-to-date: /root/distr_slam_ws/install/cartographer/share/cartographer//cmake/modules/FindSphinx.cmake
[5.538s] -- Up-to-date: /root/distr_slam_ws/install/cartographer/share/cartographer//cmake/modules/FindLuaGoogle.cmake
[5.538s] -- Up-to-date: /root/distr_slam_ws/install/cartographer/share/cartographer//cmake/modules/FindEigen3.cmake
[5.538s] -- Installing: /root/distr_slam_ws/install/cartographer/bin/cartographer_autogenerate_ground_truth
[5.539s] -- Installing: /root/distr_slam_ws/install/cartographer/bin/cartographer_compute_relations_metrics
[5.539s] -- Installing: /root/distr_slam_ws/install/cartographer/bin/cartographer_pbstream
[5.541s] -- Installing: /root/distr_slam_ws/install/cartographer/bin/cartographer_print_configuration
[5.541s] -- Installing: /root/distr_slam_ws/install/cartographer/lib/libcartographer.a
[5.547s] -- Up-to-date: /root/distr_slam_ws/install/cartographer/include/cartographer/common/configuration_file_resolver.h
[5.547s] -- Up-to-date: /root/distr_slam_ws/install/cartographer/include/cartographer/common/fixed_ratio_sampler.h
[5.547s] -- Up-to-date: /root/distr_slam_ws/install/cartographer/include/cartographer/common/histogram.h
[5.547s] -- Up-to-date: /root/distr_slam_ws/install/cartographer/include/cartographer/common/lua.h
[5.547s] -- Up-to-date: /root/distr_slam_ws/install/cartographer/include/cartographer/common/lua_parameter_dictionary.h
[5.547s] -- Up-to-date: /root/distr_slam_ws/install/cartographer/include/cartographer/common/math.h
[5.547s] -- Up-to-date: /root/distr_slam_ws/install/cartographer/include/cartographer/common/port.h
[5.547s] -- Up-to-date: /root/distr_slam_ws/install/cartographer/include/cartographer/common/task.h
[5.547s] -- Up-to-date: /root/distr_slam_ws/install/cartographer/include/cartographer/common/thread_pool.h
[5.547s] -- Up-to-date: /root/distr_slam_ws/install/cartographer/include/cartographer/common/time.h
[5.547s] -- Up-to-date: /root/distr_slam_ws/install/cartographer/include/cartographer/ground_truth/autogenerate_ground_truth.h
[5.547s] -- Up-to-date: /root/distr_slam_ws/install/cartographer/include/cartographer/ground_truth/relations_text_file.h
[5.547s] -- Up-to-date: /root/distr_slam_ws/install/cartographer/include/cartographer/io/color.h
[5.547s] -- Up-to-date: /root/distr_slam_ws/install/cartographer/include/cartographer/io/coloring_points_processor.h
[5.547s] -- Up-to-date: /root/distr_slam_ws/install/cartographer/include/cartographer/io/counting_points_processor.h
[5.547s] -- Up-to-date: /root/distr_slam_ws/install/cartographer/include/cartographer/io/draw_trajectories.h
[5.547s] -- Up-to-date: /root/distr_slam_ws/install/cartographer/include/cartographer/io/file_writer.h
[5.547s] -- Up-to-date: /root/distr_slam_ws/install/cartographer/include/cartographer/io/fixed_ratio_sampling_points_processor.h
[5.547s] -- Up-to-date: /root/distr_slam_ws/install/cartographer/include/cartographer/io/frame_id_filtering_points_processor.h
[5.547s] -- Up-to-date: /root/distr_slam_ws/install/cartographer/include/cartographer/io/hybrid_grid_points_processor.h
[5.547s] -- Up-to-date: /root/distr_slam_ws/install/cartographer/include/cartographer/io/image.h
[5.548s] -- Up-to-date: /root/distr_slam_ws/install/cartographer/include/cartographer/io/intensity_to_color_points_processor.h
[5.548s] -- Up-to-date: /root/distr_slam_ws/install/cartographer/include/cartographer/io/min_max_range_filtering_points_processor.h
[5.548s] -- Up-to-date: /root/distr_slam_ws/install/cartographer/include/cartographer/io/null_points_processor.h
[5.548s] -- Up-to-date: /root/distr_slam_ws/install/cartographer/include/cartographer/io/outlier_removing_points_processor.h
[5.548s] -- Up-to-date: /root/distr_slam_ws/install/cartographer/include/cartographer/io/pcd_writing_points_processor.h
[5.548s] -- Up-to-date: /root/distr_slam_ws/install/cartographer/include/cartographer/io/ply_writing_points_processor.h
[5.548s] -- Up-to-date: /root/distr_slam_ws/install/cartographer/include/cartographer/io/points_batch.h
[5.548s] -- Up-to-date: /root/distr_slam_ws/install/cartographer/include/cartographer/io/points_processor.h
[5.548s] -- Up-to-date: /root/distr_slam_ws/install/cartographer/include/cartographer/io/points_processor_pipeline_builder.h
[5.548s] -- Up-to-date: /root/distr_slam_ws/install/cartographer/include/cartographer/io/probability_grid_points_processor.h
[5.548s] -- Up-to-date: /root/distr_slam_ws/install/cartographer/include/cartographer/io/proto_stream.h
[5.548s] -- Up-to-date: /root/distr_slam_ws/install/cartographer/include/cartographer/io/proto_stream_deserializer.h
[5.548s] -- Up-to-date: /root/distr_slam_ws/install/cartographer/include/cartographer/io/proto_stream_interface.h
[5.548s] -- Up-to-date: /root/distr_slam_ws/install/cartographer/include/cartographer/io/serialization_format_migration.h
[5.548s] -- Up-to-date: /root/distr_slam_ws/install/cartographer/include/cartographer/io/submap_painter.h
[5.548s] -- Up-to-date: /root/distr_slam_ws/install/cartographer/include/cartographer/io/vertical_range_filtering_points_processor.h
[5.548s] -- Up-to-date: /root/distr_slam_ws/install/cartographer/include/cartographer/io/xray_points_processor.h
[5.548s] -- Up-to-date: /root/distr_slam_ws/install/cartographer/include/cartographer/io/xyz_writing_points_processor.h
[5.548s] -- Up-to-date: /root/distr_slam_ws/install/cartographer/include/cartographer/mapping/2d/grid_2d.h
[5.548s] -- Up-to-date: /root/distr_slam_ws/install/cartographer/include/cartographer/mapping/2d/map_limits.h
[5.548s] -- Up-to-date: /root/distr_slam_ws/install/cartographer/include/cartographer/mapping/2d/probability_grid.h
[5.548s] -- Up-to-date: /root/distr_slam_ws/install/cartographer/include/cartographer/mapping/2d/probability_grid_range_data_inserter_2d.h
[5.548s] -- Up-to-date: /root/distr_slam_ws/install/cartographer/include/cartographer/mapping/2d/submap_2d.h
[5.548s] -- Up-to-date: /root/distr_slam_ws/install/cartographer/include/cartographer/mapping/2d/xy_index.h
[5.548s] -- Up-to-date: /root/distr_slam_ws/install/cartographer/include/cartographer/mapping/3d/hybrid_grid.h
[5.548s] -- Up-to-date: /root/distr_slam_ws/install/cartographer/include/cartographer/mapping/3d/range_data_inserter_3d.h
[5.548s] -- Up-to-date: /root/distr_slam_ws/install/cartographer/include/cartographer/mapping/3d/submap_3d.h
[5.548s] -- Up-to-date: /root/distr_slam_ws/install/cartographer/include/cartographer/mapping/detect_floors.h
[5.548s] -- Up-to-date: /root/distr_slam_ws/install/cartographer/include/cartographer/mapping/grid_interface.h
[5.548s] -- Up-to-date: /root/distr_slam_ws/install/cartographer/include/cartographer/mapping/id.h
[5.548s] -- Up-to-date: /root/distr_slam_ws/install/cartographer/include/cartographer/mapping/imu_tracker.h
[5.548s] -- Up-to-date: /root/distr_slam_ws/install/cartographer/include/cartographer/mapping/map_builder.h
[5.548s] -- Up-to-date: /root/distr_slam_ws/install/cartographer/include/cartographer/mapping/map_builder_interface.h
[5.548s] -- Up-to-date: /root/distr_slam_ws/install/cartographer/include/cartographer/mapping/pose_extrapolator.h
[5.548s] -- Up-to-date: /root/distr_slam_ws/install/cartographer/include/cartographer/mapping/pose_extrapolator_interface.h
[5.549s] -- Up-to-date: /root/distr_slam_ws/install/cartographer/include/cartographer/mapping/pose_graph.h
[5.549s] -- Up-to-date: /root/distr_slam_ws/install/cartographer/include/cartographer/mapping/pose_graph_interface.h
[5.549s] -- Up-to-date: /root/distr_slam_ws/install/cartographer/include/cartographer/mapping/pose_graph_trimmer.h
[5.549s] -- Up-to-date: /root/distr_slam_ws/install/cartographer/include/cartographer/mapping/probability_values.h
[5.549s] -- Up-to-date: /root/distr_slam_ws/install/cartographer/include/cartographer/mapping/range_data_inserter_interface.h
[5.549s] -- Up-to-date: /root/distr_slam_ws/install/cartographer/include/cartographer/mapping/submaps.h
[5.549s] -- Up-to-date: /root/distr_slam_ws/install/cartographer/include/cartographer/mapping/trajectory_builder_interface.h
[5.549s] -- Up-to-date: /root/distr_slam_ws/install/cartographer/include/cartographer/mapping/trajectory_node.h
[5.549s] -- Up-to-date: /root/distr_slam_ws/install/cartographer/include/cartographer/mapping/value_conversion_tables.h
[5.549s] -- Up-to-date: /root/distr_slam_ws/install/cartographer/include/cartographer/metrics/counter.h
[5.549s] -- Up-to-date: /root/distr_slam_ws/install/cartographer/include/cartographer/metrics/family_factory.h
[5.549s] -- Up-to-date: /root/distr_slam_ws/install/cartographer/include/cartographer/metrics/gauge.h
[5.549s] -- Up-to-date: /root/distr_slam_ws/install/cartographer/include/cartographer/metrics/histogram.h
[5.549s] -- Up-to-date: /root/distr_slam_ws/install/cartographer/include/cartographer/metrics/register.h
[5.549s] -- Up-to-date: /root/distr_slam_ws/install/cartographer/include/cartographer/sensor/collator_interface.h
[5.549s] -- Up-to-date: /root/distr_slam_ws/install/cartographer/include/cartographer/sensor/compressed_point_cloud.h
[5.549s] -- Up-to-date: /root/distr_slam_ws/install/cartographer/include/cartographer/sensor/data.h
[5.549s] -- Up-to-date: /root/distr_slam_ws/install/cartographer/include/cartographer/sensor/fixed_frame_pose_data.h
[5.549s] -- Up-to-date: /root/distr_slam_ws/install/cartographer/include/cartographer/sensor/imu_data.h
[5.549s] -- Up-to-date: /root/distr_slam_ws/install/cartographer/include/cartographer/sensor/landmark_data.h
[5.549s] -- Up-to-date: /root/distr_slam_ws/install/cartographer/include/cartographer/sensor/map_by_time.h
[5.549s] -- Up-to-date: /root/distr_slam_ws/install/cartographer/include/cartographer/sensor/odometry_data.h
[5.549s] -- Up-to-date: /root/distr_slam_ws/install/cartographer/include/cartographer/sensor/point_cloud.h
[5.549s] -- Up-to-date: /root/distr_slam_ws/install/cartographer/include/cartographer/sensor/range_data.h
[5.549s] -- Up-to-date: /root/distr_slam_ws/install/cartographer/include/cartographer/sensor/rangefinder_point.h
[5.549s] -- Up-to-date: /root/distr_slam_ws/install/cartographer/include/cartographer/sensor/timed_point_cloud_data.h
[5.549s] -- Up-to-date: /root/distr_slam_ws/install/cartographer/include/cartographer/transform/rigid_transform.h
[5.549s] -- Up-to-date: /root/distr_slam_ws/install/cartographer/include/cartographer/transform/timestamped_transform.h
[5.549s] -- Up-to-date: /root/distr_slam_ws/install/cartographer/include/cartographer/transform/transform.h
[5.549s] -- Up-to-date: /root/distr_slam_ws/install/cartographer/include/cartographer/transform/transform_interpolation_buffer.h
[5.549s] -- Up-to-date: /root/distr_slam_ws/install/cartographer/include/cartographer/io/fake_file_writer.h
[5.549s] -- Up-to-date: /root/distr_slam_ws/install/cartographer/include/cartographer/transform/rigid_transform_test_helpers.h
[5.549s] -- Up-to-date: /root/distr_slam_ws/install/cartographer/include/cartographer/common/proto/ceres_solver_options.pb.h
[5.549s] -- Up-to-date: /root/distr_slam_ws/install/cartographer/include/cartographer/ground_truth/proto/relations.pb.h
[5.549s] -- Up-to-date: /root/distr_slam_ws/install/cartographer/include/cartographer/mapping/proto/cell_limits_2d.pb.h
[5.550s] -- Up-to-date: /root/distr_slam_ws/install/cartographer/include/cartographer/mapping/proto/connected_components.pb.h
[5.550s] -- Up-to-date: /root/distr_slam_ws/install/cartographer/include/cartographer/mapping/proto/grid_2d.pb.h
[5.550s] -- Up-to-date: /root/distr_slam_ws/install/cartographer/include/cartographer/mapping/proto/grid_2d_options.pb.h
[5.550s] -- Up-to-date: /root/distr_slam_ws/install/cartographer/include/cartographer/mapping/proto/hybrid_grid.pb.h
[5.550s] -- Up-to-date: /root/distr_slam_ws/install/cartographer/include/cartographer/mapping/proto/local_trajectory_builder_options_2d.pb.h
[5.550s] -- Up-to-date: /root/distr_slam_ws/install/cartographer/include/cartographer/mapping/proto/local_trajectory_builder_options_3d.pb.h
[5.550s] -- Up-to-date: /root/distr_slam_ws/install/cartographer/include/cartographer/mapping/proto/map_builder_options.pb.h
[5.550s] -- Up-to-date: /root/distr_slam_ws/install/cartographer/include/cartographer/mapping/proto/map_limits.pb.h
[5.550s] -- Up-to-date: /root/distr_slam_ws/install/cartographer/include/cartographer/mapping/proto/motion_filter_options.pb.h
[5.550s] -- Up-to-date: /root/distr_slam_ws/install/cartographer/include/cartographer/mapping/proto/normal_estimation_options_2d.pb.h
[5.550s] -- Up-to-date: /root/distr_slam_ws/install/cartographer/include/cartographer/mapping/proto/pose_extrapolator_options.pb.h
[5.550s] -- Up-to-date: /root/distr_slam_ws/install/cartographer/include/cartographer/mapping/proto/pose_graph.pb.h
[5.550s] -- Up-to-date: /root/distr_slam_ws/install/cartographer/include/cartographer/mapping/proto/pose_graph/constraint_builder_options.pb.h
[5.550s] -- Up-to-date: /root/distr_slam_ws/install/cartographer/include/cartographer/mapping/proto/pose_graph/optimization_problem_options.pb.h
[5.550s] -- Up-to-date: /root/distr_slam_ws/install/cartographer/include/cartographer/mapping/proto/pose_graph_options.pb.h
[5.550s] -- Up-to-date: /root/distr_slam_ws/install/cartographer/include/cartographer/mapping/proto/probability_grid.pb.h
[5.550s] -- Up-to-date: /root/distr_slam_ws/install/cartographer/include/cartographer/mapping/proto/probability_grid_range_data_inserter_options_2d.pb.h
[5.550s] -- Up-to-date: /root/distr_slam_ws/install/cartographer/include/cartographer/mapping/proto/range_data_inserter_options.pb.h
[5.550s] -- Up-to-date: /root/distr_slam_ws/install/cartographer/include/cartographer/mapping/proto/range_data_inserter_options_3d.pb.h
[5.550s] -- Up-to-date: /root/distr_slam_ws/install/cartographer/include/cartographer/mapping/proto/scan_matching/ceres_scan_matcher_options_2d.pb.h
[5.550s] -- Up-to-date: /root/distr_slam_ws/install/cartographer/include/cartographer/mapping/proto/scan_matching/ceres_scan_matcher_options_3d.pb.h
[5.550s] -- Up-to-date: /root/distr_slam_ws/install/cartographer/include/cartographer/mapping/proto/scan_matching/fast_correlative_scan_matcher_options_2d.pb.h
[5.550s] -- Up-to-date: /root/distr_slam_ws/install/cartographer/include/cartographer/mapping/proto/scan_matching/fast_correlative_scan_matcher_options_3d.pb.h
[5.550s] -- Up-to-date: /root/distr_slam_ws/install/cartographer/include/cartographer/mapping/proto/scan_matching/real_time_correlative_scan_matcher_options.pb.h
[5.550s] -- Up-to-date: /root/distr_slam_ws/install/cartographer/include/cartographer/mapping/proto/serialization.pb.h
[5.550s] -- Up-to-date: /root/distr_slam_ws/install/cartographer/include/cartographer/mapping/proto/submap.pb.h
[5.550s] -- Up-to-date: /root/distr_slam_ws/install/cartographer/include/cartographer/mapping/proto/submap_visualization.pb.h
[5.550s] -- Up-to-date: /root/distr_slam_ws/install/cartographer/include/cartographer/mapping/proto/submaps_options_2d.pb.h
[5.550s] -- Up-to-date: /root/distr_slam_ws/install/cartographer/include/cartographer/mapping/proto/submaps_options_3d.pb.h
[5.550s] -- Up-to-date: /root/distr_slam_ws/install/cartographer/include/cartographer/mapping/proto/trajectory.pb.h
[5.550s] -- Up-to-date: /root/distr_slam_ws/install/cartographer/include/cartographer/mapping/proto/trajectory_builder_options.pb.h
[5.550s] -- Up-to-date: /root/distr_slam_ws/install/cartographer/include/cartographer/mapping/proto/trajectory_node_data.pb.h
[5.550s] -- Up-to-date: /root/distr_slam_ws/install/cartographer/include/cartographer/mapping/proto/tsdf_2d.pb.h
[5.550s] -- Up-to-date: /root/distr_slam_ws/install/cartographer/include/cartographer/mapping/proto/tsdf_range_data_inserter_options_2d.pb.h
[5.550s] -- Up-to-date: /root/distr_slam_ws/install/cartographer/include/cartographer/sensor/proto/adaptive_voxel_filter_options.pb.h
[5.551s] -- Up-to-date: /root/distr_slam_ws/install/cartographer/include/cartographer/sensor/proto/sensor.pb.h
[5.551s] -- Up-to-date: /root/distr_slam_ws/install/cartographer/include/cartographer/transform/proto/timestamped_transform.pb.h
[5.551s] -- Up-to-date: /root/distr_slam_ws/install/cartographer/include/cartographer/transform/proto/transform.pb.h
[5.551s] -- Up-to-date: /root/distr_slam_ws/install/cartographer/share/cartographer/cmake/CartographerTargets.cmake
[5.551s] -- Up-to-date: /root/distr_slam_ws/install/cartographer/share/cartographer/cmake/CartographerTargets-release.cmake
[5.551s] -- Up-to-date: /root/distr_slam_ws/install/cartographer/share/cartographer/cartographer-config.cmake
[5.551s] Invoked command in '/root/distr_slam_ws/build/cartographer' returned '0': CMAKE_PREFIX_PATH=${CMAKE_PREFIX_PATH}:/opt/ros/jazzy /usr/bin/cmake --install /root/distr_slam_ws/build/cartographer
