[0.023s] Invoking command in '/root/distr_slam_ws/build/cartographer': CMAKE_PREFIX_PATH=${CMAKE_PREFIX_PATH}:/opt/ros/jazzy /usr/bin/cmake --build /root/distr_slam_ws/build/cartographer -- -j8 -l8
[0.153s] [  0%] [34m[1mBuilding documentation.[0m
[0.168s] [  0%] Built target cartographer_detect_changes
[0.178s] [  1%] Built target gtest
[0.218s] [  2%] Built target gmock
[0.273s] [  2%] Built target gmock_main
[0.580s] [ 55%] Built target cartographer
[0.629s] [ 56%] Built target cartographer_pbstream
[0.634s] [01mRunning Sphinx v7.2.6[39;49;00m
[0.640s] [ 56%] Built target cartographer_compute_relations_metrics
[0.640s] [ 56%] Built target cartographer_print_configuration
[0.641s] [ 57%] Built target cartographer_autogenerate_ground_truth
[0.652s] [ 58%] Built target cartographer_test_library
[0.706s] [ 58%] Built target cartographer.common.task_test
[0.711s] [ 59%] Built target cartographer.common.fixed_ratio_sampler_test
[0.712s] [ 59%] Built target cartographer.common.lua_parameter_dictionary_test
[0.715s] [ 59%] Built target cartographer.common.configuration_files_test
[0.721s] [ 60%] Built target cartographer.common.math_test
[0.725s] [ 60%] Built target cartographer.common.internal.blocking_queue_test
[0.726s] [ 61%] Built target cartographer.common.internal.rate_timer_test
[0.758s] [ 62%] Built target cartographer.common.thread_pool_test
[0.769s] [ 63%] Built target cartographer.io.internal.in_memory_proto_stream_test
[0.780s] [ 63%] Built target cartographer.io.fake_file_writer_test
[0.785s] [ 63%] Built target cartographer.io.points_processor_pipeline_builder_test
[0.790s] [ 64%] Built target cartographer.io.probability_grid_points_processor_test
[0.797s] [ 65%] Built target cartographer.io.proto_stream_test
[0.803s] [ 65%] Built target cartographer.io.proto_stream_deserializer_test
[0.839s] [ 66%] Built target cartographer.io.serialization_format_migration_test
[0.839s] [ 66%] Built target cartographer.mapping.2d.map_limits_test
[0.850s] [ 66%] Built target cartographer.mapping.2d.probability_grid_test
[0.860s] [ 67%] Built target cartographer.mapping.2d.range_data_inserter_2d_test
[0.871s] [ 68%] Built target cartographer.mapping.2d.xy_index_test
[0.871s] [ 68%] Built target cartographer.mapping.2d.submap_2d_test
[0.884s] [ 68%] Built target cartographer.mapping.3d.hybrid_grid_test
[0.915s] [ 69%] Built target cartographer.mapping.id_test
[0.916s] [ 69%] Built target cartographer.mapping.3d.submap_3d_test
[0.930s] [ 70%] Built target cartographer.mapping.3d.range_data_inserter_3d_test
[0.932s] [ 70%] Built target cartographer.mapping.imu_tracker_test
[0.964s] [ 71%] Built target cartographer.mapping.internal.2d.normal_estimation_2d_test
[0.965s] [ 71%] Built target cartographer.mapping.internal.2d.overlapping_submaps_trimmer_2d_test
[0.985s] [ 72%] Built target cartographer.mapping.internal.2d.pose_graph_2d_test
[0.993s] [ 72%] Built target cartographer.mapping.internal.2d.ray_to_pixel_mask_test
[1.002s] [ 73%] Built target cartographer.mapping.internal.2d.scan_matching.interpolated_tsdf_2d_test
[1.011s] [ 73%] Built target cartographer.mapping.internal.2d.scan_matching.correlative_scan_matcher_test
[1.011s] [ 74%] Built target cartographer.mapping.internal.2d.scan_matching.fast_correlative_scan_matcher_2d_test
[1.021s] [ 74%] Built target cartographer.mapping.internal.2d.scan_matching.occupied_space_cost_function_2d_test
[1.021s] [ 75%] Built target cartographer.mapping.internal.2d.scan_matching.ceres_scan_matcher_2d_test
[1.046s] [ 76%] Built target cartographer.mapping.internal.2d.scan_matching.real_time_correlative_scan_matcher_2d_test
[1.066s] [ 76%] Built target cartographer.mapping.internal.2d.scan_matching.tsdf_match_cost_function_2d_test
[1.078s] [ 77%] Built target cartographer.mapping.internal.2d.tsdf_range_data_inserter_2d_test
[1.084s] [ 78%] Built target cartographer.mapping.internal.2d.tsd_value_converter_test
[1.088s] [ 78%] Built target cartographer.mapping.internal.2d.tsdf_2d_test
[1.095s] [ 78%] Built target cartographer.mapping.internal.3d.local_trajectory_builder_3d_test
[1.095s] [ 78%] Built target cartographer.mapping.internal.3d.rotation_parameterization_test
[1.111s] [ 79%] Built target cartographer.mapping.internal.3d.pose_graph_3d_test
[1.139s] [ 80%] Built target cartographer.mapping.internal.3d.scan_matching.ceres_scan_matcher_3d_test
[1.146s] [ 80%] Built target cartographer.mapping.internal.3d.scan_matching.fast_correlative_scan_matcher_3d_test
[1.152s] [01mloading pickled environment... [39;49;00m[ 81%] Built target cartographer.mapping.internal.3d.scan_matching.intensity_cost_function_3d_test
[1.160s] [ 81%] Built target cartographer.mapping.internal.3d.scan_matching.interpolated_grid_test
[1.164s] done
[1.177s] [ 82%] Built target cartographer.mapping.internal.3d.scan_matching.precomputation_grid_3d_test
[1.179s] [01mbuilding [mo]: [39;49;00mtargets for 0 po files that are out of date
[1.179s] [01mwriting output... [39;49;00m
[1.179s] [ 83%] Built target cartographer.mapping.internal.3d.scan_matching.rotation_delta_cost_functor_3d_test
[1.180s] [ 83%] Built target cartographer.mapping.internal.3d.scan_matching.real_time_correlative_scan_matcher_3d_test
[1.181s] [01mbuilding [html]: [39;49;00mtargets for 0 source files that are out of date
[1.184s] [01mupdating environment: [39;49;00m0 added, 0 changed, 0 removed
[1.185s] [01mreading sources... [39;49;00m
[1.185s] [01mlooking for now-outdated files... [39;49;00mnone found
[1.185s] [01mno targets are out of date.[39;49;00m
[1.185s] [01mbuild succeeded.[39;49;00m
[1.190s] 
[1.190s] The HTML pages are in html.
[1.204s] [ 83%] Built target cartographer.mapping.internal.3d.scan_matching.rotational_scan_matcher_test
[1.219s] [ 84%] Built target cartographer.mapping.internal.connected_components_test
[1.221s] [ 84%] Built target cartographer.mapping.internal.constraints.constraint_builder_2d_test
[1.228s] [ 85%] Built target cartographer.mapping.internal.constraints.constraint_builder_3d_test
[1.246s] [ 85%] Built target cartographer.mapping.internal.motion_filter_test
[1.247s] [ 86%] Built target cartographer.mapping.internal.optimization.cost_functions.landmark_cost_function_2d_test
[1.249s] [ 86%] Built target cartographer.mapping.internal.optimization.cost_functions.landmark_cost_function_3d_test
[1.273s] [ 87%] Built target cartographer.mapping.internal.optimization.cost_functions.spa_cost_function_2d_test
[1.291s] [ 88%] Built target cartographer.mapping.internal.range_data_collator_test
[1.291s] [ 88%] Built target cartographer.mapping.internal.optimization.optimization_problem_3d_test
[1.296s] [ 88%] Built target cartographer.mapping.internal.trajectory_connectivity_state_test
[1.312s] [ 88%] Built target cartographer.mapping.pose_extrapolator_test
[1.320s] [ 89%] Built target cartographer.mapping.map_builder_test
[1.322s] [ 90%] Built target cartographer.mapping.pose_graph_test
[1.342s] [ 90%] Built target cartographer.mapping.pose_graph_trimmer_test
[1.355s] [ 91%] Built target cartographer.mapping.probability_values_test
[1.364s] [ 91%] Built target cartographer.mapping.submaps_test
[1.369s] [ 91%] Built target build_doc
[1.369s] [ 92%] Built target cartographer.mapping.trajectory_node_test
[1.373s] [ 92%] Built target cartographer.mapping.value_conversion_tables_test
[1.382s] [ 93%] Built target cartographer.sensor.compressed_point_cloud_test
[1.388s] [ 93%] Built target cartographer.sensor.internal.collator_test
[1.412s] [ 94%] Built target cartographer.sensor.internal.ordered_multi_queue_test
[1.423s] [ 95%] Built target cartographer.sensor.internal.trajectory_collator_test
[1.428s] [ 95%] Built target cartographer.sensor.map_by_time_test
[1.430s] [ 95%] Built target cartographer.sensor.internal.voxel_filter_test
[1.433s] [ 96%] Built target cartographer.sensor.landmark_data_test
[1.435s] [ 97%] Built target cartographer.sensor.point_cloud_test
[1.445s] [ 97%] Built target cartographer.sensor.range_data_test
[1.450s] [ 98%] Built target cartographer.transform.rigid_transform_test
[1.466s] [ 98%] Built target cartographer.transform.timestamped_transform_test
[1.468s] [100%] Built target cartographer.transform.transform_interpolation_buffer_test
[1.472s] [100%] Built target cartographer.transform.transform_test
[1.488s] Invoked command in '/root/distr_slam_ws/build/cartographer' returned '0': CMAKE_PREFIX_PATH=${CMAKE_PREFIX_PATH}:/opt/ros/jazzy /usr/bin/cmake --build /root/distr_slam_ws/build/cartographer -- -j8 -l8
[1.490s] Invoking command in '/root/distr_slam_ws/build/cartographer': CMAKE_PREFIX_PATH=${CMAKE_PREFIX_PATH}:/opt/ros/jazzy /usr/bin/cmake --install /root/distr_slam_ws/build/cartographer
[1.501s] -- Install configuration: "Release"
[1.501s] -- Up-to-date: /root/distr_slam_ws/install/cartographer/share/cartographer/package.xml
[1.501s] -- Up-to-date: /root/distr_slam_ws/install/cartographer/share/cartographer//configuration_files
[1.501s] -- Up-to-date: /root/distr_slam_ws/install/cartographer/share/cartographer//configuration_files/trajectory_builder_2d.lua
[1.501s] -- Up-to-date: /root/distr_slam_ws/install/cartographer/share/cartographer//configuration_files/trajectory_builder_3d.lua
[1.501s] -- Up-to-date: /root/distr_slam_ws/install/cartographer/share/cartographer//configuration_files/pose_graph.lua
[1.501s] -- Up-to-date: /root/distr_slam_ws/install/cartographer/share/cartographer//configuration_files/map_builder.lua
[1.502s] -- Up-to-date: /root/distr_slam_ws/install/cartographer/share/cartographer//configuration_files/map_builder_server.lua
[1.502s] -- Up-to-date: /root/distr_slam_ws/install/cartographer/share/cartographer//configuration_files/trajectory_builder.lua
[1.502s] -- Up-to-date: /root/distr_slam_ws/install/cartographer/share/cartographer//cmake
[1.502s] -- Up-to-date: /root/distr_slam_ws/install/cartographer/share/cartographer//cmake/modules
[1.502s] -- Up-to-date: /root/distr_slam_ws/install/cartographer/share/cartographer//cmake/modules/FindLuaGoogle.cmake
[1.502s] -- Up-to-date: /root/distr_slam_ws/install/cartographer/share/cartographer//cmake/modules/FindSphinx.cmake
[1.502s] -- Up-to-date: /root/distr_slam_ws/install/cartographer/share/cartographer//cmake/modules/FindEigen3.cmake
[1.502s] -- Up-to-date: /root/distr_slam_ws/install/cartographer/share/cartographer//cmake/modules/FindGMock.cmake
[1.502s] -- Up-to-date: /root/distr_slam_ws/install/cartographer/share/cartographer//cmake/functions.cmake
[1.502s] -- Up-to-date: /root/distr_slam_ws/install/cartographer/bin/cartographer_autogenerate_ground_truth
[1.503s] -- Up-to-date: /root/distr_slam_ws/install/cartographer/bin/cartographer_compute_relations_metrics
[1.504s] -- Up-to-date: /root/distr_slam_ws/install/cartographer/bin/cartographer_pbstream
[1.505s] -- Up-to-date: /root/distr_slam_ws/install/cartographer/bin/cartographer_print_configuration
[1.506s] -- Up-to-date: /root/distr_slam_ws/install/cartographer/lib/libcartographer.a
[1.506s] -- Up-to-date: /root/distr_slam_ws/install/cartographer/include/cartographer/common/configuration_file_resolver.h
[1.506s] -- Up-to-date: /root/distr_slam_ws/install/cartographer/include/cartographer/common/fixed_ratio_sampler.h
[1.506s] -- Up-to-date: /root/distr_slam_ws/install/cartographer/include/cartographer/common/histogram.h
[1.506s] -- Up-to-date: /root/distr_slam_ws/install/cartographer/include/cartographer/common/lua.h
[1.507s] -- Up-to-date: /root/distr_slam_ws/install/cartographer/include/cartographer/common/lua_parameter_dictionary.h
[1.507s] -- Up-to-date: /root/distr_slam_ws/install/cartographer/include/cartographer/common/math.h
[1.507s] -- Up-to-date: /root/distr_slam_ws/install/cartographer/include/cartographer/common/port.h
[1.507s] -- Up-to-date: /root/distr_slam_ws/install/cartographer/include/cartographer/common/task.h
[1.507s] -- Up-to-date: /root/distr_slam_ws/install/cartographer/include/cartographer/common/thread_pool.h
[1.508s] -- Up-to-date: /root/distr_slam_ws/install/cartographer/include/cartographer/common/time.h
[1.508s] -- Up-to-date: /root/distr_slam_ws/install/cartographer/include/cartographer/ground_truth/autogenerate_ground_truth.h
[1.508s] -- Up-to-date: /root/distr_slam_ws/install/cartographer/include/cartographer/ground_truth/relations_text_file.h
[1.508s] -- Up-to-date: /root/distr_slam_ws/install/cartographer/include/cartographer/io/color.h
[1.509s] -- Up-to-date: /root/distr_slam_ws/install/cartographer/include/cartographer/io/coloring_points_processor.h
[1.509s] -- Up-to-date: /root/distr_slam_ws/install/cartographer/include/cartographer/io/counting_points_processor.h
[1.509s] -- Up-to-date: /root/distr_slam_ws/install/cartographer/include/cartographer/io/draw_trajectories.h
[1.509s] -- Up-to-date: /root/distr_slam_ws/install/cartographer/include/cartographer/io/file_writer.h
[1.509s] -- Up-to-date: /root/distr_slam_ws/install/cartographer/include/cartographer/io/fixed_ratio_sampling_points_processor.h
[1.510s] -- Up-to-date: /root/distr_slam_ws/install/cartographer/include/cartographer/io/frame_id_filtering_points_processor.h
[1.510s] -- Up-to-date: /root/distr_slam_ws/install/cartographer/include/cartographer/io/hybrid_grid_points_processor.h
[1.510s] -- Up-to-date: /root/distr_slam_ws/install/cartographer/include/cartographer/io/image.h
[1.510s] -- Up-to-date: /root/distr_slam_ws/install/cartographer/include/cartographer/io/intensity_to_color_points_processor.h
[1.510s] -- Up-to-date: /root/distr_slam_ws/install/cartographer/include/cartographer/io/min_max_range_filtering_points_processor.h
[1.511s] -- Up-to-date: /root/distr_slam_ws/install/cartographer/include/cartographer/io/null_points_processor.h
[1.511s] -- Up-to-date: /root/distr_slam_ws/install/cartographer/include/cartographer/io/outlier_removing_points_processor.h
[1.511s] -- Up-to-date: /root/distr_slam_ws/install/cartographer/include/cartographer/io/pcd_writing_points_processor.h
[1.511s] -- Up-to-date: /root/distr_slam_ws/install/cartographer/include/cartographer/io/ply_writing_points_processor.h
[1.511s] -- Up-to-date: /root/distr_slam_ws/install/cartographer/include/cartographer/io/points_batch.h
[1.512s] -- Up-to-date: /root/distr_slam_ws/install/cartographer/include/cartographer/io/points_processor.h
[1.512s] -- Up-to-date: /root/distr_slam_ws/install/cartographer/include/cartographer/io/points_processor_pipeline_builder.h
[1.512s] -- Up-to-date: /root/distr_slam_ws/install/cartographer/include/cartographer/io/probability_grid_points_processor.h
[1.512s] -- Up-to-date: /root/distr_slam_ws/install/cartographer/include/cartographer/io/proto_stream.h
[1.512s] -- Up-to-date: /root/distr_slam_ws/install/cartographer/include/cartographer/io/proto_stream_deserializer.h
[1.513s] -- Up-to-date: /root/distr_slam_ws/install/cartographer/include/cartographer/io/proto_stream_interface.h
[1.513s] -- Up-to-date: /root/distr_slam_ws/install/cartographer/include/cartographer/io/serialization_format_migration.h
[1.513s] -- Up-to-date: /root/distr_slam_ws/install/cartographer/include/cartographer/io/submap_painter.h
[1.513s] -- Up-to-date: /root/distr_slam_ws/install/cartographer/include/cartographer/io/vertical_range_filtering_points_processor.h
[1.513s] -- Up-to-date: /root/distr_slam_ws/install/cartographer/include/cartographer/io/xray_points_processor.h
[1.513s] -- Up-to-date: /root/distr_slam_ws/install/cartographer/include/cartographer/io/xyz_writing_points_processor.h
[1.514s] -- Up-to-date: /root/distr_slam_ws/install/cartographer/include/cartographer/mapping/2d/grid_2d.h
[1.514s] -- Up-to-date: /root/distr_slam_ws/install/cartographer/include/cartographer/mapping/2d/map_limits.h
[1.514s] -- Up-to-date: /root/distr_slam_ws/install/cartographer/include/cartographer/mapping/2d/probability_grid.h
[1.514s] -- Up-to-date: /root/distr_slam_ws/install/cartographer/include/cartographer/mapping/2d/probability_grid_range_data_inserter_2d.h
[1.514s] -- Up-to-date: /root/distr_slam_ws/install/cartographer/include/cartographer/mapping/2d/submap_2d.h
[1.514s] -- Up-to-date: /root/distr_slam_ws/install/cartographer/include/cartographer/mapping/2d/xy_index.h
[1.514s] -- Up-to-date: /root/distr_slam_ws/install/cartographer/include/cartographer/mapping/3d/hybrid_grid.h
[1.514s] -- Up-to-date: /root/distr_slam_ws/install/cartographer/include/cartographer/mapping/3d/range_data_inserter_3d.h
[1.514s] -- Up-to-date: /root/distr_slam_ws/install/cartographer/include/cartographer/mapping/3d/submap_3d.h
[1.515s] -- Up-to-date: /root/distr_slam_ws/install/cartographer/include/cartographer/mapping/detect_floors.h
[1.515s] -- Up-to-date: /root/distr_slam_ws/install/cartographer/include/cartographer/mapping/grid_interface.h
[1.515s] -- Up-to-date: /root/distr_slam_ws/install/cartographer/include/cartographer/mapping/id.h
[1.515s] -- Up-to-date: /root/distr_slam_ws/install/cartographer/include/cartographer/mapping/imu_tracker.h
[1.515s] -- Up-to-date: /root/distr_slam_ws/install/cartographer/include/cartographer/mapping/map_builder.h
[1.515s] -- Up-to-date: /root/distr_slam_ws/install/cartographer/include/cartographer/mapping/map_builder_interface.h
[1.515s] -- Up-to-date: /root/distr_slam_ws/install/cartographer/include/cartographer/mapping/pose_extrapolator.h
[1.515s] -- Up-to-date: /root/distr_slam_ws/install/cartographer/include/cartographer/mapping/pose_extrapolator_interface.h
[1.516s] -- Up-to-date: /root/distr_slam_ws/install/cartographer/include/cartographer/mapping/pose_graph.h
[1.516s] -- Up-to-date: /root/distr_slam_ws/install/cartographer/include/cartographer/mapping/pose_graph_interface.h
[1.516s] -- Up-to-date: /root/distr_slam_ws/install/cartographer/include/cartographer/mapping/pose_graph_trimmer.h
[1.516s] -- Up-to-date: /root/distr_slam_ws/install/cartographer/include/cartographer/mapping/probability_values.h
[1.516s] -- Up-to-date: /root/distr_slam_ws/install/cartographer/include/cartographer/mapping/range_data_inserter_interface.h
[1.516s] -- Up-to-date: /root/distr_slam_ws/install/cartographer/include/cartographer/mapping/submaps.h
[1.516s] -- Up-to-date: /root/distr_slam_ws/install/cartographer/include/cartographer/mapping/trajectory_builder_interface.h
[1.516s] -- Up-to-date: /root/distr_slam_ws/install/cartographer/include/cartographer/mapping/trajectory_node.h
[1.516s] -- Up-to-date: /root/distr_slam_ws/install/cartographer/include/cartographer/mapping/value_conversion_tables.h
[1.516s] -- Up-to-date: /root/distr_slam_ws/install/cartographer/include/cartographer/metrics/counter.h
[1.516s] -- Up-to-date: /root/distr_slam_ws/install/cartographer/include/cartographer/metrics/family_factory.h
[1.517s] -- Up-to-date: /root/distr_slam_ws/install/cartographer/include/cartographer/metrics/gauge.h
[1.517s] -- Up-to-date: /root/distr_slam_ws/install/cartographer/include/cartographer/metrics/histogram.h
[1.517s] -- Up-to-date: /root/distr_slam_ws/install/cartographer/include/cartographer/metrics/register.h
[1.517s] -- Up-to-date: /root/distr_slam_ws/install/cartographer/include/cartographer/sensor/collator_interface.h
[1.517s] -- Up-to-date: /root/distr_slam_ws/install/cartographer/include/cartographer/sensor/compressed_point_cloud.h
[1.517s] -- Up-to-date: /root/distr_slam_ws/install/cartographer/include/cartographer/sensor/data.h
[1.517s] -- Up-to-date: /root/distr_slam_ws/install/cartographer/include/cartographer/sensor/fixed_frame_pose_data.h
[1.517s] -- Up-to-date: /root/distr_slam_ws/install/cartographer/include/cartographer/sensor/imu_data.h
[1.517s] -- Up-to-date: /root/distr_slam_ws/install/cartographer/include/cartographer/sensor/landmark_data.h
[1.517s] -- Up-to-date: /root/distr_slam_ws/install/cartographer/include/cartographer/sensor/map_by_time.h
[1.517s] -- Up-to-date: /root/distr_slam_ws/install/cartographer/include/cartographer/sensor/odometry_data.h
[1.518s] -- Up-to-date: /root/distr_slam_ws/install/cartographer/include/cartographer/sensor/point_cloud.h
[1.518s] -- Up-to-date: /root/distr_slam_ws/install/cartographer/include/cartographer/sensor/range_data.h
[1.518s] -- Up-to-date: /root/distr_slam_ws/install/cartographer/include/cartographer/sensor/rangefinder_point.h
[1.518s] -- Up-to-date: /root/distr_slam_ws/install/cartographer/include/cartographer/sensor/timed_point_cloud_data.h
[1.518s] -- Up-to-date: /root/distr_slam_ws/install/cartographer/include/cartographer/transform/rigid_transform.h
[1.519s] -- Up-to-date: /root/distr_slam_ws/install/cartographer/include/cartographer/transform/timestamped_transform.h
[1.519s] -- Up-to-date: /root/distr_slam_ws/install/cartographer/include/cartographer/transform/transform.h
[1.519s] -- Up-to-date: /root/distr_slam_ws/install/cartographer/include/cartographer/transform/transform_interpolation_buffer.h
[1.519s] -- Up-to-date: /root/distr_slam_ws/install/cartographer/include/cartographer/io/fake_file_writer.h
[1.519s] -- Up-to-date: /root/distr_slam_ws/install/cartographer/include/cartographer/transform/rigid_transform_test_helpers.h
[1.520s] -- Up-to-date: /root/distr_slam_ws/install/cartographer/include/cartographer/common/proto/ceres_solver_options.pb.h
[1.520s] -- Up-to-date: /root/distr_slam_ws/install/cartographer/include/cartographer/ground_truth/proto/relations.pb.h
[1.521s] -- Up-to-date: /root/distr_slam_ws/install/cartographer/include/cartographer/mapping/proto/cell_limits_2d.pb.h
[1.521s] -- Up-to-date: /root/distr_slam_ws/install/cartographer/include/cartographer/mapping/proto/connected_components.pb.h
[1.521s] -- Up-to-date: /root/distr_slam_ws/install/cartographer/include/cartographer/mapping/proto/grid_2d.pb.h
[1.522s] -- Up-to-date: /root/distr_slam_ws/install/cartographer/include/cartographer/mapping/proto/grid_2d_options.pb.h
[1.522s] -- Up-to-date: /root/distr_slam_ws/install/cartographer/include/cartographer/mapping/proto/hybrid_grid.pb.h
[1.522s] -- Up-to-date: /root/distr_slam_ws/install/cartographer/include/cartographer/mapping/proto/local_trajectory_builder_options_2d.pb.h
[1.523s] -- Up-to-date: /root/distr_slam_ws/install/cartographer/include/cartographer/mapping/proto/local_trajectory_builder_options_3d.pb.h
[1.523s] -- Up-to-date: /root/distr_slam_ws/install/cartographer/include/cartographer/mapping/proto/map_builder_options.pb.h
[1.523s] -- Up-to-date: /root/distr_slam_ws/install/cartographer/include/cartographer/mapping/proto/map_limits.pb.h
[1.523s] -- Up-to-date: /root/distr_slam_ws/install/cartographer/include/cartographer/mapping/proto/motion_filter_options.pb.h
[1.523s] -- Up-to-date: /root/distr_slam_ws/install/cartographer/include/cartographer/mapping/proto/normal_estimation_options_2d.pb.h
[1.524s] -- Up-to-date: /root/distr_slam_ws/install/cartographer/include/cartographer/mapping/proto/pose_extrapolator_options.pb.h
[1.524s] -- Up-to-date: /root/distr_slam_ws/install/cartographer/include/cartographer/mapping/proto/pose_graph.pb.h
[1.524s] -- Up-to-date: /root/distr_slam_ws/install/cartographer/include/cartographer/mapping/proto/pose_graph/constraint_builder_options.pb.h
[1.524s] -- Up-to-date: /root/distr_slam_ws/install/cartographer/include/cartographer/mapping/proto/pose_graph/optimization_problem_options.pb.h
[1.524s] -- Up-to-date: /root/distr_slam_ws/install/cartographer/include/cartographer/mapping/proto/pose_graph_options.pb.h
[1.524s] -- Up-to-date: /root/distr_slam_ws/install/cartographer/include/cartographer/mapping/proto/probability_grid.pb.h
[1.524s] -- Up-to-date: /root/distr_slam_ws/install/cartographer/include/cartographer/mapping/proto/probability_grid_range_data_inserter_options_2d.pb.h
[1.524s] -- Up-to-date: /root/distr_slam_ws/install/cartographer/include/cartographer/mapping/proto/range_data_inserter_options.pb.h
[1.524s] -- Up-to-date: /root/distr_slam_ws/install/cartographer/include/cartographer/mapping/proto/range_data_inserter_options_3d.pb.h
[1.524s] -- Up-to-date: /root/distr_slam_ws/install/cartographer/include/cartographer/mapping/proto/scan_matching/ceres_scan_matcher_options_2d.pb.h
[1.525s] -- Up-to-date: /root/distr_slam_ws/install/cartographer/include/cartographer/mapping/proto/scan_matching/ceres_scan_matcher_options_3d.pb.h
[1.525s] -- Up-to-date: /root/distr_slam_ws/install/cartographer/include/cartographer/mapping/proto/scan_matching/fast_correlative_scan_matcher_options_2d.pb.h
[1.525s] -- Up-to-date: /root/distr_slam_ws/install/cartographer/include/cartographer/mapping/proto/scan_matching/fast_correlative_scan_matcher_options_3d.pb.h
[1.525s] -- Up-to-date: /root/distr_slam_ws/install/cartographer/include/cartographer/mapping/proto/scan_matching/real_time_correlative_scan_matcher_options.pb.h
[1.525s] -- Up-to-date: /root/distr_slam_ws/install/cartographer/include/cartographer/mapping/proto/serialization.pb.h
[1.525s] -- Up-to-date: /root/distr_slam_ws/install/cartographer/include/cartographer/mapping/proto/submap.pb.h
[1.525s] -- Up-to-date: /root/distr_slam_ws/install/cartographer/include/cartographer/mapping/proto/submap_visualization.pb.h
[1.525s] -- Up-to-date: /root/distr_slam_ws/install/cartographer/include/cartographer/mapping/proto/submaps_options_2d.pb.h
[1.525s] -- Up-to-date: /root/distr_slam_ws/install/cartographer/include/cartographer/mapping/proto/submaps_options_3d.pb.h
[1.525s] -- Up-to-date: /root/distr_slam_ws/install/cartographer/include/cartographer/mapping/proto/trajectory.pb.h
[1.525s] -- Up-to-date: /root/distr_slam_ws/install/cartographer/include/cartographer/mapping/proto/trajectory_builder_options.pb.h
[1.525s] -- Up-to-date: /root/distr_slam_ws/install/cartographer/include/cartographer/mapping/proto/trajectory_node_data.pb.h
[1.526s] -- Up-to-date: /root/distr_slam_ws/install/cartographer/include/cartographer/mapping/proto/tsdf_2d.pb.h
[1.526s] -- Up-to-date: /root/distr_slam_ws/install/cartographer/include/cartographer/mapping/proto/tsdf_range_data_inserter_options_2d.pb.h
[1.526s] -- Up-to-date: /root/distr_slam_ws/install/cartographer/include/cartographer/sensor/proto/adaptive_voxel_filter_options.pb.h
[1.526s] -- Up-to-date: /root/distr_slam_ws/install/cartographer/include/cartographer/sensor/proto/sensor.pb.h
[1.526s] -- Up-to-date: /root/distr_slam_ws/install/cartographer/include/cartographer/transform/proto/timestamped_transform.pb.h
[1.526s] -- Up-to-date: /root/distr_slam_ws/install/cartographer/include/cartographer/transform/proto/transform.pb.h
[1.526s] -- Up-to-date: /root/distr_slam_ws/install/cartographer/share/cartographer/cmake/CartographerTargets.cmake
[1.526s] -- Up-to-date: /root/distr_slam_ws/install/cartographer/share/cartographer/cmake/CartographerTargets-release.cmake
[1.526s] -- Up-to-date: /root/distr_slam_ws/install/cartographer/share/cartographer/cartographer-config.cmake
[1.526s] Invoked command in '/root/distr_slam_ws/build/cartographer' returned '0': CMAKE_PREFIX_PATH=${CMAKE_PREFIX_PATH}:/opt/ros/jazzy /usr/bin/cmake --install /root/distr_slam_ws/build/cartographer
