[0.019s] Invoking command in '/root/distr_slam_ws/build/cartographer': CMAKE_PREFIX_PATH=${CMAKE_PREFIX_PATH}:/opt/ros/jazzy /usr/bin/cmake --build /root/distr_slam_ws/build/cartographer -- -j8 -l8
[0.114s] [  0%] [34m[1mBuilding documentation.[0m
[0.120s] [  1%] Built target gtest
[0.135s] [  1%] Built target cartographer_detect_changes
[0.158s] [  2%] Built target gmock
[0.196s] [  2%] Built target gmock_main
[0.455s] [01mRunning Sphinx v7.2.6[39;49;00m
[0.496s] [ 55%] Built target cartographer
[0.540s] [ 56%] Built target cartographer_pbstream
[0.547s] [ 56%] Built target cartographer_print_configuration
[0.553s] [ 56%] Built target cartographer_compute_relations_metrics
[0.554s] [ 57%] Built target cartographer_autogenerate_ground_truth
[0.556s] [ 58%] Built target cartographer_test_library
[0.613s] [ 58%] Built target cartographer.common.task_test
[0.616s] [ 59%] Built target cartographer.common.internal.rate_timer_test
[0.617s] [ 59%] Built target cartographer.common.lua_parameter_dictionary_test
[0.620s] [ 59%] Built target cartographer.common.configuration_files_test
[0.627s] [ 60%] Built target cartographer.common.fixed_ratio_sampler_test
[0.627s] [ 61%] Built target cartographer.common.internal.blocking_queue_test
[0.628s] [ 61%] Built target cartographer.common.math_test
[0.684s] [ 61%] Built target cartographer.io.fake_file_writer_test
[0.691s] [ 61%] Built target cartographer.io.points_processor_pipeline_builder_test
[0.691s] [ 62%] Built target cartographer.common.thread_pool_test
[0.692s] [ 63%] Built target cartographer.io.internal.in_memory_proto_stream_test
[0.702s] [ 63%] Built target cartographer.io.proto_stream_deserializer_test
[0.704s] [ 64%] Built target cartographer.io.probability_grid_points_processor_test
[0.730s] [ 65%] Built target cartographer.io.proto_stream_test
[0.758s] [01mloading pickled environment... [39;49;00mdone
[0.758s] [ 65%] Built target cartographer.mapping.2d.probability_grid_test
[0.758s] [ 66%] Built target cartographer.mapping.2d.map_limits_test
[0.766s] [01mbuilding [mo]: [39;49;00mtargets for 0 po files that are out of date
[0.766s] [01mwriting output... [39;49;00m
[0.767s] [01mbuilding [html]: [39;49;00mtargets for 0 source files that are out of date
[0.768s] [01mupdating environment: [39;49;00m0 added, 0 changed, 0 removed
[0.768s] [01mreading sources... [39;49;00m
[0.769s] [01mlooking for now-outdated files... [39;49;00mnone found
[0.769s] [01mno targets are out of date.[39;49;00m
[0.769s] [01mbuild succeeded.[39;49;00m
[0.769s] 
[0.769s] The HTML pages are in html.
[0.776s] [ 66%] Built target cartographer.mapping.2d.submap_2d_test
[0.780s] [ 67%] Built target cartographer.mapping.2d.xy_index_test
[0.780s] [ 67%] Built target cartographer.io.serialization_format_migration_test
[0.798s] [ 67%] Built target cartographer.mapping.3d.hybrid_grid_test
[0.822s] [ 67%] Built target cartographer.mapping.3d.submap_3d_test
[0.826s] [ 68%] Built target cartographer.mapping.3d.range_data_inserter_3d_test
[0.840s] [ 69%] Built target cartographer.mapping.2d.range_data_inserter_2d_test
[0.854s] [ 69%] Built target cartographer.mapping.imu_tracker_test
[0.882s] [ 70%] Built target cartographer.mapping.id_test
[0.883s] [ 71%] Built target cartographer.mapping.internal.2d.normal_estimation_2d_test
[0.920s] [ 71%] Built target cartographer.mapping.internal.2d.overlapping_submaps_trimmer_2d_test
[0.929s] [ 71%] Built target cartographer.mapping.internal.2d.ray_to_pixel_mask_test
[0.953s] [ 72%] Built target cartographer.mapping.internal.2d.pose_graph_2d_test
[0.955s] [ 73%] Built target cartographer.mapping.internal.2d.scan_matching.ceres_scan_matcher_2d_test
[0.979s] [ 73%] Built target cartographer.mapping.internal.2d.scan_matching.correlative_scan_matcher_test
[0.981s] [ 74%] Built target cartographer.mapping.internal.2d.scan_matching.fast_correlative_scan_matcher_2d_test
[0.981s] [ 75%] Built target cartographer.mapping.internal.2d.scan_matching.interpolated_tsdf_2d_test
[0.981s] [ 75%] Built target build_doc
[0.981s] [ 76%] Built target cartographer.mapping.internal.2d.scan_matching.real_time_correlative_scan_matcher_2d_test
[0.991s] [ 76%] Built target cartographer.mapping.internal.2d.scan_matching.tsdf_match_cost_function_2d_test
[0.996s] [ 76%] Built target cartographer.mapping.internal.2d.scan_matching.occupied_space_cost_function_2d_test
[1.006s] [ 76%] Built target cartographer.mapping.internal.2d.tsdf_2d_test
[1.008s] [ 77%] Built target cartographer.mapping.internal.2d.tsdf_range_data_inserter_2d_test
[1.010s] [ 78%] Built target cartographer.mapping.internal.2d.tsd_value_converter_test
[1.019s] [ 78%] Built target cartographer.mapping.internal.3d.rotation_parameterization_test
[1.036s] [ 78%] Built target cartographer.mapping.internal.3d.local_trajectory_builder_3d_test
[1.062s] [ 79%] Built target cartographer.mapping.internal.3d.pose_graph_3d_test
[1.068s] [ 80%] Built target cartographer.mapping.internal.3d.scan_matching.ceres_scan_matcher_3d_test
[1.074s] [ 80%] Built target cartographer.mapping.internal.3d.scan_matching.fast_correlative_scan_matcher_3d_test
[1.084s] [ 81%] Built target cartographer.mapping.internal.3d.scan_matching.intensity_cost_function_3d_test
[1.087s] [ 81%] Built target cartographer.mapping.internal.3d.scan_matching.real_time_correlative_scan_matcher_3d_test
[1.087s] [ 81%] Built target cartographer.mapping.internal.3d.scan_matching.interpolated_grid_test
[1.092s] [ 82%] Built target cartographer.mapping.internal.3d.scan_matching.rotation_delta_cost_functor_3d_test
[1.095s] [ 83%] Built target cartographer.mapping.internal.3d.scan_matching.precomputation_grid_3d_test
[1.126s] [ 83%] Built target cartographer.mapping.internal.3d.scan_matching.rotational_scan_matcher_test
[1.139s] [ 83%] Built target cartographer.mapping.internal.constraints.constraint_builder_2d_test
[1.147s] [ 84%] Built target cartographer.mapping.internal.connected_components_test
[1.147s] [ 84%] Built target cartographer.mapping.internal.motion_filter_test
[1.157s] [ 84%] Built target cartographer.mapping.internal.optimization.cost_functions.landmark_cost_function_3d_test
[1.157s] [ 85%] Built target cartographer.mapping.internal.optimization.cost_functions.spa_cost_function_2d_test
[1.160s] [ 86%] Built target cartographer.mapping.internal.constraints.constraint_builder_3d_test
[1.164s] [ 87%] Built target cartographer.mapping.internal.optimization.cost_functions.landmark_cost_function_2d_test
[1.187s] [ 87%] Built target cartographer.mapping.internal.optimization.optimization_problem_3d_test
[1.203s] [ 88%] Built target cartographer.mapping.internal.range_data_collator_test
[1.208s] [ 88%] Built target cartographer.mapping.internal.trajectory_connectivity_state_test
[1.210s] [ 89%] Built target cartographer.mapping.map_builder_test
[1.218s] [ 89%] Built target cartographer.mapping.pose_extrapolator_test
[1.220s] [ 90%] Built target cartographer.mapping.pose_graph_test
[1.220s] [ 90%] Built target cartographer.mapping.pose_graph_trimmer_test
[1.234s] [ 91%] Built target cartographer.mapping.probability_values_test
[1.250s] [ 91%] Built target cartographer.mapping.submaps_test
[1.261s] [ 92%] Built target cartographer.mapping.value_conversion_tables_test
[1.261s] [ 92%] Built target cartographer.mapping.trajectory_node_test
[1.271s] [ 93%] Built target cartographer.sensor.compressed_point_cloud_test
[1.282s] [ 95%] Built target cartographer.sensor.internal.ordered_multi_queue_test
[1.284s] [ 95%] Built target cartographer.sensor.internal.collator_test
[1.284s] [ 95%] Built target cartographer.sensor.internal.trajectory_collator_test
[1.298s] [ 95%] Built target cartographer.sensor.internal.voxel_filter_test
[1.316s] [ 96%] Built target cartographer.sensor.landmark_data_test
[1.316s] [ 96%] Built target cartographer.sensor.map_by_time_test
[1.321s] [ 97%] Built target cartographer.sensor.point_cloud_test
[1.329s] [ 97%] Built target cartographer.sensor.range_data_test
[1.337s] [ 97%] Built target cartographer.transform.timestamped_transform_test
[1.341s] [ 98%] Built target cartographer.transform.rigid_transform_test
[1.341s] [100%] Built target cartographer.transform.transform_interpolation_buffer_test
[1.345s] [100%] Built target cartographer.transform.transform_test
[1.361s] Invoked command in '/root/distr_slam_ws/build/cartographer' returned '0': CMAKE_PREFIX_PATH=${CMAKE_PREFIX_PATH}:/opt/ros/jazzy /usr/bin/cmake --build /root/distr_slam_ws/build/cartographer -- -j8 -l8
[1.362s] Invoking command in '/root/distr_slam_ws/build/cartographer': CMAKE_PREFIX_PATH=${CMAKE_PREFIX_PATH}:/opt/ros/jazzy /usr/bin/cmake --install /root/distr_slam_ws/build/cartographer
[1.373s] -- Install configuration: "Release"
[1.373s] -- Up-to-date: /root/distr_slam_ws/install/cartographer/share/cartographer/package.xml
[1.373s] -- Up-to-date: /root/distr_slam_ws/install/cartographer/share/cartographer//configuration_files
[1.373s] -- Up-to-date: /root/distr_slam_ws/install/cartographer/share/cartographer//configuration_files/trajectory_builder_2d.lua
[1.374s] -- Up-to-date: /root/distr_slam_ws/install/cartographer/share/cartographer//configuration_files/trajectory_builder_3d.lua
[1.374s] -- Up-to-date: /root/distr_slam_ws/install/cartographer/share/cartographer//configuration_files/pose_graph.lua
[1.374s] -- Up-to-date: /root/distr_slam_ws/install/cartographer/share/cartographer//configuration_files/map_builder.lua
[1.374s] -- Up-to-date: /root/distr_slam_ws/install/cartographer/share/cartographer//configuration_files/map_builder_server.lua
[1.374s] -- Up-to-date: /root/distr_slam_ws/install/cartographer/share/cartographer//configuration_files/trajectory_builder.lua
[1.374s] -- Up-to-date: /root/distr_slam_ws/install/cartographer/share/cartographer//cmake
[1.374s] -- Up-to-date: /root/distr_slam_ws/install/cartographer/share/cartographer//cmake/modules
[1.374s] -- Up-to-date: /root/distr_slam_ws/install/cartographer/share/cartographer//cmake/modules/FindLuaGoogle.cmake
[1.374s] -- Up-to-date: /root/distr_slam_ws/install/cartographer/share/cartographer//cmake/modules/FindSphinx.cmake
[1.374s] -- Up-to-date: /root/distr_slam_ws/install/cartographer/share/cartographer//cmake/modules/FindEigen3.cmake
[1.374s] -- Up-to-date: /root/distr_slam_ws/install/cartographer/share/cartographer//cmake/modules/FindGMock.cmake
[1.375s] -- Up-to-date: /root/distr_slam_ws/install/cartographer/share/cartographer//cmake/functions.cmake
[1.375s] -- Up-to-date: /root/distr_slam_ws/install/cartographer/bin/cartographer_autogenerate_ground_truth
[1.375s] -- Up-to-date: /root/distr_slam_ws/install/cartographer/bin/cartographer_compute_relations_metrics
[1.375s] -- Up-to-date: /root/distr_slam_ws/install/cartographer/bin/cartographer_pbstream
[1.375s] -- Up-to-date: /root/distr_slam_ws/install/cartographer/bin/cartographer_print_configuration
[1.375s] -- Up-to-date: /root/distr_slam_ws/install/cartographer/lib/libcartographer.a
[1.375s] -- Up-to-date: /root/distr_slam_ws/install/cartographer/include/cartographer/common/configuration_file_resolver.h
[1.375s] -- Up-to-date: /root/distr_slam_ws/install/cartographer/include/cartographer/common/fixed_ratio_sampler.h
[1.375s] -- Up-to-date: /root/distr_slam_ws/install/cartographer/include/cartographer/common/histogram.h
[1.376s] -- Up-to-date: /root/distr_slam_ws/install/cartographer/include/cartographer/common/lua.h
[1.376s] -- Up-to-date: /root/distr_slam_ws/install/cartographer/include/cartographer/common/lua_parameter_dictionary.h
[1.376s] -- Up-to-date: /root/distr_slam_ws/install/cartographer/include/cartographer/common/math.h
[1.376s] -- Up-to-date: /root/distr_slam_ws/install/cartographer/include/cartographer/common/port.h
[1.376s] -- Up-to-date: /root/distr_slam_ws/install/cartographer/include/cartographer/common/task.h
[1.376s] -- Up-to-date: /root/distr_slam_ws/install/cartographer/include/cartographer/common/thread_pool.h
[1.376s] -- Up-to-date: /root/distr_slam_ws/install/cartographer/include/cartographer/common/time.h
[1.377s] -- Up-to-date: /root/distr_slam_ws/install/cartographer/include/cartographer/ground_truth/autogenerate_ground_truth.h
[1.377s] -- Up-to-date: /root/distr_slam_ws/install/cartographer/include/cartographer/ground_truth/relations_text_file.h
[1.377s] -- Up-to-date: /root/distr_slam_ws/install/cartographer/include/cartographer/io/color.h
[1.377s] -- Up-to-date: /root/distr_slam_ws/install/cartographer/include/cartographer/io/coloring_points_processor.h
[1.378s] -- Up-to-date: /root/distr_slam_ws/install/cartographer/include/cartographer/io/counting_points_processor.h
[1.378s] -- Up-to-date: /root/distr_slam_ws/install/cartographer/include/cartographer/io/draw_trajectories.h
[1.378s] -- Up-to-date: /root/distr_slam_ws/install/cartographer/include/cartographer/io/file_writer.h
[1.378s] -- Up-to-date: /root/distr_slam_ws/install/cartographer/include/cartographer/io/fixed_ratio_sampling_points_processor.h
[1.379s] -- Up-to-date: /root/distr_slam_ws/install/cartographer/include/cartographer/io/frame_id_filtering_points_processor.h
[1.379s] -- Up-to-date: /root/distr_slam_ws/install/cartographer/include/cartographer/io/hybrid_grid_points_processor.h
[1.379s] -- Up-to-date: /root/distr_slam_ws/install/cartographer/include/cartographer/io/image.h
[1.379s] -- Up-to-date: /root/distr_slam_ws/install/cartographer/include/cartographer/io/intensity_to_color_points_processor.h
[1.379s] -- Up-to-date: /root/distr_slam_ws/install/cartographer/include/cartographer/io/min_max_range_filtering_points_processor.h
[1.380s] -- Up-to-date: /root/distr_slam_ws/install/cartographer/include/cartographer/io/null_points_processor.h
[1.380s] -- Up-to-date: /root/distr_slam_ws/install/cartographer/include/cartographer/io/outlier_removing_points_processor.h
[1.380s] -- Up-to-date: /root/distr_slam_ws/install/cartographer/include/cartographer/io/pcd_writing_points_processor.h
[1.380s] -- Up-to-date: /root/distr_slam_ws/install/cartographer/include/cartographer/io/ply_writing_points_processor.h
[1.380s] -- Up-to-date: /root/distr_slam_ws/install/cartographer/include/cartographer/io/points_batch.h
[1.380s] -- Up-to-date: /root/distr_slam_ws/install/cartographer/include/cartographer/io/points_processor.h
[1.380s] -- Up-to-date: /root/distr_slam_ws/install/cartographer/include/cartographer/io/points_processor_pipeline_builder.h
[1.381s] -- Up-to-date: /root/distr_slam_ws/install/cartographer/include/cartographer/io/probability_grid_points_processor.h
[1.381s] -- Up-to-date: /root/distr_slam_ws/install/cartographer/include/cartographer/io/proto_stream.h
[1.381s] -- Up-to-date: /root/distr_slam_ws/install/cartographer/include/cartographer/io/proto_stream_deserializer.h
[1.381s] -- Up-to-date: /root/distr_slam_ws/install/cartographer/include/cartographer/io/proto_stream_interface.h
[1.381s] -- Up-to-date: /root/distr_slam_ws/install/cartographer/include/cartographer/io/serialization_format_migration.h
[1.381s] -- Up-to-date: /root/distr_slam_ws/install/cartographer/include/cartographer/io/submap_painter.h
[1.381s] -- Up-to-date: /root/distr_slam_ws/install/cartographer/include/cartographer/io/vertical_range_filtering_points_processor.h
[1.381s] -- Up-to-date: /root/distr_slam_ws/install/cartographer/include/cartographer/io/xray_points_processor.h
[1.382s] -- Up-to-date: /root/distr_slam_ws/install/cartographer/include/cartographer/io/xyz_writing_points_processor.h
[1.382s] -- Up-to-date: /root/distr_slam_ws/install/cartographer/include/cartographer/mapping/2d/grid_2d.h
[1.382s] -- Up-to-date: /root/distr_slam_ws/install/cartographer/include/cartographer/mapping/2d/map_limits.h
[1.382s] -- Up-to-date: /root/distr_slam_ws/install/cartographer/include/cartographer/mapping/2d/probability_grid.h
[1.382s] -- Up-to-date: /root/distr_slam_ws/install/cartographer/include/cartographer/mapping/2d/probability_grid_range_data_inserter_2d.h
[1.382s] -- Up-to-date: /root/distr_slam_ws/install/cartographer/include/cartographer/mapping/2d/submap_2d.h
[1.382s] -- Up-to-date: /root/distr_slam_ws/install/cartographer/include/cartographer/mapping/2d/xy_index.h
[1.382s] -- Up-to-date: /root/distr_slam_ws/install/cartographer/include/cartographer/mapping/3d/hybrid_grid.h
[1.382s] -- Up-to-date: /root/distr_slam_ws/install/cartographer/include/cartographer/mapping/3d/range_data_inserter_3d.h
[1.383s] -- Up-to-date: /root/distr_slam_ws/install/cartographer/include/cartographer/mapping/3d/submap_3d.h
[1.383s] -- Up-to-date: /root/distr_slam_ws/install/cartographer/include/cartographer/mapping/detect_floors.h
[1.383s] -- Up-to-date: /root/distr_slam_ws/install/cartographer/include/cartographer/mapping/grid_interface.h
[1.383s] -- Up-to-date: /root/distr_slam_ws/install/cartographer/include/cartographer/mapping/id.h
[1.383s] -- Up-to-date: /root/distr_slam_ws/install/cartographer/include/cartographer/mapping/imu_tracker.h
[1.383s] -- Up-to-date: /root/distr_slam_ws/install/cartographer/include/cartographer/mapping/map_builder.h
[1.383s] -- Up-to-date: /root/distr_slam_ws/install/cartographer/include/cartographer/mapping/map_builder_interface.h
[1.383s] -- Up-to-date: /root/distr_slam_ws/install/cartographer/include/cartographer/mapping/pose_extrapolator.h
[1.383s] -- Up-to-date: /root/distr_slam_ws/install/cartographer/include/cartographer/mapping/pose_extrapolator_interface.h
[1.384s] -- Up-to-date: /root/distr_slam_ws/install/cartographer/include/cartographer/mapping/pose_graph.h
[1.384s] -- Up-to-date: /root/distr_slam_ws/install/cartographer/include/cartographer/mapping/pose_graph_interface.h
[1.384s] -- Up-to-date: /root/distr_slam_ws/install/cartographer/include/cartographer/mapping/pose_graph_trimmer.h
[1.384s] -- Up-to-date: /root/distr_slam_ws/install/cartographer/include/cartographer/mapping/probability_values.h
[1.384s] -- Up-to-date: /root/distr_slam_ws/install/cartographer/include/cartographer/mapping/range_data_inserter_interface.h
[1.384s] -- Up-to-date: /root/distr_slam_ws/install/cartographer/include/cartographer/mapping/submaps.h
[1.384s] -- Up-to-date: /root/distr_slam_ws/install/cartographer/include/cartographer/mapping/trajectory_builder_interface.h
[1.384s] -- Up-to-date: /root/distr_slam_ws/install/cartographer/include/cartographer/mapping/trajectory_node.h
[1.384s] -- Up-to-date: /root/distr_slam_ws/install/cartographer/include/cartographer/mapping/value_conversion_tables.h
[1.385s] -- Up-to-date: /root/distr_slam_ws/install/cartographer/include/cartographer/metrics/counter.h
[1.385s] -- Up-to-date: /root/distr_slam_ws/install/cartographer/include/cartographer/metrics/family_factory.h
[1.385s] -- Up-to-date: /root/distr_slam_ws/install/cartographer/include/cartographer/metrics/gauge.h
[1.385s] -- Up-to-date: /root/distr_slam_ws/install/cartographer/include/cartographer/metrics/histogram.h
[1.385s] -- Up-to-date: /root/distr_slam_ws/install/cartographer/include/cartographer/metrics/register.h
[1.385s] -- Up-to-date: /root/distr_slam_ws/install/cartographer/include/cartographer/sensor/collator_interface.h
[1.385s] -- Up-to-date: /root/distr_slam_ws/install/cartographer/include/cartographer/sensor/compressed_point_cloud.h
[1.385s] -- Up-to-date: /root/distr_slam_ws/install/cartographer/include/cartographer/sensor/data.h
[1.385s] -- Up-to-date: /root/distr_slam_ws/install/cartographer/include/cartographer/sensor/fixed_frame_pose_data.h
[1.385s] -- Up-to-date: /root/distr_slam_ws/install/cartographer/include/cartographer/sensor/imu_data.h
[1.386s] -- Up-to-date: /root/distr_slam_ws/install/cartographer/include/cartographer/sensor/landmark_data.h
[1.386s] -- Up-to-date: /root/distr_slam_ws/install/cartographer/include/cartographer/sensor/map_by_time.h
[1.386s] -- Up-to-date: /root/distr_slam_ws/install/cartographer/include/cartographer/sensor/odometry_data.h
[1.386s] -- Up-to-date: /root/distr_slam_ws/install/cartographer/include/cartographer/sensor/point_cloud.h
[1.386s] -- Up-to-date: /root/distr_slam_ws/install/cartographer/include/cartographer/sensor/range_data.h
[1.386s] -- Up-to-date: /root/distr_slam_ws/install/cartographer/include/cartographer/sensor/rangefinder_point.h
[1.386s] -- Up-to-date: /root/distr_slam_ws/install/cartographer/include/cartographer/sensor/timed_point_cloud_data.h
[1.386s] -- Up-to-date: /root/distr_slam_ws/install/cartographer/include/cartographer/transform/rigid_transform.h
[1.386s] -- Up-to-date: /root/distr_slam_ws/install/cartographer/include/cartographer/transform/timestamped_transform.h
[1.386s] -- Up-to-date: /root/distr_slam_ws/install/cartographer/include/cartographer/transform/transform.h
[1.386s] -- Up-to-date: /root/distr_slam_ws/install/cartographer/include/cartographer/transform/transform_interpolation_buffer.h
[1.386s] -- Up-to-date: /root/distr_slam_ws/install/cartographer/include/cartographer/io/fake_file_writer.h
[1.387s] -- Up-to-date: /root/distr_slam_ws/install/cartographer/include/cartographer/transform/rigid_transform_test_helpers.h
[1.387s] -- Up-to-date: /root/distr_slam_ws/install/cartographer/include/cartographer/common/proto/ceres_solver_options.pb.h
[1.387s] -- Up-to-date: /root/distr_slam_ws/install/cartographer/include/cartographer/ground_truth/proto/relations.pb.h
[1.387s] -- Up-to-date: /root/distr_slam_ws/install/cartographer/include/cartographer/mapping/proto/cell_limits_2d.pb.h
[1.387s] -- Up-to-date: /root/distr_slam_ws/install/cartographer/include/cartographer/mapping/proto/connected_components.pb.h
[1.387s] -- Up-to-date: /root/distr_slam_ws/install/cartographer/include/cartographer/mapping/proto/grid_2d.pb.h
[1.388s] -- Up-to-date: /root/distr_slam_ws/install/cartographer/include/cartographer/mapping/proto/grid_2d_options.pb.h
[1.388s] -- Up-to-date: /root/distr_slam_ws/install/cartographer/include/cartographer/mapping/proto/hybrid_grid.pb.h
[1.388s] -- Up-to-date: /root/distr_slam_ws/install/cartographer/include/cartographer/mapping/proto/local_trajectory_builder_options_2d.pb.h
[1.388s] -- Up-to-date: /root/distr_slam_ws/install/cartographer/include/cartographer/mapping/proto/local_trajectory_builder_options_3d.pb.h
[1.389s] -- Up-to-date: /root/distr_slam_ws/install/cartographer/include/cartographer/mapping/proto/map_builder_options.pb.h
[1.389s] -- Up-to-date: /root/distr_slam_ws/install/cartographer/include/cartographer/mapping/proto/map_limits.pb.h
[1.389s] -- Up-to-date: /root/distr_slam_ws/install/cartographer/include/cartographer/mapping/proto/motion_filter_options.pb.h
[1.389s] -- Up-to-date: /root/distr_slam_ws/install/cartographer/include/cartographer/mapping/proto/normal_estimation_options_2d.pb.h
[1.390s] -- Up-to-date: /root/distr_slam_ws/install/cartographer/include/cartographer/mapping/proto/pose_extrapolator_options.pb.h
[1.390s] -- Up-to-date: /root/distr_slam_ws/install/cartographer/include/cartographer/mapping/proto/pose_graph.pb.h
[1.391s] -- Up-to-date: /root/distr_slam_ws/install/cartographer/include/cartographer/mapping/proto/pose_graph/constraint_builder_options.pb.h
[1.391s] -- Up-to-date: /root/distr_slam_ws/install/cartographer/include/cartographer/mapping/proto/pose_graph/optimization_problem_options.pb.h
[1.391s] -- Up-to-date: /root/distr_slam_ws/install/cartographer/include/cartographer/mapping/proto/pose_graph_options.pb.h
[1.391s] -- Up-to-date: /root/distr_slam_ws/install/cartographer/include/cartographer/mapping/proto/probability_grid.pb.h
[1.391s] -- Up-to-date: /root/distr_slam_ws/install/cartographer/include/cartographer/mapping/proto/probability_grid_range_data_inserter_options_2d.pb.h
[1.392s] -- Up-to-date: /root/distr_slam_ws/install/cartographer/include/cartographer/mapping/proto/range_data_inserter_options.pb.h
[1.392s] -- Up-to-date: /root/distr_slam_ws/install/cartographer/include/cartographer/mapping/proto/range_data_inserter_options_3d.pb.h
[1.392s] -- Up-to-date: /root/distr_slam_ws/install/cartographer/include/cartographer/mapping/proto/scan_matching/ceres_scan_matcher_options_2d.pb.h
[1.392s] -- Up-to-date: /root/distr_slam_ws/install/cartographer/include/cartographer/mapping/proto/scan_matching/ceres_scan_matcher_options_3d.pb.h
[1.392s] -- Up-to-date: /root/distr_slam_ws/install/cartographer/include/cartographer/mapping/proto/scan_matching/fast_correlative_scan_matcher_options_2d.pb.h
[1.392s] -- Up-to-date: /root/distr_slam_ws/install/cartographer/include/cartographer/mapping/proto/scan_matching/fast_correlative_scan_matcher_options_3d.pb.h
[1.392s] -- Up-to-date: /root/distr_slam_ws/install/cartographer/include/cartographer/mapping/proto/scan_matching/real_time_correlative_scan_matcher_options.pb.h
[1.393s] -- Up-to-date: /root/distr_slam_ws/install/cartographer/include/cartographer/mapping/proto/serialization.pb.h
[1.393s] -- Up-to-date: /root/distr_slam_ws/install/cartographer/include/cartographer/mapping/proto/submap.pb.h
[1.393s] -- Up-to-date: /root/distr_slam_ws/install/cartographer/include/cartographer/mapping/proto/submap_visualization.pb.h
[1.393s] -- Up-to-date: /root/distr_slam_ws/install/cartographer/include/cartographer/mapping/proto/submaps_options_2d.pb.h
[1.393s] -- Up-to-date: /root/distr_slam_ws/install/cartographer/include/cartographer/mapping/proto/submaps_options_3d.pb.h
[1.393s] -- Up-to-date: /root/distr_slam_ws/install/cartographer/include/cartographer/mapping/proto/trajectory.pb.h
[1.394s] -- Up-to-date: /root/distr_slam_ws/install/cartographer/include/cartographer/mapping/proto/trajectory_builder_options.pb.h
[1.394s] -- Up-to-date: /root/distr_slam_ws/install/cartographer/include/cartographer/mapping/proto/trajectory_node_data.pb.h
[1.394s] -- Up-to-date: /root/distr_slam_ws/install/cartographer/include/cartographer/mapping/proto/tsdf_2d.pb.h
[1.394s] -- Up-to-date: /root/distr_slam_ws/install/cartographer/include/cartographer/mapping/proto/tsdf_range_data_inserter_options_2d.pb.h
[1.394s] -- Up-to-date: /root/distr_slam_ws/install/cartographer/include/cartographer/sensor/proto/adaptive_voxel_filter_options.pb.h
[1.394s] -- Up-to-date: /root/distr_slam_ws/install/cartographer/include/cartographer/sensor/proto/sensor.pb.h
[1.394s] -- Up-to-date: /root/distr_slam_ws/install/cartographer/include/cartographer/transform/proto/timestamped_transform.pb.h
[1.394s] -- Up-to-date: /root/distr_slam_ws/install/cartographer/include/cartographer/transform/proto/transform.pb.h
[1.394s] -- Up-to-date: /root/distr_slam_ws/install/cartographer/share/cartographer/cmake/CartographerTargets.cmake
[1.394s] -- Up-to-date: /root/distr_slam_ws/install/cartographer/share/cartographer/cmake/CartographerTargets-release.cmake
[1.394s] -- Up-to-date: /root/distr_slam_ws/install/cartographer/share/cartographer/cartographer-config.cmake
[1.395s] Invoked command in '/root/distr_slam_ws/build/cartographer' returned '0': CMAKE_PREFIX_PATH=${CMAKE_PREFIX_PATH}:/opt/ros/jazzy /usr/bin/cmake --install /root/distr_slam_ws/build/cartographer
