[0.011s] Invoking command in '/root/distr_slam_ws/build/cartographer_ros': CMAKE_PREFIX_PATH=/root/distr_slam_ws/install/cartographer_ros_msgs:/root/distr_slam_ws/install/cartographer:/root/distr_slam_ws/install/cartographer_rviz:/root/distr_slam_ws/install/cartographer_ros:/opt/ros/jazzy/opt/gz_math_vendor:/opt/ros/jazzy/opt/gz_utils_vendor:/opt/ros/jazzy/opt/gz_cmake_vendor:/opt/ros/jazzy LD_LIBRARY_PATH=/root/distr_slam_ws/install/cartographer_ros_msgs/lib:/root/distr_slam_ws/install/cartographer_rviz/lib:/root/distr_slam_ws/install/cartographer_ros/lib:/opt/ros/jazzy/opt/rviz_ogre_vendor/lib:/opt/ros/jazzy/lib/x86_64-linux-gnu:/opt/ros/jazzy/opt/gz_math_vendor/lib:/opt/ros/jazzy/opt/gz_utils_vendor/lib:/opt/ros/jazzy/opt/gz_cmake_vendor/lib:/opt/ros/jazzy/lib /usr/bin/cmake --build /root/distr_slam_ws/build/cartographer_ros -- -j24 -l24
[0.131s] [ 60%] Built target cartographer_ros
[0.152s] [ 65%] [32m[1mLinking CXX executable cartographer_pbstream_map_publisher[0m
[0.153s] [ 65%] [32m[1mLinking CXX executable cartographer_pbstream_to_ros_map[0m
[0.153s] [ 68%] [32m[1mLinking CXX executable cartographer_rosbag_validate[0m
[0.154s] [ 71%] [32m[1mLinking CXX executable cartographer_offline_node[0m
[0.157s] [ 77%] Built target cartographer_node
[0.157s] [ 80%] [32m[1mLinking CXX executable cartographer_assets_writer[0m
[0.158s] [ 82%] [32m[1mLinking CXX executable cartographer_occupancy_grid_node[0m
[6.105s] /usr/bin/ld: libcartographer_ros.so: undefined reference to `fLB::FLAGS_collect_metrics'
[6.129s] /usr/bin/ld: libcartographer_ros.so: undefined reference to `fLB::FLAGS_collect_metrics'
[6.136s] collect2: error: ld returned 1 exit status
[6.139s] gmake[2]: *** [CMakeFiles/cartographer_rosbag_validate.dir/build.make:290: cartographer_rosbag_validate] Error 1
[6.140s] gmake[1]: *** [CMakeFiles/Makefile2:333: CMakeFiles/cartographer_rosbag_validate.dir/all] Error 2
[6.140s] gmake[1]: *** Waiting for unfinished jobs....
[6.155s] collect2: error: ld returned 1 exit status
[6.157s] gmake[2]: *** [CMakeFiles/cartographer_assets_writer.dir/build.make:288: cartographer_assets_writer] Error 1
[6.158s] gmake[1]: *** [CMakeFiles/Makefile2:255: CMakeFiles/cartographer_assets_writer.dir/all] Error 2
[6.184s] /usr/bin/ld: libcartographer_ros.so: undefined reference to `fLB::FLAGS_collect_metrics'
[6.207s] collect2: error: ld returned 1 exit status
[6.210s] gmake[2]: *** [CMakeFiles/cartographer_pbstream_to_ros_map.dir/build.make:288: cartographer_pbstream_to_ros_map] Error 1
[6.210s] gmake[1]: *** [CMakeFiles/Makefile2:307: CMakeFiles/cartographer_pbstream_to_ros_map.dir/all] Error 2
[6.270s] /usr/bin/ld: libcartographer_ros.so: undefined reference to `fLB::FLAGS_collect_metrics'
[6.284s] collect2: error: ld returned 1 exit status
[6.286s] gmake[2]: *** [CMakeFiles/cartographer_pbstream_map_publisher.dir/build.make:288: cartographer_pbstream_map_publisher] Error 1
[6.286s] gmake[1]: *** [CMakeFiles/Makefile2:281: CMakeFiles/cartographer_pbstream_map_publisher.dir/all] Error 2
[6.319s] /usr/bin/ld: libcartographer_ros.so: undefined reference to `fLB::FLAGS_collect_metrics'
[6.331s] collect2: error: ld returned 1 exit status
[6.332s] gmake[2]: *** [CMakeFiles/cartographer_offline_node.dir/build.make:288: cartographer_offline_node] Error 1
[6.332s] gmake[1]: *** [CMakeFiles/Makefile2:229: CMakeFiles/cartographer_offline_node.dir/all] Error 2
[6.387s] /usr/bin/ld: libcartographer_ros.so: undefined reference to `fLB::FLAGS_collect_metrics'
[6.405s] collect2: error: ld returned 1 exit status
[6.406s] gmake[2]: *** [CMakeFiles/cartographer_occupancy_grid_node.dir/build.make:288: cartographer_occupancy_grid_node] Error 1
[6.407s] gmake[1]: *** [CMakeFiles/Makefile2:203: CMakeFiles/cartographer_occupancy_grid_node.dir/all] Error 2
[6.407s] gmake: *** [Makefile:146: all] Error 2
[6.408s] Invoked command in '/root/distr_slam_ws/build/cartographer_ros' returned '2': CMAKE_PREFIX_PATH=/root/distr_slam_ws/install/cartographer_ros_msgs:/root/distr_slam_ws/install/cartographer:/root/distr_slam_ws/install/cartographer_rviz:/root/distr_slam_ws/install/cartographer_ros:/opt/ros/jazzy/opt/gz_math_vendor:/opt/ros/jazzy/opt/gz_utils_vendor:/opt/ros/jazzy/opt/gz_cmake_vendor:/opt/ros/jazzy LD_LIBRARY_PATH=/root/distr_slam_ws/install/cartographer_ros_msgs/lib:/root/distr_slam_ws/install/cartographer_rviz/lib:/root/distr_slam_ws/install/cartographer_ros/lib:/opt/ros/jazzy/opt/rviz_ogre_vendor/lib:/opt/ros/jazzy/lib/x86_64-linux-gnu:/opt/ros/jazzy/opt/gz_math_vendor/lib:/opt/ros/jazzy/opt/gz_utils_vendor/lib:/opt/ros/jazzy/opt/gz_cmake_vendor/lib:/opt/ros/jazzy/lib /usr/bin/cmake --build /root/distr_slam_ws/build/cartographer_ros -- -j24 -l24
