[0.006s] Invoking command in '/root/distr_slam_ws/build/cartographer': CMAKE_PREFIX_PATH=${CMAKE_PREFIX_PATH}:/opt/ros/jazzy /usr/bin/cmake /root/distr_slam_ws/src/cartographer -DCMAKE_INSTALL_PREFIX=/root/distr_slam_ws/install/cartographer
[0.056s] -- The C compiler identification is GNU 13.3.0
[0.105s] -- The CXX compiler identification is GNU 13.3.0
[0.113s] -- Detecting C compiler ABI info
[0.209s] -- Detecting C compiler ABI info - done
[0.230s] -- Check for working C compiler: /usr/bin/cc - skipped
[0.230s] -- Detecting C compile features
[0.231s] -- Detecting C compile features - done
[0.239s] -- Detecting CXX compiler ABI info
[0.363s] -- Detecting CXX compiler ABI info - done
[0.368s] -- Check for working CXX compiler: /usr/bin/c++ - skipped
[0.368s] -- Detecting CXX compile features
[0.368s] -- Detecting CXX compile features - done
[0.368s] -- Build type: Release
[0.374s] Files /root/distr_slam_ws/build/cartographer/AllFiles.cmake and - differ
[0.488s] -- Found Python3: /usr/bin/python3 (found version "3.12.3") found components: Interpreter 
[0.489s] -- Performing Test CMAKE_HAVE_LIBC_PTHREAD
[0.550s] -- Performing Test CMAKE_HAVE_LIBC_PTHREAD - Success
[0.551s] -- Found Threads: TRUE  
[0.555s] -- Found GMock: gmock_main  
[0.561s] [31mCMake Error at CMakeLists.txt:32 (find_package):
[0.562s]   By not providing "Findabsl.cmake" in CMAKE_MODULE_PATH this project has
[0.562s]   asked CMake to find a package configuration file provided by "absl", but
[0.562s]   CMake did not find one.
[0.562s] 
[0.562s]   Could not find a package configuration file provided by "absl" with any of
[0.562s]   the following names:
[0.562s] 
[0.562s]     abslConfig.cmake
[0.562s]     absl-config.cmake
[0.562s] 
[0.562s]   Add the installation prefix of "absl" to CMAKE_PREFIX_PATH or set
[0.562s]   "absl_DIR" to a directory containing one of the above files.  If "absl"
[0.562s]   provides a separate development package or SDK, be sure it has been
[0.562s]   installed.
[0.562s] 
[0.562s] [0m
[0.562s] -- Configuring incomplete, errors occurred!
[0.565s] Invoked command in '/root/distr_slam_ws/build/cartographer' returned '1': CMAKE_PREFIX_PATH=${CMAKE_PREFIX_PATH}:/opt/ros/jazzy /usr/bin/cmake /root/distr_slam_ws/src/cartographer -DCMAKE_INSTALL_PREFIX=/root/distr_slam_ws/install/cartographer
