[0.186s] DEBUG:colcon:Command line arguments: ['/usr/bin/colcon', 'build']
[0.186s] DEBUG:colcon:Parsed command line arguments: Namespace(log_base=None, log_level=None, verb_name='build', build_base='build', install_base='install', merge_install=False, symlink_install=False, test_result_base=None, continue_on_error=False, executor='parallel', parallel_workers=8, event_handlers=None, ignore_user_meta=False, metas=['./colcon.meta'], base_paths=['.'], packages_ignore=None, packages_ignore_regex=None, paths=None, packages_up_to=None, packages_up_to_regex=None, packages_above=None, packages_above_and_dependencies=None, packages_above_depth=None, packages_select_by_dep=None, packages_skip_by_dep=None, packages_skip_up_to=None, packages_select_build_failed=False, packages_skip_build_finished=False, packages_select_test_failures=False, packages_skip_test_passed=False, packages_select=None, packages_skip=None, packages_select_regex=None, packages_skip_regex=None, packages_start=None, packages_end=None, cmake_args=None, cmake_target=None, cmake_target_skip_unavailable=False, cmake_clean_cache=False, cmake_clean_first=False, cmake_force_configure=False, ament_cmake_args=None, catkin_cmake_args=None, catkin_skip_building_tests=False, mixin_files=None, mixin=None, verb_parser=<colcon_mixin.mixin.mixin_argument.MixinArgumentDecorator object at 0x797ccf5e5eb0>, verb_extension=<colcon_core.verb.build.BuildVerb object at 0x797ccf5e5b80>, main=<bound method BuildVerb.main of <colcon_core.verb.build.BuildVerb object at 0x797ccf5e5b80>>, mixin_verb=('build',))
[0.253s] Level 1:colcon.colcon_core.package_discovery:discover_packages(colcon_meta) check parameters
[0.254s] INFO:colcon.colcon_metadata.package_discovery.colcon_meta:Using configuration from '/root/.colcon/metadata/default/Gazebo.meta'
[0.255s] INFO:colcon.colcon_metadata.package_discovery.colcon_meta:Using configuration from '/root/.colcon/metadata/default/fastdds.meta'
[0.255s] INFO:colcon.colcon_metadata.package_discovery.colcon_meta:Using configuration from '/root/.colcon/metadata/default/fastrtps.meta'
[0.255s] Level 1:colcon.colcon_core.package_discovery:discover_packages(recursive) check parameters
[0.255s] Level 1:colcon.colcon_core.package_discovery:discover_packages(ignore) check parameters
[0.255s] Level 1:colcon.colcon_core.package_discovery:discover_packages(path) check parameters
[0.255s] Level 1:colcon.colcon_core.package_discovery:discover_packages(colcon_meta) discover
[0.256s] Level 1:colcon.colcon_core.package_discovery:discover_packages(recursive) discover
[0.256s] INFO:colcon.colcon_core.package_discovery:Crawling recursively for packages in '/root/distr_slam_ws'
[0.256s] Level 1:colcon.colcon_core.package_identification:_identify(.) by extensions ['ignore', 'ignore_ament_install']
[0.256s] Level 1:colcon.colcon_core.package_identification:_identify(.) by extension 'ignore'
[0.256s] Level 1:colcon.colcon_core.package_identification:_identify(.) by extension 'ignore_ament_install'
[0.256s] Level 1:colcon.colcon_core.package_identification:_identify(.) by extensions ['colcon_pkg']
[0.256s] Level 1:colcon.colcon_core.package_identification:_identify(.) by extension 'colcon_pkg'
[0.256s] Level 1:colcon.colcon_core.package_identification:_identify(.) by extensions ['colcon_meta']
[0.256s] Level 1:colcon.colcon_core.package_identification:_identify(.) by extension 'colcon_meta'
[0.256s] Level 1:colcon.colcon_core.package_identification:_identify(.) by extensions ['ros']
[0.256s] Level 1:colcon.colcon_core.package_identification:_identify(.) by extension 'ros'
[0.296s] Level 1:colcon.colcon_core.package_identification:_identify(.) by extensions ['cmake', 'python']
[0.296s] Level 1:colcon.colcon_core.package_identification:_identify(.) by extension 'cmake'
[0.296s] Level 1:colcon.colcon_core.package_identification:_identify(.) by extension 'python'
[0.296s] Level 1:colcon.colcon_core.package_identification:_identify(.) by extensions ['python_setup_py']
[0.296s] Level 1:colcon.colcon_core.package_identification:_identify(.) by extension 'python_setup_py'
[0.296s] Level 1:colcon.colcon_core.package_identification:_identify(build) by extensions ['ignore', 'ignore_ament_install']
[0.296s] Level 1:colcon.colcon_core.package_identification:_identify(build) by extension 'ignore'
[0.296s] Level 1:colcon.colcon_core.package_identification:_identify(build) ignored
[0.296s] Level 1:colcon.colcon_core.package_identification:_identify(install) by extensions ['ignore', 'ignore_ament_install']
[0.297s] Level 1:colcon.colcon_core.package_identification:_identify(install) by extension 'ignore'
[0.297s] Level 1:colcon.colcon_core.package_identification:_identify(install) ignored
[0.297s] Level 1:colcon.colcon_core.package_identification:_identify(log) by extensions ['ignore', 'ignore_ament_install']
[0.297s] Level 1:colcon.colcon_core.package_identification:_identify(log) by extension 'ignore'
[0.297s] Level 1:colcon.colcon_core.package_identification:_identify(log) ignored
[0.297s] Level 1:colcon.colcon_core.package_identification:_identify(src) by extensions ['ignore', 'ignore_ament_install']
[0.297s] Level 1:colcon.colcon_core.package_identification:_identify(src) by extension 'ignore'
[0.297s] Level 1:colcon.colcon_core.package_identification:_identify(src) by extension 'ignore_ament_install'
[0.297s] Level 1:colcon.colcon_core.package_identification:_identify(src) by extensions ['colcon_pkg']
[0.297s] Level 1:colcon.colcon_core.package_identification:_identify(src) by extension 'colcon_pkg'
[0.297s] Level 1:colcon.colcon_core.package_identification:_identify(src) by extensions ['colcon_meta']
[0.297s] Level 1:colcon.colcon_core.package_identification:_identify(src) by extension 'colcon_meta'
[0.297s] Level 1:colcon.colcon_core.package_identification:_identify(src) by extensions ['ros']
[0.298s] Level 1:colcon.colcon_core.package_identification:_identify(src) by extension 'ros'
[0.298s] Level 1:colcon.colcon_core.package_identification:_identify(src) by extensions ['cmake', 'python']
[0.298s] Level 1:colcon.colcon_core.package_identification:_identify(src) by extension 'cmake'
[0.298s] Level 1:colcon.colcon_core.package_identification:_identify(src) by extension 'python'
[0.298s] Level 1:colcon.colcon_core.package_identification:_identify(src) by extensions ['python_setup_py']
[0.298s] Level 1:colcon.colcon_core.package_identification:_identify(src) by extension 'python_setup_py'
[0.298s] Level 1:colcon.colcon_core.package_identification:_identify(src/cartographer) by extensions ['ignore', 'ignore_ament_install']
[0.298s] Level 1:colcon.colcon_core.package_identification:_identify(src/cartographer) by extension 'ignore'
[0.298s] Level 1:colcon.colcon_core.package_identification:_identify(src/cartographer) by extension 'ignore_ament_install'
[0.298s] Level 1:colcon.colcon_core.package_identification:_identify(src/cartographer) by extensions ['colcon_pkg']
[0.298s] Level 1:colcon.colcon_core.package_identification:_identify(src/cartographer) by extension 'colcon_pkg'
[0.298s] Level 1:colcon.colcon_core.package_identification:_identify(src/cartographer) by extensions ['colcon_meta']
[0.298s] Level 1:colcon.colcon_core.package_identification:_identify(src/cartographer) by extension 'colcon_meta'
[0.298s] Level 1:colcon.colcon_core.package_identification:_identify(src/cartographer) by extensions ['ros']
[0.298s] Level 1:colcon.colcon_core.package_identification:_identify(src/cartographer) by extension 'ros'
[0.303s] DEBUG:colcon.colcon_core.package_identification:Package 'src/cartographer' with type 'ros.cmake' and name 'cartographer'
[0.303s] Level 1:colcon.colcon_core.package_identification:_identify(src/cartographer_ros) by extensions ['ignore', 'ignore_ament_install']
[0.303s] Level 1:colcon.colcon_core.package_identification:_identify(src/cartographer_ros) by extension 'ignore'
[0.303s] Level 1:colcon.colcon_core.package_identification:_identify(src/cartographer_ros) by extension 'ignore_ament_install'
[0.303s] Level 1:colcon.colcon_core.package_identification:_identify(src/cartographer_ros) by extensions ['colcon_pkg']
[0.303s] Level 1:colcon.colcon_core.package_identification:_identify(src/cartographer_ros) by extension 'colcon_pkg'
[0.303s] Level 1:colcon.colcon_core.package_identification:_identify(src/cartographer_ros) by extensions ['colcon_meta']
[0.303s] Level 1:colcon.colcon_core.package_identification:_identify(src/cartographer_ros) by extension 'colcon_meta'
[0.303s] Level 1:colcon.colcon_core.package_identification:_identify(src/cartographer_ros) by extensions ['ros']
[0.303s] Level 1:colcon.colcon_core.package_identification:_identify(src/cartographer_ros) by extension 'ros'
[0.304s] Level 1:colcon.colcon_core.package_identification:_identify(src/cartographer_ros) by extensions ['cmake', 'python']
[0.304s] Level 1:colcon.colcon_core.package_identification:_identify(src/cartographer_ros) by extension 'cmake'
[0.304s] Level 1:colcon.colcon_core.package_identification:_identify(src/cartographer_ros) by extension 'python'
[0.304s] Level 1:colcon.colcon_core.package_identification:_identify(src/cartographer_ros) by extensions ['python_setup_py']
[0.304s] Level 1:colcon.colcon_core.package_identification:_identify(src/cartographer_ros) by extension 'python_setup_py'
[0.304s] Level 1:colcon.colcon_core.package_identification:_identify(src/cartographer_ros/cartographer_ros) by extensions ['ignore', 'ignore_ament_install']
[0.304s] Level 1:colcon.colcon_core.package_identification:_identify(src/cartographer_ros/cartographer_ros) by extension 'ignore'
[0.304s] Level 1:colcon.colcon_core.package_identification:_identify(src/cartographer_ros/cartographer_ros) by extension 'ignore_ament_install'
[0.304s] Level 1:colcon.colcon_core.package_identification:_identify(src/cartographer_ros/cartographer_ros) by extensions ['colcon_pkg']
[0.304s] Level 1:colcon.colcon_core.package_identification:_identify(src/cartographer_ros/cartographer_ros) by extension 'colcon_pkg'
[0.304s] Level 1:colcon.colcon_core.package_identification:_identify(src/cartographer_ros/cartographer_ros) by extensions ['colcon_meta']
[0.304s] Level 1:colcon.colcon_core.package_identification:_identify(src/cartographer_ros/cartographer_ros) by extension 'colcon_meta'
[0.304s] Level 1:colcon.colcon_core.package_identification:_identify(src/cartographer_ros/cartographer_ros) by extensions ['ros']
[0.304s] Level 1:colcon.colcon_core.package_identification:_identify(src/cartographer_ros/cartographer_ros) by extension 'ros'
[0.307s] DEBUG:colcon.colcon_core.package_identification:Package 'src/cartographer_ros/cartographer_ros' with type 'ros.ament_cmake' and name 'cartographer_ros'
[0.307s] Level 1:colcon.colcon_core.package_identification:_identify(src/cartographer_ros/cartographer_ros_msgs) by extensions ['ignore', 'ignore_ament_install']
[0.307s] Level 1:colcon.colcon_core.package_identification:_identify(src/cartographer_ros/cartographer_ros_msgs) by extension 'ignore'
[0.308s] Level 1:colcon.colcon_core.package_identification:_identify(src/cartographer_ros/cartographer_ros_msgs) by extension 'ignore_ament_install'
[0.308s] Level 1:colcon.colcon_core.package_identification:_identify(src/cartographer_ros/cartographer_ros_msgs) by extensions ['colcon_pkg']
[0.308s] Level 1:colcon.colcon_core.package_identification:_identify(src/cartographer_ros/cartographer_ros_msgs) by extension 'colcon_pkg'
[0.308s] Level 1:colcon.colcon_core.package_identification:_identify(src/cartographer_ros/cartographer_ros_msgs) by extensions ['colcon_meta']
[0.308s] Level 1:colcon.colcon_core.package_identification:_identify(src/cartographer_ros/cartographer_ros_msgs) by extension 'colcon_meta'
[0.308s] Level 1:colcon.colcon_core.package_identification:_identify(src/cartographer_ros/cartographer_ros_msgs) by extensions ['ros']
[0.308s] Level 1:colcon.colcon_core.package_identification:_identify(src/cartographer_ros/cartographer_ros_msgs) by extension 'ros'
[0.309s] DEBUG:colcon.colcon_core.package_identification:Package 'src/cartographer_ros/cartographer_ros_msgs' with type 'ros.ament_cmake' and name 'cartographer_ros_msgs'
[0.309s] Level 1:colcon.colcon_core.package_identification:_identify(src/cartographer_ros/cartographer_rviz) by extensions ['ignore', 'ignore_ament_install']
[0.309s] Level 1:colcon.colcon_core.package_identification:_identify(src/cartographer_ros/cartographer_rviz) by extension 'ignore'
[0.309s] Level 1:colcon.colcon_core.package_identification:_identify(src/cartographer_ros/cartographer_rviz) by extension 'ignore_ament_install'
[0.309s] Level 1:colcon.colcon_core.package_identification:_identify(src/cartographer_ros/cartographer_rviz) by extensions ['colcon_pkg']
[0.309s] Level 1:colcon.colcon_core.package_identification:_identify(src/cartographer_ros/cartographer_rviz) by extension 'colcon_pkg'
[0.309s] Level 1:colcon.colcon_core.package_identification:_identify(src/cartographer_ros/cartographer_rviz) by extensions ['colcon_meta']
[0.309s] Level 1:colcon.colcon_core.package_identification:_identify(src/cartographer_ros/cartographer_rviz) by extension 'colcon_meta'
[0.309s] Level 1:colcon.colcon_core.package_identification:_identify(src/cartographer_ros/cartographer_rviz) by extensions ['ros']
[0.309s] Level 1:colcon.colcon_core.package_identification:_identify(src/cartographer_ros/cartographer_rviz) by extension 'ros'
[0.311s] DEBUG:colcon.colcon_core.package_identification:Package 'src/cartographer_ros/cartographer_rviz' with type 'ros.ament_cmake' and name 'cartographer_rviz'
[0.311s] Level 1:colcon.colcon_core.package_identification:_identify(src/cartographer_ros/docs) by extensions ['ignore', 'ignore_ament_install']
[0.311s] Level 1:colcon.colcon_core.package_identification:_identify(src/cartographer_ros/docs) by extension 'ignore'
[0.311s] Level 1:colcon.colcon_core.package_identification:_identify(src/cartographer_ros/docs) ignored
[0.311s] Level 1:colcon.colcon_core.package_identification:_identify(src/cartographer_ros/scripts) by extensions ['ignore', 'ignore_ament_install']
[0.311s] Level 1:colcon.colcon_core.package_identification:_identify(src/cartographer_ros/scripts) by extension 'ignore'
[0.311s] Level 1:colcon.colcon_core.package_identification:_identify(src/cartographer_ros/scripts) by extension 'ignore_ament_install'
[0.311s] Level 1:colcon.colcon_core.package_identification:_identify(src/cartographer_ros/scripts) by extensions ['colcon_pkg']
[0.311s] Level 1:colcon.colcon_core.package_identification:_identify(src/cartographer_ros/scripts) by extension 'colcon_pkg'
[0.312s] Level 1:colcon.colcon_core.package_identification:_identify(src/cartographer_ros/scripts) by extensions ['colcon_meta']
[0.312s] Level 1:colcon.colcon_core.package_identification:_identify(src/cartographer_ros/scripts) by extension 'colcon_meta'
[0.312s] Level 1:colcon.colcon_core.package_identification:_identify(src/cartographer_ros/scripts) by extensions ['ros']
[0.312s] Level 1:colcon.colcon_core.package_identification:_identify(src/cartographer_ros/scripts) by extension 'ros'
[0.312s] Level 1:colcon.colcon_core.package_identification:_identify(src/cartographer_ros/scripts) by extensions ['cmake', 'python']
[0.312s] Level 1:colcon.colcon_core.package_identification:_identify(src/cartographer_ros/scripts) by extension 'cmake'
[0.312s] Level 1:colcon.colcon_core.package_identification:_identify(src/cartographer_ros/scripts) by extension 'python'
[0.312s] Level 1:colcon.colcon_core.package_identification:_identify(src/cartographer_ros/scripts) by extensions ['python_setup_py']
[0.312s] Level 1:colcon.colcon_core.package_identification:_identify(src/cartographer_ros/scripts) by extension 'python_setup_py'
[0.312s] Level 1:colcon.colcon_core.package_discovery:discover_packages(recursive) using defaults
[0.312s] Level 1:colcon.colcon_core.package_discovery:discover_packages(ignore) discover
[0.312s] Level 1:colcon.colcon_core.package_discovery:discover_packages(ignore) using defaults
[0.312s] Level 1:colcon.colcon_core.package_discovery:discover_packages(path) discover
[0.312s] Level 1:colcon.colcon_core.package_discovery:discover_packages(path) using defaults
[0.341s] Level 5:colcon.colcon_core.verb:set package 'cartographer' build argument 'cmake_args' from command line to 'None'
[0.341s] Level 5:colcon.colcon_core.verb:set package 'cartographer' build argument 'cmake_target' from command line to 'None'
[0.341s] Level 5:colcon.colcon_core.verb:set package 'cartographer' build argument 'cmake_target_skip_unavailable' from command line to 'False'
[0.341s] Level 5:colcon.colcon_core.verb:set package 'cartographer' build argument 'cmake_clean_cache' from command line to 'False'
[0.341s] Level 5:colcon.colcon_core.verb:set package 'cartographer' build argument 'cmake_clean_first' from command line to 'False'
[0.341s] Level 5:colcon.colcon_core.verb:set package 'cartographer' build argument 'cmake_force_configure' from command line to 'False'
[0.341s] Level 5:colcon.colcon_core.verb:set package 'cartographer' build argument 'ament_cmake_args' from command line to 'None'
[0.341s] Level 5:colcon.colcon_core.verb:set package 'cartographer' build argument 'catkin_cmake_args' from command line to 'None'
[0.341s] Level 5:colcon.colcon_core.verb:set package 'cartographer' build argument 'catkin_skip_building_tests' from command line to 'False'
[0.341s] DEBUG:colcon.colcon_core.verb:Building package 'cartographer' with the following arguments: {'ament_cmake_args': None, 'build_base': '/root/distr_slam_ws/build/cartographer', 'catkin_cmake_args': None, 'catkin_skip_building_tests': False, 'cmake_args': None, 'cmake_clean_cache': False, 'cmake_clean_first': False, 'cmake_force_configure': False, 'cmake_target': None, 'cmake_target_skip_unavailable': False, 'install_base': '/root/distr_slam_ws/install/cartographer', 'merge_install': False, 'path': '/root/distr_slam_ws/src/cartographer', 'symlink_install': False, 'test_result_base': None}
[0.341s] Level 5:colcon.colcon_core.verb:set package 'cartographer_ros_msgs' build argument 'cmake_args' from command line to 'None'
[0.341s] Level 5:colcon.colcon_core.verb:set package 'cartographer_ros_msgs' build argument 'cmake_target' from command line to 'None'
[0.341s] Level 5:colcon.colcon_core.verb:set package 'cartographer_ros_msgs' build argument 'cmake_target_skip_unavailable' from command line to 'False'
[0.342s] Level 5:colcon.colcon_core.verb:set package 'cartographer_ros_msgs' build argument 'cmake_clean_cache' from command line to 'False'
[0.342s] Level 5:colcon.colcon_core.verb:set package 'cartographer_ros_msgs' build argument 'cmake_clean_first' from command line to 'False'
[0.342s] Level 5:colcon.colcon_core.verb:set package 'cartographer_ros_msgs' build argument 'cmake_force_configure' from command line to 'False'
[0.342s] Level 5:colcon.colcon_core.verb:set package 'cartographer_ros_msgs' build argument 'ament_cmake_args' from command line to 'None'
[0.342s] Level 5:colcon.colcon_core.verb:set package 'cartographer_ros_msgs' build argument 'catkin_cmake_args' from command line to 'None'
[0.342s] Level 5:colcon.colcon_core.verb:set package 'cartographer_ros_msgs' build argument 'catkin_skip_building_tests' from command line to 'False'
[0.342s] DEBUG:colcon.colcon_core.verb:Building package 'cartographer_ros_msgs' with the following arguments: {'ament_cmake_args': None, 'build_base': '/root/distr_slam_ws/build/cartographer_ros_msgs', 'catkin_cmake_args': None, 'catkin_skip_building_tests': False, 'cmake_args': None, 'cmake_clean_cache': False, 'cmake_clean_first': False, 'cmake_force_configure': False, 'cmake_target': None, 'cmake_target_skip_unavailable': False, 'install_base': '/root/distr_slam_ws/install/cartographer_ros_msgs', 'merge_install': False, 'path': '/root/distr_slam_ws/src/cartographer_ros/cartographer_ros_msgs', 'symlink_install': False, 'test_result_base': None}
[0.342s] Level 5:colcon.colcon_core.verb:set package 'cartographer_ros' build argument 'cmake_args' from command line to 'None'
[0.342s] Level 5:colcon.colcon_core.verb:set package 'cartographer_ros' build argument 'cmake_target' from command line to 'None'
[0.342s] Level 5:colcon.colcon_core.verb:set package 'cartographer_ros' build argument 'cmake_target_skip_unavailable' from command line to 'False'
[0.342s] Level 5:colcon.colcon_core.verb:set package 'cartographer_ros' build argument 'cmake_clean_cache' from command line to 'False'
[0.342s] Level 5:colcon.colcon_core.verb:set package 'cartographer_ros' build argument 'cmake_clean_first' from command line to 'False'
[0.342s] Level 5:colcon.colcon_core.verb:set package 'cartographer_ros' build argument 'cmake_force_configure' from command line to 'False'
[0.342s] Level 5:colcon.colcon_core.verb:set package 'cartographer_ros' build argument 'ament_cmake_args' from command line to 'None'
[0.342s] Level 5:colcon.colcon_core.verb:set package 'cartographer_ros' build argument 'catkin_cmake_args' from command line to 'None'
[0.342s] Level 5:colcon.colcon_core.verb:set package 'cartographer_ros' build argument 'catkin_skip_building_tests' from command line to 'False'
[0.342s] DEBUG:colcon.colcon_core.verb:Building package 'cartographer_ros' with the following arguments: {'ament_cmake_args': None, 'build_base': '/root/distr_slam_ws/build/cartographer_ros', 'catkin_cmake_args': None, 'catkin_skip_building_tests': False, 'cmake_args': None, 'cmake_clean_cache': False, 'cmake_clean_first': False, 'cmake_force_configure': False, 'cmake_target': None, 'cmake_target_skip_unavailable': False, 'install_base': '/root/distr_slam_ws/install/cartographer_ros', 'merge_install': False, 'path': '/root/distr_slam_ws/src/cartographer_ros/cartographer_ros', 'symlink_install': False, 'test_result_base': None}
[0.342s] Level 5:colcon.colcon_core.verb:set package 'cartographer_rviz' build argument 'cmake_args' from command line to 'None'
[0.343s] Level 5:colcon.colcon_core.verb:set package 'cartographer_rviz' build argument 'cmake_target' from command line to 'None'
[0.343s] Level 5:colcon.colcon_core.verb:set package 'cartographer_rviz' build argument 'cmake_target_skip_unavailable' from command line to 'False'
[0.343s] Level 5:colcon.colcon_core.verb:set package 'cartographer_rviz' build argument 'cmake_clean_cache' from command line to 'False'
[0.343s] Level 5:colcon.colcon_core.verb:set package 'cartographer_rviz' build argument 'cmake_clean_first' from command line to 'False'
[0.343s] Level 5:colcon.colcon_core.verb:set package 'cartographer_rviz' build argument 'cmake_force_configure' from command line to 'False'
[0.343s] Level 5:colcon.colcon_core.verb:set package 'cartographer_rviz' build argument 'ament_cmake_args' from command line to 'None'
[0.343s] Level 5:colcon.colcon_core.verb:set package 'cartographer_rviz' build argument 'catkin_cmake_args' from command line to 'None'
[0.343s] Level 5:colcon.colcon_core.verb:set package 'cartographer_rviz' build argument 'catkin_skip_building_tests' from command line to 'False'
[0.343s] DEBUG:colcon.colcon_core.verb:Building package 'cartographer_rviz' with the following arguments: {'ament_cmake_args': None, 'build_base': '/root/distr_slam_ws/build/cartographer_rviz', 'catkin_cmake_args': None, 'catkin_skip_building_tests': False, 'cmake_args': None, 'cmake_clean_cache': False, 'cmake_clean_first': False, 'cmake_force_configure': False, 'cmake_target': None, 'cmake_target_skip_unavailable': False, 'install_base': '/root/distr_slam_ws/install/cartographer_rviz', 'merge_install': False, 'path': '/root/distr_slam_ws/src/cartographer_ros/cartographer_rviz', 'symlink_install': False, 'test_result_base': None}
[0.343s] INFO:colcon.colcon_core.executor:Executing jobs using 'parallel' executor
[0.344s] DEBUG:colcon.colcon_parallel_executor.executor.parallel:run_until_complete
[0.344s] INFO:colcon.colcon_ros.task.cmake.build:Building ROS package in '/root/distr_slam_ws/src/cartographer' with build type 'cmake'
[0.344s] INFO:colcon.colcon_cmake.task.cmake.build:Building CMake package in '/root/distr_slam_ws/src/cartographer'
[0.349s] INFO:colcon.colcon_core.plugin_system:Skipping extension 'colcon_core.shell.bat': Not used on non-Windows systems
[0.349s] INFO:colcon.colcon_core.shell:Skip shell extension 'powershell' for command environment: Not usable outside of PowerShell
[0.349s] DEBUG:colcon.colcon_core.shell:Skip shell extension 'dsv' for command environment
[0.356s] INFO:colcon.colcon_ros.task.ament_cmake.build:Building ROS package in '/root/distr_slam_ws/src/cartographer_ros/cartographer_ros_msgs' with build type 'ament_cmake'
[0.356s] INFO:colcon.colcon_cmake.task.cmake.build:Building CMake package in '/root/distr_slam_ws/src/cartographer_ros/cartographer_ros_msgs'
[0.356s] INFO:colcon.colcon_core.shell:Skip shell extension 'powershell' for command environment: Not usable outside of PowerShell
[0.356s] DEBUG:colcon.colcon_core.shell:Skip shell extension 'dsv' for command environment
[0.367s] DEBUG:colcon.colcon_core.event_handler.log_command:Invoking command in '/root/distr_slam_ws/build/cartographer': CMAKE_PREFIX_PATH=${CMAKE_PREFIX_PATH}:/opt/ros/jazzy /usr/bin/cmake --build /root/distr_slam_ws/build/cartographer -- -j8 -l8
[0.373s] DEBUG:colcon.colcon_core.event_handler.log_command:Invoking command in '/root/distr_slam_ws/build/cartographer_ros_msgs': CMAKE_PREFIX_PATH=${CMAKE_PREFIX_PATH}:/opt/ros/jazzy /usr/bin/cmake --build /root/distr_slam_ws/build/cartographer_ros_msgs -- -j8 -l8
[2.545s] DEBUG:colcon.colcon_core.event_handler.log_command:Invoked command in '/root/distr_slam_ws/build/cartographer_ros_msgs' returned '0': CMAKE_PREFIX_PATH=${CMAKE_PREFIX_PATH}:/opt/ros/jazzy /usr/bin/cmake --build /root/distr_slam_ws/build/cartographer_ros_msgs -- -j8 -l8
[2.564s] DEBUG:colcon.colcon_core.event_handler.log_command:Invoking command in '/root/distr_slam_ws/build/cartographer_ros_msgs': CMAKE_PREFIX_PATH=${CMAKE_PREFIX_PATH}:/opt/ros/jazzy /usr/bin/cmake --install /root/distr_slam_ws/build/cartographer_ros_msgs
[2.879s] Level 1:colcon.colcon_core.environment:create_environment_scripts_only(cartographer_ros_msgs)
[2.880s] DEBUG:colcon.colcon_core.event_handler.log_command:Invoked command in '/root/distr_slam_ws/build/cartographer_ros_msgs' returned '0': CMAKE_PREFIX_PATH=${CMAKE_PREFIX_PATH}:/opt/ros/jazzy /usr/bin/cmake --install /root/distr_slam_ws/build/cartographer_ros_msgs
[2.891s] Level 1:colcon.colcon_core.environment:checking '/root/distr_slam_ws/install/cartographer_ros_msgs' for CMake module files
[2.893s] Level 1:colcon.colcon_core.environment:checking '/root/distr_slam_ws/install/cartographer_ros_msgs' for CMake config files
[2.894s] Level 1:colcon.colcon_core.shell:create_environment_hook('cartographer_ros_msgs', 'cmake_prefix_path')
[2.895s] INFO:colcon.colcon_core.shell:Creating environment hook '/root/distr_slam_ws/install/cartographer_ros_msgs/share/cartographer_ros_msgs/hook/cmake_prefix_path.ps1'
[2.896s] INFO:colcon.colcon_core.shell:Creating environment descriptor '/root/distr_slam_ws/install/cartographer_ros_msgs/share/cartographer_ros_msgs/hook/cmake_prefix_path.dsv'
[2.897s] INFO:colcon.colcon_core.shell:Creating environment hook '/root/distr_slam_ws/install/cartographer_ros_msgs/share/cartographer_ros_msgs/hook/cmake_prefix_path.sh'
[2.900s] Level 1:colcon.colcon_core.environment:checking '/root/distr_slam_ws/install/cartographer_ros_msgs/lib'
[2.901s] Level 1:colcon.colcon_core.shell:create_environment_hook('cartographer_ros_msgs', 'ld_library_path_lib')
[2.901s] INFO:colcon.colcon_core.shell:Creating environment hook '/root/distr_slam_ws/install/cartographer_ros_msgs/share/cartographer_ros_msgs/hook/ld_library_path_lib.ps1'
[2.902s] INFO:colcon.colcon_core.shell:Creating environment descriptor '/root/distr_slam_ws/install/cartographer_ros_msgs/share/cartographer_ros_msgs/hook/ld_library_path_lib.dsv'
[2.903s] INFO:colcon.colcon_core.shell:Creating environment hook '/root/distr_slam_ws/install/cartographer_ros_msgs/share/cartographer_ros_msgs/hook/ld_library_path_lib.sh'
[2.904s] Level 1:colcon.colcon_core.environment:checking '/root/distr_slam_ws/install/cartographer_ros_msgs/bin'
[2.905s] Level 1:colcon.colcon_core.environment:checking '/root/distr_slam_ws/install/cartographer_ros_msgs/lib/pkgconfig/cartographer_ros_msgs.pc'
[2.909s] Level 1:colcon.colcon_core.environment:checking '/root/distr_slam_ws/install/cartographer_ros_msgs/lib/python3.12/site-packages'
[2.910s] Level 1:colcon.colcon_core.shell:create_environment_hook('cartographer_ros_msgs', 'pythonpath')
[2.910s] INFO:colcon.colcon_core.shell:Creating environment hook '/root/distr_slam_ws/install/cartographer_ros_msgs/share/cartographer_ros_msgs/hook/pythonpath.ps1'
[2.911s] INFO:colcon.colcon_core.shell:Creating environment descriptor '/root/distr_slam_ws/install/cartographer_ros_msgs/share/cartographer_ros_msgs/hook/pythonpath.dsv'
[2.912s] INFO:colcon.colcon_core.shell:Creating environment hook '/root/distr_slam_ws/install/cartographer_ros_msgs/share/cartographer_ros_msgs/hook/pythonpath.sh'
[2.915s] Level 1:colcon.colcon_core.environment:checking '/root/distr_slam_ws/install/cartographer_ros_msgs/bin'
[2.916s] INFO:colcon.colcon_core.shell:Creating package script '/root/distr_slam_ws/install/cartographer_ros_msgs/share/cartographer_ros_msgs/package.ps1'
[2.920s] INFO:colcon.colcon_core.shell:Creating package descriptor '/root/distr_slam_ws/install/cartographer_ros_msgs/share/cartographer_ros_msgs/package.dsv'
[2.921s] INFO:colcon.colcon_core.shell:Creating package script '/root/distr_slam_ws/install/cartographer_ros_msgs/share/cartographer_ros_msgs/package.sh'
[2.923s] INFO:colcon.colcon_core.shell:Creating package script '/root/distr_slam_ws/install/cartographer_ros_msgs/share/cartographer_ros_msgs/package.bash'
[2.925s] INFO:colcon.colcon_core.shell:Creating package script '/root/distr_slam_ws/install/cartographer_ros_msgs/share/cartographer_ros_msgs/package.zsh'
[2.927s] Level 1:colcon.colcon_core.environment:create_file_with_runtime_dependencies(/root/distr_slam_ws/install/cartographer_ros_msgs/share/colcon-core/packages/cartographer_ros_msgs)
[2.928s] Level 1:colcon.colcon_core.environment:create_environment_scripts_only(cartographer_ros_msgs)
[2.929s] Level 1:colcon.colcon_core.environment:checking '/root/distr_slam_ws/install/cartographer_ros_msgs' for CMake module files
[2.930s] Level 1:colcon.colcon_core.environment:checking '/root/distr_slam_ws/install/cartographer_ros_msgs' for CMake config files
[2.932s] Level 1:colcon.colcon_core.shell:create_environment_hook('cartographer_ros_msgs', 'cmake_prefix_path')
[2.932s] INFO:colcon.colcon_core.shell:Creating environment hook '/root/distr_slam_ws/install/cartographer_ros_msgs/share/cartographer_ros_msgs/hook/cmake_prefix_path.ps1'
[2.933s] INFO:colcon.colcon_core.shell:Creating environment descriptor '/root/distr_slam_ws/install/cartographer_ros_msgs/share/cartographer_ros_msgs/hook/cmake_prefix_path.dsv'
[2.934s] INFO:colcon.colcon_core.shell:Creating environment hook '/root/distr_slam_ws/install/cartographer_ros_msgs/share/cartographer_ros_msgs/hook/cmake_prefix_path.sh'
[2.935s] Level 1:colcon.colcon_core.environment:checking '/root/distr_slam_ws/install/cartographer_ros_msgs/lib'
[2.935s] Level 1:colcon.colcon_core.shell:create_environment_hook('cartographer_ros_msgs', 'ld_library_path_lib')
[2.936s] INFO:colcon.colcon_core.shell:Creating environment hook '/root/distr_slam_ws/install/cartographer_ros_msgs/share/cartographer_ros_msgs/hook/ld_library_path_lib.ps1'
[2.937s] INFO:colcon.colcon_core.shell:Creating environment descriptor '/root/distr_slam_ws/install/cartographer_ros_msgs/share/cartographer_ros_msgs/hook/ld_library_path_lib.dsv'
[2.938s] INFO:colcon.colcon_core.shell:Creating environment hook '/root/distr_slam_ws/install/cartographer_ros_msgs/share/cartographer_ros_msgs/hook/ld_library_path_lib.sh'
[2.939s] Level 1:colcon.colcon_core.environment:checking '/root/distr_slam_ws/install/cartographer_ros_msgs/bin'
[2.939s] Level 1:colcon.colcon_core.environment:checking '/root/distr_slam_ws/install/cartographer_ros_msgs/lib/pkgconfig/cartographer_ros_msgs.pc'
[2.940s] Level 1:colcon.colcon_core.environment:checking '/root/distr_slam_ws/install/cartographer_ros_msgs/lib/python3.12/site-packages'
[2.940s] Level 1:colcon.colcon_core.shell:create_environment_hook('cartographer_ros_msgs', 'pythonpath')
[2.941s] INFO:colcon.colcon_core.shell:Creating environment hook '/root/distr_slam_ws/install/cartographer_ros_msgs/share/cartographer_ros_msgs/hook/pythonpath.ps1'
[2.941s] INFO:colcon.colcon_core.shell:Creating environment descriptor '/root/distr_slam_ws/install/cartographer_ros_msgs/share/cartographer_ros_msgs/hook/pythonpath.dsv'
[2.942s] INFO:colcon.colcon_core.shell:Creating environment hook '/root/distr_slam_ws/install/cartographer_ros_msgs/share/cartographer_ros_msgs/hook/pythonpath.sh'
[2.944s] Level 1:colcon.colcon_core.environment:checking '/root/distr_slam_ws/install/cartographer_ros_msgs/bin'
[2.945s] INFO:colcon.colcon_core.shell:Creating package script '/root/distr_slam_ws/install/cartographer_ros_msgs/share/cartographer_ros_msgs/package.ps1'
[2.947s] INFO:colcon.colcon_core.shell:Creating package descriptor '/root/distr_slam_ws/install/cartographer_ros_msgs/share/cartographer_ros_msgs/package.dsv'
[2.949s] INFO:colcon.colcon_core.shell:Creating package script '/root/distr_slam_ws/install/cartographer_ros_msgs/share/cartographer_ros_msgs/package.sh'
[2.950s] INFO:colcon.colcon_core.shell:Creating package script '/root/distr_slam_ws/install/cartographer_ros_msgs/share/cartographer_ros_msgs/package.bash'
[2.951s] INFO:colcon.colcon_core.shell:Creating package script '/root/distr_slam_ws/install/cartographer_ros_msgs/share/cartographer_ros_msgs/package.zsh'
[2.952s] Level 1:colcon.colcon_core.environment:create_file_with_runtime_dependencies(/root/distr_slam_ws/install/cartographer_ros_msgs/share/colcon-core/packages/cartographer_ros_msgs)
[3.185s] DEBUG:colcon.colcon_core.event_handler.log_command:Invoked command in '/root/distr_slam_ws/build/cartographer' returned '0': CMAKE_PREFIX_PATH=${CMAKE_PREFIX_PATH}:/opt/ros/jazzy /usr/bin/cmake --build /root/distr_slam_ws/build/cartographer -- -j8 -l8
[3.187s] DEBUG:colcon.colcon_core.event_handler.log_command:Invoking command in '/root/distr_slam_ws/build/cartographer': CMAKE_PREFIX_PATH=${CMAKE_PREFIX_PATH}:/opt/ros/jazzy /usr/bin/cmake --install /root/distr_slam_ws/build/cartographer
[3.221s] Level 1:colcon.colcon_core.shell:create_environment_hook('cartographer', 'pkg_config_path')
[3.221s] INFO:colcon.colcon_core.shell:Creating environment hook '/root/distr_slam_ws/install/cartographer/share/cartographer/hook/pkg_config_path.ps1'
[3.223s] INFO:colcon.colcon_core.shell:Creating environment descriptor '/root/distr_slam_ws/install/cartographer/share/cartographer/hook/pkg_config_path.dsv'
[3.225s] DEBUG:colcon.colcon_core.event_handler.log_command:Invoked command in '/root/distr_slam_ws/build/cartographer' returned '0': CMAKE_PREFIX_PATH=${CMAKE_PREFIX_PATH}:/opt/ros/jazzy /usr/bin/cmake --install /root/distr_slam_ws/build/cartographer
[3.225s] INFO:colcon.colcon_core.shell:Creating environment hook '/root/distr_slam_ws/install/cartographer/share/cartographer/hook/pkg_config_path.sh'
[3.232s] Level 1:colcon.colcon_core.shell:create_environment_hook('cartographer', 'pkg_config_path_multiarch')
[3.233s] INFO:colcon.colcon_core.shell:Creating environment hook '/root/distr_slam_ws/install/cartographer/share/cartographer/hook/pkg_config_path_multiarch.ps1'
[3.233s] INFO:colcon.colcon_core.shell:Creating environment descriptor '/root/distr_slam_ws/install/cartographer/share/cartographer/hook/pkg_config_path_multiarch.dsv'
[3.234s] INFO:colcon.colcon_core.shell:Creating environment hook '/root/distr_slam_ws/install/cartographer/share/cartographer/hook/pkg_config_path_multiarch.sh'
[3.234s] Level 1:colcon.colcon_core.environment:create_environment_scripts_only(cartographer)
[3.234s] Level 1:colcon.colcon_core.environment:checking '/root/distr_slam_ws/install/cartographer' for CMake module files
[3.235s] Level 1:colcon.colcon_core.environment:checking '/root/distr_slam_ws/install/cartographer' for CMake config files
[3.235s] Level 1:colcon.colcon_core.shell:create_environment_hook('cartographer', 'cmake_prefix_path')
[3.235s] INFO:colcon.colcon_core.shell:Creating environment hook '/root/distr_slam_ws/install/cartographer/share/cartographer/hook/cmake_prefix_path.ps1'
[3.236s] INFO:colcon.colcon_core.shell:Creating environment descriptor '/root/distr_slam_ws/install/cartographer/share/cartographer/hook/cmake_prefix_path.dsv'
[3.236s] INFO:colcon.colcon_core.shell:Creating environment hook '/root/distr_slam_ws/install/cartographer/share/cartographer/hook/cmake_prefix_path.sh'
[3.237s] Level 1:colcon.colcon_core.environment:checking '/root/distr_slam_ws/install/cartographer/lib'
[3.237s] Level 1:colcon.colcon_core.environment:checking '/root/distr_slam_ws/install/cartographer/bin'
[3.237s] Level 1:colcon.colcon_core.shell:create_environment_hook('cartographer', 'path')
[3.237s] INFO:colcon.colcon_core.shell:Creating environment hook '/root/distr_slam_ws/install/cartographer/share/cartographer/hook/path.ps1'
[3.238s] INFO:colcon.colcon_core.shell:Creating environment descriptor '/root/distr_slam_ws/install/cartographer/share/cartographer/hook/path.dsv'
[3.238s] INFO:colcon.colcon_core.shell:Creating environment hook '/root/distr_slam_ws/install/cartographer/share/cartographer/hook/path.sh'
[3.239s] Level 1:colcon.colcon_core.environment:checking '/root/distr_slam_ws/install/cartographer/lib/pkgconfig/cartographer.pc'
[3.239s] Level 1:colcon.colcon_core.environment:checking '/root/distr_slam_ws/install/cartographer/lib/python3.12/site-packages'
[3.239s] Level 1:colcon.colcon_core.environment:checking '/root/distr_slam_ws/install/cartographer/bin'
[3.239s] Level 1:colcon.colcon_core.shell:create_environment_hook('cartographer', 'pythonscriptspath')
[3.240s] INFO:colcon.colcon_core.shell:Creating environment hook '/root/distr_slam_ws/install/cartographer/share/cartographer/hook/pythonscriptspath.ps1'
[3.240s] INFO:colcon.colcon_core.shell:Creating environment descriptor '/root/distr_slam_ws/install/cartographer/share/cartographer/hook/pythonscriptspath.dsv'
[3.240s] INFO:colcon.colcon_core.shell:Creating environment hook '/root/distr_slam_ws/install/cartographer/share/cartographer/hook/pythonscriptspath.sh'
[3.241s] INFO:colcon.colcon_core.shell:Creating package script '/root/distr_slam_ws/install/cartographer/share/cartographer/package.ps1'
[3.242s] INFO:colcon.colcon_core.shell:Creating package descriptor '/root/distr_slam_ws/install/cartographer/share/cartographer/package.dsv'
[3.243s] INFO:colcon.colcon_core.shell:Creating package script '/root/distr_slam_ws/install/cartographer/share/cartographer/package.sh'
[3.243s] INFO:colcon.colcon_core.shell:Creating package script '/root/distr_slam_ws/install/cartographer/share/cartographer/package.bash'
[3.244s] INFO:colcon.colcon_core.shell:Creating package script '/root/distr_slam_ws/install/cartographer/share/cartographer/package.zsh'
[3.244s] Level 1:colcon.colcon_core.environment:create_file_with_runtime_dependencies(/root/distr_slam_ws/install/cartographer/share/colcon-core/packages/cartographer)
[3.244s] INFO:colcon.colcon_ros.task.ament_cmake.build:Building ROS package in '/root/distr_slam_ws/src/cartographer_ros/cartographer_ros' with build type 'ament_cmake'
[3.245s] INFO:colcon.colcon_cmake.task.cmake.build:Building CMake package in '/root/distr_slam_ws/src/cartographer_ros/cartographer_ros'
[3.245s] INFO:colcon.colcon_core.shell:Skip shell extension 'powershell' for command environment: Not usable outside of PowerShell
[3.245s] DEBUG:colcon.colcon_core.shell:Skip shell extension 'dsv' for command environment
[3.264s] DEBUG:colcon.colcon_core.event_handler.log_command:Invoking command in '/root/distr_slam_ws/build/cartographer_ros': CMAKE_PREFIX_PATH=/root/distr_slam_ws/install/cartographer_ros_msgs:/root/distr_slam_ws/install/cartographer:/root/distr_slam_ws/install/cartographer_rviz:/root/distr_slam_ws/install/cartographer_ros:/opt/ros/jazzy/opt/gz_math_vendor:/opt/ros/jazzy/opt/gz_utils_vendor:/opt/ros/jazzy/opt/gz_cmake_vendor:/opt/ros/jazzy LD_LIBRARY_PATH=/root/distr_slam_ws/install/cartographer_ros_msgs/lib:/root/distr_slam_ws/install/cartographer_rviz/lib:/root/distr_slam_ws/install/cartographer_ros/lib:/opt/ros/jazzy/opt/rviz_ogre_vendor/lib:/opt/ros/jazzy/lib/x86_64-linux-gnu:/opt/ros/jazzy/opt/gz_math_vendor/lib:/opt/ros/jazzy/opt/gz_utils_vendor/lib:/opt/ros/jazzy/opt/gz_cmake_vendor/lib:/opt/ros/jazzy/lib /usr/bin/cmake --build /root/distr_slam_ws/build/cartographer_ros -- -j8 -l8
[68.363s] DEBUG:colcon.colcon_core.event_handler.log_command:Invoked command in '/root/distr_slam_ws/build/cartographer_ros' returned '0': CMAKE_PREFIX_PATH=/root/distr_slam_ws/install/cartographer_ros_msgs:/root/distr_slam_ws/install/cartographer:/root/distr_slam_ws/install/cartographer_rviz:/root/distr_slam_ws/install/cartographer_ros:/opt/ros/jazzy/opt/gz_math_vendor:/opt/ros/jazzy/opt/gz_utils_vendor:/opt/ros/jazzy/opt/gz_cmake_vendor:/opt/ros/jazzy LD_LIBRARY_PATH=/root/distr_slam_ws/install/cartographer_ros_msgs/lib:/root/distr_slam_ws/install/cartographer_rviz/lib:/root/distr_slam_ws/install/cartographer_ros/lib:/opt/ros/jazzy/opt/rviz_ogre_vendor/lib:/opt/ros/jazzy/lib/x86_64-linux-gnu:/opt/ros/jazzy/opt/gz_math_vendor/lib:/opt/ros/jazzy/opt/gz_utils_vendor/lib:/opt/ros/jazzy/opt/gz_cmake_vendor/lib:/opt/ros/jazzy/lib /usr/bin/cmake --build /root/distr_slam_ws/build/cartographer_ros -- -j8 -l8
[68.366s] DEBUG:colcon.colcon_core.event_handler.log_command:Invoking command in '/root/distr_slam_ws/build/cartographer_ros': CMAKE_PREFIX_PATH=/root/distr_slam_ws/install/cartographer_ros_msgs:/root/distr_slam_ws/install/cartographer:/root/distr_slam_ws/install/cartographer_rviz:/root/distr_slam_ws/install/cartographer_ros:/opt/ros/jazzy/opt/gz_math_vendor:/opt/ros/jazzy/opt/gz_utils_vendor:/opt/ros/jazzy/opt/gz_cmake_vendor:/opt/ros/jazzy LD_LIBRARY_PATH=/root/distr_slam_ws/install/cartographer_ros_msgs/lib:/root/distr_slam_ws/install/cartographer_rviz/lib:/root/distr_slam_ws/install/cartographer_ros/lib:/opt/ros/jazzy/opt/rviz_ogre_vendor/lib:/opt/ros/jazzy/lib/x86_64-linux-gnu:/opt/ros/jazzy/opt/gz_math_vendor/lib:/opt/ros/jazzy/opt/gz_utils_vendor/lib:/opt/ros/jazzy/opt/gz_cmake_vendor/lib:/opt/ros/jazzy/lib /usr/bin/cmake --install /root/distr_slam_ws/build/cartographer_ros
[68.454s] Level 1:colcon.colcon_core.environment:create_environment_scripts_only(cartographer_ros)
[68.455s] Level 1:colcon.colcon_core.environment:checking '/root/distr_slam_ws/install/cartographer_ros' for CMake module files
[68.455s] DEBUG:colcon.colcon_core.event_handler.log_command:Invoked command in '/root/distr_slam_ws/build/cartographer_ros' returned '0': CMAKE_PREFIX_PATH=/root/distr_slam_ws/install/cartographer_ros_msgs:/root/distr_slam_ws/install/cartographer:/root/distr_slam_ws/install/cartographer_rviz:/root/distr_slam_ws/install/cartographer_ros:/opt/ros/jazzy/opt/gz_math_vendor:/opt/ros/jazzy/opt/gz_utils_vendor:/opt/ros/jazzy/opt/gz_cmake_vendor:/opt/ros/jazzy LD_LIBRARY_PATH=/root/distr_slam_ws/install/cartographer_ros_msgs/lib:/root/distr_slam_ws/install/cartographer_rviz/lib:/root/distr_slam_ws/install/cartographer_ros/lib:/opt/ros/jazzy/opt/rviz_ogre_vendor/lib:/opt/ros/jazzy/lib/x86_64-linux-gnu:/opt/ros/jazzy/opt/gz_math_vendor/lib:/opt/ros/jazzy/opt/gz_utils_vendor/lib:/opt/ros/jazzy/opt/gz_cmake_vendor/lib:/opt/ros/jazzy/lib /usr/bin/cmake --install /root/distr_slam_ws/build/cartographer_ros
[68.456s] Level 1:colcon.colcon_core.environment:checking '/root/distr_slam_ws/install/cartographer_ros' for CMake config files
[68.456s] Level 1:colcon.colcon_core.shell:create_environment_hook('cartographer_ros', 'cmake_prefix_path')
[68.456s] INFO:colcon.colcon_core.shell:Creating environment hook '/root/distr_slam_ws/install/cartographer_ros/share/cartographer_ros/hook/cmake_prefix_path.ps1'
[68.457s] INFO:colcon.colcon_core.shell:Creating environment descriptor '/root/distr_slam_ws/install/cartographer_ros/share/cartographer_ros/hook/cmake_prefix_path.dsv'
[68.457s] INFO:colcon.colcon_core.shell:Creating environment hook '/root/distr_slam_ws/install/cartographer_ros/share/cartographer_ros/hook/cmake_prefix_path.sh'
[68.458s] Level 1:colcon.colcon_core.environment:checking '/root/distr_slam_ws/install/cartographer_ros/lib'
[68.458s] Level 1:colcon.colcon_core.shell:create_environment_hook('cartographer_ros', 'ld_library_path_lib')
[68.458s] INFO:colcon.colcon_core.shell:Creating environment hook '/root/distr_slam_ws/install/cartographer_ros/share/cartographer_ros/hook/ld_library_path_lib.ps1'
[68.459s] INFO:colcon.colcon_core.shell:Creating environment descriptor '/root/distr_slam_ws/install/cartographer_ros/share/cartographer_ros/hook/ld_library_path_lib.dsv'
[68.459s] INFO:colcon.colcon_core.shell:Creating environment hook '/root/distr_slam_ws/install/cartographer_ros/share/cartographer_ros/hook/ld_library_path_lib.sh'
[68.460s] Level 1:colcon.colcon_core.environment:checking '/root/distr_slam_ws/install/cartographer_ros/bin'
[68.460s] Level 1:colcon.colcon_core.environment:checking '/root/distr_slam_ws/install/cartographer_ros/lib/pkgconfig/cartographer_ros.pc'
[68.460s] Level 1:colcon.colcon_core.environment:checking '/root/distr_slam_ws/install/cartographer_ros/lib/python3.12/site-packages'
[68.461s] Level 1:colcon.colcon_core.environment:checking '/root/distr_slam_ws/install/cartographer_ros/bin'
[68.461s] INFO:colcon.colcon_core.shell:Creating package script '/root/distr_slam_ws/install/cartographer_ros/share/cartographer_ros/package.ps1'
[68.462s] INFO:colcon.colcon_core.shell:Creating package descriptor '/root/distr_slam_ws/install/cartographer_ros/share/cartographer_ros/package.dsv'
[68.462s] INFO:colcon.colcon_core.shell:Creating package script '/root/distr_slam_ws/install/cartographer_ros/share/cartographer_ros/package.sh'
[68.463s] INFO:colcon.colcon_core.shell:Creating package script '/root/distr_slam_ws/install/cartographer_ros/share/cartographer_ros/package.bash'
[68.463s] INFO:colcon.colcon_core.shell:Creating package script '/root/distr_slam_ws/install/cartographer_ros/share/cartographer_ros/package.zsh'
[68.463s] Level 1:colcon.colcon_core.environment:create_file_with_runtime_dependencies(/root/distr_slam_ws/install/cartographer_ros/share/colcon-core/packages/cartographer_ros)
[68.464s] Level 1:colcon.colcon_core.environment:create_environment_scripts_only(cartographer_ros)
[68.464s] Level 1:colcon.colcon_core.environment:checking '/root/distr_slam_ws/install/cartographer_ros' for CMake module files
[68.465s] Level 1:colcon.colcon_core.environment:checking '/root/distr_slam_ws/install/cartographer_ros' for CMake config files
[68.465s] Level 1:colcon.colcon_core.shell:create_environment_hook('cartographer_ros', 'cmake_prefix_path')
[68.466s] INFO:colcon.colcon_core.shell:Creating environment hook '/root/distr_slam_ws/install/cartographer_ros/share/cartographer_ros/hook/cmake_prefix_path.ps1'
[68.466s] INFO:colcon.colcon_core.shell:Creating environment descriptor '/root/distr_slam_ws/install/cartographer_ros/share/cartographer_ros/hook/cmake_prefix_path.dsv'
[68.467s] INFO:colcon.colcon_core.shell:Creating environment hook '/root/distr_slam_ws/install/cartographer_ros/share/cartographer_ros/hook/cmake_prefix_path.sh'
[68.467s] Level 1:colcon.colcon_core.environment:checking '/root/distr_slam_ws/install/cartographer_ros/lib'
[68.467s] Level 1:colcon.colcon_core.shell:create_environment_hook('cartographer_ros', 'ld_library_path_lib')
[68.468s] INFO:colcon.colcon_core.shell:Creating environment hook '/root/distr_slam_ws/install/cartographer_ros/share/cartographer_ros/hook/ld_library_path_lib.ps1'
[68.468s] INFO:colcon.colcon_core.shell:Creating environment descriptor '/root/distr_slam_ws/install/cartographer_ros/share/cartographer_ros/hook/ld_library_path_lib.dsv'
[68.468s] INFO:colcon.colcon_core.shell:Creating environment hook '/root/distr_slam_ws/install/cartographer_ros/share/cartographer_ros/hook/ld_library_path_lib.sh'
[68.469s] Level 1:colcon.colcon_core.environment:checking '/root/distr_slam_ws/install/cartographer_ros/bin'
[68.469s] Level 1:colcon.colcon_core.environment:checking '/root/distr_slam_ws/install/cartographer_ros/lib/pkgconfig/cartographer_ros.pc'
[68.469s] Level 1:colcon.colcon_core.environment:checking '/root/distr_slam_ws/install/cartographer_ros/lib/python3.12/site-packages'
[68.470s] Level 1:colcon.colcon_core.environment:checking '/root/distr_slam_ws/install/cartographer_ros/bin'
[68.470s] INFO:colcon.colcon_core.shell:Creating package script '/root/distr_slam_ws/install/cartographer_ros/share/cartographer_ros/package.ps1'
[68.471s] INFO:colcon.colcon_core.shell:Creating package descriptor '/root/distr_slam_ws/install/cartographer_ros/share/cartographer_ros/package.dsv'
[68.471s] INFO:colcon.colcon_core.shell:Creating package script '/root/distr_slam_ws/install/cartographer_ros/share/cartographer_ros/package.sh'
[68.472s] INFO:colcon.colcon_core.shell:Creating package script '/root/distr_slam_ws/install/cartographer_ros/share/cartographer_ros/package.bash'
[68.472s] INFO:colcon.colcon_core.shell:Creating package script '/root/distr_slam_ws/install/cartographer_ros/share/cartographer_ros/package.zsh'
[68.473s] Level 1:colcon.colcon_core.environment:create_file_with_runtime_dependencies(/root/distr_slam_ws/install/cartographer_ros/share/colcon-core/packages/cartographer_ros)
[68.473s] INFO:colcon.colcon_ros.task.ament_cmake.build:Building ROS package in '/root/distr_slam_ws/src/cartographer_ros/cartographer_rviz' with build type 'ament_cmake'
[68.473s] INFO:colcon.colcon_cmake.task.cmake.build:Building CMake package in '/root/distr_slam_ws/src/cartographer_ros/cartographer_rviz'
[68.473s] INFO:colcon.colcon_core.shell:Skip shell extension 'powershell' for command environment: Not usable outside of PowerShell
[68.473s] DEBUG:colcon.colcon_core.shell:Skip shell extension 'dsv' for command environment
[68.494s] DEBUG:colcon.colcon_core.event_handler.log_command:Invoking command in '/root/distr_slam_ws/build/cartographer_rviz': CMAKE_PREFIX_PATH=/root/distr_slam_ws/install/cartographer_ros:/root/distr_slam_ws/install/cartographer_ros_msgs:/root/distr_slam_ws/install/cartographer:/root/distr_slam_ws/install/cartographer_rviz:/opt/ros/jazzy/opt/gz_math_vendor:/opt/ros/jazzy/opt/gz_utils_vendor:/opt/ros/jazzy/opt/gz_cmake_vendor:/opt/ros/jazzy LD_LIBRARY_PATH=/root/distr_slam_ws/install/cartographer_ros/lib:/root/distr_slam_ws/install/cartographer_ros_msgs/lib:/root/distr_slam_ws/install/cartographer_rviz/lib:/opt/ros/jazzy/opt/rviz_ogre_vendor/lib:/opt/ros/jazzy/lib/x86_64-linux-gnu:/opt/ros/jazzy/opt/gz_math_vendor/lib:/opt/ros/jazzy/opt/gz_utils_vendor/lib:/opt/ros/jazzy/opt/gz_cmake_vendor/lib:/opt/ros/jazzy/lib /usr/bin/cmake --build /root/distr_slam_ws/build/cartographer_rviz -- -j8 -l8
[72.062s] DEBUG:colcon.colcon_core.event_handler.log_command:Invoked command in '/root/distr_slam_ws/build/cartographer_rviz' returned '0': CMAKE_PREFIX_PATH=/root/distr_slam_ws/install/cartographer_ros:/root/distr_slam_ws/install/cartographer_ros_msgs:/root/distr_slam_ws/install/cartographer:/root/distr_slam_ws/install/cartographer_rviz:/opt/ros/jazzy/opt/gz_math_vendor:/opt/ros/jazzy/opt/gz_utils_vendor:/opt/ros/jazzy/opt/gz_cmake_vendor:/opt/ros/jazzy LD_LIBRARY_PATH=/root/distr_slam_ws/install/cartographer_ros/lib:/root/distr_slam_ws/install/cartographer_ros_msgs/lib:/root/distr_slam_ws/install/cartographer_rviz/lib:/opt/ros/jazzy/opt/rviz_ogre_vendor/lib:/opt/ros/jazzy/lib/x86_64-linux-gnu:/opt/ros/jazzy/opt/gz_math_vendor/lib:/opt/ros/jazzy/opt/gz_utils_vendor/lib:/opt/ros/jazzy/opt/gz_cmake_vendor/lib:/opt/ros/jazzy/lib /usr/bin/cmake --build /root/distr_slam_ws/build/cartographer_rviz -- -j8 -l8
[72.064s] DEBUG:colcon.colcon_core.event_handler.log_command:Invoking command in '/root/distr_slam_ws/build/cartographer_rviz': CMAKE_PREFIX_PATH=/root/distr_slam_ws/install/cartographer_ros:/root/distr_slam_ws/install/cartographer_ros_msgs:/root/distr_slam_ws/install/cartographer:/root/distr_slam_ws/install/cartographer_rviz:/opt/ros/jazzy/opt/gz_math_vendor:/opt/ros/jazzy/opt/gz_utils_vendor:/opt/ros/jazzy/opt/gz_cmake_vendor:/opt/ros/jazzy LD_LIBRARY_PATH=/root/distr_slam_ws/install/cartographer_ros/lib:/root/distr_slam_ws/install/cartographer_ros_msgs/lib:/root/distr_slam_ws/install/cartographer_rviz/lib:/opt/ros/jazzy/opt/rviz_ogre_vendor/lib:/opt/ros/jazzy/lib/x86_64-linux-gnu:/opt/ros/jazzy/opt/gz_math_vendor/lib:/opt/ros/jazzy/opt/gz_utils_vendor/lib:/opt/ros/jazzy/opt/gz_cmake_vendor/lib:/opt/ros/jazzy/lib /usr/bin/cmake --install /root/distr_slam_ws/build/cartographer_rviz
[72.086s] Level 1:colcon.colcon_core.environment:create_environment_scripts_only(cartographer_rviz)
[72.087s] Level 1:colcon.colcon_core.environment:checking '/root/distr_slam_ws/install/cartographer_rviz' for CMake module files
[72.087s] DEBUG:colcon.colcon_core.event_handler.log_command:Invoked command in '/root/distr_slam_ws/build/cartographer_rviz' returned '0': CMAKE_PREFIX_PATH=/root/distr_slam_ws/install/cartographer_ros:/root/distr_slam_ws/install/cartographer_ros_msgs:/root/distr_slam_ws/install/cartographer:/root/distr_slam_ws/install/cartographer_rviz:/opt/ros/jazzy/opt/gz_math_vendor:/opt/ros/jazzy/opt/gz_utils_vendor:/opt/ros/jazzy/opt/gz_cmake_vendor:/opt/ros/jazzy LD_LIBRARY_PATH=/root/distr_slam_ws/install/cartographer_ros/lib:/root/distr_slam_ws/install/cartographer_ros_msgs/lib:/root/distr_slam_ws/install/cartographer_rviz/lib:/opt/ros/jazzy/opt/rviz_ogre_vendor/lib:/opt/ros/jazzy/lib/x86_64-linux-gnu:/opt/ros/jazzy/opt/gz_math_vendor/lib:/opt/ros/jazzy/opt/gz_utils_vendor/lib:/opt/ros/jazzy/opt/gz_cmake_vendor/lib:/opt/ros/jazzy/lib /usr/bin/cmake --install /root/distr_slam_ws/build/cartographer_rviz
[72.088s] Level 1:colcon.colcon_core.environment:checking '/root/distr_slam_ws/install/cartographer_rviz' for CMake config files
[72.088s] Level 1:colcon.colcon_core.shell:create_environment_hook('cartographer_rviz', 'cmake_prefix_path')
[72.089s] INFO:colcon.colcon_core.shell:Creating environment hook '/root/distr_slam_ws/install/cartographer_rviz/share/cartographer_rviz/hook/cmake_prefix_path.ps1'
[72.089s] INFO:colcon.colcon_core.shell:Creating environment descriptor '/root/distr_slam_ws/install/cartographer_rviz/share/cartographer_rviz/hook/cmake_prefix_path.dsv'
[72.090s] INFO:colcon.colcon_core.shell:Creating environment hook '/root/distr_slam_ws/install/cartographer_rviz/share/cartographer_rviz/hook/cmake_prefix_path.sh'
[72.090s] Level 1:colcon.colcon_core.environment:checking '/root/distr_slam_ws/install/cartographer_rviz/lib'
[72.090s] Level 1:colcon.colcon_core.shell:create_environment_hook('cartographer_rviz', 'ld_library_path_lib')
[72.091s] INFO:colcon.colcon_core.shell:Creating environment hook '/root/distr_slam_ws/install/cartographer_rviz/share/cartographer_rviz/hook/ld_library_path_lib.ps1'
[72.091s] INFO:colcon.colcon_core.shell:Creating environment descriptor '/root/distr_slam_ws/install/cartographer_rviz/share/cartographer_rviz/hook/ld_library_path_lib.dsv'
[72.091s] INFO:colcon.colcon_core.shell:Creating environment hook '/root/distr_slam_ws/install/cartographer_rviz/share/cartographer_rviz/hook/ld_library_path_lib.sh'
[72.092s] Level 1:colcon.colcon_core.environment:checking '/root/distr_slam_ws/install/cartographer_rviz/bin'
[72.092s] Level 1:colcon.colcon_core.environment:checking '/root/distr_slam_ws/install/cartographer_rviz/lib/pkgconfig/cartographer_rviz.pc'
[72.092s] Level 1:colcon.colcon_core.environment:checking '/root/distr_slam_ws/install/cartographer_rviz/lib/python3.12/site-packages'
[72.093s] Level 1:colcon.colcon_core.environment:checking '/root/distr_slam_ws/install/cartographer_rviz/bin'
[72.093s] INFO:colcon.colcon_core.shell:Creating package script '/root/distr_slam_ws/install/cartographer_rviz/share/cartographer_rviz/package.ps1'
[72.094s] INFO:colcon.colcon_core.shell:Creating package descriptor '/root/distr_slam_ws/install/cartographer_rviz/share/cartographer_rviz/package.dsv'
[72.095s] INFO:colcon.colcon_core.shell:Creating package script '/root/distr_slam_ws/install/cartographer_rviz/share/cartographer_rviz/package.sh'
[72.095s] INFO:colcon.colcon_core.shell:Creating package script '/root/distr_slam_ws/install/cartographer_rviz/share/cartographer_rviz/package.bash'
[72.096s] INFO:colcon.colcon_core.shell:Creating package script '/root/distr_slam_ws/install/cartographer_rviz/share/cartographer_rviz/package.zsh'
[72.096s] Level 1:colcon.colcon_core.environment:create_file_with_runtime_dependencies(/root/distr_slam_ws/install/cartographer_rviz/share/colcon-core/packages/cartographer_rviz)
[72.097s] Level 1:colcon.colcon_core.environment:create_environment_scripts_only(cartographer_rviz)
[72.097s] Level 1:colcon.colcon_core.environment:checking '/root/distr_slam_ws/install/cartographer_rviz' for CMake module files
[72.097s] Level 1:colcon.colcon_core.environment:checking '/root/distr_slam_ws/install/cartographer_rviz' for CMake config files
[72.098s] Level 1:colcon.colcon_core.shell:create_environment_hook('cartographer_rviz', 'cmake_prefix_path')
[72.098s] INFO:colcon.colcon_core.shell:Creating environment hook '/root/distr_slam_ws/install/cartographer_rviz/share/cartographer_rviz/hook/cmake_prefix_path.ps1'
[72.098s] INFO:colcon.colcon_core.shell:Creating environment descriptor '/root/distr_slam_ws/install/cartographer_rviz/share/cartographer_rviz/hook/cmake_prefix_path.dsv'
[72.099s] INFO:colcon.colcon_core.shell:Creating environment hook '/root/distr_slam_ws/install/cartographer_rviz/share/cartographer_rviz/hook/cmake_prefix_path.sh'
[72.099s] Level 1:colcon.colcon_core.environment:checking '/root/distr_slam_ws/install/cartographer_rviz/lib'
[72.099s] Level 1:colcon.colcon_core.shell:create_environment_hook('cartographer_rviz', 'ld_library_path_lib')
[72.100s] INFO:colcon.colcon_core.shell:Creating environment hook '/root/distr_slam_ws/install/cartographer_rviz/share/cartographer_rviz/hook/ld_library_path_lib.ps1'
[72.100s] INFO:colcon.colcon_core.shell:Creating environment descriptor '/root/distr_slam_ws/install/cartographer_rviz/share/cartographer_rviz/hook/ld_library_path_lib.dsv'
[72.100s] INFO:colcon.colcon_core.shell:Creating environment hook '/root/distr_slam_ws/install/cartographer_rviz/share/cartographer_rviz/hook/ld_library_path_lib.sh'
[72.101s] Level 1:colcon.colcon_core.environment:checking '/root/distr_slam_ws/install/cartographer_rviz/bin'
[72.101s] Level 1:colcon.colcon_core.environment:checking '/root/distr_slam_ws/install/cartographer_rviz/lib/pkgconfig/cartographer_rviz.pc'
[72.101s] Level 1:colcon.colcon_core.environment:checking '/root/distr_slam_ws/install/cartographer_rviz/lib/python3.12/site-packages'
[72.102s] Level 1:colcon.colcon_core.environment:checking '/root/distr_slam_ws/install/cartographer_rviz/bin'
[72.102s] INFO:colcon.colcon_core.shell:Creating package script '/root/distr_slam_ws/install/cartographer_rviz/share/cartographer_rviz/package.ps1'
[72.103s] INFO:colcon.colcon_core.shell:Creating package descriptor '/root/distr_slam_ws/install/cartographer_rviz/share/cartographer_rviz/package.dsv'
[72.103s] INFO:colcon.colcon_core.shell:Creating package script '/root/distr_slam_ws/install/cartographer_rviz/share/cartographer_rviz/package.sh'
[72.104s] INFO:colcon.colcon_core.shell:Creating package script '/root/distr_slam_ws/install/cartographer_rviz/share/cartographer_rviz/package.bash'
[72.104s] INFO:colcon.colcon_core.shell:Creating package script '/root/distr_slam_ws/install/cartographer_rviz/share/cartographer_rviz/package.zsh'
[72.105s] Level 1:colcon.colcon_core.environment:create_file_with_runtime_dependencies(/root/distr_slam_ws/install/cartographer_rviz/share/colcon-core/packages/cartographer_rviz)
[72.105s] DEBUG:colcon.colcon_parallel_executor.executor.parallel:closing loop
[72.105s] DEBUG:colcon.colcon_parallel_executor.executor.parallel:loop closed
[72.105s] DEBUG:colcon.colcon_parallel_executor.executor.parallel:run_until_complete finished with '0'
[72.105s] DEBUG:colcon.colcon_core.event_reactor:joining thread
[72.120s] INFO:colcon.colcon_core.plugin_system:Skipping extension 'colcon_notification.desktop_notification.notify_send': Could not find 'notify-send'
[72.120s] INFO:colcon.colcon_core.plugin_system:Skipping extension 'colcon_notification.desktop_notification.terminal_notifier': Not used on non-Darwin systems
[72.120s] INFO:colcon.colcon_core.plugin_system:Skipping extension 'colcon_notification.desktop_notification.win32': Not used on non-Windows systems
[72.120s] INFO:colcon.colcon_notification.desktop_notification:Sending desktop notification using 'notify2'
[72.126s] DEBUG:colcon.colcon_notification.desktop_notification.notify2:Failed to initialize notify2: org.freedesktop.DBus.Error.Spawn.ExecFailed: /usr/bin/dbus-launch terminated abnormally without any error message
[72.126s] DEBUG:colcon.colcon_core.event_reactor:joined thread
[72.127s] INFO:colcon.colcon_core.shell:Creating prefix script '/root/distr_slam_ws/install/local_setup.ps1'
[72.128s] INFO:colcon.colcon_core.shell:Creating prefix util module '/root/distr_slam_ws/install/_local_setup_util_ps1.py'
[72.130s] INFO:colcon.colcon_core.shell:Creating prefix chain script '/root/distr_slam_ws/install/setup.ps1'
[72.132s] INFO:colcon.colcon_core.shell:Creating prefix script '/root/distr_slam_ws/install/local_setup.sh'
[72.132s] INFO:colcon.colcon_core.shell:Creating prefix util module '/root/distr_slam_ws/install/_local_setup_util_sh.py'
[72.133s] INFO:colcon.colcon_core.shell:Creating prefix chain script '/root/distr_slam_ws/install/setup.sh'
[72.134s] INFO:colcon.colcon_core.shell:Creating prefix script '/root/distr_slam_ws/install/local_setup.bash'
[72.135s] INFO:colcon.colcon_core.shell:Creating prefix chain script '/root/distr_slam_ws/install/setup.bash'
[72.136s] INFO:colcon.colcon_core.shell:Creating prefix script '/root/distr_slam_ws/install/local_setup.zsh'
[72.137s] INFO:colcon.colcon_core.shell:Creating prefix chain script '/root/distr_slam_ws/install/setup.zsh'
