[0.182s] DEBUG:colcon:Command line arguments: ['/usr/bin/colcon', 'build']
[0.182s] DEBUG:colcon:Parsed command line arguments: Namespace(log_base=None, log_level=None, verb_name='build', build_base='build', install_base='install', merge_install=False, symlink_install=False, test_result_base=None, continue_on_error=False, executor='parallel', parallel_workers=8, event_handlers=None, ignore_user_meta=False, metas=['./colcon.meta'], base_paths=['.'], packages_ignore=None, packages_ignore_regex=None, paths=None, packages_up_to=None, packages_up_to_regex=None, packages_above=None, packages_above_and_dependencies=None, packages_above_depth=None, packages_select_by_dep=None, packages_skip_by_dep=None, packages_skip_up_to=None, packages_select_build_failed=False, packages_skip_build_finished=False, packages_select_test_failures=False, packages_skip_test_passed=False, packages_select=None, packages_skip=None, packages_select_regex=None, packages_skip_regex=None, packages_start=None, packages_end=None, cmake_args=None, cmake_target=None, cmake_target_skip_unavailable=False, cmake_clean_cache=False, cmake_clean_first=False, cmake_force_configure=False, ament_cmake_args=None, catkin_cmake_args=None, catkin_skip_building_tests=False, mixin_files=None, mixin=None, verb_parser=<colcon_mixin.mixin.mixin_argument.MixinArgumentDecorator object at 0x7b7f302c9a00>, verb_extension=<colcon_core.verb.build.BuildVerb object at 0x7b7f302c9760>, main=<bound method BuildVerb.main of <colcon_core.verb.build.BuildVerb object at 0x7b7f302c9760>>, mixin_verb=('build',))
[0.253s] Level 1:colcon.colcon_core.package_discovery:discover_packages(colcon_meta) check parameters
[0.254s] INFO:colcon.colcon_metadata.package_discovery.colcon_meta:Using configuration from '/root/.colcon/metadata/default/Gazebo.meta'
[0.255s] INFO:colcon.colcon_metadata.package_discovery.colcon_meta:Using configuration from '/root/.colcon/metadata/default/fastdds.meta'
[0.256s] INFO:colcon.colcon_metadata.package_discovery.colcon_meta:Using configuration from '/root/.colcon/metadata/default/fastrtps.meta'
[0.256s] Level 1:colcon.colcon_core.package_discovery:discover_packages(recursive) check parameters
[0.256s] Level 1:colcon.colcon_core.package_discovery:discover_packages(ignore) check parameters
[0.256s] Level 1:colcon.colcon_core.package_discovery:discover_packages(path) check parameters
[0.256s] Level 1:colcon.colcon_core.package_discovery:discover_packages(colcon_meta) discover
[0.256s] Level 1:colcon.colcon_core.package_discovery:discover_packages(recursive) discover
[0.256s] INFO:colcon.colcon_core.package_discovery:Crawling recursively for packages in '/root/distr_slam_ws'
[0.256s] Level 1:colcon.colcon_core.package_identification:_identify(.) by extensions ['ignore', 'ignore_ament_install']
[0.256s] Level 1:colcon.colcon_core.package_identification:_identify(.) by extension 'ignore'
[0.256s] Level 1:colcon.colcon_core.package_identification:_identify(.) by extension 'ignore_ament_install'
[0.256s] Level 1:colcon.colcon_core.package_identification:_identify(.) by extensions ['colcon_pkg']
[0.256s] Level 1:colcon.colcon_core.package_identification:_identify(.) by extension 'colcon_pkg'
[0.256s] Level 1:colcon.colcon_core.package_identification:_identify(.) by extensions ['colcon_meta']
[0.256s] Level 1:colcon.colcon_core.package_identification:_identify(.) by extension 'colcon_meta'
[0.257s] Level 1:colcon.colcon_core.package_identification:_identify(.) by extensions ['ros']
[0.257s] Level 1:colcon.colcon_core.package_identification:_identify(.) by extension 'ros'
[0.294s] Level 1:colcon.colcon_core.package_identification:_identify(.) by extensions ['cmake', 'python']
[0.294s] Level 1:colcon.colcon_core.package_identification:_identify(.) by extension 'cmake'
[0.294s] Level 1:colcon.colcon_core.package_identification:_identify(.) by extension 'python'
[0.294s] Level 1:colcon.colcon_core.package_identification:_identify(.) by extensions ['python_setup_py']
[0.294s] Level 1:colcon.colcon_core.package_identification:_identify(.) by extension 'python_setup_py'
[0.295s] Level 1:colcon.colcon_core.package_identification:_identify(build) by extensions ['ignore', 'ignore_ament_install']
[0.295s] Level 1:colcon.colcon_core.package_identification:_identify(build) by extension 'ignore'
[0.295s] Level 1:colcon.colcon_core.package_identification:_identify(build) ignored
[0.295s] Level 1:colcon.colcon_core.package_identification:_identify(install) by extensions ['ignore', 'ignore_ament_install']
[0.295s] Level 1:colcon.colcon_core.package_identification:_identify(install) by extension 'ignore'
[0.295s] Level 1:colcon.colcon_core.package_identification:_identify(install) ignored
[0.295s] Level 1:colcon.colcon_core.package_identification:_identify(log) by extensions ['ignore', 'ignore_ament_install']
[0.295s] Level 1:colcon.colcon_core.package_identification:_identify(log) by extension 'ignore'
[0.295s] Level 1:colcon.colcon_core.package_identification:_identify(log) ignored
[0.295s] Level 1:colcon.colcon_core.package_identification:_identify(src) by extensions ['ignore', 'ignore_ament_install']
[0.296s] Level 1:colcon.colcon_core.package_identification:_identify(src) by extension 'ignore'
[0.296s] Level 1:colcon.colcon_core.package_identification:_identify(src) by extension 'ignore_ament_install'
[0.296s] Level 1:colcon.colcon_core.package_identification:_identify(src) by extensions ['colcon_pkg']
[0.296s] Level 1:colcon.colcon_core.package_identification:_identify(src) by extension 'colcon_pkg'
[0.296s] Level 1:colcon.colcon_core.package_identification:_identify(src) by extensions ['colcon_meta']
[0.296s] Level 1:colcon.colcon_core.package_identification:_identify(src) by extension 'colcon_meta'
[0.296s] Level 1:colcon.colcon_core.package_identification:_identify(src) by extensions ['ros']
[0.296s] Level 1:colcon.colcon_core.package_identification:_identify(src) by extension 'ros'
[0.296s] Level 1:colcon.colcon_core.package_identification:_identify(src) by extensions ['cmake', 'python']
[0.296s] Level 1:colcon.colcon_core.package_identification:_identify(src) by extension 'cmake'
[0.296s] Level 1:colcon.colcon_core.package_identification:_identify(src) by extension 'python'
[0.296s] Level 1:colcon.colcon_core.package_identification:_identify(src) by extensions ['python_setup_py']
[0.296s] Level 1:colcon.colcon_core.package_identification:_identify(src) by extension 'python_setup_py'
[0.297s] Level 1:colcon.colcon_core.package_identification:_identify(src/cartographer) by extensions ['ignore', 'ignore_ament_install']
[0.297s] Level 1:colcon.colcon_core.package_identification:_identify(src/cartographer) by extension 'ignore'
[0.297s] Level 1:colcon.colcon_core.package_identification:_identify(src/cartographer) by extension 'ignore_ament_install'
[0.297s] Level 1:colcon.colcon_core.package_identification:_identify(src/cartographer) by extensions ['colcon_pkg']
[0.297s] Level 1:colcon.colcon_core.package_identification:_identify(src/cartographer) by extension 'colcon_pkg'
[0.297s] Level 1:colcon.colcon_core.package_identification:_identify(src/cartographer) by extensions ['colcon_meta']
[0.297s] Level 1:colcon.colcon_core.package_identification:_identify(src/cartographer) by extension 'colcon_meta'
[0.297s] Level 1:colcon.colcon_core.package_identification:_identify(src/cartographer) by extensions ['ros']
[0.297s] Level 1:colcon.colcon_core.package_identification:_identify(src/cartographer) by extension 'ros'
[0.302s] DEBUG:colcon.colcon_core.package_identification:Package 'src/cartographer' with type 'ros.cmake' and name 'cartographer'
[0.302s] Level 1:colcon.colcon_core.package_identification:_identify(src/cartographer_ros) by extensions ['ignore', 'ignore_ament_install']
[0.302s] Level 1:colcon.colcon_core.package_identification:_identify(src/cartographer_ros) by extension 'ignore'
[0.302s] Level 1:colcon.colcon_core.package_identification:_identify(src/cartographer_ros) by extension 'ignore_ament_install'
[0.302s] Level 1:colcon.colcon_core.package_identification:_identify(src/cartographer_ros) by extensions ['colcon_pkg']
[0.302s] Level 1:colcon.colcon_core.package_identification:_identify(src/cartographer_ros) by extension 'colcon_pkg'
[0.302s] Level 1:colcon.colcon_core.package_identification:_identify(src/cartographer_ros) by extensions ['colcon_meta']
[0.302s] Level 1:colcon.colcon_core.package_identification:_identify(src/cartographer_ros) by extension 'colcon_meta'
[0.302s] Level 1:colcon.colcon_core.package_identification:_identify(src/cartographer_ros) by extensions ['ros']
[0.302s] Level 1:colcon.colcon_core.package_identification:_identify(src/cartographer_ros) by extension 'ros'
[0.302s] Level 1:colcon.colcon_core.package_identification:_identify(src/cartographer_ros) by extensions ['cmake', 'python']
[0.302s] Level 1:colcon.colcon_core.package_identification:_identify(src/cartographer_ros) by extension 'cmake'
[0.302s] Level 1:colcon.colcon_core.package_identification:_identify(src/cartographer_ros) by extension 'python'
[0.303s] Level 1:colcon.colcon_core.package_identification:_identify(src/cartographer_ros) by extensions ['python_setup_py']
[0.303s] Level 1:colcon.colcon_core.package_identification:_identify(src/cartographer_ros) by extension 'python_setup_py'
[0.303s] Level 1:colcon.colcon_core.package_identification:_identify(src/cartographer_ros/cartographer_ros) by extensions ['ignore', 'ignore_ament_install']
[0.303s] Level 1:colcon.colcon_core.package_identification:_identify(src/cartographer_ros/cartographer_ros) by extension 'ignore'
[0.303s] Level 1:colcon.colcon_core.package_identification:_identify(src/cartographer_ros/cartographer_ros) by extension 'ignore_ament_install'
[0.303s] Level 1:colcon.colcon_core.package_identification:_identify(src/cartographer_ros/cartographer_ros) by extensions ['colcon_pkg']
[0.303s] Level 1:colcon.colcon_core.package_identification:_identify(src/cartographer_ros/cartographer_ros) by extension 'colcon_pkg'
[0.303s] Level 1:colcon.colcon_core.package_identification:_identify(src/cartographer_ros/cartographer_ros) by extensions ['colcon_meta']
[0.303s] Level 1:colcon.colcon_core.package_identification:_identify(src/cartographer_ros/cartographer_ros) by extension 'colcon_meta'
[0.303s] Level 1:colcon.colcon_core.package_identification:_identify(src/cartographer_ros/cartographer_ros) by extensions ['ros']
[0.303s] Level 1:colcon.colcon_core.package_identification:_identify(src/cartographer_ros/cartographer_ros) by extension 'ros'
[0.306s] DEBUG:colcon.colcon_core.package_identification:Package 'src/cartographer_ros/cartographer_ros' with type 'ros.ament_cmake' and name 'cartographer_ros'
[0.306s] Level 1:colcon.colcon_core.package_identification:_identify(src/cartographer_ros/cartographer_ros_msgs) by extensions ['ignore', 'ignore_ament_install']
[0.306s] Level 1:colcon.colcon_core.package_identification:_identify(src/cartographer_ros/cartographer_ros_msgs) by extension 'ignore'
[0.306s] Level 1:colcon.colcon_core.package_identification:_identify(src/cartographer_ros/cartographer_ros_msgs) by extension 'ignore_ament_install'
[0.306s] Level 1:colcon.colcon_core.package_identification:_identify(src/cartographer_ros/cartographer_ros_msgs) by extensions ['colcon_pkg']
[0.306s] Level 1:colcon.colcon_core.package_identification:_identify(src/cartographer_ros/cartographer_ros_msgs) by extension 'colcon_pkg'
[0.307s] Level 1:colcon.colcon_core.package_identification:_identify(src/cartographer_ros/cartographer_ros_msgs) by extensions ['colcon_meta']
[0.307s] Level 1:colcon.colcon_core.package_identification:_identify(src/cartographer_ros/cartographer_ros_msgs) by extension 'colcon_meta'
[0.307s] Level 1:colcon.colcon_core.package_identification:_identify(src/cartographer_ros/cartographer_ros_msgs) by extensions ['ros']
[0.307s] Level 1:colcon.colcon_core.package_identification:_identify(src/cartographer_ros/cartographer_ros_msgs) by extension 'ros'
[0.308s] DEBUG:colcon.colcon_core.package_identification:Package 'src/cartographer_ros/cartographer_ros_msgs' with type 'ros.ament_cmake' and name 'cartographer_ros_msgs'
[0.308s] Level 1:colcon.colcon_core.package_identification:_identify(src/cartographer_ros/cartographer_rviz) by extensions ['ignore', 'ignore_ament_install']
[0.308s] Level 1:colcon.colcon_core.package_identification:_identify(src/cartographer_ros/cartographer_rviz) by extension 'ignore'
[0.308s] Level 1:colcon.colcon_core.package_identification:_identify(src/cartographer_ros/cartographer_rviz) by extension 'ignore_ament_install'
[0.308s] Level 1:colcon.colcon_core.package_identification:_identify(src/cartographer_ros/cartographer_rviz) by extensions ['colcon_pkg']
[0.308s] Level 1:colcon.colcon_core.package_identification:_identify(src/cartographer_ros/cartographer_rviz) by extension 'colcon_pkg'
[0.308s] Level 1:colcon.colcon_core.package_identification:_identify(src/cartographer_ros/cartographer_rviz) by extensions ['colcon_meta']
[0.308s] Level 1:colcon.colcon_core.package_identification:_identify(src/cartographer_ros/cartographer_rviz) by extension 'colcon_meta'
[0.308s] Level 1:colcon.colcon_core.package_identification:_identify(src/cartographer_ros/cartographer_rviz) by extensions ['ros']
[0.308s] Level 1:colcon.colcon_core.package_identification:_identify(src/cartographer_ros/cartographer_rviz) by extension 'ros'
[0.310s] DEBUG:colcon.colcon_core.package_identification:Package 'src/cartographer_ros/cartographer_rviz' with type 'ros.ament_cmake' and name 'cartographer_rviz'
[0.310s] Level 1:colcon.colcon_core.package_identification:_identify(src/cartographer_ros/docs) by extensions ['ignore', 'ignore_ament_install']
[0.310s] Level 1:colcon.colcon_core.package_identification:_identify(src/cartographer_ros/docs) by extension 'ignore'
[0.310s] Level 1:colcon.colcon_core.package_identification:_identify(src/cartographer_ros/docs) ignored
[0.311s] Level 1:colcon.colcon_core.package_identification:_identify(src/cartographer_ros/scripts) by extensions ['ignore', 'ignore_ament_install']
[0.311s] Level 1:colcon.colcon_core.package_identification:_identify(src/cartographer_ros/scripts) by extension 'ignore'
[0.311s] Level 1:colcon.colcon_core.package_identification:_identify(src/cartographer_ros/scripts) by extension 'ignore_ament_install'
[0.311s] Level 1:colcon.colcon_core.package_identification:_identify(src/cartographer_ros/scripts) by extensions ['colcon_pkg']
[0.311s] Level 1:colcon.colcon_core.package_identification:_identify(src/cartographer_ros/scripts) by extension 'colcon_pkg'
[0.311s] Level 1:colcon.colcon_core.package_identification:_identify(src/cartographer_ros/scripts) by extensions ['colcon_meta']
[0.311s] Level 1:colcon.colcon_core.package_identification:_identify(src/cartographer_ros/scripts) by extension 'colcon_meta'
[0.311s] Level 1:colcon.colcon_core.package_identification:_identify(src/cartographer_ros/scripts) by extensions ['ros']
[0.311s] Level 1:colcon.colcon_core.package_identification:_identify(src/cartographer_ros/scripts) by extension 'ros'
[0.311s] Level 1:colcon.colcon_core.package_identification:_identify(src/cartographer_ros/scripts) by extensions ['cmake', 'python']
[0.311s] Level 1:colcon.colcon_core.package_identification:_identify(src/cartographer_ros/scripts) by extension 'cmake'
[0.311s] Level 1:colcon.colcon_core.package_identification:_identify(src/cartographer_ros/scripts) by extension 'python'
[0.312s] Level 1:colcon.colcon_core.package_identification:_identify(src/cartographer_ros/scripts) by extensions ['python_setup_py']
[0.312s] Level 1:colcon.colcon_core.package_identification:_identify(src/cartographer_ros/scripts) by extension 'python_setup_py'
[0.312s] Level 1:colcon.colcon_core.package_discovery:discover_packages(recursive) using defaults
[0.312s] Level 1:colcon.colcon_core.package_discovery:discover_packages(ignore) discover
[0.312s] Level 1:colcon.colcon_core.package_discovery:discover_packages(ignore) using defaults
[0.312s] Level 1:colcon.colcon_core.package_discovery:discover_packages(path) discover
[0.312s] Level 1:colcon.colcon_core.package_discovery:discover_packages(path) using defaults
[0.339s] Level 5:colcon.colcon_core.verb:set package 'cartographer' build argument 'cmake_args' from command line to 'None'
[0.339s] Level 5:colcon.colcon_core.verb:set package 'cartographer' build argument 'cmake_target' from command line to 'None'
[0.339s] Level 5:colcon.colcon_core.verb:set package 'cartographer' build argument 'cmake_target_skip_unavailable' from command line to 'False'
[0.339s] Level 5:colcon.colcon_core.verb:set package 'cartographer' build argument 'cmake_clean_cache' from command line to 'False'
[0.339s] Level 5:colcon.colcon_core.verb:set package 'cartographer' build argument 'cmake_clean_first' from command line to 'False'
[0.339s] Level 5:colcon.colcon_core.verb:set package 'cartographer' build argument 'cmake_force_configure' from command line to 'False'
[0.339s] Level 5:colcon.colcon_core.verb:set package 'cartographer' build argument 'ament_cmake_args' from command line to 'None'
[0.339s] Level 5:colcon.colcon_core.verb:set package 'cartographer' build argument 'catkin_cmake_args' from command line to 'None'
[0.339s] Level 5:colcon.colcon_core.verb:set package 'cartographer' build argument 'catkin_skip_building_tests' from command line to 'False'
[0.339s] DEBUG:colcon.colcon_core.verb:Building package 'cartographer' with the following arguments: {'ament_cmake_args': None, 'build_base': '/root/distr_slam_ws/build/cartographer', 'catkin_cmake_args': None, 'catkin_skip_building_tests': False, 'cmake_args': None, 'cmake_clean_cache': False, 'cmake_clean_first': False, 'cmake_force_configure': False, 'cmake_target': None, 'cmake_target_skip_unavailable': False, 'install_base': '/root/distr_slam_ws/install/cartographer', 'merge_install': False, 'path': '/root/distr_slam_ws/src/cartographer', 'symlink_install': False, 'test_result_base': None}
[0.340s] Level 5:colcon.colcon_core.verb:set package 'cartographer_ros_msgs' build argument 'cmake_args' from command line to 'None'
[0.340s] Level 5:colcon.colcon_core.verb:set package 'cartographer_ros_msgs' build argument 'cmake_target' from command line to 'None'
[0.340s] Level 5:colcon.colcon_core.verb:set package 'cartographer_ros_msgs' build argument 'cmake_target_skip_unavailable' from command line to 'False'
[0.340s] Level 5:colcon.colcon_core.verb:set package 'cartographer_ros_msgs' build argument 'cmake_clean_cache' from command line to 'False'
[0.340s] Level 5:colcon.colcon_core.verb:set package 'cartographer_ros_msgs' build argument 'cmake_clean_first' from command line to 'False'
[0.340s] Level 5:colcon.colcon_core.verb:set package 'cartographer_ros_msgs' build argument 'cmake_force_configure' from command line to 'False'
[0.340s] Level 5:colcon.colcon_core.verb:set package 'cartographer_ros_msgs' build argument 'ament_cmake_args' from command line to 'None'
[0.340s] Level 5:colcon.colcon_core.verb:set package 'cartographer_ros_msgs' build argument 'catkin_cmake_args' from command line to 'None'
[0.340s] Level 5:colcon.colcon_core.verb:set package 'cartographer_ros_msgs' build argument 'catkin_skip_building_tests' from command line to 'False'
[0.340s] DEBUG:colcon.colcon_core.verb:Building package 'cartographer_ros_msgs' with the following arguments: {'ament_cmake_args': None, 'build_base': '/root/distr_slam_ws/build/cartographer_ros_msgs', 'catkin_cmake_args': None, 'catkin_skip_building_tests': False, 'cmake_args': None, 'cmake_clean_cache': False, 'cmake_clean_first': False, 'cmake_force_configure': False, 'cmake_target': None, 'cmake_target_skip_unavailable': False, 'install_base': '/root/distr_slam_ws/install/cartographer_ros_msgs', 'merge_install': False, 'path': '/root/distr_slam_ws/src/cartographer_ros/cartographer_ros_msgs', 'symlink_install': False, 'test_result_base': None}
[0.340s] Level 5:colcon.colcon_core.verb:set package 'cartographer_ros' build argument 'cmake_args' from command line to 'None'
[0.340s] Level 5:colcon.colcon_core.verb:set package 'cartographer_ros' build argument 'cmake_target' from command line to 'None'
[0.340s] Level 5:colcon.colcon_core.verb:set package 'cartographer_ros' build argument 'cmake_target_skip_unavailable' from command line to 'False'
[0.340s] Level 5:colcon.colcon_core.verb:set package 'cartographer_ros' build argument 'cmake_clean_cache' from command line to 'False'
[0.340s] Level 5:colcon.colcon_core.verb:set package 'cartographer_ros' build argument 'cmake_clean_first' from command line to 'False'
[0.340s] Level 5:colcon.colcon_core.verb:set package 'cartographer_ros' build argument 'cmake_force_configure' from command line to 'False'
[0.340s] Level 5:colcon.colcon_core.verb:set package 'cartographer_ros' build argument 'ament_cmake_args' from command line to 'None'
[0.340s] Level 5:colcon.colcon_core.verb:set package 'cartographer_ros' build argument 'catkin_cmake_args' from command line to 'None'
[0.340s] Level 5:colcon.colcon_core.verb:set package 'cartographer_ros' build argument 'catkin_skip_building_tests' from command line to 'False'
[0.340s] DEBUG:colcon.colcon_core.verb:Building package 'cartographer_ros' with the following arguments: {'ament_cmake_args': None, 'build_base': '/root/distr_slam_ws/build/cartographer_ros', 'catkin_cmake_args': None, 'catkin_skip_building_tests': False, 'cmake_args': None, 'cmake_clean_cache': False, 'cmake_clean_first': False, 'cmake_force_configure': False, 'cmake_target': None, 'cmake_target_skip_unavailable': False, 'install_base': '/root/distr_slam_ws/install/cartographer_ros', 'merge_install': False, 'path': '/root/distr_slam_ws/src/cartographer_ros/cartographer_ros', 'symlink_install': False, 'test_result_base': None}
[0.341s] Level 5:colcon.colcon_core.verb:set package 'cartographer_rviz' build argument 'cmake_args' from command line to 'None'
[0.341s] Level 5:colcon.colcon_core.verb:set package 'cartographer_rviz' build argument 'cmake_target' from command line to 'None'
[0.341s] Level 5:colcon.colcon_core.verb:set package 'cartographer_rviz' build argument 'cmake_target_skip_unavailable' from command line to 'False'
[0.341s] Level 5:colcon.colcon_core.verb:set package 'cartographer_rviz' build argument 'cmake_clean_cache' from command line to 'False'
[0.341s] Level 5:colcon.colcon_core.verb:set package 'cartographer_rviz' build argument 'cmake_clean_first' from command line to 'False'
[0.341s] Level 5:colcon.colcon_core.verb:set package 'cartographer_rviz' build argument 'cmake_force_configure' from command line to 'False'
[0.341s] Level 5:colcon.colcon_core.verb:set package 'cartographer_rviz' build argument 'ament_cmake_args' from command line to 'None'
[0.341s] Level 5:colcon.colcon_core.verb:set package 'cartographer_rviz' build argument 'catkin_cmake_args' from command line to 'None'
[0.341s] Level 5:colcon.colcon_core.verb:set package 'cartographer_rviz' build argument 'catkin_skip_building_tests' from command line to 'False'
[0.341s] DEBUG:colcon.colcon_core.verb:Building package 'cartographer_rviz' with the following arguments: {'ament_cmake_args': None, 'build_base': '/root/distr_slam_ws/build/cartographer_rviz', 'catkin_cmake_args': None, 'catkin_skip_building_tests': False, 'cmake_args': None, 'cmake_clean_cache': False, 'cmake_clean_first': False, 'cmake_force_configure': False, 'cmake_target': None, 'cmake_target_skip_unavailable': False, 'install_base': '/root/distr_slam_ws/install/cartographer_rviz', 'merge_install': False, 'path': '/root/distr_slam_ws/src/cartographer_ros/cartographer_rviz', 'symlink_install': False, 'test_result_base': None}
[0.341s] INFO:colcon.colcon_core.executor:Executing jobs using 'parallel' executor
[0.342s] DEBUG:colcon.colcon_parallel_executor.executor.parallel:run_until_complete
[0.342s] INFO:colcon.colcon_ros.task.cmake.build:Building ROS package in '/root/distr_slam_ws/src/cartographer' with build type 'cmake'
[0.342s] INFO:colcon.colcon_cmake.task.cmake.build:Building CMake package in '/root/distr_slam_ws/src/cartographer'
[0.347s] INFO:colcon.colcon_core.plugin_system:Skipping extension 'colcon_core.shell.bat': Not used on non-Windows systems
[0.347s] INFO:colcon.colcon_core.shell:Skip shell extension 'powershell' for command environment: Not usable outside of PowerShell
[0.347s] DEBUG:colcon.colcon_core.shell:Skip shell extension 'dsv' for command environment
[0.354s] INFO:colcon.colcon_ros.task.ament_cmake.build:Building ROS package in '/root/distr_slam_ws/src/cartographer_ros/cartographer_ros_msgs' with build type 'ament_cmake'
[0.354s] INFO:colcon.colcon_cmake.task.cmake.build:Building CMake package in '/root/distr_slam_ws/src/cartographer_ros/cartographer_ros_msgs'
[0.354s] INFO:colcon.colcon_core.shell:Skip shell extension 'powershell' for command environment: Not usable outside of PowerShell
[0.354s] DEBUG:colcon.colcon_core.shell:Skip shell extension 'dsv' for command environment
[0.367s] DEBUG:colcon.colcon_core.event_handler.log_command:Invoking command in '/root/distr_slam_ws/build/cartographer': CMAKE_PREFIX_PATH=${CMAKE_PREFIX_PATH}:/opt/ros/jazzy /usr/bin/cmake --build /root/distr_slam_ws/build/cartographer -- -j8 -l8
[0.371s] DEBUG:colcon.colcon_core.event_handler.log_command:Invoking command in '/root/distr_slam_ws/build/cartographer_ros_msgs': CMAKE_PREFIX_PATH=${CMAKE_PREFIX_PATH}:/opt/ros/jazzy /usr/bin/cmake --build /root/distr_slam_ws/build/cartographer_ros_msgs -- -j8 -l8
[1.225s] DEBUG:colcon.colcon_core.event_handler.log_command:Invoked command in '/root/distr_slam_ws/build/cartographer_ros_msgs' returned '0': CMAKE_PREFIX_PATH=${CMAKE_PREFIX_PATH}:/opt/ros/jazzy /usr/bin/cmake --build /root/distr_slam_ws/build/cartographer_ros_msgs -- -j8 -l8
[1.249s] DEBUG:colcon.colcon_core.event_handler.log_command:Invoking command in '/root/distr_slam_ws/build/cartographer_ros_msgs': CMAKE_PREFIX_PATH=${CMAKE_PREFIX_PATH}:/opt/ros/jazzy /usr/bin/cmake --install /root/distr_slam_ws/build/cartographer_ros_msgs
[1.546s] Level 1:colcon.colcon_core.environment:create_environment_scripts_only(cartographer_ros_msgs)
[1.548s] DEBUG:colcon.colcon_core.event_handler.log_command:Invoked command in '/root/distr_slam_ws/build/cartographer_ros_msgs' returned '0': CMAKE_PREFIX_PATH=${CMAKE_PREFIX_PATH}:/opt/ros/jazzy /usr/bin/cmake --install /root/distr_slam_ws/build/cartographer_ros_msgs
[1.556s] Level 1:colcon.colcon_core.environment:checking '/root/distr_slam_ws/install/cartographer_ros_msgs' for CMake module files
[1.558s] Level 1:colcon.colcon_core.environment:checking '/root/distr_slam_ws/install/cartographer_ros_msgs' for CMake config files
[1.559s] Level 1:colcon.colcon_core.shell:create_environment_hook('cartographer_ros_msgs', 'cmake_prefix_path')
[1.560s] INFO:colcon.colcon_core.shell:Creating environment hook '/root/distr_slam_ws/install/cartographer_ros_msgs/share/cartographer_ros_msgs/hook/cmake_prefix_path.ps1'
[1.562s] INFO:colcon.colcon_core.shell:Creating environment descriptor '/root/distr_slam_ws/install/cartographer_ros_msgs/share/cartographer_ros_msgs/hook/cmake_prefix_path.dsv'
[1.563s] INFO:colcon.colcon_core.shell:Creating environment hook '/root/distr_slam_ws/install/cartographer_ros_msgs/share/cartographer_ros_msgs/hook/cmake_prefix_path.sh'
[1.566s] Level 1:colcon.colcon_core.environment:checking '/root/distr_slam_ws/install/cartographer_ros_msgs/lib'
[1.566s] Level 1:colcon.colcon_core.shell:create_environment_hook('cartographer_ros_msgs', 'ld_library_path_lib')
[1.567s] INFO:colcon.colcon_core.shell:Creating environment hook '/root/distr_slam_ws/install/cartographer_ros_msgs/share/cartographer_ros_msgs/hook/ld_library_path_lib.ps1'
[1.567s] INFO:colcon.colcon_core.shell:Creating environment descriptor '/root/distr_slam_ws/install/cartographer_ros_msgs/share/cartographer_ros_msgs/hook/ld_library_path_lib.dsv'
[1.568s] INFO:colcon.colcon_core.shell:Creating environment hook '/root/distr_slam_ws/install/cartographer_ros_msgs/share/cartographer_ros_msgs/hook/ld_library_path_lib.sh'
[1.571s] Level 1:colcon.colcon_core.environment:checking '/root/distr_slam_ws/install/cartographer_ros_msgs/bin'
[1.571s] Level 1:colcon.colcon_core.environment:checking '/root/distr_slam_ws/install/cartographer_ros_msgs/lib/pkgconfig/cartographer_ros_msgs.pc'
[1.578s] Level 1:colcon.colcon_core.environment:checking '/root/distr_slam_ws/install/cartographer_ros_msgs/lib/python3.12/site-packages'
[1.578s] Level 1:colcon.colcon_core.shell:create_environment_hook('cartographer_ros_msgs', 'pythonpath')
[1.578s] INFO:colcon.colcon_core.shell:Creating environment hook '/root/distr_slam_ws/install/cartographer_ros_msgs/share/cartographer_ros_msgs/hook/pythonpath.ps1'
[1.579s] INFO:colcon.colcon_core.shell:Creating environment descriptor '/root/distr_slam_ws/install/cartographer_ros_msgs/share/cartographer_ros_msgs/hook/pythonpath.dsv'
[1.580s] INFO:colcon.colcon_core.shell:Creating environment hook '/root/distr_slam_ws/install/cartographer_ros_msgs/share/cartographer_ros_msgs/hook/pythonpath.sh'
[1.581s] Level 1:colcon.colcon_core.environment:checking '/root/distr_slam_ws/install/cartographer_ros_msgs/bin'
[1.581s] INFO:colcon.colcon_core.shell:Creating package script '/root/distr_slam_ws/install/cartographer_ros_msgs/share/cartographer_ros_msgs/package.ps1'
[1.584s] INFO:colcon.colcon_core.shell:Creating package descriptor '/root/distr_slam_ws/install/cartographer_ros_msgs/share/cartographer_ros_msgs/package.dsv'
[1.586s] INFO:colcon.colcon_core.shell:Creating package script '/root/distr_slam_ws/install/cartographer_ros_msgs/share/cartographer_ros_msgs/package.sh'
[1.590s] INFO:colcon.colcon_core.shell:Creating package script '/root/distr_slam_ws/install/cartographer_ros_msgs/share/cartographer_ros_msgs/package.bash'
[1.592s] INFO:colcon.colcon_core.shell:Creating package script '/root/distr_slam_ws/install/cartographer_ros_msgs/share/cartographer_ros_msgs/package.zsh'
[1.596s] Level 1:colcon.colcon_core.environment:create_file_with_runtime_dependencies(/root/distr_slam_ws/install/cartographer_ros_msgs/share/colcon-core/packages/cartographer_ros_msgs)
[1.598s] Level 1:colcon.colcon_core.environment:create_environment_scripts_only(cartographer_ros_msgs)
[1.598s] Level 1:colcon.colcon_core.environment:checking '/root/distr_slam_ws/install/cartographer_ros_msgs' for CMake module files
[1.601s] Level 1:colcon.colcon_core.environment:checking '/root/distr_slam_ws/install/cartographer_ros_msgs' for CMake config files
[1.602s] Level 1:colcon.colcon_core.shell:create_environment_hook('cartographer_ros_msgs', 'cmake_prefix_path')
[1.602s] INFO:colcon.colcon_core.shell:Creating environment hook '/root/distr_slam_ws/install/cartographer_ros_msgs/share/cartographer_ros_msgs/hook/cmake_prefix_path.ps1'
[1.604s] INFO:colcon.colcon_core.shell:Creating environment descriptor '/root/distr_slam_ws/install/cartographer_ros_msgs/share/cartographer_ros_msgs/hook/cmake_prefix_path.dsv'
[1.605s] INFO:colcon.colcon_core.shell:Creating environment hook '/root/distr_slam_ws/install/cartographer_ros_msgs/share/cartographer_ros_msgs/hook/cmake_prefix_path.sh'
[1.606s] Level 1:colcon.colcon_core.environment:checking '/root/distr_slam_ws/install/cartographer_ros_msgs/lib'
[1.607s] Level 1:colcon.colcon_core.shell:create_environment_hook('cartographer_ros_msgs', 'ld_library_path_lib')
[1.607s] INFO:colcon.colcon_core.shell:Creating environment hook '/root/distr_slam_ws/install/cartographer_ros_msgs/share/cartographer_ros_msgs/hook/ld_library_path_lib.ps1'
[1.608s] INFO:colcon.colcon_core.shell:Creating environment descriptor '/root/distr_slam_ws/install/cartographer_ros_msgs/share/cartographer_ros_msgs/hook/ld_library_path_lib.dsv'
[1.609s] INFO:colcon.colcon_core.shell:Creating environment hook '/root/distr_slam_ws/install/cartographer_ros_msgs/share/cartographer_ros_msgs/hook/ld_library_path_lib.sh'
[1.610s] Level 1:colcon.colcon_core.environment:checking '/root/distr_slam_ws/install/cartographer_ros_msgs/bin'
[1.610s] Level 1:colcon.colcon_core.environment:checking '/root/distr_slam_ws/install/cartographer_ros_msgs/lib/pkgconfig/cartographer_ros_msgs.pc'
[1.610s] Level 1:colcon.colcon_core.environment:checking '/root/distr_slam_ws/install/cartographer_ros_msgs/lib/python3.12/site-packages'
[1.610s] Level 1:colcon.colcon_core.shell:create_environment_hook('cartographer_ros_msgs', 'pythonpath')
[1.611s] INFO:colcon.colcon_core.shell:Creating environment hook '/root/distr_slam_ws/install/cartographer_ros_msgs/share/cartographer_ros_msgs/hook/pythonpath.ps1'
[1.612s] INFO:colcon.colcon_core.shell:Creating environment descriptor '/root/distr_slam_ws/install/cartographer_ros_msgs/share/cartographer_ros_msgs/hook/pythonpath.dsv'
[1.613s] INFO:colcon.colcon_core.shell:Creating environment hook '/root/distr_slam_ws/install/cartographer_ros_msgs/share/cartographer_ros_msgs/hook/pythonpath.sh'
[1.614s] Level 1:colcon.colcon_core.environment:checking '/root/distr_slam_ws/install/cartographer_ros_msgs/bin'
[1.615s] INFO:colcon.colcon_core.shell:Creating package script '/root/distr_slam_ws/install/cartographer_ros_msgs/share/cartographer_ros_msgs/package.ps1'
[1.617s] INFO:colcon.colcon_core.shell:Creating package descriptor '/root/distr_slam_ws/install/cartographer_ros_msgs/share/cartographer_ros_msgs/package.dsv'
[1.619s] INFO:colcon.colcon_core.shell:Creating package script '/root/distr_slam_ws/install/cartographer_ros_msgs/share/cartographer_ros_msgs/package.sh'
[1.620s] INFO:colcon.colcon_core.shell:Creating package script '/root/distr_slam_ws/install/cartographer_ros_msgs/share/cartographer_ros_msgs/package.bash'
[1.621s] INFO:colcon.colcon_core.shell:Creating package script '/root/distr_slam_ws/install/cartographer_ros_msgs/share/cartographer_ros_msgs/package.zsh'
[1.622s] Level 1:colcon.colcon_core.environment:create_file_with_runtime_dependencies(/root/distr_slam_ws/install/cartographer_ros_msgs/share/colcon-core/packages/cartographer_ros_msgs)
[1.877s] DEBUG:colcon.colcon_core.event_handler.log_command:Invoked command in '/root/distr_slam_ws/build/cartographer' returned '0': CMAKE_PREFIX_PATH=${CMAKE_PREFIX_PATH}:/opt/ros/jazzy /usr/bin/cmake --build /root/distr_slam_ws/build/cartographer -- -j8 -l8
[1.879s] DEBUG:colcon.colcon_core.event_handler.log_command:Invoking command in '/root/distr_slam_ws/build/cartographer': CMAKE_PREFIX_PATH=${CMAKE_PREFIX_PATH}:/opt/ros/jazzy /usr/bin/cmake --install /root/distr_slam_ws/build/cartographer
[1.912s] DEBUG:colcon.colcon_core.event_handler.log_command:Invoked command in '/root/distr_slam_ws/build/cartographer' returned '0': CMAKE_PREFIX_PATH=${CMAKE_PREFIX_PATH}:/opt/ros/jazzy /usr/bin/cmake --install /root/distr_slam_ws/build/cartographer
[1.913s] Level 1:colcon.colcon_core.shell:create_environment_hook('cartographer', 'pkg_config_path')
[1.913s] INFO:colcon.colcon_core.shell:Creating environment hook '/root/distr_slam_ws/install/cartographer/share/cartographer/hook/pkg_config_path.ps1'
[1.914s] INFO:colcon.colcon_core.shell:Creating environment descriptor '/root/distr_slam_ws/install/cartographer/share/cartographer/hook/pkg_config_path.dsv'
[1.914s] INFO:colcon.colcon_core.shell:Creating environment hook '/root/distr_slam_ws/install/cartographer/share/cartographer/hook/pkg_config_path.sh'
[1.921s] Level 1:colcon.colcon_core.shell:create_environment_hook('cartographer', 'pkg_config_path_multiarch')
[1.921s] INFO:colcon.colcon_core.shell:Creating environment hook '/root/distr_slam_ws/install/cartographer/share/cartographer/hook/pkg_config_path_multiarch.ps1'
[1.922s] INFO:colcon.colcon_core.shell:Creating environment descriptor '/root/distr_slam_ws/install/cartographer/share/cartographer/hook/pkg_config_path_multiarch.dsv'
[1.922s] INFO:colcon.colcon_core.shell:Creating environment hook '/root/distr_slam_ws/install/cartographer/share/cartographer/hook/pkg_config_path_multiarch.sh'
[1.923s] Level 1:colcon.colcon_core.environment:create_environment_scripts_only(cartographer)
[1.923s] Level 1:colcon.colcon_core.environment:checking '/root/distr_slam_ws/install/cartographer' for CMake module files
[1.924s] Level 1:colcon.colcon_core.environment:checking '/root/distr_slam_ws/install/cartographer' for CMake config files
[1.924s] Level 1:colcon.colcon_core.shell:create_environment_hook('cartographer', 'cmake_prefix_path')
[1.924s] INFO:colcon.colcon_core.shell:Creating environment hook '/root/distr_slam_ws/install/cartographer/share/cartographer/hook/cmake_prefix_path.ps1'
[1.925s] INFO:colcon.colcon_core.shell:Creating environment descriptor '/root/distr_slam_ws/install/cartographer/share/cartographer/hook/cmake_prefix_path.dsv'
[1.925s] INFO:colcon.colcon_core.shell:Creating environment hook '/root/distr_slam_ws/install/cartographer/share/cartographer/hook/cmake_prefix_path.sh'
[1.926s] Level 1:colcon.colcon_core.environment:checking '/root/distr_slam_ws/install/cartographer/lib'
[1.926s] Level 1:colcon.colcon_core.environment:checking '/root/distr_slam_ws/install/cartographer/bin'
[1.926s] Level 1:colcon.colcon_core.shell:create_environment_hook('cartographer', 'path')
[1.926s] INFO:colcon.colcon_core.shell:Creating environment hook '/root/distr_slam_ws/install/cartographer/share/cartographer/hook/path.ps1'
[1.927s] INFO:colcon.colcon_core.shell:Creating environment descriptor '/root/distr_slam_ws/install/cartographer/share/cartographer/hook/path.dsv'
[1.927s] INFO:colcon.colcon_core.shell:Creating environment hook '/root/distr_slam_ws/install/cartographer/share/cartographer/hook/path.sh'
[1.928s] Level 1:colcon.colcon_core.environment:checking '/root/distr_slam_ws/install/cartographer/lib/pkgconfig/cartographer.pc'
[1.928s] Level 1:colcon.colcon_core.environment:checking '/root/distr_slam_ws/install/cartographer/lib/python3.12/site-packages'
[1.928s] Level 1:colcon.colcon_core.environment:checking '/root/distr_slam_ws/install/cartographer/bin'
[1.929s] Level 1:colcon.colcon_core.shell:create_environment_hook('cartographer', 'pythonscriptspath')
[1.929s] INFO:colcon.colcon_core.shell:Creating environment hook '/root/distr_slam_ws/install/cartographer/share/cartographer/hook/pythonscriptspath.ps1'
[1.929s] INFO:colcon.colcon_core.shell:Creating environment descriptor '/root/distr_slam_ws/install/cartographer/share/cartographer/hook/pythonscriptspath.dsv'
[1.930s] INFO:colcon.colcon_core.shell:Creating environment hook '/root/distr_slam_ws/install/cartographer/share/cartographer/hook/pythonscriptspath.sh'
[1.930s] INFO:colcon.colcon_core.shell:Creating package script '/root/distr_slam_ws/install/cartographer/share/cartographer/package.ps1'
[1.931s] INFO:colcon.colcon_core.shell:Creating package descriptor '/root/distr_slam_ws/install/cartographer/share/cartographer/package.dsv'
[1.932s] INFO:colcon.colcon_core.shell:Creating package script '/root/distr_slam_ws/install/cartographer/share/cartographer/package.sh'
[1.933s] INFO:colcon.colcon_core.shell:Creating package script '/root/distr_slam_ws/install/cartographer/share/cartographer/package.bash'
[1.933s] INFO:colcon.colcon_core.shell:Creating package script '/root/distr_slam_ws/install/cartographer/share/cartographer/package.zsh'
[1.933s] Level 1:colcon.colcon_core.environment:create_file_with_runtime_dependencies(/root/distr_slam_ws/install/cartographer/share/colcon-core/packages/cartographer)
[1.934s] INFO:colcon.colcon_ros.task.ament_cmake.build:Building ROS package in '/root/distr_slam_ws/src/cartographer_ros/cartographer_ros' with build type 'ament_cmake'
[1.934s] INFO:colcon.colcon_cmake.task.cmake.build:Building CMake package in '/root/distr_slam_ws/src/cartographer_ros/cartographer_ros'
[1.934s] INFO:colcon.colcon_core.shell:Skip shell extension 'powershell' for command environment: Not usable outside of PowerShell
[1.934s] DEBUG:colcon.colcon_core.shell:Skip shell extension 'dsv' for command environment
[1.954s] DEBUG:colcon.colcon_core.event_handler.log_command:Invoking command in '/root/distr_slam_ws/build/cartographer_ros': CMAKE_PREFIX_PATH=/root/distr_slam_ws/install/cartographer_ros_msgs:/root/distr_slam_ws/install/cartographer:/root/distr_slam_ws/install/cartographer_rviz:/root/distr_slam_ws/install/cartographer_ros:/opt/ros/jazzy/opt/gz_math_vendor:/opt/ros/jazzy/opt/gz_utils_vendor:/opt/ros/jazzy/opt/gz_cmake_vendor:/opt/ros/jazzy LD_LIBRARY_PATH=/root/distr_slam_ws/install/cartographer_ros_msgs/lib:/root/distr_slam_ws/install/cartographer_rviz/lib:/root/distr_slam_ws/install/cartographer_ros/lib:/opt/ros/jazzy/opt/rviz_ogre_vendor/lib:/opt/ros/jazzy/lib/x86_64-linux-gnu:/opt/ros/jazzy/opt/gz_math_vendor/lib:/opt/ros/jazzy/opt/gz_utils_vendor/lib:/opt/ros/jazzy/opt/gz_cmake_vendor/lib:/opt/ros/jazzy/lib /usr/bin/cmake --build /root/distr_slam_ws/build/cartographer_ros -- -j8 -l8
[67.044s] DEBUG:colcon.colcon_core.event_handler.log_command:Invoked command in '/root/distr_slam_ws/build/cartographer_ros' returned '0': CMAKE_PREFIX_PATH=/root/distr_slam_ws/install/cartographer_ros_msgs:/root/distr_slam_ws/install/cartographer:/root/distr_slam_ws/install/cartographer_rviz:/root/distr_slam_ws/install/cartographer_ros:/opt/ros/jazzy/opt/gz_math_vendor:/opt/ros/jazzy/opt/gz_utils_vendor:/opt/ros/jazzy/opt/gz_cmake_vendor:/opt/ros/jazzy LD_LIBRARY_PATH=/root/distr_slam_ws/install/cartographer_ros_msgs/lib:/root/distr_slam_ws/install/cartographer_rviz/lib:/root/distr_slam_ws/install/cartographer_ros/lib:/opt/ros/jazzy/opt/rviz_ogre_vendor/lib:/opt/ros/jazzy/lib/x86_64-linux-gnu:/opt/ros/jazzy/opt/gz_math_vendor/lib:/opt/ros/jazzy/opt/gz_utils_vendor/lib:/opt/ros/jazzy/opt/gz_cmake_vendor/lib:/opt/ros/jazzy/lib /usr/bin/cmake --build /root/distr_slam_ws/build/cartographer_ros -- -j8 -l8
[67.046s] DEBUG:colcon.colcon_core.event_handler.log_command:Invoking command in '/root/distr_slam_ws/build/cartographer_ros': CMAKE_PREFIX_PATH=/root/distr_slam_ws/install/cartographer_ros_msgs:/root/distr_slam_ws/install/cartographer:/root/distr_slam_ws/install/cartographer_rviz:/root/distr_slam_ws/install/cartographer_ros:/opt/ros/jazzy/opt/gz_math_vendor:/opt/ros/jazzy/opt/gz_utils_vendor:/opt/ros/jazzy/opt/gz_cmake_vendor:/opt/ros/jazzy LD_LIBRARY_PATH=/root/distr_slam_ws/install/cartographer_ros_msgs/lib:/root/distr_slam_ws/install/cartographer_rviz/lib:/root/distr_slam_ws/install/cartographer_ros/lib:/opt/ros/jazzy/opt/rviz_ogre_vendor/lib:/opt/ros/jazzy/lib/x86_64-linux-gnu:/opt/ros/jazzy/opt/gz_math_vendor/lib:/opt/ros/jazzy/opt/gz_utils_vendor/lib:/opt/ros/jazzy/opt/gz_cmake_vendor/lib:/opt/ros/jazzy/lib /usr/bin/cmake --install /root/distr_slam_ws/build/cartographer_ros
[67.130s] Level 1:colcon.colcon_core.environment:create_environment_scripts_only(cartographer_ros)
[67.131s] Level 1:colcon.colcon_core.environment:checking '/root/distr_slam_ws/install/cartographer_ros' for CMake module files
[67.131s] DEBUG:colcon.colcon_core.event_handler.log_command:Invoked command in '/root/distr_slam_ws/build/cartographer_ros' returned '0': CMAKE_PREFIX_PATH=/root/distr_slam_ws/install/cartographer_ros_msgs:/root/distr_slam_ws/install/cartographer:/root/distr_slam_ws/install/cartographer_rviz:/root/distr_slam_ws/install/cartographer_ros:/opt/ros/jazzy/opt/gz_math_vendor:/opt/ros/jazzy/opt/gz_utils_vendor:/opt/ros/jazzy/opt/gz_cmake_vendor:/opt/ros/jazzy LD_LIBRARY_PATH=/root/distr_slam_ws/install/cartographer_ros_msgs/lib:/root/distr_slam_ws/install/cartographer_rviz/lib:/root/distr_slam_ws/install/cartographer_ros/lib:/opt/ros/jazzy/opt/rviz_ogre_vendor/lib:/opt/ros/jazzy/lib/x86_64-linux-gnu:/opt/ros/jazzy/opt/gz_math_vendor/lib:/opt/ros/jazzy/opt/gz_utils_vendor/lib:/opt/ros/jazzy/opt/gz_cmake_vendor/lib:/opt/ros/jazzy/lib /usr/bin/cmake --install /root/distr_slam_ws/build/cartographer_ros
[67.132s] Level 1:colcon.colcon_core.environment:checking '/root/distr_slam_ws/install/cartographer_ros' for CMake config files
[67.132s] Level 1:colcon.colcon_core.shell:create_environment_hook('cartographer_ros', 'cmake_prefix_path')
[67.133s] INFO:colcon.colcon_core.shell:Creating environment hook '/root/distr_slam_ws/install/cartographer_ros/share/cartographer_ros/hook/cmake_prefix_path.ps1'
[67.133s] INFO:colcon.colcon_core.shell:Creating environment descriptor '/root/distr_slam_ws/install/cartographer_ros/share/cartographer_ros/hook/cmake_prefix_path.dsv'
[67.133s] INFO:colcon.colcon_core.shell:Creating environment hook '/root/distr_slam_ws/install/cartographer_ros/share/cartographer_ros/hook/cmake_prefix_path.sh'
[67.134s] Level 1:colcon.colcon_core.environment:checking '/root/distr_slam_ws/install/cartographer_ros/lib'
[67.134s] Level 1:colcon.colcon_core.shell:create_environment_hook('cartographer_ros', 'ld_library_path_lib')
[67.134s] INFO:colcon.colcon_core.shell:Creating environment hook '/root/distr_slam_ws/install/cartographer_ros/share/cartographer_ros/hook/ld_library_path_lib.ps1'
[67.135s] INFO:colcon.colcon_core.shell:Creating environment descriptor '/root/distr_slam_ws/install/cartographer_ros/share/cartographer_ros/hook/ld_library_path_lib.dsv'
[67.135s] INFO:colcon.colcon_core.shell:Creating environment hook '/root/distr_slam_ws/install/cartographer_ros/share/cartographer_ros/hook/ld_library_path_lib.sh'
[67.136s] Level 1:colcon.colcon_core.environment:checking '/root/distr_slam_ws/install/cartographer_ros/bin'
[67.136s] Level 1:colcon.colcon_core.environment:checking '/root/distr_slam_ws/install/cartographer_ros/lib/pkgconfig/cartographer_ros.pc'
[67.136s] Level 1:colcon.colcon_core.environment:checking '/root/distr_slam_ws/install/cartographer_ros/lib/python3.12/site-packages'
[67.137s] Level 1:colcon.colcon_core.environment:checking '/root/distr_slam_ws/install/cartographer_ros/bin'
[67.137s] INFO:colcon.colcon_core.shell:Creating package script '/root/distr_slam_ws/install/cartographer_ros/share/cartographer_ros/package.ps1'
[67.137s] INFO:colcon.colcon_core.shell:Creating package descriptor '/root/distr_slam_ws/install/cartographer_ros/share/cartographer_ros/package.dsv'
[67.138s] INFO:colcon.colcon_core.shell:Creating package script '/root/distr_slam_ws/install/cartographer_ros/share/cartographer_ros/package.sh'
[67.138s] INFO:colcon.colcon_core.shell:Creating package script '/root/distr_slam_ws/install/cartographer_ros/share/cartographer_ros/package.bash'
[67.139s] INFO:colcon.colcon_core.shell:Creating package script '/root/distr_slam_ws/install/cartographer_ros/share/cartographer_ros/package.zsh'
[67.139s] Level 1:colcon.colcon_core.environment:create_file_with_runtime_dependencies(/root/distr_slam_ws/install/cartographer_ros/share/colcon-core/packages/cartographer_ros)
[67.140s] Level 1:colcon.colcon_core.environment:create_environment_scripts_only(cartographer_ros)
[67.140s] Level 1:colcon.colcon_core.environment:checking '/root/distr_slam_ws/install/cartographer_ros' for CMake module files
[67.141s] Level 1:colcon.colcon_core.environment:checking '/root/distr_slam_ws/install/cartographer_ros' for CMake config files
[67.141s] Level 1:colcon.colcon_core.shell:create_environment_hook('cartographer_ros', 'cmake_prefix_path')
[67.141s] INFO:colcon.colcon_core.shell:Creating environment hook '/root/distr_slam_ws/install/cartographer_ros/share/cartographer_ros/hook/cmake_prefix_path.ps1'
[67.142s] INFO:colcon.colcon_core.shell:Creating environment descriptor '/root/distr_slam_ws/install/cartographer_ros/share/cartographer_ros/hook/cmake_prefix_path.dsv'
[67.142s] INFO:colcon.colcon_core.shell:Creating environment hook '/root/distr_slam_ws/install/cartographer_ros/share/cartographer_ros/hook/cmake_prefix_path.sh'
[67.143s] Level 1:colcon.colcon_core.environment:checking '/root/distr_slam_ws/install/cartographer_ros/lib'
[67.143s] Level 1:colcon.colcon_core.shell:create_environment_hook('cartographer_ros', 'ld_library_path_lib')
[67.143s] INFO:colcon.colcon_core.shell:Creating environment hook '/root/distr_slam_ws/install/cartographer_ros/share/cartographer_ros/hook/ld_library_path_lib.ps1'
[67.144s] INFO:colcon.colcon_core.shell:Creating environment descriptor '/root/distr_slam_ws/install/cartographer_ros/share/cartographer_ros/hook/ld_library_path_lib.dsv'
[67.144s] INFO:colcon.colcon_core.shell:Creating environment hook '/root/distr_slam_ws/install/cartographer_ros/share/cartographer_ros/hook/ld_library_path_lib.sh'
[67.145s] Level 1:colcon.colcon_core.environment:checking '/root/distr_slam_ws/install/cartographer_ros/bin'
[67.145s] Level 1:colcon.colcon_core.environment:checking '/root/distr_slam_ws/install/cartographer_ros/lib/pkgconfig/cartographer_ros.pc'
[67.145s] Level 1:colcon.colcon_core.environment:checking '/root/distr_slam_ws/install/cartographer_ros/lib/python3.12/site-packages'
[67.145s] Level 1:colcon.colcon_core.environment:checking '/root/distr_slam_ws/install/cartographer_ros/bin'
[67.146s] INFO:colcon.colcon_core.shell:Creating package script '/root/distr_slam_ws/install/cartographer_ros/share/cartographer_ros/package.ps1'
[67.146s] INFO:colcon.colcon_core.shell:Creating package descriptor '/root/distr_slam_ws/install/cartographer_ros/share/cartographer_ros/package.dsv'
[67.147s] INFO:colcon.colcon_core.shell:Creating package script '/root/distr_slam_ws/install/cartographer_ros/share/cartographer_ros/package.sh'
[67.147s] INFO:colcon.colcon_core.shell:Creating package script '/root/distr_slam_ws/install/cartographer_ros/share/cartographer_ros/package.bash'
[67.148s] INFO:colcon.colcon_core.shell:Creating package script '/root/distr_slam_ws/install/cartographer_ros/share/cartographer_ros/package.zsh'
[67.148s] Level 1:colcon.colcon_core.environment:create_file_with_runtime_dependencies(/root/distr_slam_ws/install/cartographer_ros/share/colcon-core/packages/cartographer_ros)
[67.149s] INFO:colcon.colcon_ros.task.ament_cmake.build:Building ROS package in '/root/distr_slam_ws/src/cartographer_ros/cartographer_rviz' with build type 'ament_cmake'
[67.149s] INFO:colcon.colcon_cmake.task.cmake.build:Building CMake package in '/root/distr_slam_ws/src/cartographer_ros/cartographer_rviz'
[67.149s] INFO:colcon.colcon_core.shell:Skip shell extension 'powershell' for command environment: Not usable outside of PowerShell
[67.149s] DEBUG:colcon.colcon_core.shell:Skip shell extension 'dsv' for command environment
[67.169s] DEBUG:colcon.colcon_core.event_handler.log_command:Invoking command in '/root/distr_slam_ws/build/cartographer_rviz': CMAKE_PREFIX_PATH=/root/distr_slam_ws/install/cartographer_ros:/root/distr_slam_ws/install/cartographer_ros_msgs:/root/distr_slam_ws/install/cartographer:/root/distr_slam_ws/install/cartographer_rviz:/opt/ros/jazzy/opt/gz_math_vendor:/opt/ros/jazzy/opt/gz_utils_vendor:/opt/ros/jazzy/opt/gz_cmake_vendor:/opt/ros/jazzy LD_LIBRARY_PATH=/root/distr_slam_ws/install/cartographer_ros/lib:/root/distr_slam_ws/install/cartographer_ros_msgs/lib:/root/distr_slam_ws/install/cartographer_rviz/lib:/opt/ros/jazzy/opt/rviz_ogre_vendor/lib:/opt/ros/jazzy/lib/x86_64-linux-gnu:/opt/ros/jazzy/opt/gz_math_vendor/lib:/opt/ros/jazzy/opt/gz_utils_vendor/lib:/opt/ros/jazzy/opt/gz_cmake_vendor/lib:/opt/ros/jazzy/lib /usr/bin/cmake --build /root/distr_slam_ws/build/cartographer_rviz -- -j8 -l8
[70.820s] DEBUG:colcon.colcon_core.event_handler.log_command:Invoked command in '/root/distr_slam_ws/build/cartographer_rviz' returned '0': CMAKE_PREFIX_PATH=/root/distr_slam_ws/install/cartographer_ros:/root/distr_slam_ws/install/cartographer_ros_msgs:/root/distr_slam_ws/install/cartographer:/root/distr_slam_ws/install/cartographer_rviz:/opt/ros/jazzy/opt/gz_math_vendor:/opt/ros/jazzy/opt/gz_utils_vendor:/opt/ros/jazzy/opt/gz_cmake_vendor:/opt/ros/jazzy LD_LIBRARY_PATH=/root/distr_slam_ws/install/cartographer_ros/lib:/root/distr_slam_ws/install/cartographer_ros_msgs/lib:/root/distr_slam_ws/install/cartographer_rviz/lib:/opt/ros/jazzy/opt/rviz_ogre_vendor/lib:/opt/ros/jazzy/lib/x86_64-linux-gnu:/opt/ros/jazzy/opt/gz_math_vendor/lib:/opt/ros/jazzy/opt/gz_utils_vendor/lib:/opt/ros/jazzy/opt/gz_cmake_vendor/lib:/opt/ros/jazzy/lib /usr/bin/cmake --build /root/distr_slam_ws/build/cartographer_rviz -- -j8 -l8
[70.823s] DEBUG:colcon.colcon_core.event_handler.log_command:Invoking command in '/root/distr_slam_ws/build/cartographer_rviz': CMAKE_PREFIX_PATH=/root/distr_slam_ws/install/cartographer_ros:/root/distr_slam_ws/install/cartographer_ros_msgs:/root/distr_slam_ws/install/cartographer:/root/distr_slam_ws/install/cartographer_rviz:/opt/ros/jazzy/opt/gz_math_vendor:/opt/ros/jazzy/opt/gz_utils_vendor:/opt/ros/jazzy/opt/gz_cmake_vendor:/opt/ros/jazzy LD_LIBRARY_PATH=/root/distr_slam_ws/install/cartographer_ros/lib:/root/distr_slam_ws/install/cartographer_ros_msgs/lib:/root/distr_slam_ws/install/cartographer_rviz/lib:/opt/ros/jazzy/opt/rviz_ogre_vendor/lib:/opt/ros/jazzy/lib/x86_64-linux-gnu:/opt/ros/jazzy/opt/gz_math_vendor/lib:/opt/ros/jazzy/opt/gz_utils_vendor/lib:/opt/ros/jazzy/opt/gz_cmake_vendor/lib:/opt/ros/jazzy/lib /usr/bin/cmake --install /root/distr_slam_ws/build/cartographer_rviz
[70.847s] Level 1:colcon.colcon_core.environment:create_environment_scripts_only(cartographer_rviz)
[70.847s] Level 1:colcon.colcon_core.environment:checking '/root/distr_slam_ws/install/cartographer_rviz' for CMake module files
[70.848s] DEBUG:colcon.colcon_core.event_handler.log_command:Invoked command in '/root/distr_slam_ws/build/cartographer_rviz' returned '0': CMAKE_PREFIX_PATH=/root/distr_slam_ws/install/cartographer_ros:/root/distr_slam_ws/install/cartographer_ros_msgs:/root/distr_slam_ws/install/cartographer:/root/distr_slam_ws/install/cartographer_rviz:/opt/ros/jazzy/opt/gz_math_vendor:/opt/ros/jazzy/opt/gz_utils_vendor:/opt/ros/jazzy/opt/gz_cmake_vendor:/opt/ros/jazzy LD_LIBRARY_PATH=/root/distr_slam_ws/install/cartographer_ros/lib:/root/distr_slam_ws/install/cartographer_ros_msgs/lib:/root/distr_slam_ws/install/cartographer_rviz/lib:/opt/ros/jazzy/opt/rviz_ogre_vendor/lib:/opt/ros/jazzy/lib/x86_64-linux-gnu:/opt/ros/jazzy/opt/gz_math_vendor/lib:/opt/ros/jazzy/opt/gz_utils_vendor/lib:/opt/ros/jazzy/opt/gz_cmake_vendor/lib:/opt/ros/jazzy/lib /usr/bin/cmake --install /root/distr_slam_ws/build/cartographer_rviz
[70.849s] Level 1:colcon.colcon_core.environment:checking '/root/distr_slam_ws/install/cartographer_rviz' for CMake config files
[70.849s] Level 1:colcon.colcon_core.shell:create_environment_hook('cartographer_rviz', 'cmake_prefix_path')
[70.849s] INFO:colcon.colcon_core.shell:Creating environment hook '/root/distr_slam_ws/install/cartographer_rviz/share/cartographer_rviz/hook/cmake_prefix_path.ps1'
[70.850s] INFO:colcon.colcon_core.shell:Creating environment descriptor '/root/distr_slam_ws/install/cartographer_rviz/share/cartographer_rviz/hook/cmake_prefix_path.dsv'
[70.850s] INFO:colcon.colcon_core.shell:Creating environment hook '/root/distr_slam_ws/install/cartographer_rviz/share/cartographer_rviz/hook/cmake_prefix_path.sh'
[70.851s] Level 1:colcon.colcon_core.environment:checking '/root/distr_slam_ws/install/cartographer_rviz/lib'
[70.851s] Level 1:colcon.colcon_core.shell:create_environment_hook('cartographer_rviz', 'ld_library_path_lib')
[70.852s] INFO:colcon.colcon_core.shell:Creating environment hook '/root/distr_slam_ws/install/cartographer_rviz/share/cartographer_rviz/hook/ld_library_path_lib.ps1'
[70.852s] INFO:colcon.colcon_core.shell:Creating environment descriptor '/root/distr_slam_ws/install/cartographer_rviz/share/cartographer_rviz/hook/ld_library_path_lib.dsv'
[70.853s] INFO:colcon.colcon_core.shell:Creating environment hook '/root/distr_slam_ws/install/cartographer_rviz/share/cartographer_rviz/hook/ld_library_path_lib.sh'
[70.854s] Level 1:colcon.colcon_core.environment:checking '/root/distr_slam_ws/install/cartographer_rviz/bin'
[70.854s] Level 1:colcon.colcon_core.environment:checking '/root/distr_slam_ws/install/cartographer_rviz/lib/pkgconfig/cartographer_rviz.pc'
[70.854s] Level 1:colcon.colcon_core.environment:checking '/root/distr_slam_ws/install/cartographer_rviz/lib/python3.12/site-packages'
[70.855s] Level 1:colcon.colcon_core.environment:checking '/root/distr_slam_ws/install/cartographer_rviz/bin'
[70.856s] INFO:colcon.colcon_core.shell:Creating package script '/root/distr_slam_ws/install/cartographer_rviz/share/cartographer_rviz/package.ps1'
[70.857s] INFO:colcon.colcon_core.shell:Creating package descriptor '/root/distr_slam_ws/install/cartographer_rviz/share/cartographer_rviz/package.dsv'
[70.857s] INFO:colcon.colcon_core.shell:Creating package script '/root/distr_slam_ws/install/cartographer_rviz/share/cartographer_rviz/package.sh'
[70.858s] INFO:colcon.colcon_core.shell:Creating package script '/root/distr_slam_ws/install/cartographer_rviz/share/cartographer_rviz/package.bash'
[70.858s] INFO:colcon.colcon_core.shell:Creating package script '/root/distr_slam_ws/install/cartographer_rviz/share/cartographer_rviz/package.zsh'
[70.859s] Level 1:colcon.colcon_core.environment:create_file_with_runtime_dependencies(/root/distr_slam_ws/install/cartographer_rviz/share/colcon-core/packages/cartographer_rviz)
[70.860s] Level 1:colcon.colcon_core.environment:create_environment_scripts_only(cartographer_rviz)
[70.860s] Level 1:colcon.colcon_core.environment:checking '/root/distr_slam_ws/install/cartographer_rviz' for CMake module files
[70.861s] Level 1:colcon.colcon_core.environment:checking '/root/distr_slam_ws/install/cartographer_rviz' for CMake config files
[70.861s] Level 1:colcon.colcon_core.shell:create_environment_hook('cartographer_rviz', 'cmake_prefix_path')
[70.861s] INFO:colcon.colcon_core.shell:Creating environment hook '/root/distr_slam_ws/install/cartographer_rviz/share/cartographer_rviz/hook/cmake_prefix_path.ps1'
[70.862s] INFO:colcon.colcon_core.shell:Creating environment descriptor '/root/distr_slam_ws/install/cartographer_rviz/share/cartographer_rviz/hook/cmake_prefix_path.dsv'
[70.862s] INFO:colcon.colcon_core.shell:Creating environment hook '/root/distr_slam_ws/install/cartographer_rviz/share/cartographer_rviz/hook/cmake_prefix_path.sh'
[70.863s] Level 1:colcon.colcon_core.environment:checking '/root/distr_slam_ws/install/cartographer_rviz/lib'
[70.863s] Level 1:colcon.colcon_core.shell:create_environment_hook('cartographer_rviz', 'ld_library_path_lib')
[70.863s] INFO:colcon.colcon_core.shell:Creating environment hook '/root/distr_slam_ws/install/cartographer_rviz/share/cartographer_rviz/hook/ld_library_path_lib.ps1'
[70.863s] INFO:colcon.colcon_core.shell:Creating environment descriptor '/root/distr_slam_ws/install/cartographer_rviz/share/cartographer_rviz/hook/ld_library_path_lib.dsv'
[70.864s] INFO:colcon.colcon_core.shell:Creating environment hook '/root/distr_slam_ws/install/cartographer_rviz/share/cartographer_rviz/hook/ld_library_path_lib.sh'
[70.864s] Level 1:colcon.colcon_core.environment:checking '/root/distr_slam_ws/install/cartographer_rviz/bin'
[70.864s] Level 1:colcon.colcon_core.environment:checking '/root/distr_slam_ws/install/cartographer_rviz/lib/pkgconfig/cartographer_rviz.pc'
[70.865s] Level 1:colcon.colcon_core.environment:checking '/root/distr_slam_ws/install/cartographer_rviz/lib/python3.12/site-packages'
[70.865s] Level 1:colcon.colcon_core.environment:checking '/root/distr_slam_ws/install/cartographer_rviz/bin'
[70.865s] INFO:colcon.colcon_core.shell:Creating package script '/root/distr_slam_ws/install/cartographer_rviz/share/cartographer_rviz/package.ps1'
[70.866s] INFO:colcon.colcon_core.shell:Creating package descriptor '/root/distr_slam_ws/install/cartographer_rviz/share/cartographer_rviz/package.dsv'
[70.867s] INFO:colcon.colcon_core.shell:Creating package script '/root/distr_slam_ws/install/cartographer_rviz/share/cartographer_rviz/package.sh'
[70.867s] INFO:colcon.colcon_core.shell:Creating package script '/root/distr_slam_ws/install/cartographer_rviz/share/cartographer_rviz/package.bash'
[70.868s] INFO:colcon.colcon_core.shell:Creating package script '/root/distr_slam_ws/install/cartographer_rviz/share/cartographer_rviz/package.zsh'
[70.868s] Level 1:colcon.colcon_core.environment:create_file_with_runtime_dependencies(/root/distr_slam_ws/install/cartographer_rviz/share/colcon-core/packages/cartographer_rviz)
[70.869s] DEBUG:colcon.colcon_parallel_executor.executor.parallel:closing loop
[70.869s] DEBUG:colcon.colcon_parallel_executor.executor.parallel:loop closed
[70.869s] DEBUG:colcon.colcon_parallel_executor.executor.parallel:run_until_complete finished with '0'
[70.869s] DEBUG:colcon.colcon_core.event_reactor:joining thread
[70.884s] INFO:colcon.colcon_core.plugin_system:Skipping extension 'colcon_notification.desktop_notification.notify_send': Could not find 'notify-send'
[70.884s] INFO:colcon.colcon_core.plugin_system:Skipping extension 'colcon_notification.desktop_notification.terminal_notifier': Not used on non-Darwin systems
[70.884s] INFO:colcon.colcon_core.plugin_system:Skipping extension 'colcon_notification.desktop_notification.win32': Not used on non-Windows systems
[70.884s] INFO:colcon.colcon_notification.desktop_notification:Sending desktop notification using 'notify2'
[70.890s] DEBUG:colcon.colcon_notification.desktop_notification.notify2:Failed to initialize notify2: org.freedesktop.DBus.Error.Spawn.ExecFailed: /usr/bin/dbus-launch terminated abnormally without any error message
[70.891s] DEBUG:colcon.colcon_core.event_reactor:joined thread
[70.891s] INFO:colcon.colcon_core.shell:Creating prefix script '/root/distr_slam_ws/install/local_setup.ps1'
[70.893s] INFO:colcon.colcon_core.shell:Creating prefix util module '/root/distr_slam_ws/install/_local_setup_util_ps1.py'
[70.894s] INFO:colcon.colcon_core.shell:Creating prefix chain script '/root/distr_slam_ws/install/setup.ps1'
[70.896s] INFO:colcon.colcon_core.shell:Creating prefix script '/root/distr_slam_ws/install/local_setup.sh'
[70.897s] INFO:colcon.colcon_core.shell:Creating prefix util module '/root/distr_slam_ws/install/_local_setup_util_sh.py'
[70.898s] INFO:colcon.colcon_core.shell:Creating prefix chain script '/root/distr_slam_ws/install/setup.sh'
[70.899s] INFO:colcon.colcon_core.shell:Creating prefix script '/root/distr_slam_ws/install/local_setup.bash'
[70.900s] INFO:colcon.colcon_core.shell:Creating prefix chain script '/root/distr_slam_ws/install/setup.bash'
[70.901s] INFO:colcon.colcon_core.shell:Creating prefix script '/root/distr_slam_ws/install/local_setup.zsh'
[70.902s] INFO:colcon.colcon_core.shell:Creating prefix chain script '/root/distr_slam_ws/install/setup.zsh'
