[  2%] [32mBuilding CXX object CMakeFiles/cartographer_ros.dir/src/offline_node.cpp.o[0m
[  5%] [32m[1mLinking CXX shared library libcartographer_ros.so[0m
[ 60%] Built target cartographer_ros
[ 68%] [32m[1mLinking CXX executable cartographer_pbstream_map_publisher[0m
[ 68%] [32m[1mLinking CXX executable cartographer_rosbag_validate[0m
[ 68%] [32m[1mLinking CXX executable cartographer_pbstream_to_ros_map[0m
[ 71%] [32m[1mLinking CXX executable cartographer_occupancy_grid_node[0m
[ 74%] [32m[1mLinking CXX executable cartographer_assets_writer[0m
[ 80%] [32m[1mLinking CXX executable cartographer_node[0m
[ 80%] [32m[1mLinking CXX executable cartographer_offline_node[0m
/usr/bin/ld: libcartographer_ros.so: undefined reference to `fLB::FLAGS_collect_metrics'
collect2: error: ld returned 1 exit status
gmake[2]: *** [CMakeFiles/cartographer_pbstream_to_ros_map.dir/build.make:288: cartographer_pbstream_to_ros_map] Error 1
gmake[1]: *** [CMakeFiles/Makefile2:307: CMakeFiles/cartographer_pbstream_to_ros_map.dir/all] Error 2
gmake[1]: *** Waiting for unfinished jobs....
/usr/bin/ld: libcartographer_ros.so: undefined reference to `fLB::FLAGS_collect_metrics'
collect2: error: ld returned 1 exit status
gmake[2]: *** [CMakeFiles/cartographer_rosbag_validate.dir/build.make:290: cartographer_rosbag_validate] Error 1
gmake[1]: *** [CMakeFiles/Makefile2:333: CMakeFiles/cartographer_rosbag_validate.dir/all] Error 2
/usr/bin/ld: libcartographer_ros.so: undefined reference to `fLB::FLAGS_collect_metrics'
collect2: error: ld returned 1 exit status
gmake[2]: *** [CMakeFiles/cartographer_assets_writer.dir/build.make:288: cartographer_assets_writer] Error 1
gmake[1]: *** [CMakeFiles/Makefile2:255: CMakeFiles/cartographer_assets_writer.dir/all] Error 2
/usr/bin/ld: libcartographer_ros.so: undefined reference to `fLB::FLAGS_collect_metrics'
collect2: error: ld returned 1 exit status
gmake[2]: *** [CMakeFiles/cartographer_pbstream_map_publisher.dir/build.make:288: cartographer_pbstream_map_publisher] Error 1
gmake[1]: *** [CMakeFiles/Makefile2:281: CMakeFiles/cartographer_pbstream_map_publisher.dir/all] Error 2
/usr/bin/ld: libcartographer_ros.so: undefined reference to `fLB::FLAGS_collect_metrics'
collect2: error: ld returned 1 exit status
gmake[2]: *** [CMakeFiles/cartographer_offline_node.dir/build.make:288: cartographer_offline_node] Error 1
gmake[1]: *** [CMakeFiles/Makefile2:229: CMakeFiles/cartographer_offline_node.dir/all] Error 2
[ 82%] Built target cartographer_node
/usr/bin/ld: libcartographer_ros.so: undefined reference to `fLB::FLAGS_collect_metrics'
collect2: error: ld returned 1 exit status
gmake[2]: *** [CMakeFiles/cartographer_occupancy_grid_node.dir/build.make:288: cartographer_occupancy_grid_node] Error 1
gmake[1]: *** [CMakeFiles/Makefile2:203: CMakeFiles/cartographer_occupancy_grid_node.dir/all] Error 2
gmake: *** [Makefile:146: all] Error 2
