[0.010s] Invoking command in '/root/distr_slam_ws/build/cartographer_ros': CMAKE_PREFIX_PATH=/root/distr_slam_ws/install/cartographer_ros_msgs:/root/distr_slam_ws/install/cartographer:/root/distr_slam_ws/install/cartographer_rviz:/root/distr_slam_ws/install/cartographer_ros:/opt/ros/jazzy/opt/gz_math_vendor:/opt/ros/jazzy/opt/gz_utils_vendor:/opt/ros/jazzy/opt/gz_cmake_vendor:/opt/ros/jazzy LD_LIBRARY_PATH=/root/distr_slam_ws/install/cartographer_ros_msgs/lib:/root/distr_slam_ws/install/cartographer_rviz/lib:/root/distr_slam_ws/install/cartographer_ros/lib:/opt/ros/jazzy/opt/rviz_ogre_vendor/lib:/opt/ros/jazzy/lib/x86_64-linux-gnu:/opt/ros/jazzy/opt/gz_math_vendor/lib:/opt/ros/jazzy/opt/gz_utils_vendor/lib:/opt/ros/jazzy/opt/gz_cmake_vendor/lib:/opt/ros/jazzy/lib /usr/bin/cmake --build /root/distr_slam_ws/build/cartographer_ros -- -j24 -l24
[0.104s] [  2%] [32mBuilding CXX object CMakeFiles/cartographer_ros.dir/src/offline_node.cpp.o[0m
[7.337s] [  5%] [32m[1mLinking CXX shared library libcartographer_ros.so[0m
[8.841s] [ 60%] Built target cartographer_ros
[8.863s] [ 68%] [32m[1mLinking CXX executable cartographer_pbstream_map_publisher[0m
[8.863s] [ 68%] [32m[1mLinking CXX executable cartographer_rosbag_validate[0m
[8.863s] [ 68%] [32m[1mLinking CXX executable cartographer_pbstream_to_ros_map[0m
[8.866s] [ 71%] [32m[1mLinking CXX executable cartographer_occupancy_grid_node[0m
[8.866s] [ 74%] [32m[1mLinking CXX executable cartographer_assets_writer[0m
[8.869s] [ 80%] [32m[1mLinking CXX executable cartographer_node[0m
[8.869s] [ 80%] [32m[1mLinking CXX executable cartographer_offline_node[0m
[15.961s] /usr/bin/ld: libcartographer_ros.so: undefined reference to `fLB::FLAGS_collect_metrics'
[15.989s] collect2: error: ld returned 1 exit status
[15.993s] gmake[2]: *** [CMakeFiles/cartographer_pbstream_to_ros_map.dir/build.make:288: cartographer_pbstream_to_ros_map] Error 1
[15.994s] gmake[1]: *** [CMakeFiles/Makefile2:307: CMakeFiles/cartographer_pbstream_to_ros_map.dir/all] Error 2
[15.994s] gmake[1]: *** Waiting for unfinished jobs....
[16.001s] /usr/bin/ld: libcartographer_ros.so: undefined reference to `fLB::FLAGS_collect_metrics'
[16.031s] collect2: error: ld returned 1 exit status
[16.034s] gmake[2]: *** [CMakeFiles/cartographer_rosbag_validate.dir/build.make:290: cartographer_rosbag_validate] Error 1
[16.034s] gmake[1]: *** [CMakeFiles/Makefile2:333: CMakeFiles/cartographer_rosbag_validate.dir/all] Error 2
[16.035s] /usr/bin/ld: libcartographer_ros.so: undefined reference to `fLB::FLAGS_collect_metrics'
[16.060s] collect2: error: ld returned 1 exit status
[16.062s] gmake[2]: *** [CMakeFiles/cartographer_assets_writer.dir/build.make:288: cartographer_assets_writer] Error 1
[16.063s] gmake[1]: *** [CMakeFiles/Makefile2:255: CMakeFiles/cartographer_assets_writer.dir/all] Error 2
[16.063s] /usr/bin/ld: libcartographer_ros.so: undefined reference to `fLB::FLAGS_collect_metrics'
[16.089s] collect2: error: ld returned 1 exit status
[16.092s] gmake[2]: *** [CMakeFiles/cartographer_pbstream_map_publisher.dir/build.make:288: cartographer_pbstream_map_publisher] Error 1
[16.092s] gmake[1]: *** [CMakeFiles/Makefile2:281: CMakeFiles/cartographer_pbstream_map_publisher.dir/all] Error 2
[16.133s] /usr/bin/ld: libcartographer_ros.so: undefined reference to `fLB::FLAGS_collect_metrics'
[16.146s] collect2: error: ld returned 1 exit status
[16.148s] gmake[2]: *** [CMakeFiles/cartographer_offline_node.dir/build.make:288: cartographer_offline_node] Error 1
[16.148s] gmake[1]: *** [CMakeFiles/Makefile2:229: CMakeFiles/cartographer_offline_node.dir/all] Error 2
[16.230s] [ 82%] Built target cartographer_node
[16.242s] /usr/bin/ld: libcartographer_ros.so: undefined reference to `fLB::FLAGS_collect_metrics'
[16.260s] collect2: error: ld returned 1 exit status
[16.261s] gmake[2]: *** [CMakeFiles/cartographer_occupancy_grid_node.dir/build.make:288: cartographer_occupancy_grid_node] Error 1
[16.262s] gmake[1]: *** [CMakeFiles/Makefile2:203: CMakeFiles/cartographer_occupancy_grid_node.dir/all] Error 2
[16.262s] gmake: *** [Makefile:146: all] Error 2
[16.263s] Invoked command in '/root/distr_slam_ws/build/cartographer_ros' returned '2': CMAKE_PREFIX_PATH=/root/distr_slam_ws/install/cartographer_ros_msgs:/root/distr_slam_ws/install/cartographer:/root/distr_slam_ws/install/cartographer_rviz:/root/distr_slam_ws/install/cartographer_ros:/opt/ros/jazzy/opt/gz_math_vendor:/opt/ros/jazzy/opt/gz_utils_vendor:/opt/ros/jazzy/opt/gz_cmake_vendor:/opt/ros/jazzy LD_LIBRARY_PATH=/root/distr_slam_ws/install/cartographer_ros_msgs/lib:/root/distr_slam_ws/install/cartographer_rviz/lib:/root/distr_slam_ws/install/cartographer_ros/lib:/opt/ros/jazzy/opt/rviz_ogre_vendor/lib:/opt/ros/jazzy/lib/x86_64-linux-gnu:/opt/ros/jazzy/opt/gz_math_vendor/lib:/opt/ros/jazzy/opt/gz_utils_vendor/lib:/opt/ros/jazzy/opt/gz_cmake_vendor/lib:/opt/ros/jazzy/lib /usr/bin/cmake --build /root/distr_slam_ws/build/cartographer_ros -- -j24 -l24
