[0.016s] Invoking command in '/root/distr_slam_ws/build/cartographer': CMAKE_PREFIX_PATH=${CMAKE_PREFIX_PATH}:/opt/ros/jazzy /usr/bin/cmake /root/distr_slam_ws/src/cartographer -DCMAKE_INSTALL_PREFIX=/root/distr_slam_ws/install/cartographer
[0.089s] -- The C compiler identification is GNU 13.3.0
[0.164s] -- The CXX compiler identification is GNU 13.3.0
[0.183s] -- Detecting C compiler ABI info
[0.291s] -- Detecting C compiler ABI info - done
[0.303s] -- Check for working C compiler: /usr/bin/cc - skipped
[0.303s] -- Detecting C compile features
[0.304s] -- Detecting C compile features - done
[0.315s] -- Detecting CXX compiler ABI info
[0.437s] -- Detecting CXX compiler ABI info - done
[0.450s] -- Check for working CXX compiler: /usr/bin/c++ - skipped
[0.450s] -- Detecting CXX compile features
[0.451s] -- Detecting CXX compile features - done
[0.453s] -- Build type: Release
[0.466s] Files /root/distr_slam_ws/build/cartographer/AllFiles.cmake and - differ
[0.677s] -- Found Python3: /usr/bin/python3 (found version "3.12.3") found components: Interpreter 
[0.680s] -- Performing Test CMAKE_HAVE_LIBC_PTHREAD
[0.792s] -- Performing Test CMAKE_HAVE_LIBC_PTHREAD - Success
[0.794s] -- Found Threads: TRUE  
[0.805s] -- Found GMock: gmock_main  
[0.845s] -- Found Boost: /usr/lib/x86_64-linux-gnu/cmake/Boost-1.83.0/BoostConfig.cmake (found version "1.83.0") found components: iostreams 
[1.499s] -- Found AMD headers in: /usr/include/suitesparse
[1.500s] -- Found AMD library: /usr/lib/x86_64-linux-gnu/libamd.so
[1.501s] -- Found CAMD headers in: /usr/include/suitesparse
[1.502s] -- Found CAMD library: /usr/lib/x86_64-linux-gnu/libcamd.so
[1.503s] -- Found CCOLAMD headers in: /usr/include/suitesparse
[1.504s] -- Found CCOLAMD library: /usr/lib/x86_64-linux-gnu/libccolamd.so
[1.504s] -- Found CHOLMOD headers in: /usr/include/suitesparse
[1.505s] -- Found CHOLMOD library: /usr/lib/x86_64-linux-gnu/libcholmod.so
[1.506s] -- Found COLAMD headers in: /usr/include/suitesparse
[1.507s] -- Found COLAMD library: /usr/lib/x86_64-linux-gnu/libcolamd.so
[1.508s] -- Found SPQR headers in: /usr/include/suitesparse
[1.509s] -- Found SPQR library: /usr/lib/x86_64-linux-gnu/libspqr.so
[1.509s] -- Found Config headers in: /usr/include/suitesparse
[1.510s] -- Found Config library: /usr/lib/x86_64-linux-gnu/libsuitesparseconfig.so
[1.515s] -- Found Intel Thread Building Blocks (TBB) library (2021.11 / ) include location: . Assuming SuiteSparseQR was compiled with TBB.
[1.515s] -- Looking for shm_open in rt
[1.618s] -- Looking for shm_open in rt - found
[1.618s] -- Adding librt to SuiteSparse_config libraries (required on Linux & Unix [not OSX] if SuiteSparse is compiled with timing).
[1.625s] -- Could NOT find METIS (missing: METIS_INCLUDE_DIR METIS_LIBRARY) 
[1.626s] -- Found SuiteSparse: /usr/include/suitesparse (found suitable version "7.6.1", minimum required is "7.6.1") found components: AMD CAMD CCOLAMD CHOLMOD COLAMD SPQR Config 
[1.638s] -- Found required Ceres dependency: Eigen version 3.4.0 in /usr/share/eigen3/cmake
[1.651s] -- Found required Ceres dependency: glog
[1.651s] -- Found required Ceres dependency: gflags
[1.652s] -- Found Ceres version: 2.2.0 installed in: /usr with components: [EigenSparse, SparseLinearAlgebraLibrary, LAPACK, SuiteSparse, SchurSpecializations]
[1.667s] -- Found Lua: /usr/lib/x86_64-linux-gnu/liblua5.2.so;/usr/lib/x86_64-linux-gnu/libm.so (found version "5.2.4") 
[1.684s] -- Found Protobuf: /usr/lib/x86_64-linux-gnu/libprotobuf.so (found suitable version "3.21.12", minimum required is "3.0.0") 
[1.691s] -- Found PkgConfig: /usr/bin/pkg-config (found version "1.8.1") 
[1.691s] -- Checking for one of the modules 'cairo>=1.12.16'
[1.767s] -- Found Sphinx: /usr/bin/sphinx-build  
[1.875s] -- Configuring done (1.8s)
[2.366s] -- Generating done (0.4s)
[2.481s] -- Build files have been written to: /root/distr_slam_ws/build/cartographer
[2.499s] Invoked command in '/root/distr_slam_ws/build/cartographer' returned '0': CMAKE_PREFIX_PATH=${CMAKE_PREFIX_PATH}:/opt/ros/jazzy /usr/bin/cmake /root/distr_slam_ws/src/cartographer -DCMAKE_INSTALL_PREFIX=/root/distr_slam_ws/install/cartographer
[2.501s] Invoking command in '/root/distr_slam_ws/build/cartographer': CMAKE_PREFIX_PATH=${CMAKE_PREFIX_PATH}:/opt/ros/jazzy /usr/bin/cmake --build /root/distr_slam_ws/build/cartographer -- -j8 -l8
[2.581s] [  0%] [34m[1mRunning C++ protocol buffer compiler on /root/distr_slam_ws/src/cartographer/cartographer/transform/proto/transform.proto[0m
[2.581s] [  0%] [34m[1mRunning C++ protocol buffer compiler on /root/distr_slam_ws/src/cartographer/cartographer/ground_truth/proto/relations.proto[0m
[2.581s] [  0%] [34m[1mRunning C++ protocol buffer compiler on /root/distr_slam_ws/src/cartographer/cartographer/common/proto/ceres_solver_options.proto[0m
[2.582s] [  1%] [34m[1mRunning C++ protocol buffer compiler on /root/distr_slam_ws/src/cartographer/cartographer/mapping/proto/cell_limits_2d.proto[0m
[2.589s] [  1%] [34m[1mRunning C++ protocol buffer compiler on /root/distr_slam_ws/src/cartographer/cartographer/mapping/proto/connected_components.proto[0m
[2.593s] [  1%] [34m[1mBuilding documentation.[0m
[2.593s] [  2%] [32mBuilding CXX object googletest/CMakeFiles/gtest.dir/src/gtest-all.cc.o[0m
[2.608s] [  2%] [34m[1mRunning C++ protocol buffer compiler on /root/distr_slam_ws/src/cartographer/cartographer/mapping/proto/grid_2d.proto[0m
[2.612s] [  2%] [34m[1mRunning C++ protocol buffer compiler on /root/distr_slam_ws/src/cartographer/cartographer/mapping/proto/grid_2d_options.proto[0m
[2.621s] [  3%] Built target cartographer_detect_changes
[2.621s] [  3%] [34m[1mRunning C++ protocol buffer compiler on /root/distr_slam_ws/src/cartographer/cartographer/mapping/proto/hybrid_grid.proto[0m
[2.627s] [  3%] [34m[1mRunning C++ protocol buffer compiler on /root/distr_slam_ws/src/cartographer/cartographer/mapping/proto/local_trajectory_builder_options_2d.proto[0m
[2.627s] [  3%] [34m[1mRunning C++ protocol buffer compiler on /root/distr_slam_ws/src/cartographer/cartographer/mapping/proto/local_trajectory_builder_options_3d.proto[0m
[2.637s] [  3%] [34m[1mRunning C++ protocol buffer compiler on /root/distr_slam_ws/src/cartographer/cartographer/mapping/proto/map_builder_options.proto[0m
[2.647s] [  3%] [34m[1mRunning C++ protocol buffer compiler on /root/distr_slam_ws/src/cartographer/cartographer/mapping/proto/motion_filter_options.proto[0m
[2.648s] [  3%] [34m[1mRunning C++ protocol buffer compiler on /root/distr_slam_ws/src/cartographer/cartographer/mapping/proto/normal_estimation_options_2d.proto[0m
[2.660s] [  4%] [34m[1mRunning C++ protocol buffer compiler on /root/distr_slam_ws/src/cartographer/cartographer/mapping/proto/map_limits.proto[0m
[2.661s] [  4%] [34m[1mRunning C++ protocol buffer compiler on /root/distr_slam_ws/src/cartographer/cartographer/mapping/proto/pose_extrapolator_options.proto[0m
[2.662s] [  5%] [34m[1mRunning C++ protocol buffer compiler on /root/distr_slam_ws/src/cartographer/cartographer/mapping/proto/pose_graph.proto[0m
[2.672s] [  5%] [34m[1mRunning C++ protocol buffer compiler on /root/distr_slam_ws/src/cartographer/cartographer/mapping/proto/pose_graph/constraint_builder_options.proto[0m
[2.675s] [  5%] [34m[1mRunning C++ protocol buffer compiler on /root/distr_slam_ws/src/cartographer/cartographer/mapping/proto/pose_graph/optimization_problem_options.proto[0m
[2.687s] [  6%] [34m[1mRunning C++ protocol buffer compiler on /root/distr_slam_ws/src/cartographer/cartographer/mapping/proto/probability_grid.proto[0m
[2.692s] [  6%] [34m[1mRunning C++ protocol buffer compiler on /root/distr_slam_ws/src/cartographer/cartographer/mapping/proto/probability_grid_range_data_inserter_options_2d.proto[0m
[2.693s] [  6%] [34m[1mRunning C++ protocol buffer compiler on /root/distr_slam_ws/src/cartographer/cartographer/mapping/proto/pose_graph_options.proto[0m
[2.701s] [  6%] [34m[1mRunning C++ protocol buffer compiler on /root/distr_slam_ws/src/cartographer/cartographer/mapping/proto/range_data_inserter_options.proto[0m
[2.708s] [  6%] [34m[1mRunning C++ protocol buffer compiler on /root/distr_slam_ws/src/cartographer/cartographer/mapping/proto/range_data_inserter_options_3d.proto[0m
[2.708s] [  7%] [34m[1mRunning C++ protocol buffer compiler on /root/distr_slam_ws/src/cartographer/cartographer/mapping/proto/scan_matching/ceres_scan_matcher_options_2d.proto[0m
[2.720s] [  7%] [34m[1mRunning C++ protocol buffer compiler on /root/distr_slam_ws/src/cartographer/cartographer/mapping/proto/scan_matching/ceres_scan_matcher_options_3d.proto[0m
[2.721s] [  7%] [34m[1mRunning C++ protocol buffer compiler on /root/distr_slam_ws/src/cartographer/cartographer/mapping/proto/scan_matching/fast_correlative_scan_matcher_options_2d.proto[0m
[2.729s] [  7%] [34m[1mRunning C++ protocol buffer compiler on /root/distr_slam_ws/src/cartographer/cartographer/mapping/proto/scan_matching/fast_correlative_scan_matcher_options_3d.proto[0m
[2.738s] [  7%] [34m[1mRunning C++ protocol buffer compiler on /root/distr_slam_ws/src/cartographer/cartographer/mapping/proto/serialization.proto[0m
[2.743s] [  8%] [34m[1mRunning C++ protocol buffer compiler on /root/distr_slam_ws/src/cartographer/cartographer/mapping/proto/scan_matching/real_time_correlative_scan_matcher_options.proto[0m
[2.747s] [  8%] [34m[1mRunning C++ protocol buffer compiler on /root/distr_slam_ws/src/cartographer/cartographer/mapping/proto/submap.proto[0m
[2.748s] [  8%] [34m[1mRunning C++ protocol buffer compiler on /root/distr_slam_ws/src/cartographer/cartographer/mapping/proto/submap_visualization.proto[0m
[2.758s] [  9%] [34m[1mRunning C++ protocol buffer compiler on /root/distr_slam_ws/src/cartographer/cartographer/mapping/proto/submaps_options_2d.proto[0m
[2.768s] [  9%] [34m[1mRunning C++ protocol buffer compiler on /root/distr_slam_ws/src/cartographer/cartographer/mapping/proto/submaps_options_3d.proto[0m
[2.770s] [  9%] [34m[1mRunning C++ protocol buffer compiler on /root/distr_slam_ws/src/cartographer/cartographer/mapping/proto/trajectory.proto[0m
[2.776s] [  9%] [34m[1mRunning C++ protocol buffer compiler on /root/distr_slam_ws/src/cartographer/cartographer/mapping/proto/trajectory_builder_options.proto[0m
[2.792s] [ 10%] [34m[1mRunning C++ protocol buffer compiler on /root/distr_slam_ws/src/cartographer/cartographer/mapping/proto/trajectory_node_data.proto[0m
[2.799s] [ 11%] [34m[1mRunning C++ protocol buffer compiler on /root/distr_slam_ws/src/cartographer/cartographer/mapping/proto/tsdf_range_data_inserter_options_2d.proto[0m
[2.799s] [ 11%] [34m[1mRunning C++ protocol buffer compiler on /root/distr_slam_ws/src/cartographer/cartographer/sensor/proto/adaptive_voxel_filter_options.proto[0m
[2.799s] [ 11%] [34m[1mRunning C++ protocol buffer compiler on /root/distr_slam_ws/src/cartographer/cartographer/sensor/proto/sensor.proto[0m
[2.804s] [ 11%] [34m[1mRunning C++ protocol buffer compiler on /root/distr_slam_ws/src/cartographer/cartographer/mapping/proto/tsdf_2d.proto[0m
[2.821s] [ 11%] [34m[1mRunning C++ protocol buffer compiler on /root/distr_slam_ws/src/cartographer/cartographer/transform/proto/timestamped_transform.proto[0m
[2.984s] [ 12%] [32mBuilding CXX object CMakeFiles/cartographer.dir/cartographer/common/histogram.cc.o[0m
[2.988s] [ 12%] [32mBuilding CXX object CMakeFiles/cartographer.dir/cartographer/common/fixed_ratio_sampler.cc.o[0m
[2.988s] [ 12%] [32mBuilding CXX object CMakeFiles/cartographer.dir/cartographer/common/configuration_file_resolver.cc.o[0m
[2.988s] [ 12%] [32mBuilding CXX object CMakeFiles/cartographer.dir/cartographer/common/internal/ceres_solver_options.cc.o[0m
[2.988s] [ 13%] [32mBuilding CXX object CMakeFiles/cartographer.dir/cartographer/common/internal/testing/thread_pool_for_testing.cc.o[0m
[2.993s] [ 13%] [32mBuilding CXX object CMakeFiles/cartographer.dir/cartographer/common/lua_parameter_dictionary.cc.o[0m
[3.059s] [01mRunning Sphinx v7.2.6[39;49;00m
[3.501s] [01mmaking output directory... [39;49;00mdone
[3.516s] [01mbuilding [mo]: [39;49;00mtargets for 0 po files that are out of date
[3.517s] [01mwriting output... [39;49;00m
[3.517s] [01mbuilding [html]: [39;49;00mtargets for 6 source files that are out of date
[3.517s] [01mupdating environment: [39;49;00m[new config] 6 added, 0 changed, 0 removed
[3.685s] [2K[01mreading sources... [39;49;00m[ 17%] [35mconfiguration[39;49;00m
[3.707s] [2K[01mreading sources... [39;49;00m[ 33%] [35mcost_functions[39;49;00m
[3.733s] [2K[01mreading sources... [39;49;00m[ 50%] [35mevaluation[39;49;00m
[3.768s] [2K[01mreading sources... [39;49;00m[ 67%] [35mindex[39;49;00m
[3.780s] [2K[01mreading sources... [39;49;00m[ 83%] [35mpbstream_migration[39;49;00m
[3.797s] [2K[01mreading sources... [39;49;00m[100%] [35mterminology[39;49;00m
[3.797s] 
[3.801s] [01mlooking for now-outdated files... [39;49;00mnone found
[3.808s] [01mpickling environment... [39;49;00mdone
[3.809s] [01mchecking consistency... [39;49;00mdone
[3.812s] [01mpreparing documents... [39;49;00mdone
[3.855s] [01mcopying assets... [39;49;00m[01mcopying static files... [39;49;00mdone
[3.855s] [01mcopying extra files... [39;49;00mdone
[3.856s] done
[4.026s] [2K[01mwriting output... [39;49;00m[ 17%] [32mconfiguration[39;49;00m
[4.050s] [2K[01mwriting output... [39;49;00m[ 33%] [32mcost_functions[39;49;00m
[4.120s] [2K[01mwriting output... [39;49;00m[ 50%] [32mevaluation[39;49;00m
[4.192s] [2K[01mwriting output... [39;49;00m[ 67%] [32mindex[39;49;00m
[4.379s] [2K[01mwriting output... [39;49;00m[ 83%] [32mpbstream_migration[39;49;00m
[4.434s] [2K[01mwriting output... [39;49;00m[100%] [32mterminology[39;49;00m
[4.434s] 
[4.498s] [01mgenerating indices... [39;49;00mgenindex done
[4.543s] [01mwriting additional pages... [39;49;00msearch done
[4.547s] [2K[01mcopying images... [39;49;00m[ 50%] [33mautogenerate_groundtruth.png[39;49;00m
[4.548s] [2K[01mcopying images... [39;49;00m[100%] [33mhigh_level_system_overview.png[39;49;00m
[4.548s] 
[4.554s] [01mdumping search index in English (code: en)... [39;49;00mdone
[4.555s] [01mdumping object inventory... [39;49;00mdone
[4.556s] [01mbuild succeeded.[39;49;00m
[4.556s] 
[4.556s] The HTML pages are in html.
[4.915s] [ 13%] Built target build_doc
[4.936s] [ 13%] [32mBuilding CXX object CMakeFiles/cartographer.dir/cartographer/common/task.cc.o[0m
[6.654s] [ 13%] [32mBuilding CXX object CMakeFiles/cartographer.dir/cartographer/common/thread_pool.cc.o[0m
[7.094s] [ 14%] [32mBuilding CXX object CMakeFiles/cartographer.dir/cartographer/common/time.cc.o[0m
[7.886s] [ 14%] [32mBuilding CXX object CMakeFiles/cartographer.dir/cartographer/ground_truth/autogenerate_ground_truth.cc.o[0m
[8.037s] [ 14%] [32mBuilding CXX object CMakeFiles/cartographer.dir/cartographer/ground_truth/relations_text_file.cc.o[0m
[8.637s] [ 14%] [32mBuilding CXX object CMakeFiles/cartographer.dir/cartographer/io/color.cc.o[0m
[10.018s] [ 15%] [32mBuilding CXX object CMakeFiles/cartographer.dir/cartographer/io/coloring_points_processor.cc.o[0m
[10.449s] [ 15%] [32mBuilding CXX object CMakeFiles/cartographer.dir/cartographer/io/counting_points_processor.cc.o[0m
[11.426s] [ 15%] [32mBuilding CXX object CMakeFiles/cartographer.dir/cartographer/io/draw_trajectories.cc.o[0m
[11.825s] [ 15%] [32mBuilding CXX object CMakeFiles/cartographer.dir/cartographer/io/file_writer.cc.o[0m
[15.020s] [ 16%] [32mBuilding CXX object CMakeFiles/cartographer.dir/cartographer/io/fixed_ratio_sampling_points_processor.cc.o[0m
[16.019s] [ 16%] [32mBuilding CXX object CMakeFiles/cartographer.dir/cartographer/io/frame_id_filtering_points_processor.cc.o[0m
[16.348s] [ 16%] [32mBuilding CXX object CMakeFiles/cartographer.dir/cartographer/io/hybrid_grid_points_processor.cc.o[0m
[18.670s] [ 16%] [32mBuilding CXX object CMakeFiles/cartographer.dir/cartographer/io/image.cc.o[0m
[19.589s] [ 17%] [32mBuilding CXX object CMakeFiles/cartographer.dir/cartographer/io/intensity_to_color_points_processor.cc.o[0m
[20.194s] [ 17%] [32mBuilding CXX object CMakeFiles/cartographer.dir/cartographer/io/internal/in_memory_proto_stream.cc.o[0m
[20.865s] [ 17%] [32mBuilding CXX object CMakeFiles/cartographer.dir/cartographer/io/internal/mapping_state_serialization.cc.o[0m
[25.742s] [ 17%] [32mBuilding CXX object CMakeFiles/cartographer.dir/cartographer/io/internal/pbstream_info.cc.o[0m
[26.899s] [ 18%] [32mBuilding CXX object CMakeFiles/cartographer.dir/cartographer/io/internal/pbstream_migrate.cc.o[0m
[29.872s] [ 18%] [32mBuilding CXX object CMakeFiles/cartographer.dir/cartographer/io/min_max_range_filtering_points_processor.cc.o[0m
[30.157s] [ 18%] [32mBuilding CXX object CMakeFiles/cartographer.dir/cartographer/io/outlier_removing_points_processor.cc.o[0m
[31.307s] [ 18%] [32mBuilding CXX object CMakeFiles/cartographer.dir/cartographer/io/pcd_writing_points_processor.cc.o[0m
[33.028s] [ 19%] [32mBuilding CXX object CMakeFiles/cartographer.dir/cartographer/io/ply_writing_points_processor.cc.o[0m
[35.375s] [ 19%] [32m[1mLinking CXX static library ../lib/libgtest.a[0m
[35.590s] [ 19%] Built target gtest
[35.629s] [ 19%] [32mBuilding CXX object CMakeFiles/cartographer.dir/cartographer/io/points_batch.cc.o[0m
[35.715s] [ 19%] [32mBuilding CXX object CMakeFiles/cartographer.dir/cartographer/io/points_processor_pipeline_builder.cc.o[0m
[39.255s] [ 19%] [32mBuilding CXX object CMakeFiles/cartographer.dir/cartographer/io/probability_grid_points_processor.cc.o[0m
[39.446s] [ 20%] [32mBuilding CXX object CMakeFiles/cartographer.dir/cartographer/io/proto_stream.cc.o[0m
[48.502s] [ 21%] [32mBuilding CXX object gmock/CMakeFiles/gmock.dir/src/gmock-all.cc.o[0m
[50.589s] [ 21%] [32mBuilding CXX object CMakeFiles/cartographer.dir/cartographer/io/proto_stream_deserializer.cc.o[0m
[59.702s] [ 21%] [32m[1mLinking CXX static library ../lib/libgmock.a[0m
[59.771s] [ 21%] Built target gmock
[60.509s] [ 22%] [32mBuilding CXX object CMakeFiles/cartographer.dir/cartographer/mapping/2d/grid_2d.cc.o[0m
[65.485s] [ 22%] [32mBuilding CXX object CMakeFiles/cartographer.dir/cartographer/mapping/2d/probability_grid.cc.o[0m
[66.498s] [ 22%] [32mBuilding CXX object CMakeFiles/cartographer.dir/cartographer/mapping/2d/probability_grid_range_data_inserter_2d.cc.o[0m
[66.498s] [ 22%] [32mBuilding CXX object CMakeFiles/cartographer.dir/cartographer/io/xyz_writing_points_processor.cc.o[0m
[67.518s] [ 22%] [32mBuilding CXX object CMakeFiles/cartographer.dir/cartographer/io/xray_points_processor.cc.o[0m
[67.538s] [ 23%] [32mBuilding CXX object CMakeFiles/cartographer.dir/cartographer/io/submap_painter.cc.o[0m
[67.544s] [ 23%] [32mBuilding CXX object CMakeFiles/cartographer.dir/cartographer/io/vertical_range_filtering_points_processor.cc.o[0m
[68.567s] [ 23%] [32mBuilding CXX object CMakeFiles/cartographer.dir/cartographer/io/serialization_format_migration.cc.o[0m
[73.749s] [ 23%] [32mBuilding CXX object CMakeFiles/cartographer.dir/cartographer/mapping/2d/submap_2d.cc.o[0m
[74.598s] [ 24%] [32mBuilding CXX object CMakeFiles/cartographer.dir/cartographer/mapping/3d/range_data_inserter_3d.cc.o[0m
[76.510s] [ 24%] [32mBuilding CXX object CMakeFiles/cartographer.dir/cartographer/mapping/3d/submap_3d.cc.o[0m
[77.268s] [ 24%] [32mBuilding CXX object CMakeFiles/cartographer.dir/cartographer/mapping/detect_floors.cc.o[0m
[82.013s] [ 24%] [32mBuilding CXX object CMakeFiles/cartographer.dir/cartographer/mapping/imu_tracker.cc.o[0m
[85.060s] [ 25%] [32mBuilding CXX object CMakeFiles/cartographer.dir/cartographer/mapping/internal/2d/local_slam_result_2d.cc.o[0m
[85.061s] [ 25%] [32mBuilding CXX object CMakeFiles/cartographer.dir/cartographer/mapping/internal/2d/local_trajectory_builder_2d.cc.o[0m
[85.490s] [ 25%] [32mBuilding CXX object CMakeFiles/cartographer.dir/cartographer/mapping/internal/2d/local_trajectory_builder_options_2d.cc.o[0m
[86.209s] [ 25%] [32mBuilding CXX object CMakeFiles/cartographer.dir/cartographer/mapping/internal/2d/normal_estimation_2d.cc.o[0m
[88.325s] [ 26%] [32mBuilding CXX object CMakeFiles/cartographer.dir/cartographer/mapping/internal/2d/overlapping_submaps_trimmer_2d.cc.o[0m
[91.018s] [ 26%] [32mBuilding CXX object CMakeFiles/cartographer.dir/cartographer/mapping/internal/2d/pose_graph_2d.cc.o[0m
[93.251s] [ 26%] [32mBuilding CXX object CMakeFiles/cartographer.dir/cartographer/mapping/internal/2d/ray_to_pixel_mask.cc.o[0m
[94.046s] [ 26%] [32mBuilding CXX object CMakeFiles/cartographer.dir/cartographer/mapping/internal/2d/scan_matching/ceres_scan_matcher_2d.cc.o[0m
[95.251s] [ 27%] [32mBuilding CXX object CMakeFiles/cartographer.dir/cartographer/mapping/internal/2d/scan_matching/correlative_scan_matcher_2d.cc.o[0m
[95.449s] [ 27%] [32mBuilding CXX object CMakeFiles/cartographer.dir/cartographer/mapping/internal/2d/scan_matching/fast_correlative_scan_matcher_2d.cc.o[0m
[98.098s] [ 27%] [32mBuilding CXX object CMakeFiles/cartographer.dir/cartographer/mapping/internal/2d/scan_matching/occupied_space_cost_function_2d.cc.o[0m
[100.297s] [ 27%] [32mBuilding CXX object CMakeFiles/cartographer.dir/cartographer/mapping/internal/2d/scan_matching/real_time_correlative_scan_matcher_2d.cc.o[0m
[100.350s] [ 28%] [32mBuilding CXX object CMakeFiles/cartographer.dir/cartographer/mapping/internal/2d/scan_matching/tsdf_match_cost_function_2d.cc.o[0m
[102.986s] [ 28%] [32mBuilding CXX object CMakeFiles/cartographer.dir/cartographer/mapping/internal/2d/tsd_value_converter.cc.o[0m
[104.944s] [ 28%] [32mBuilding CXX object CMakeFiles/cartographer.dir/cartographer/mapping/internal/2d/tsdf_2d.cc.o[0m
[106.171s] [ 28%] [32mBuilding CXX object CMakeFiles/cartographer.dir/cartographer/mapping/internal/2d/tsdf_range_data_inserter_2d.cc.o[0m
[108.574s] [ 29%] [32mBuilding CXX object CMakeFiles/cartographer.dir/cartographer/mapping/internal/3d/local_slam_result_3d.cc.o[0m
[108.980s] [ 29%] [32mBuilding CXX object CMakeFiles/cartographer.dir/cartographer/mapping/internal/3d/local_trajectory_builder_3d.cc.o[0m
[109.627s] [ 29%] [32mBuilding CXX object CMakeFiles/cartographer.dir/cartographer/mapping/internal/3d/local_trajectory_builder_options_3d.cc.o[0m
[111.605s] [ 29%] [32mBuilding CXX object CMakeFiles/cartographer.dir/cartographer/mapping/internal/3d/pose_graph_3d.cc.o[0m
[113.941s] [ 30%] [32mBuilding CXX object CMakeFiles/cartographer.dir/cartographer/mapping/internal/3d/scan_matching/ceres_scan_matcher_3d.cc.o[0m
[116.558s] [ 30%] [32mBuilding CXX object CMakeFiles/cartographer.dir/cartographer/mapping/internal/3d/scan_matching/fast_correlative_scan_matcher_3d.cc.o[0m
[117.533s] [ 30%] [32mBuilding CXX object CMakeFiles/cartographer.dir/cartographer/mapping/internal/3d/scan_matching/intensity_cost_function_3d.cc.o[0m
[119.040s] [ 30%] [32mBuilding CXX object CMakeFiles/cartographer.dir/cartographer/mapping/internal/3d/scan_matching/low_resolution_matcher.cc.o[0m
[119.940s] [ 31%] [32mBuilding CXX object CMakeFiles/cartographer.dir/cartographer/mapping/internal/3d/scan_matching/precomputation_grid_3d.cc.o[0m
[123.626s] [ 31%] [32mBuilding CXX object CMakeFiles/cartographer.dir/cartographer/mapping/internal/3d/scan_matching/real_time_correlative_scan_matcher_3d.cc.o[0m
[126.862s] [ 31%] [32mBuilding CXX object CMakeFiles/cartographer.dir/cartographer/mapping/internal/3d/scan_matching/rotational_scan_matcher.cc.o[0m
[127.347s] [ 32%] [32mBuilding CXX object CMakeFiles/cartographer.dir/cartographer/mapping/internal/collated_trajectory_builder.cc.o[0m
[128.764s] [ 32%] [32mBuilding CXX object CMakeFiles/cartographer.dir/cartographer/mapping/internal/connected_components.cc.o[0m
[129.284s] [ 32%] [32mBuilding CXX object CMakeFiles/cartographer.dir/cartographer/mapping/internal/constraints/constraint_builder.cc.o[0m
[130.506s] [ 32%] [32mBuilding CXX object CMakeFiles/cartographer.dir/cartographer/mapping/internal/constraints/constraint_builder_2d.cc.o[0m
[133.294s] [ 33%] [32mBuilding CXX object CMakeFiles/cartographer.dir/cartographer/mapping/internal/constraints/constraint_builder_3d.cc.o[0m
[135.271s] [ 33%] [32mBuilding CXX object CMakeFiles/cartographer.dir/cartographer/mapping/internal/eigen_quaterniond_from_two_vectors.cc.o[0m
[135.655s] [ 33%] [32mBuilding CXX object CMakeFiles/cartographer.dir/cartographer/mapping/internal/global_trajectory_builder.cc.o[0m
[138.442s] [ 33%] [32mBuilding CXX object CMakeFiles/cartographer.dir/cartographer/mapping/internal/imu_based_pose_extrapolator.cc.o[0m
[138.945s] [ 34%] [32mBuilding CXX object CMakeFiles/cartographer.dir/cartographer/mapping/internal/motion_filter.cc.o[0m
[139.200s] [ 34%] [32mBuilding CXX object CMakeFiles/cartographer.dir/cartographer/mapping/internal/optimization/ceres_pose.cc.o[0m
[144.266s] [ 34%] [32mBuilding CXX object CMakeFiles/cartographer.dir/cartographer/mapping/internal/optimization/cost_functions/spa_cost_function_2d.cc.o[0m
[144.716s] [ 34%] [32mBuilding CXX object CMakeFiles/cartographer.dir/cartographer/mapping/internal/optimization/optimization_problem_2d.cc.o[0m
[145.377s] [ 35%] [32mBuilding CXX object CMakeFiles/cartographer.dir/cartographer/mapping/internal/optimization/optimization_problem_3d.cc.o[0m
[146.874s] [ 35%] [32mBuilding CXX object CMakeFiles/cartographer.dir/cartographer/mapping/internal/optimization/optimization_problem_options.cc.o[0m
[149.151s] [ 35%] [32mBuilding CXX object CMakeFiles/cartographer.dir/cartographer/mapping/internal/range_data_collator.cc.o[0m
[149.893s] [ 35%] [32mBuilding CXX object CMakeFiles/cartographer.dir/cartographer/mapping/internal/scan_matching/real_time_correlative_scan_matcher.cc.o[0m
[153.587s] [ 36%] [32mBuilding CXX object CMakeFiles/cartographer.dir/cartographer/mapping/internal/submap_controller.cc.o[0m
[153.909s] [ 36%] [32mBuilding CXX object CMakeFiles/cartographer.dir/cartographer/mapping/internal/trajectory_connectivity_state.cc.o[0m
[154.216s] [ 36%] [32mBuilding CXX object CMakeFiles/cartographer.dir/cartographer/mapping/map_builder.cc.o[0m
[159.375s] [ 36%] [32mBuilding CXX object CMakeFiles/cartographer.dir/cartographer/mapping/map_builder_interface.cc.o[0m
[160.647s] [ 37%] [32mBuilding CXX object CMakeFiles/cartographer.dir/cartographer/mapping/pose_extrapolator.cc.o[0m
[163.160s] [ 37%] [32mBuilding CXX object CMakeFiles/cartographer.dir/cartographer/mapping/pose_extrapolator_interface.cc.o[0m
[163.279s] [ 37%] [32mBuilding CXX object CMakeFiles/cartographer.dir/cartographer/mapping/pose_graph.cc.o[0m
[164.994s] [ 37%] [32mBuilding CXX object CMakeFiles/cartographer.dir/cartographer/mapping/pose_graph_trimmer.cc.o[0m
[167.509s] [ 38%] [32mBuilding CXX object CMakeFiles/cartographer.dir/cartographer/mapping/probability_values.cc.o[0m
[168.667s] [ 38%] [32mBuilding CXX object CMakeFiles/cartographer.dir/cartographer/mapping/range_data_inserter_interface.cc.o[0m
[170.828s] [ 38%] [32mBuilding CXX object CMakeFiles/cartographer.dir/cartographer/mapping/trajectory_builder_interface.cc.o[0m
[172.543s] [ 38%] [32mBuilding CXX object CMakeFiles/cartographer.dir/cartographer/mapping/trajectory_node.cc.o[0m
[172.735s] [ 39%] [32mBuilding CXX object CMakeFiles/cartographer.dir/cartographer/mapping/value_conversion_tables.cc.o[0m
[173.311s] [ 39%] [32mBuilding CXX object CMakeFiles/cartographer.dir/cartographer/metrics/counter.cc.o[0m
[173.701s] [ 39%] [32mBuilding CXX object CMakeFiles/cartographer.dir/cartographer/metrics/gauge.cc.o[0m
[174.116s] [ 39%] [32mBuilding CXX object CMakeFiles/cartographer.dir/cartographer/metrics/histogram.cc.o[0m
[174.324s] [ 40%] [32mBuilding CXX object CMakeFiles/cartographer.dir/cartographer/metrics/register.cc.o[0m
[174.627s] [ 40%] [32mBuilding CXX object CMakeFiles/cartographer.dir/cartographer/sensor/compressed_point_cloud.cc.o[0m
[175.366s] [ 40%] [32mBuilding CXX object CMakeFiles/cartographer.dir/cartographer/sensor/fixed_frame_pose_data.cc.o[0m
[176.658s] [ 40%] [32mBuilding CXX object CMakeFiles/cartographer.dir/cartographer/sensor/imu_data.cc.o[0m
[179.521s] [ 41%] [32mBuilding CXX object CMakeFiles/cartographer.dir/cartographer/sensor/internal/collator.cc.o[0m
[179.981s] [ 41%] [32mBuilding CXX object CMakeFiles/cartographer.dir/cartographer/sensor/internal/ordered_multi_queue.cc.o[0m
[181.540s] [ 41%] [32mBuilding CXX object CMakeFiles/cartographer.dir/cartographer/sensor/internal/trajectory_collator.cc.o[0m
[182.382s] [ 42%] [32mBuilding CXX object CMakeFiles/cartographer.dir/cartographer/sensor/internal/voxel_filter.cc.o[0m
[182.685s] [ 42%] [32mBuilding CXX object CMakeFiles/cartographer.dir/cartographer/sensor/landmark_data.cc.o[0m
[183.921s] [ 42%] [32mBuilding CXX object CMakeFiles/cartographer.dir/cartographer/sensor/odometry_data.cc.o[0m
[186.561s] [ 42%] [32mBuilding CXX object CMakeFiles/cartographer.dir/cartographer/sensor/point_cloud.cc.o[0m
[189.209s] [ 43%] [32mBuilding CXX object CMakeFiles/cartographer.dir/cartographer/sensor/range_data.cc.o[0m
[189.817s] [ 43%] [32mBuilding CXX object CMakeFiles/cartographer.dir/cartographer/sensor/timed_point_cloud_data.cc.o[0m
[189.864s] [ 43%] [32mBuilding CXX object CMakeFiles/cartographer.dir/cartographer/transform/rigid_transform.cc.o[0m
[190.092s] [ 43%] [32mBuilding CXX object CMakeFiles/cartographer.dir/cartographer/transform/timestamped_transform.cc.o[0m
[192.715s] [ 44%] [32mBuilding CXX object CMakeFiles/cartographer.dir/cartographer/transform/transform.cc.o[0m
[193.353s] [ 44%] [32mBuilding CXX object CMakeFiles/cartographer.dir/cartographer/transform/transform_interpolation_buffer.cc.o[0m
[195.453s] [ 44%] [32mBuilding CXX object CMakeFiles/cartographer.dir/cartographer/common/proto/ceres_solver_options.pb.cc.o[0m
[196.232s] [ 44%] [32mBuilding CXX object CMakeFiles/cartographer.dir/cartographer/ground_truth/proto/relations.pb.cc.o[0m
[197.028s] [ 45%] [32mBuilding CXX object CMakeFiles/cartographer.dir/cartographer/mapping/proto/cell_limits_2d.pb.cc.o[0m
[197.583s] [ 45%] [32mBuilding CXX object CMakeFiles/cartographer.dir/cartographer/mapping/proto/connected_components.pb.cc.o[0m
[197.821s] [ 45%] [32mBuilding CXX object CMakeFiles/cartographer.dir/cartographer/mapping/proto/grid_2d.pb.cc.o[0m
[197.985s] [ 45%] [32mBuilding CXX object CMakeFiles/cartographer.dir/cartographer/mapping/proto/grid_2d_options.pb.cc.o[0m
[199.487s] [ 46%] [32mBuilding CXX object CMakeFiles/cartographer.dir/cartographer/mapping/proto/hybrid_grid.pb.cc.o[0m
[199.611s] [ 46%] [32mBuilding CXX object CMakeFiles/cartographer.dir/cartographer/mapping/proto/local_trajectory_builder_options_2d.pb.cc.o[0m
[199.718s] [ 46%] [32mBuilding CXX object CMakeFiles/cartographer.dir/cartographer/mapping/proto/local_trajectory_builder_options_3d.pb.cc.o[0m
[200.341s] [ 46%] [32mBuilding CXX object CMakeFiles/cartographer.dir/cartographer/mapping/proto/map_builder_options.pb.cc.o[0m
[200.642s] [ 47%] [32mBuilding CXX object CMakeFiles/cartographer.dir/cartographer/mapping/proto/map_limits.pb.cc.o[0m
[200.854s] [ 47%] [32mBuilding CXX object CMakeFiles/cartographer.dir/cartographer/mapping/proto/motion_filter_options.pb.cc.o[0m
[201.271s] [ 47%] [32mBuilding CXX object CMakeFiles/cartographer.dir/cartographer/mapping/proto/normal_estimation_options_2d.pb.cc.o[0m
[202.232s] [ 47%] [32mBuilding CXX object CMakeFiles/cartographer.dir/cartographer/mapping/proto/pose_extrapolator_options.pb.cc.o[0m
[202.521s] [ 48%] [32mBuilding CXX object CMakeFiles/cartographer.dir/cartographer/mapping/proto/pose_graph.pb.cc.o[0m
[203.158s] [ 48%] [32mBuilding CXX object CMakeFiles/cartographer.dir/cartographer/mapping/proto/pose_graph/constraint_builder_options.pb.cc.o[0m
[203.573s] [ 48%] [32mBuilding CXX object CMakeFiles/cartographer.dir/cartographer/mapping/proto/pose_graph/optimization_problem_options.pb.cc.o[0m
[203.598s] [ 48%] [32mBuilding CXX object CMakeFiles/cartographer.dir/cartographer/mapping/proto/pose_graph_options.pb.cc.o[0m
[203.639s] [ 49%] [32mBuilding CXX object CMakeFiles/cartographer.dir/cartographer/mapping/proto/probability_grid.pb.cc.o[0m
[203.669s] [ 49%] [32mBuilding CXX object CMakeFiles/cartographer.dir/cartographer/mapping/proto/probability_grid_range_data_inserter_options_2d.pb.cc.o[0m
[205.227s] [ 49%] [32mBuilding CXX object CMakeFiles/cartographer.dir/cartographer/mapping/proto/range_data_inserter_options.pb.cc.o[0m
[205.729s] [ 49%] [32mBuilding CXX object CMakeFiles/cartographer.dir/cartographer/mapping/proto/range_data_inserter_options_3d.pb.cc.o[0m
[206.200s] [ 50%] [32mBuilding CXX object CMakeFiles/cartographer.dir/cartographer/mapping/proto/scan_matching/ceres_scan_matcher_options_2d.pb.cc.o[0m
[206.250s] [ 50%] [32mBuilding CXX object CMakeFiles/cartographer.dir/cartographer/mapping/proto/scan_matching/ceres_scan_matcher_options_3d.pb.cc.o[0m
[206.430s] [ 50%] [32mBuilding CXX object CMakeFiles/cartographer.dir/cartographer/mapping/proto/scan_matching/fast_correlative_scan_matcher_options_2d.pb.cc.o[0m
[206.603s] [ 50%] [32mBuilding CXX object CMakeFiles/cartographer.dir/cartographer/mapping/proto/scan_matching/fast_correlative_scan_matcher_options_3d.pb.cc.o[0m
[206.864s] [ 51%] [32mBuilding CXX object CMakeFiles/cartographer.dir/cartographer/mapping/proto/scan_matching/real_time_correlative_scan_matcher_options.pb.cc.o[0m
[208.026s] [ 51%] [32mBuilding CXX object CMakeFiles/cartographer.dir/cartographer/mapping/proto/serialization.pb.cc.o[0m
[208.251s] [ 51%] [32mBuilding CXX object CMakeFiles/cartographer.dir/cartographer/mapping/proto/submap.pb.cc.o[0m
[208.954s] [ 52%] [32mBuilding CXX object CMakeFiles/cartographer.dir/cartographer/mapping/proto/submap_visualization.pb.cc.o[0m
[208.962s] [ 52%] [32mBuilding CXX object CMakeFiles/cartographer.dir/cartographer/mapping/proto/submaps_options_2d.pb.cc.o[0m
[208.967s] [ 52%] [32mBuilding CXX object CMakeFiles/cartographer.dir/cartographer/mapping/proto/submaps_options_3d.pb.cc.o[0m
[209.159s] [ 52%] [32mBuilding CXX object CMakeFiles/cartographer.dir/cartographer/mapping/proto/trajectory.pb.cc.o[0m
[209.530s] [ 53%] [32mBuilding CXX object CMakeFiles/cartographer.dir/cartographer/mapping/proto/trajectory_builder_options.pb.cc.o[0m
[211.751s] [ 53%] [32mBuilding CXX object CMakeFiles/cartographer.dir/cartographer/mapping/proto/trajectory_node_data.pb.cc.o[0m
[211.782s] [ 53%] [32mBuilding CXX object CMakeFiles/cartographer.dir/cartographer/mapping/proto/tsdf_2d.pb.cc.o[0m
[211.814s] [ 53%] [32mBuilding CXX object CMakeFiles/cartographer.dir/cartographer/mapping/proto/tsdf_range_data_inserter_options_2d.pb.cc.o[0m
[212.107s] [ 54%] [32mBuilding CXX object CMakeFiles/cartographer.dir/cartographer/sensor/proto/adaptive_voxel_filter_options.pb.cc.o[0m
[212.740s] [ 54%] [32mBuilding CXX object CMakeFiles/cartographer.dir/cartographer/sensor/proto/sensor.pb.cc.o[0m
[213.880s] [ 54%] [32mBuilding CXX object CMakeFiles/cartographer.dir/cartographer/transform/proto/timestamped_transform.pb.cc.o[0m
[214.278s] [ 54%] [32mBuilding CXX object CMakeFiles/cartographer.dir/cartographer/transform/proto/transform.pb.cc.o[0m
[216.906s] [ 55%] [32m[1mLinking CXX static library libcartographer.a[0m
[217.102s] [ 55%] Built target cartographer
[217.129s] [ 55%] [32mBuilding CXX object gmock/CMakeFiles/gmock_main.dir/src/gmock_main.cc.o[0m
[217.133s] [ 55%] [32mBuilding CXX object CMakeFiles/cartographer_autogenerate_ground_truth.dir/cartographer/ground_truth/autogenerate_ground_truth_main.cc.o[0m
[217.138s] [ 55%] [32mBuilding CXX object CMakeFiles/cartographer_pbstream.dir/cartographer/io/pbstream_main.cc.o[0m
[217.138s] [ 55%] [32mBuilding CXX object CMakeFiles/cartographer_print_configuration.dir/cartographer/common/print_configuration_main.cc.o[0m
[217.138s] [ 55%] [32mBuilding CXX object CMakeFiles/cartographer_test_library.dir/cartographer/io/fake_file_writer.cc.o[0m
[217.138s] [ 56%] [32mBuilding CXX object CMakeFiles/cartographer_compute_relations_metrics.dir/cartographer/ground_truth/compute_relations_metrics_main.cc.o[0m
[217.139s] [ 56%] [32mBuilding CXX object CMakeFiles/cartographer_test_library.dir/cartographer/io/fake_file_writer_test.cc.o[0m
[217.139s] [ 56%] [32mBuilding CXX object CMakeFiles/cartographer_test_library.dir/cartographer/io/internal/testing/test_helpers.cc.o[0m
[220.184s] [ 57%] [32m[1mLinking CXX executable cartographer_pbstream[0m
[220.560s] [ 57%] [32m[1mLinking CXX static library ../lib/libgmock_main.a[0m
[220.643s] [ 57%] Built target gmock_main
[220.665s] [ 57%] [32mBuilding CXX object CMakeFiles/cartographer_test_library.dir/cartographer/mapping/internal/testing/test_helpers.cc.o[0m
[220.967s] [ 57%] Built target cartographer_pbstream
[222.144s] [ 57%] [32m[1mLinking CXX executable cartographer_print_configuration[0m
[222.413s] [ 57%] Built target cartographer_print_configuration
[224.483s] [ 58%] [32m[1mLinking CXX executable cartographer_autogenerate_ground_truth[0m
[224.728s] [ 58%] Built target cartographer_autogenerate_ground_truth
[225.804s] [ 58%] [32m[1mLinking CXX executable cartographer_compute_relations_metrics[0m
[226.043s] [ 58%] Built target cartographer_compute_relations_metrics
[227.510s] [ 58%] [32m[1mLinking CXX static library libcartographer_test_library.a[0m
[227.571s] [ 58%] Built target cartographer_test_library
[227.609s] [ 58%] [32mBuilding CXX object CMakeFiles/cartographer.common.lua_parameter_dictionary_test.dir/cartographer/common/lua_parameter_dictionary_test.cc.o[0m
[227.614s] [ 58%] [32mBuilding CXX object CMakeFiles/cartographer.common.fixed_ratio_sampler_test.dir/cartographer/common/fixed_ratio_sampler_test.cc.o[0m
[227.615s] [ 58%] [32mBuilding CXX object CMakeFiles/cartographer.common.configuration_files_test.dir/cartographer/common/configuration_files_test.cc.o[0m
[227.615s] [ 58%] [32mBuilding CXX object CMakeFiles/cartographer.common.internal.blocking_queue_test.dir/cartographer/common/internal/blocking_queue_test.cc.o[0m
[227.615s] [ 58%] [32mBuilding CXX object CMakeFiles/cartographer.common.internal.rate_timer_test.dir/cartographer/common/internal/rate_timer_test.cc.o[0m
[227.616s] [ 58%] [32mBuilding CXX object CMakeFiles/cartographer.common.math_test.dir/cartographer/common/math_test.cc.o[0m
[227.616s] [ 58%] [32mBuilding CXX object CMakeFiles/cartographer.common.task_test.dir/cartographer/common/task_test.cc.o[0m
[228.650s] [ 58%] [32mBuilding CXX object CMakeFiles/cartographer.common.thread_pool_test.dir/cartographer/common/thread_pool_test.cc.o[0m
[232.638s] [ 59%] [32m[1mLinking CXX executable cartographer.common.fixed_ratio_sampler_test[0m
[232.962s] [ 59%] Built target cartographer.common.fixed_ratio_sampler_test
[233.016s] [ 59%] [32mBuilding CXX object CMakeFiles/cartographer.io.fake_file_writer_test.dir/cartographer/io/fake_file_writer_test.cc.o[0m
[235.533s] [ 60%] [32m[1mLinking CXX executable cartographer.common.thread_pool_test[0m
[235.774s] [ 61%] [32m[1mLinking CXX executable cartographer.common.math_test[0m
[235.884s] [ 61%] Built target cartographer.common.thread_pool_test
[235.940s] [ 61%] [32mBuilding CXX object CMakeFiles/cartographer.io.internal.in_memory_proto_stream_test.dir/cartographer/io/internal/in_memory_proto_stream_test.cc.o[0m
[235.970s] [ 62%] [32m[1mLinking CXX executable cartographer.common.internal.rate_timer_test[0m
[236.113s] [ 62%] Built target cartographer.common.math_test
[236.163s] [ 62%] [32mBuilding CXX object CMakeFiles/cartographer.io.points_processor_pipeline_builder_test.dir/cartographer/io/points_processor_pipeline_builder_test.cc.o[0m
[236.294s] [ 62%] Built target cartographer.common.internal.rate_timer_test
[236.346s] [ 62%] [32mBuilding CXX object CMakeFiles/cartographer.io.probability_grid_points_processor_test.dir/cartographer/io/probability_grid_points_processor_test.cc.o[0m
[236.581s] [ 62%] [32m[1mLinking CXX executable cartographer.common.internal.blocking_queue_test[0m
[236.904s] [ 62%] Built target cartographer.common.internal.blocking_queue_test
[236.956s] [ 62%] [32mBuilding CXX object CMakeFiles/cartographer.io.proto_stream_deserializer_test.dir/cartographer/io/proto_stream_deserializer_test.cc.o[0m
[237.627s] [ 62%] [32m[1mLinking CXX executable cartographer.common.lua_parameter_dictionary_test[0m
[237.770s] [ 62%] [32m[1mLinking CXX executable cartographer.common.task_test[0m
[237.973s] [ 62%] Built target cartographer.common.lua_parameter_dictionary_test
[238.026s] [ 63%] [32mBuilding CXX object CMakeFiles/cartographer.io.proto_stream_test.dir/cartographer/io/proto_stream_test.cc.o[0m
[238.131s] [ 63%] Built target cartographer.common.task_test
[238.182s] [ 63%] [32mBuilding CXX object CMakeFiles/cartographer.io.serialization_format_migration_test.dir/cartographer/io/serialization_format_migration_test.cc.o[0m
[238.624s] [ 63%] [32m[1mLinking CXX executable cartographer.common.configuration_files_test[0m
[239.291s] [ 63%] Built target cartographer.common.configuration_files_test
[239.342s] [ 64%] [32mBuilding CXX object CMakeFiles/cartographer.mapping.2d.map_limits_test.dir/cartographer/mapping/2d/map_limits_test.cc.o[0m
[241.025s] [ 64%] [32m[1mLinking CXX executable cartographer.io.fake_file_writer_test[0m
[241.354s] [ 64%] Built target cartographer.io.fake_file_writer_test
[241.405s] [ 64%] [32mBuilding CXX object CMakeFiles/cartographer.mapping.2d.probability_grid_test.dir/cartographer/mapping/2d/probability_grid_test.cc.o[0m
[244.718s] [ 64%] [32m[1mLinking CXX executable cartographer.io.proto_stream_test[0m
[244.759s] [ 65%] [32m[1mLinking CXX executable cartographer.io.internal.in_memory_proto_stream_test[0m
[245.149s] [ 65%] Built target cartographer.io.proto_stream_test
[245.203s] [ 66%] [32mBuilding CXX object CMakeFiles/cartographer.mapping.2d.range_data_inserter_2d_test.dir/cartographer/mapping/2d/range_data_inserter_2d_test.cc.o[0m
[245.257s] [ 66%] Built target cartographer.io.internal.in_memory_proto_stream_test
[245.309s] [ 66%] [32mBuilding CXX object CMakeFiles/cartographer.mapping.2d.submap_2d_test.dir/cartographer/mapping/2d/submap_2d_test.cc.o[0m
[246.834s] [ 66%] [32m[1mLinking CXX executable cartographer.io.points_processor_pipeline_builder_test[0m
[247.365s] [ 66%] Built target cartographer.io.points_processor_pipeline_builder_test
[247.387s] [ 66%] [32m[1mLinking CXX executable cartographer.io.proto_stream_deserializer_test[0m
[247.412s] [ 67%] [32mBuilding CXX object CMakeFiles/cartographer.mapping.2d.xy_index_test.dir/cartographer/mapping/2d/xy_index_test.cc.o[0m
[247.900s] [ 67%] Built target cartographer.io.proto_stream_deserializer_test
[247.949s] [ 67%] [32mBuilding CXX object CMakeFiles/cartographer.mapping.3d.hybrid_grid_test.dir/cartographer/mapping/3d/hybrid_grid_test.cc.o[0m
[250.048s] [ 67%] [32m[1mLinking CXX executable cartographer.mapping.2d.map_limits_test[0m
[250.449s] [ 67%] Built target cartographer.mapping.2d.map_limits_test
[250.498s] [ 68%] [32mBuilding CXX object CMakeFiles/cartographer.mapping.3d.range_data_inserter_3d_test.dir/cartographer/mapping/3d/range_data_inserter_3d_test.cc.o[0m
[251.398s] [ 68%] [32m[1mLinking CXX executable cartographer.io.serialization_format_migration_test[0m
[252.111s] [ 68%] Built target cartographer.io.serialization_format_migration_test
[252.164s] [ 68%] [32mBuilding CXX object CMakeFiles/cartographer.mapping.3d.submap_3d_test.dir/cartographer/mapping/3d/submap_3d_test.cc.o[0m
[252.195s] [ 69%] [32m[1mLinking CXX executable cartographer.io.probability_grid_points_processor_test[0m
[252.712s] [ 69%] Built target cartographer.io.probability_grid_points_processor_test
[252.762s] [ 70%] [32mBuilding CXX object CMakeFiles/cartographer.mapping.id_test.dir/cartographer/mapping/id_test.cc.o[0m
[255.288s] [ 70%] [32m[1mLinking CXX executable cartographer.mapping.2d.probability_grid_test[0m
[255.724s] [ 70%] Built target cartographer.mapping.2d.probability_grid_test
[255.776s] [ 70%] [32mBuilding CXX object CMakeFiles/cartographer.mapping.imu_tracker_test.dir/cartographer/mapping/imu_tracker_test.cc.o[0m
[257.038s] [ 70%] [32m[1mLinking CXX executable cartographer.mapping.2d.range_data_inserter_2d_test[0m
[257.167s] [ 70%] [32m[1mLinking CXX executable cartographer.mapping.2d.xy_index_test[0m
[257.494s] [ 70%] Built target cartographer.mapping.2d.range_data_inserter_2d_test
[257.545s] [ 71%] [32mBuilding CXX object CMakeFiles/cartographer.mapping.internal.2d.normal_estimation_2d_test.dir/cartographer/mapping/internal/2d/normal_estimation_2d_test.cc.o[0m
[257.563s] [ 71%] Built target cartographer.mapping.2d.xy_index_test
[257.614s] [ 71%] [32mBuilding CXX object CMakeFiles/cartographer.mapping.internal.2d.overlapping_submaps_trimmer_2d_test.dir/cartographer/mapping/internal/2d/overlapping_submaps_trimmer_2d_test.cc.o[0m
[260.216s] [ 71%] [32m[1mLinking CXX executable cartographer.mapping.2d.submap_2d_test[0m
[260.753s] [ 71%] Built target cartographer.mapping.2d.submap_2d_test
[260.804s] [ 72%] [32mBuilding CXX object CMakeFiles/cartographer.mapping.internal.2d.pose_graph_2d_test.dir/cartographer/mapping/internal/2d/pose_graph_2d_test.cc.o[0m
[264.146s] [ 72%] [32m[1mLinking CXX executable cartographer.mapping.imu_tracker_test[0m
[264.274s] [ 72%] [32m[1mLinking CXX executable cartographer.mapping.3d.range_data_inserter_3d_test[0m
[264.486s] [ 72%] Built target cartographer.mapping.imu_tracker_test
[264.538s] [ 72%] [32mBuilding CXX object CMakeFiles/cartographer.mapping.internal.2d.ray_to_pixel_mask_test.dir/cartographer/mapping/internal/2d/ray_to_pixel_mask_test.cc.o[0m
[264.675s] [ 72%] Built target cartographer.mapping.3d.range_data_inserter_3d_test
[264.726s] [ 73%] [32mBuilding CXX object CMakeFiles/cartographer.mapping.internal.2d.scan_matching.ceres_scan_matcher_2d_test.dir/cartographer/mapping/internal/2d/scan_matching/ceres_scan_matcher_2d_test.cc.o[0m
[266.707s] [ 73%] [32m[1mLinking CXX executable cartographer.mapping.3d.hybrid_grid_test[0m
[266.800s] [ 73%] [32m[1mLinking CXX executable cartographer.mapping.3d.submap_3d_test[0m
[266.810s] [ 73%] [32m[1mLinking CXX executable cartographer.mapping.id_test[0m
[267.128s] [ 73%] Built target cartographer.mapping.3d.hybrid_grid_test
[267.167s] [ 73%] Built target cartographer.mapping.id_test
[267.180s] [ 73%] [32mBuilding CXX object CMakeFiles/cartographer.mapping.internal.2d.scan_matching.correlative_scan_matcher_test.dir/cartographer/mapping/internal/2d/scan_matching/correlative_scan_matcher_test.cc.o[0m
[267.219s] [ 74%] [32mBuilding CXX object CMakeFiles/cartographer.mapping.internal.2d.scan_matching.fast_correlative_scan_matcher_2d_test.dir/cartographer/mapping/internal/2d/scan_matching/fast_correlative_scan_matcher_2d_test.cc.o[0m
[267.356s] [ 74%] Built target cartographer.mapping.3d.submap_3d_test
[267.411s] [ 74%] [32mBuilding CXX object CMakeFiles/cartographer.mapping.internal.2d.scan_matching.interpolated_tsdf_2d_test.dir/cartographer/mapping/internal/2d/scan_matching/interpolated_tsdf_2d_test.cc.o[0m
[270.766s] [ 74%] [32m[1mLinking CXX executable cartographer.mapping.internal.2d.normal_estimation_2d_test[0m
[271.164s] [ 74%] Built target cartographer.mapping.internal.2d.normal_estimation_2d_test
[271.216s] [ 74%] [32mBuilding CXX object CMakeFiles/cartographer.mapping.internal.2d.scan_matching.occupied_space_cost_function_2d_test.dir/cartographer/mapping/internal/2d/scan_matching/occupied_space_cost_function_2d_test.cc.o[0m
[277.124s] [ 74%] [32m[1mLinking CXX executable cartographer.mapping.internal.2d.overlapping_submaps_trimmer_2d_test[0m
[277.674s] [ 74%] Built target cartographer.mapping.internal.2d.overlapping_submaps_trimmer_2d_test
[277.725s] [ 74%] [32mBuilding CXX object CMakeFiles/cartographer.mapping.internal.2d.scan_matching.real_time_correlative_scan_matcher_2d_test.dir/cartographer/mapping/internal/2d/scan_matching/real_time_correlative_scan_matcher_2d_test.cc.o[0m
[278.779s] [ 74%] [32m[1mLinking CXX executable cartographer.mapping.internal.2d.scan_matching.correlative_scan_matcher_test[0m
[279.106s] [ 74%] Built target cartographer.mapping.internal.2d.scan_matching.correlative_scan_matcher_test
[279.155s] [ 74%] [32mBuilding CXX object CMakeFiles/cartographer.mapping.internal.2d.scan_matching.tsdf_match_cost_function_2d_test.dir/cartographer/mapping/internal/2d/scan_matching/tsdf_match_cost_function_2d_test.cc.o[0m
[279.278s] [ 75%] [32m[1mLinking CXX executable cartographer.mapping.internal.2d.scan_matching.interpolated_tsdf_2d_test[0m
[279.514s] [ 75%] [32m[1mLinking CXX executable cartographer.mapping.internal.2d.scan_matching.ceres_scan_matcher_2d_test[0m
[279.690s] [ 75%] [32m[1mLinking CXX executable cartographer.mapping.internal.2d.ray_to_pixel_mask_test[0m
[279.771s] [ 75%] Built target cartographer.mapping.internal.2d.scan_matching.interpolated_tsdf_2d_test
[279.833s] [ 75%] [32mBuilding CXX object CMakeFiles/cartographer.mapping.internal.2d.tsd_value_converter_test.dir/cartographer/mapping/internal/2d/tsd_value_converter_test.cc.o[0m
[280.021s] [ 75%] Built target cartographer.mapping.internal.2d.scan_matching.ceres_scan_matcher_2d_test
[280.026s] [ 75%] Built target cartographer.mapping.internal.2d.ray_to_pixel_mask_test
[280.070s] [ 75%] [32mBuilding CXX object CMakeFiles/cartographer.mapping.internal.2d.tsdf_2d_test.dir/cartographer/mapping/internal/2d/tsdf_2d_test.cc.o[0m
[280.078s] [ 75%] [32mBuilding CXX object CMakeFiles/cartographer.mapping.internal.2d.tsdf_range_data_inserter_2d_test.dir/cartographer/mapping/internal/2d/tsdf_range_data_inserter_2d_test.cc.o[0m
[284.261s] [ 75%] [32m[1mLinking CXX executable cartographer.mapping.internal.2d.scan_matching.occupied_space_cost_function_2d_test[0m
[284.742s] [ 75%] Built target cartographer.mapping.internal.2d.scan_matching.occupied_space_cost_function_2d_test
[284.774s] [ 75%] [32m[1mLinking CXX executable cartographer.mapping.internal.2d.scan_matching.fast_correlative_scan_matcher_2d_test[0m
[284.795s] [ 75%] [32mBuilding CXX object CMakeFiles/cartographer.mapping.internal.3d.local_trajectory_builder_3d_test.dir/cartographer/mapping/internal/3d/local_trajectory_builder_3d_test.cc.o[0m
[285.093s] [ 75%] [32m[1mLinking CXX executable cartographer.mapping.internal.2d.pose_graph_2d_test[0m
[285.225s] [ 75%] Built target cartographer.mapping.internal.2d.scan_matching.fast_correlative_scan_matcher_2d_test
[285.280s] [ 75%] [32mBuilding CXX object CMakeFiles/cartographer.mapping.internal.3d.pose_graph_3d_test.dir/cartographer/mapping/internal/3d/pose_graph_3d_test.cc.o[0m
[285.764s] [ 75%] Built target cartographer.mapping.internal.2d.pose_graph_2d_test
[285.811s] [ 75%] [32mBuilding CXX object CMakeFiles/cartographer.mapping.internal.3d.rotation_parameterization_test.dir/cartographer/mapping/internal/3d/rotation_parameterization_test.cc.o[0m
[285.862s] [ 75%] [32m[1mLinking CXX executable cartographer.mapping.internal.3d.rotation_parameterization_test[0m
[286.184s] [ 75%] Built target cartographer.mapping.internal.3d.rotation_parameterization_test
[286.234s] [ 75%] [32mBuilding CXX object CMakeFiles/cartographer.mapping.internal.3d.scan_matching.ceres_scan_matcher_3d_test.dir/cartographer/mapping/internal/3d/scan_matching/ceres_scan_matcher_3d_test.cc.o[0m
[289.391s] [ 76%] [32m[1mLinking CXX executable cartographer.mapping.internal.2d.tsd_value_converter_test[0m
[289.709s] [ 76%] Built target cartographer.mapping.internal.2d.tsd_value_converter_test
[289.760s] [ 76%] [32mBuilding CXX object CMakeFiles/cartographer.mapping.internal.3d.scan_matching.fast_correlative_scan_matcher_3d_test.dir/cartographer/mapping/internal/3d/scan_matching/fast_correlative_scan_matcher_3d_test.cc.o[0m
[291.127s] [ 77%] [32m[1mLinking CXX executable cartographer.mapping.internal.2d.scan_matching.real_time_correlative_scan_matcher_2d_test[0m
[291.597s] [ 77%] Built target cartographer.mapping.internal.2d.scan_matching.real_time_correlative_scan_matcher_2d_test
[291.649s] [ 77%] [32mBuilding CXX object CMakeFiles/cartographer.mapping.internal.3d.scan_matching.intensity_cost_function_3d_test.dir/cartographer/mapping/internal/3d/scan_matching/intensity_cost_function_3d_test.cc.o[0m
[293.107s] [ 77%] [32m[1mLinking CXX executable cartographer.mapping.internal.2d.tsdf_2d_test[0m
[293.550s] [ 77%] Built target cartographer.mapping.internal.2d.tsdf_2d_test
[293.603s] [ 77%] [32mBuilding CXX object CMakeFiles/cartographer.mapping.internal.3d.scan_matching.interpolated_grid_test.dir/cartographer/mapping/internal/3d/scan_matching/interpolated_grid_test.cc.o[0m
[294.799s] [ 77%] [32m[1mLinking CXX executable cartographer.mapping.internal.2d.scan_matching.tsdf_match_cost_function_2d_test[0m
[295.276s] [ 77%] Built target cartographer.mapping.internal.2d.scan_matching.tsdf_match_cost_function_2d_test
[295.326s] [ 77%] [32mBuilding CXX object CMakeFiles/cartographer.mapping.internal.3d.scan_matching.precomputation_grid_3d_test.dir/cartographer/mapping/internal/3d/scan_matching/precomputation_grid_3d_test.cc.o[0m
[296.467s] [ 78%] [32m[1mLinking CXX executable cartographer.mapping.internal.2d.tsdf_range_data_inserter_2d_test[0m
[296.915s] [ 78%] Built target cartographer.mapping.internal.2d.tsdf_range_data_inserter_2d_test
[296.968s] [ 78%] [32mBuilding CXX object CMakeFiles/cartographer.mapping.internal.3d.scan_matching.real_time_correlative_scan_matcher_3d_test.dir/cartographer/mapping/internal/3d/scan_matching/real_time_correlative_scan_matcher_3d_test.cc.o[0m
[304.132s] [ 78%] [32m[1mLinking CXX executable cartographer.mapping.internal.3d.local_trajectory_builder_3d_test[0m
[304.313s] [ 79%] [32m[1mLinking CXX executable cartographer.mapping.internal.3d.scan_matching.ceres_scan_matcher_3d_test[0m
[304.799s] [ 79%] Built target cartographer.mapping.internal.3d.scan_matching.ceres_scan_matcher_3d_test
[304.806s] [ 79%] Built target cartographer.mapping.internal.3d.local_trajectory_builder_3d_test
[304.853s] [ 79%] [32mBuilding CXX object CMakeFiles/cartographer.mapping.internal.3d.scan_matching.rotation_delta_cost_functor_3d_test.dir/cartographer/mapping/internal/3d/scan_matching/rotation_delta_cost_functor_3d_test.cc.o[0m
[304.860s] [ 79%] [32mBuilding CXX object CMakeFiles/cartographer.mapping.internal.3d.scan_matching.rotational_scan_matcher_test.dir/cartographer/mapping/internal/3d/scan_matching/rotational_scan_matcher_test.cc.o[0m
[305.503s] [ 79%] [32m[1mLinking CXX executable cartographer.mapping.internal.3d.scan_matching.interpolated_grid_test[0m
[305.529s] [ 80%] [32m[1mLinking CXX executable cartographer.mapping.internal.3d.scan_matching.intensity_cost_function_3d_test[0m
[305.842s] [ 80%] Built target cartographer.mapping.internal.3d.scan_matching.interpolated_grid_test
[305.894s] [ 80%] [32mBuilding CXX object CMakeFiles/cartographer.mapping.internal.connected_components_test.dir/cartographer/mapping/internal/connected_components_test.cc.o[0m
[305.895s] [ 80%] Built target cartographer.mapping.internal.3d.scan_matching.intensity_cost_function_3d_test
[305.948s] [ 80%] [32mBuilding CXX object CMakeFiles/cartographer.mapping.internal.constraints.constraint_builder_2d_test.dir/cartographer/mapping/internal/constraints/constraint_builder_2d_test.cc.o[0m
[305.979s] [ 81%] [32m[1mLinking CXX executable cartographer.mapping.internal.3d.pose_graph_3d_test[0m
[306.661s] [ 81%] Built target cartographer.mapping.internal.3d.pose_graph_3d_test
[306.717s] [ 82%] [32mBuilding CXX object CMakeFiles/cartographer.mapping.internal.constraints.constraint_builder_3d_test.dir/cartographer/mapping/internal/constraints/constraint_builder_3d_test.cc.o[0m
[307.531s] [ 83%] [32m[1mLinking CXX executable cartographer.mapping.internal.3d.scan_matching.precomputation_grid_3d_test[0m
[307.865s] [ 83%] Built target cartographer.mapping.internal.3d.scan_matching.precomputation_grid_3d_test
[307.914s] [ 83%] [32mBuilding CXX object CMakeFiles/cartographer.mapping.internal.motion_filter_test.dir/cartographer/mapping/internal/motion_filter_test.cc.o[0m
[310.203s] [ 83%] [32m[1mLinking CXX executable cartographer.mapping.internal.3d.scan_matching.fast_correlative_scan_matcher_3d_test[0m
[310.629s] [ 83%] Built target cartographer.mapping.internal.3d.scan_matching.fast_correlative_scan_matcher_3d_test
[310.684s] [ 84%] [32mBuilding CXX object CMakeFiles/cartographer.mapping.internal.optimization.cost_functions.landmark_cost_function_2d_test.dir/cartographer/mapping/internal/optimization/cost_functions/landmark_cost_function_2d_test.cc.o[0m
[314.066s] [ 84%] [32m[1mLinking CXX executable cartographer.mapping.internal.3d.scan_matching.real_time_correlative_scan_matcher_3d_test[0m
[314.346s] [ 85%] [32m[1mLinking CXX executable cartographer.mapping.internal.3d.scan_matching.rotation_delta_cost_functor_3d_test[0m
[314.471s] [ 85%] Built target cartographer.mapping.internal.3d.scan_matching.real_time_correlative_scan_matcher_3d_test
[314.526s] [ 85%] [32mBuilding CXX object CMakeFiles/cartographer.mapping.internal.optimization.cost_functions.landmark_cost_function_3d_test.dir/cartographer/mapping/internal/optimization/cost_functions/landmark_cost_function_3d_test.cc.o[0m
[314.698s] [ 85%] Built target cartographer.mapping.internal.3d.scan_matching.rotation_delta_cost_functor_3d_test
[314.752s] [ 86%] [32mBuilding CXX object CMakeFiles/cartographer.mapping.internal.optimization.cost_functions.spa_cost_function_2d_test.dir/cartographer/mapping/internal/optimization/cost_functions/spa_cost_function_2d_test.cc.o[0m
[315.780s] [ 86%] [32m[1mLinking CXX executable cartographer.mapping.internal.3d.scan_matching.rotational_scan_matcher_test[0m
[316.110s] [ 86%] Built target cartographer.mapping.internal.3d.scan_matching.rotational_scan_matcher_test
[316.160s] [ 86%] [32mBuilding CXX object CMakeFiles/cartographer.mapping.internal.optimization.optimization_problem_3d_test.dir/cartographer/mapping/internal/optimization/optimization_problem_3d_test.cc.o[0m
[318.609s] [ 86%] [32m[1mLinking CXX executable cartographer.mapping.internal.motion_filter_test[0m
[318.997s] [ 86%] Built target cartographer.mapping.internal.motion_filter_test
[319.047s] [ 87%] [32mBuilding CXX object CMakeFiles/cartographer.mapping.internal.range_data_collator_test.dir/cartographer/mapping/internal/range_data_collator_test.cc.o[0m
[319.455s] [ 88%] [32m[1mLinking CXX executable cartographer.mapping.internal.connected_components_test[0m
[319.841s] [ 88%] Built target cartographer.mapping.internal.connected_components_test
[319.895s] [ 88%] [32mBuilding CXX object CMakeFiles/cartographer.mapping.internal.trajectory_connectivity_state_test.dir/cartographer/mapping/internal/trajectory_connectivity_state_test.cc.o[0m
[324.697s] [ 88%] [32m[1mLinking CXX executable cartographer.mapping.internal.constraints.constraint_builder_2d_test[0m
[325.347s] [ 88%] Built target cartographer.mapping.internal.constraints.constraint_builder_2d_test
[325.400s] [ 89%] [32mBuilding CXX object CMakeFiles/cartographer.mapping.map_builder_test.dir/cartographer/mapping/map_builder_test.cc.o[0m
[326.948s] [ 89%] [32m[1mLinking CXX executable cartographer.mapping.internal.constraints.constraint_builder_3d_test[0m
[327.593s] [ 89%] Built target cartographer.mapping.internal.constraints.constraint_builder_3d_test
[327.641s] [ 89%] [32mBuilding CXX object CMakeFiles/cartographer.mapping.pose_extrapolator_test.dir/cartographer/mapping/pose_extrapolator_test.cc.o[0m
[331.437s] [ 89%] [32m[1mLinking CXX executable cartographer.mapping.internal.optimization.cost_functions.landmark_cost_function_2d_test[0m
[331.813s] [ 89%] Built target cartographer.mapping.internal.optimization.cost_functions.landmark_cost_function_2d_test
[331.866s] [ 90%] [32mBuilding CXX object CMakeFiles/cartographer.mapping.pose_graph_test.dir/cartographer/mapping/pose_graph_test.cc.o[0m
[331.949s] [ 90%] [32m[1mLinking CXX executable cartographer.mapping.internal.optimization.optimization_problem_3d_test[0m
[332.409s] [ 90%] Built target cartographer.mapping.internal.optimization.optimization_problem_3d_test
[332.461s] [ 90%] [32mBuilding CXX object CMakeFiles/cartographer.mapping.pose_graph_trimmer_test.dir/cartographer/mapping/pose_graph_trimmer_test.cc.o[0m
[332.473s] [ 90%] [32m[1mLinking CXX executable cartographer.mapping.internal.optimization.cost_functions.spa_cost_function_2d_test[0m
[332.851s] [ 90%] Built target cartographer.mapping.internal.optimization.cost_functions.spa_cost_function_2d_test
[332.882s] [ 90%] [32m[1mLinking CXX executable cartographer.mapping.internal.trajectory_connectivity_state_test[0m
[332.904s] [ 91%] [32mBuilding CXX object CMakeFiles/cartographer.mapping.probability_values_test.dir/cartographer/mapping/probability_values_test.cc.o[0m
[333.256s] [ 91%] [32m[1mLinking CXX executable cartographer.mapping.internal.range_data_collator_test[0m
[333.281s] [ 91%] Built target cartographer.mapping.internal.trajectory_connectivity_state_test
[333.331s] [ 91%] [32mBuilding CXX object CMakeFiles/cartographer.mapping.submaps_test.dir/cartographer/mapping/submaps_test.cc.o[0m
[333.570s] [ 91%] Built target cartographer.mapping.internal.range_data_collator_test
[333.619s] [ 92%] [32mBuilding CXX object CMakeFiles/cartographer.mapping.trajectory_node_test.dir/cartographer/mapping/trajectory_node_test.cc.o[0m
[334.671s] [ 92%] [32m[1mLinking CXX executable cartographer.mapping.internal.optimization.cost_functions.landmark_cost_function_3d_test[0m
[335.038s] [ 92%] Built target cartographer.mapping.internal.optimization.cost_functions.landmark_cost_function_3d_test
[335.089s] [ 92%] [32mBuilding CXX object CMakeFiles/cartographer.mapping.value_conversion_tables_test.dir/cartographer/mapping/value_conversion_tables_test.cc.o[0m
[341.355s] [ 92%] [32m[1mLinking CXX executable cartographer.mapping.value_conversion_tables_test[0m
[341.682s] [ 92%] Built target cartographer.mapping.value_conversion_tables_test
[341.860s] [ 92%] [32m[1mLinking CXX executable cartographer.mapping.probability_values_test[0m
[342.177s] [ 92%] Built target cartographer.mapping.probability_values_test
[343.147s] [ 92%] [32m[1mLinking CXX executable cartographer.mapping.submaps_test[0m
[343.361s] [ 92%] Built target cartographer.mapping.submaps_test
[343.691s] [ 92%] [32m[1mLinking CXX executable cartographer.mapping.pose_graph_trimmer_test[0m
[343.889s] [ 92%] [32m[1mLinking CXX executable cartographer.mapping.pose_graph_test[0m
[343.897s] [ 92%] Built target cartographer.mapping.pose_graph_trimmer_test
[344.258s] [ 92%] Built target cartographer.mapping.pose_graph_test
[344.739s] [ 92%] [32m[1mLinking CXX executable cartographer.mapping.pose_extrapolator_test[0m
[344.930s] [ 92%] Built target cartographer.mapping.pose_extrapolator_test
[346.138s] [ 92%] [32m[1mLinking CXX executable cartographer.mapping.trajectory_node_test[0m
[346.341s] [ 92%] Built target cartographer.mapping.trajectory_node_test
[346.357s] [ 92%] [32mBuilding CXX object CMakeFiles/cartographer.sensor.landmark_data_test.dir/cartographer/sensor/landmark_data_test.cc.o[0m
[346.369s] [ 92%] [32mBuilding CXX object CMakeFiles/cartographer.sensor.internal.voxel_filter_test.dir/cartographer/sensor/internal/voxel_filter_test.cc.o[0m
[346.626s] [ 92%] [32m[1mLinking CXX executable cartographer.mapping.map_builder_test[0m
[347.009s] [ 92%] Built target cartographer.mapping.map_builder_test
[347.024s] [ 92%] [32mBuilding CXX object CMakeFiles/cartographer.sensor.map_by_time_test.dir/cartographer/sensor/map_by_time_test.cc.o[0m
[347.037s] [ 92%] [32mBuilding CXX object CMakeFiles/cartographer.sensor.internal.trajectory_collator_test.dir/cartographer/sensor/internal/trajectory_collator_test.cc.o[0m
[348.069s] [ 92%] [32mBuilding CXX object CMakeFiles/cartographer.sensor.point_cloud_test.dir/cartographer/sensor/point_cloud_test.cc.o[0m
[349.095s] [ 93%] [32mBuilding CXX object CMakeFiles/cartographer.sensor.internal.ordered_multi_queue_test.dir/cartographer/sensor/internal/ordered_multi_queue_test.cc.o[0m
[350.122s] [ 93%] [32mBuilding CXX object CMakeFiles/cartographer.sensor.internal.collator_test.dir/cartographer/sensor/internal/collator_test.cc.o[0m
[351.152s] [ 94%] [32mBuilding CXX object CMakeFiles/cartographer.sensor.compressed_point_cloud_test.dir/cartographer/sensor/compressed_point_cloud_test.cc.o[0m
[355.768s] [ 94%] [32m[1mLinking CXX executable cartographer.sensor.map_by_time_test[0m
[356.094s] [ 94%] Built target cartographer.sensor.map_by_time_test
[356.146s] [ 94%] [32mBuilding CXX object CMakeFiles/cartographer.sensor.range_data_test.dir/cartographer/sensor/range_data_test.cc.o[0m
[356.406s] [ 94%] [32m[1mLinking CXX executable cartographer.sensor.internal.voxel_filter_test[0m
[356.813s] [ 94%] Built target cartographer.sensor.internal.voxel_filter_test
[356.866s] [ 94%] [32mBuilding CXX object CMakeFiles/cartographer.transform.rigid_transform_test.dir/cartographer/transform/rigid_transform_test.cc.o[0m
[360.376s] [ 95%] [32m[1mLinking CXX executable cartographer.sensor.internal.trajectory_collator_test[0m
[360.716s] [ 95%] Built target cartographer.sensor.internal.trajectory_collator_test
[360.766s] [ 95%] [32mBuilding CXX object CMakeFiles/cartographer.transform.timestamped_transform_test.dir/cartographer/transform/timestamped_transform_test.cc.o[0m
[362.209s] [ 95%] [32m[1mLinking CXX executable cartographer.sensor.internal.ordered_multi_queue_test[0m
[362.540s] [ 95%] Built target cartographer.sensor.internal.ordered_multi_queue_test
[362.590s] [ 95%] [32mBuilding CXX object CMakeFiles/cartographer.transform.transform_interpolation_buffer_test.dir/cartographer/transform/transform_interpolation_buffer_test.cc.o[0m
[363.072s] [ 96%] [32m[1mLinking CXX executable cartographer.sensor.landmark_data_test[0m
[363.454s] [ 97%] [32m[1mLinking CXX executable cartographer.sensor.point_cloud_test[0m
[363.498s] [ 97%] Built target cartographer.sensor.landmark_data_test
[363.553s] [ 97%] [32mBuilding CXX object CMakeFiles/cartographer.transform.transform_test.dir/cartographer/transform/transform_test.cc.o[0m
[363.807s] [ 97%] Built target cartographer.sensor.point_cloud_test
[365.522s] [ 97%] [32m[1mLinking CXX executable cartographer.sensor.compressed_point_cloud_test[0m
[365.801s] [ 97%] Built target cartographer.sensor.compressed_point_cloud_test
[366.381s] [ 97%] [32m[1mLinking CXX executable cartographer.sensor.internal.collator_test[0m
[366.696s] [ 97%] Built target cartographer.sensor.internal.collator_test
[368.518s] [ 97%] [32m[1mLinking CXX executable cartographer.sensor.range_data_test[0m
[368.814s] [ 97%] Built target cartographer.sensor.range_data_test
[370.353s] [ 97%] [32m[1mLinking CXX executable cartographer.transform.timestamped_transform_test[0m
[370.596s] [ 97%] Built target cartographer.transform.timestamped_transform_test
[372.957s] [ 97%] [32m[1mLinking CXX executable cartographer.transform.transform_test[0m
[373.139s] [ 97%] Built target cartographer.transform.transform_test
[373.258s] [ 98%] [32m[1mLinking CXX executable cartographer.transform.transform_interpolation_buffer_test[0m
[373.463s] [ 98%] Built target cartographer.transform.transform_interpolation_buffer_test
[373.606s] [100%] [32m[1mLinking CXX executable cartographer.transform.rigid_transform_test[0m
[373.765s] [100%] Built target cartographer.transform.rigid_transform_test
[373.783s] Invoked command in '/root/distr_slam_ws/build/cartographer' returned '0': CMAKE_PREFIX_PATH=${CMAKE_PREFIX_PATH}:/opt/ros/jazzy /usr/bin/cmake --build /root/distr_slam_ws/build/cartographer -- -j8 -l8
[373.785s] Invoking command in '/root/distr_slam_ws/build/cartographer': CMAKE_PREFIX_PATH=${CMAKE_PREFIX_PATH}:/opt/ros/jazzy /usr/bin/cmake --install /root/distr_slam_ws/build/cartographer
[373.796s] -- Install configuration: "Release"
[373.796s] -- Installing: /root/distr_slam_ws/install/cartographer/share/cartographer/package.xml
[373.796s] -- Installing: /root/distr_slam_ws/install/cartographer/share/cartographer//configuration_files
[373.796s] -- Installing: /root/distr_slam_ws/install/cartographer/share/cartographer//configuration_files/trajectory_builder_2d.lua
[373.796s] -- Installing: /root/distr_slam_ws/install/cartographer/share/cartographer//configuration_files/trajectory_builder_3d.lua
[373.797s] -- Installing: /root/distr_slam_ws/install/cartographer/share/cartographer//configuration_files/pose_graph.lua
[373.797s] -- Installing: /root/distr_slam_ws/install/cartographer/share/cartographer//configuration_files/map_builder.lua
[373.797s] -- Installing: /root/distr_slam_ws/install/cartographer/share/cartographer//configuration_files/map_builder_server.lua
[373.797s] -- Installing: /root/distr_slam_ws/install/cartographer/share/cartographer//configuration_files/trajectory_builder.lua
[373.797s] -- Installing: /root/distr_slam_ws/install/cartographer/share/cartographer//cmake
[373.798s] -- Installing: /root/distr_slam_ws/install/cartographer/share/cartographer//cmake/modules
[373.798s] -- Installing: /root/distr_slam_ws/install/cartographer/share/cartographer//cmake/modules/FindLuaGoogle.cmake
[373.798s] -- Installing: /root/distr_slam_ws/install/cartographer/share/cartographer//cmake/modules/FindSphinx.cmake
[373.798s] -- Installing: /root/distr_slam_ws/install/cartographer/share/cartographer//cmake/modules/FindEigen3.cmake
[373.798s] -- Installing: /root/distr_slam_ws/install/cartographer/share/cartographer//cmake/modules/FindGMock.cmake
[373.799s] -- Installing: /root/distr_slam_ws/install/cartographer/share/cartographer//cmake/functions.cmake
[373.799s] -- Installing: /root/distr_slam_ws/install/cartographer/bin/cartographer_autogenerate_ground_truth
[373.800s] -- Installing: /root/distr_slam_ws/install/cartographer/bin/cartographer_compute_relations_metrics
[373.801s] -- Installing: /root/distr_slam_ws/install/cartographer/bin/cartographer_pbstream
[373.804s] -- Installing: /root/distr_slam_ws/install/cartographer/bin/cartographer_print_configuration
[373.804s] -- Installing: /root/distr_slam_ws/install/cartographer/lib/libcartographer.a
[373.813s] -- Installing: /root/distr_slam_ws/install/cartographer/include/cartographer/common/configuration_file_resolver.h
[373.813s] -- Installing: /root/distr_slam_ws/install/cartographer/include/cartographer/common/fixed_ratio_sampler.h
[373.814s] -- Installing: /root/distr_slam_ws/install/cartographer/include/cartographer/common/histogram.h
[373.814s] -- Installing: /root/distr_slam_ws/install/cartographer/include/cartographer/common/lua.h
[373.814s] -- Installing: /root/distr_slam_ws/install/cartographer/include/cartographer/common/lua_parameter_dictionary.h
[373.814s] -- Installing: /root/distr_slam_ws/install/cartographer/include/cartographer/common/math.h
[373.814s] -- Installing: /root/distr_slam_ws/install/cartographer/include/cartographer/common/port.h
[373.815s] -- Installing: /root/distr_slam_ws/install/cartographer/include/cartographer/common/task.h
[373.815s] -- Installing: /root/distr_slam_ws/install/cartographer/include/cartographer/common/thread_pool.h
[373.815s] -- Installing: /root/distr_slam_ws/install/cartographer/include/cartographer/common/time.h
[373.816s] -- Installing: /root/distr_slam_ws/install/cartographer/include/cartographer/ground_truth/autogenerate_ground_truth.h
[373.816s] -- Installing: /root/distr_slam_ws/install/cartographer/include/cartographer/ground_truth/relations_text_file.h
[373.816s] -- Installing: /root/distr_slam_ws/install/cartographer/include/cartographer/io/color.h
[373.816s] -- Installing: /root/distr_slam_ws/install/cartographer/include/cartographer/io/coloring_points_processor.h
[373.817s] -- Installing: /root/distr_slam_ws/install/cartographer/include/cartographer/io/counting_points_processor.h
[373.817s] -- Installing: /root/distr_slam_ws/install/cartographer/include/cartographer/io/draw_trajectories.h
[373.817s] -- Installing: /root/distr_slam_ws/install/cartographer/include/cartographer/io/file_writer.h
[373.817s] -- Installing: /root/distr_slam_ws/install/cartographer/include/cartographer/io/fixed_ratio_sampling_points_processor.h
[373.818s] -- Installing: /root/distr_slam_ws/install/cartographer/include/cartographer/io/frame_id_filtering_points_processor.h
[373.818s] -- Installing: /root/distr_slam_ws/install/cartographer/include/cartographer/io/hybrid_grid_points_processor.h
[373.818s] -- Installing: /root/distr_slam_ws/install/cartographer/include/cartographer/io/image.h
[373.818s] -- Installing: /root/distr_slam_ws/install/cartographer/include/cartographer/io/intensity_to_color_points_processor.h
[373.818s] -- Installing: /root/distr_slam_ws/install/cartographer/include/cartographer/io/min_max_range_filtering_points_processor.h
[373.819s] -- Installing: /root/distr_slam_ws/install/cartographer/include/cartographer/io/null_points_processor.h
[373.819s] -- Installing: /root/distr_slam_ws/install/cartographer/include/cartographer/io/outlier_removing_points_processor.h
[373.819s] -- Installing: /root/distr_slam_ws/install/cartographer/include/cartographer/io/pcd_writing_points_processor.h
[373.819s] -- Installing: /root/distr_slam_ws/install/cartographer/include/cartographer/io/ply_writing_points_processor.h
[373.820s] -- Installing: /root/distr_slam_ws/install/cartographer/include/cartographer/io/points_batch.h
[373.820s] -- Installing: /root/distr_slam_ws/install/cartographer/include/cartographer/io/points_processor.h
[373.820s] -- Installing: /root/distr_slam_ws/install/cartographer/include/cartographer/io/points_processor_pipeline_builder.h
[373.820s] -- Installing: /root/distr_slam_ws/install/cartographer/include/cartographer/io/probability_grid_points_processor.h
[373.821s] -- Installing: /root/distr_slam_ws/install/cartographer/include/cartographer/io/proto_stream.h
[373.821s] -- Installing: /root/distr_slam_ws/install/cartographer/include/cartographer/io/proto_stream_deserializer.h
[373.821s] -- Installing: /root/distr_slam_ws/install/cartographer/include/cartographer/io/proto_stream_interface.h
[373.821s] -- Installing: /root/distr_slam_ws/install/cartographer/include/cartographer/io/serialization_format_migration.h
[373.822s] -- Installing: /root/distr_slam_ws/install/cartographer/include/cartographer/io/submap_painter.h
[373.822s] -- Installing: /root/distr_slam_ws/install/cartographer/include/cartographer/io/vertical_range_filtering_points_processor.h
[373.822s] -- Installing: /root/distr_slam_ws/install/cartographer/include/cartographer/io/xray_points_processor.h
[373.822s] -- Installing: /root/distr_slam_ws/install/cartographer/include/cartographer/io/xyz_writing_points_processor.h
[373.823s] -- Installing: /root/distr_slam_ws/install/cartographer/include/cartographer/mapping/2d/grid_2d.h
[373.823s] -- Installing: /root/distr_slam_ws/install/cartographer/include/cartographer/mapping/2d/map_limits.h
[373.823s] -- Installing: /root/distr_slam_ws/install/cartographer/include/cartographer/mapping/2d/probability_grid.h
[373.823s] -- Installing: /root/distr_slam_ws/install/cartographer/include/cartographer/mapping/2d/probability_grid_range_data_inserter_2d.h
[373.824s] -- Installing: /root/distr_slam_ws/install/cartographer/include/cartographer/mapping/2d/submap_2d.h
[373.824s] -- Installing: /root/distr_slam_ws/install/cartographer/include/cartographer/mapping/2d/xy_index.h
[373.824s] -- Installing: /root/distr_slam_ws/install/cartographer/include/cartographer/mapping/3d/hybrid_grid.h
[373.825s] -- Installing: /root/distr_slam_ws/install/cartographer/include/cartographer/mapping/3d/range_data_inserter_3d.h
[373.825s] -- Installing: /root/distr_slam_ws/install/cartographer/include/cartographer/mapping/3d/submap_3d.h
[373.825s] -- Installing: /root/distr_slam_ws/install/cartographer/include/cartographer/mapping/detect_floors.h
[373.825s] -- Installing: /root/distr_slam_ws/install/cartographer/include/cartographer/mapping/grid_interface.h
[373.826s] -- Installing: /root/distr_slam_ws/install/cartographer/include/cartographer/mapping/id.h
[373.826s] -- Installing: /root/distr_slam_ws/install/cartographer/include/cartographer/mapping/imu_tracker.h
[373.826s] -- Installing: /root/distr_slam_ws/install/cartographer/include/cartographer/mapping/map_builder.h
[373.826s] -- Installing: /root/distr_slam_ws/install/cartographer/include/cartographer/mapping/map_builder_interface.h
[373.826s] -- Installing: /root/distr_slam_ws/install/cartographer/include/cartographer/mapping/pose_extrapolator.h
[373.827s] -- Installing: /root/distr_slam_ws/install/cartographer/include/cartographer/mapping/pose_extrapolator_interface.h
[373.827s] -- Installing: /root/distr_slam_ws/install/cartographer/include/cartographer/mapping/pose_graph.h
[373.827s] -- Installing: /root/distr_slam_ws/install/cartographer/include/cartographer/mapping/pose_graph_interface.h
[373.827s] -- Installing: /root/distr_slam_ws/install/cartographer/include/cartographer/mapping/pose_graph_trimmer.h
[373.828s] -- Installing: /root/distr_slam_ws/install/cartographer/include/cartographer/mapping/probability_values.h
[373.828s] -- Installing: /root/distr_slam_ws/install/cartographer/include/cartographer/mapping/range_data_inserter_interface.h
[373.828s] -- Installing: /root/distr_slam_ws/install/cartographer/include/cartographer/mapping/submaps.h
[373.828s] -- Installing: /root/distr_slam_ws/install/cartographer/include/cartographer/mapping/trajectory_builder_interface.h
[373.829s] -- Installing: /root/distr_slam_ws/install/cartographer/include/cartographer/mapping/trajectory_node.h
[373.829s] -- Installing: /root/distr_slam_ws/install/cartographer/include/cartographer/mapping/value_conversion_tables.h
[373.829s] -- Installing: /root/distr_slam_ws/install/cartographer/include/cartographer/metrics/counter.h
[373.829s] -- Installing: /root/distr_slam_ws/install/cartographer/include/cartographer/metrics/family_factory.h
[373.830s] -- Installing: /root/distr_slam_ws/install/cartographer/include/cartographer/metrics/gauge.h
[373.830s] -- Installing: /root/distr_slam_ws/install/cartographer/include/cartographer/metrics/histogram.h
[373.830s] -- Installing: /root/distr_slam_ws/install/cartographer/include/cartographer/metrics/register.h
[373.830s] -- Installing: /root/distr_slam_ws/install/cartographer/include/cartographer/sensor/collator_interface.h
[373.831s] -- Installing: /root/distr_slam_ws/install/cartographer/include/cartographer/sensor/compressed_point_cloud.h
[373.831s] -- Installing: /root/distr_slam_ws/install/cartographer/include/cartographer/sensor/data.h
[373.831s] -- Installing: /root/distr_slam_ws/install/cartographer/include/cartographer/sensor/fixed_frame_pose_data.h
[373.831s] -- Installing: /root/distr_slam_ws/install/cartographer/include/cartographer/sensor/imu_data.h
[373.832s] -- Installing: /root/distr_slam_ws/install/cartographer/include/cartographer/sensor/landmark_data.h
[373.832s] -- Installing: /root/distr_slam_ws/install/cartographer/include/cartographer/sensor/map_by_time.h
[373.832s] -- Installing: /root/distr_slam_ws/install/cartographer/include/cartographer/sensor/odometry_data.h
[373.832s] -- Installing: /root/distr_slam_ws/install/cartographer/include/cartographer/sensor/point_cloud.h
[373.833s] -- Installing: /root/distr_slam_ws/install/cartographer/include/cartographer/sensor/range_data.h
[373.833s] -- Installing: /root/distr_slam_ws/install/cartographer/include/cartographer/sensor/rangefinder_point.h
[373.833s] -- Installing: /root/distr_slam_ws/install/cartographer/include/cartographer/sensor/timed_point_cloud_data.h
[373.833s] -- Installing: /root/distr_slam_ws/install/cartographer/include/cartographer/transform/rigid_transform.h
[373.834s] -- Installing: /root/distr_slam_ws/install/cartographer/include/cartographer/transform/timestamped_transform.h
[373.834s] -- Installing: /root/distr_slam_ws/install/cartographer/include/cartographer/transform/transform.h
[373.834s] -- Installing: /root/distr_slam_ws/install/cartographer/include/cartographer/transform/transform_interpolation_buffer.h
[373.834s] -- Installing: /root/distr_slam_ws/install/cartographer/include/cartographer/io/fake_file_writer.h
[373.835s] -- Installing: /root/distr_slam_ws/install/cartographer/include/cartographer/transform/rigid_transform_test_helpers.h
[373.835s] -- Installing: /root/distr_slam_ws/install/cartographer/include/cartographer/common/proto/ceres_solver_options.pb.h
[373.835s] -- Installing: /root/distr_slam_ws/install/cartographer/include/cartographer/ground_truth/proto/relations.pb.h
[373.835s] -- Installing: /root/distr_slam_ws/install/cartographer/include/cartographer/mapping/proto/cell_limits_2d.pb.h
[373.836s] -- Installing: /root/distr_slam_ws/install/cartographer/include/cartographer/mapping/proto/connected_components.pb.h
[373.836s] -- Installing: /root/distr_slam_ws/install/cartographer/include/cartographer/mapping/proto/grid_2d.pb.h
[373.836s] -- Installing: /root/distr_slam_ws/install/cartographer/include/cartographer/mapping/proto/grid_2d_options.pb.h
[373.836s] -- Installing: /root/distr_slam_ws/install/cartographer/include/cartographer/mapping/proto/hybrid_grid.pb.h
[373.837s] -- Installing: /root/distr_slam_ws/install/cartographer/include/cartographer/mapping/proto/local_trajectory_builder_options_2d.pb.h
[373.837s] -- Installing: /root/distr_slam_ws/install/cartographer/include/cartographer/mapping/proto/local_trajectory_builder_options_3d.pb.h
[373.837s] -- Installing: /root/distr_slam_ws/install/cartographer/include/cartographer/mapping/proto/map_builder_options.pb.h
[373.838s] -- Installing: /root/distr_slam_ws/install/cartographer/include/cartographer/mapping/proto/map_limits.pb.h
[373.838s] -- Installing: /root/distr_slam_ws/install/cartographer/include/cartographer/mapping/proto/motion_filter_options.pb.h
[373.838s] -- Installing: /root/distr_slam_ws/install/cartographer/include/cartographer/mapping/proto/normal_estimation_options_2d.pb.h
[373.838s] -- Installing: /root/distr_slam_ws/install/cartographer/include/cartographer/mapping/proto/pose_extrapolator_options.pb.h
[373.839s] -- Installing: /root/distr_slam_ws/install/cartographer/include/cartographer/mapping/proto/pose_graph.pb.h
[373.839s] -- Installing: /root/distr_slam_ws/install/cartographer/include/cartographer/mapping/proto/pose_graph/constraint_builder_options.pb.h
[373.839s] -- Installing: /root/distr_slam_ws/install/cartographer/include/cartographer/mapping/proto/pose_graph/optimization_problem_options.pb.h
[373.840s] -- Installing: /root/distr_slam_ws/install/cartographer/include/cartographer/mapping/proto/pose_graph_options.pb.h
[373.840s] -- Installing: /root/distr_slam_ws/install/cartographer/include/cartographer/mapping/proto/probability_grid.pb.h
[373.840s] -- Installing: /root/distr_slam_ws/install/cartographer/include/cartographer/mapping/proto/probability_grid_range_data_inserter_options_2d.pb.h
[373.840s] -- Installing: /root/distr_slam_ws/install/cartographer/include/cartographer/mapping/proto/range_data_inserter_options.pb.h
[373.841s] -- Installing: /root/distr_slam_ws/install/cartographer/include/cartographer/mapping/proto/range_data_inserter_options_3d.pb.h
[373.841s] -- Installing: /root/distr_slam_ws/install/cartographer/include/cartographer/mapping/proto/scan_matching/ceres_scan_matcher_options_2d.pb.h
[373.841s] -- Installing: /root/distr_slam_ws/install/cartographer/include/cartographer/mapping/proto/scan_matching/ceres_scan_matcher_options_3d.pb.h
[373.842s] -- Installing: /root/distr_slam_ws/install/cartographer/include/cartographer/mapping/proto/scan_matching/fast_correlative_scan_matcher_options_2d.pb.h
[373.842s] -- Installing: /root/distr_slam_ws/install/cartographer/include/cartographer/mapping/proto/scan_matching/fast_correlative_scan_matcher_options_3d.pb.h
[373.842s] -- Installing: /root/distr_slam_ws/install/cartographer/include/cartographer/mapping/proto/scan_matching/real_time_correlative_scan_matcher_options.pb.h
[373.842s] -- Installing: /root/distr_slam_ws/install/cartographer/include/cartographer/mapping/proto/serialization.pb.h
[373.843s] -- Installing: /root/distr_slam_ws/install/cartographer/include/cartographer/mapping/proto/submap.pb.h
[373.843s] -- Installing: /root/distr_slam_ws/install/cartographer/include/cartographer/mapping/proto/submap_visualization.pb.h
[373.843s] -- Installing: /root/distr_slam_ws/install/cartographer/include/cartographer/mapping/proto/submaps_options_2d.pb.h
[373.844s] -- Installing: /root/distr_slam_ws/install/cartographer/include/cartographer/mapping/proto/submaps_options_3d.pb.h
[373.844s] -- Installing: /root/distr_slam_ws/install/cartographer/include/cartographer/mapping/proto/trajectory.pb.h
[373.844s] -- Installing: /root/distr_slam_ws/install/cartographer/include/cartographer/mapping/proto/trajectory_builder_options.pb.h
[373.845s] -- Installing: /root/distr_slam_ws/install/cartographer/include/cartographer/mapping/proto/trajectory_node_data.pb.h
[373.845s] -- Installing: /root/distr_slam_ws/install/cartographer/include/cartographer/mapping/proto/tsdf_2d.pb.h
[373.845s] -- Installing: /root/distr_slam_ws/install/cartographer/include/cartographer/mapping/proto/tsdf_range_data_inserter_options_2d.pb.h
[373.845s] -- Installing: /root/distr_slam_ws/install/cartographer/include/cartographer/sensor/proto/adaptive_voxel_filter_options.pb.h
[373.846s] -- Installing: /root/distr_slam_ws/install/cartographer/include/cartographer/sensor/proto/sensor.pb.h
[373.846s] -- Installing: /root/distr_slam_ws/install/cartographer/include/cartographer/transform/proto/timestamped_transform.pb.h
[373.846s] -- Installing: /root/distr_slam_ws/install/cartographer/include/cartographer/transform/proto/transform.pb.h
[373.847s] -- Installing: /root/distr_slam_ws/install/cartographer/share/cartographer/cmake/CartographerTargets.cmake
[373.847s] -- Installing: /root/distr_slam_ws/install/cartographer/share/cartographer/cmake/CartographerTargets-release.cmake
[373.847s] -- Installing: /root/distr_slam_ws/install/cartographer/share/cartographer/cartographer-config.cmake
[373.850s] Invoked command in '/root/distr_slam_ws/build/cartographer' returned '0': CMAKE_PREFIX_PATH=${CMAKE_PREFIX_PATH}:/opt/ros/jazzy /usr/bin/cmake --install /root/distr_slam_ws/build/cartographer
