[0.275s] DEBUG:colcon:Command line arguments: ['/usr/bin/colcon', 'build']
[0.275s] DEBUG:colcon:Parsed command line arguments: Namespace(log_base=None, log_level=None, verb_name='build', build_base='build', install_base='install', merge_install=False, symlink_install=False, test_result_base=None, continue_on_error=False, executor='parallel', parallel_workers=8, event_handlers=None, ignore_user_meta=False, metas=['./colcon.meta'], base_paths=['.'], packages_ignore=None, packages_ignore_regex=None, paths=None, packages_up_to=None, packages_up_to_regex=None, packages_above=None, packages_above_and_dependencies=None, packages_above_depth=None, packages_select_by_dep=None, packages_skip_by_dep=None, packages_skip_up_to=None, packages_select_build_failed=False, packages_skip_build_finished=False, packages_select_test_failures=False, packages_skip_test_passed=False, packages_select=None, packages_skip=None, packages_select_regex=None, packages_skip_regex=None, packages_start=None, packages_end=None, cmake_args=None, cmake_target=None, cmake_target_skip_unavailable=False, cmake_clean_cache=False, cmake_clean_first=False, cmake_force_configure=False, ament_cmake_args=None, catkin_cmake_args=None, catkin_skip_building_tests=False, mixin_files=None, mixin=None, verb_parser=<colcon_mixin.mixin.mixin_argument.MixinArgumentDecorator object at 0x74ad74639580>, verb_extension=<colcon_core.verb.build.BuildVerb object at 0x74ad746392e0>, main=<bound method BuildVerb.main of <colcon_core.verb.build.BuildVerb object at 0x74ad746392e0>>, mixin_verb=('build',))
[0.340s] Level 1:colcon.colcon_core.package_discovery:discover_packages(colcon_meta) check parameters
[0.341s] INFO:colcon.colcon_metadata.package_discovery.colcon_meta:Using configuration from '/root/.colcon/metadata/default/Gazebo.meta'
[0.341s] INFO:colcon.colcon_metadata.package_discovery.colcon_meta:Using configuration from '/root/.colcon/metadata/default/fastdds.meta'
[0.342s] INFO:colcon.colcon_metadata.package_discovery.colcon_meta:Using configuration from '/root/.colcon/metadata/default/fastrtps.meta'
[0.342s] Level 1:colcon.colcon_core.package_discovery:discover_packages(recursive) check parameters
[0.342s] Level 1:colcon.colcon_core.package_discovery:discover_packages(ignore) check parameters
[0.342s] Level 1:colcon.colcon_core.package_discovery:discover_packages(path) check parameters
[0.342s] Level 1:colcon.colcon_core.package_discovery:discover_packages(colcon_meta) discover
[0.342s] Level 1:colcon.colcon_core.package_discovery:discover_packages(recursive) discover
[0.342s] INFO:colcon.colcon_core.package_discovery:Crawling recursively for packages in '/root/distr_slam_ws'
[0.342s] Level 1:colcon.colcon_core.package_identification:_identify(.) by extensions ['ignore', 'ignore_ament_install']
[0.342s] Level 1:colcon.colcon_core.package_identification:_identify(.) by extension 'ignore'
[0.342s] Level 1:colcon.colcon_core.package_identification:_identify(.) by extension 'ignore_ament_install'
[0.342s] Level 1:colcon.colcon_core.package_identification:_identify(.) by extensions ['colcon_pkg']
[0.342s] Level 1:colcon.colcon_core.package_identification:_identify(.) by extension 'colcon_pkg'
[0.342s] Level 1:colcon.colcon_core.package_identification:_identify(.) by extensions ['colcon_meta']
[0.342s] Level 1:colcon.colcon_core.package_identification:_identify(.) by extension 'colcon_meta'
[0.342s] Level 1:colcon.colcon_core.package_identification:_identify(.) by extensions ['ros']
[0.342s] Level 1:colcon.colcon_core.package_identification:_identify(.) by extension 'ros'
[0.381s] Level 1:colcon.colcon_core.package_identification:_identify(.) by extensions ['cmake', 'python']
[0.381s] Level 1:colcon.colcon_core.package_identification:_identify(.) by extension 'cmake'
[0.381s] Level 1:colcon.colcon_core.package_identification:_identify(.) by extension 'python'
[0.381s] Level 1:colcon.colcon_core.package_identification:_identify(.) by extensions ['python_setup_py']
[0.381s] Level 1:colcon.colcon_core.package_identification:_identify(.) by extension 'python_setup_py'
[0.381s] Level 1:colcon.colcon_core.package_identification:_identify(build) by extensions ['ignore', 'ignore_ament_install']
[0.381s] Level 1:colcon.colcon_core.package_identification:_identify(build) by extension 'ignore'
[0.381s] Level 1:colcon.colcon_core.package_identification:_identify(build) ignored
[0.381s] Level 1:colcon.colcon_core.package_identification:_identify(install) by extensions ['ignore', 'ignore_ament_install']
[0.382s] Level 1:colcon.colcon_core.package_identification:_identify(install) by extension 'ignore'
[0.382s] Level 1:colcon.colcon_core.package_identification:_identify(install) ignored
[0.382s] Level 1:colcon.colcon_core.package_identification:_identify(log) by extensions ['ignore', 'ignore_ament_install']
[0.382s] Level 1:colcon.colcon_core.package_identification:_identify(log) by extension 'ignore'
[0.382s] Level 1:colcon.colcon_core.package_identification:_identify(log) ignored
[0.382s] Level 1:colcon.colcon_core.package_identification:_identify(src) by extensions ['ignore', 'ignore_ament_install']
[0.382s] Level 1:colcon.colcon_core.package_identification:_identify(src) by extension 'ignore'
[0.382s] Level 1:colcon.colcon_core.package_identification:_identify(src) by extension 'ignore_ament_install'
[0.382s] Level 1:colcon.colcon_core.package_identification:_identify(src) by extensions ['colcon_pkg']
[0.382s] Level 1:colcon.colcon_core.package_identification:_identify(src) by extension 'colcon_pkg'
[0.382s] Level 1:colcon.colcon_core.package_identification:_identify(src) by extensions ['colcon_meta']
[0.382s] Level 1:colcon.colcon_core.package_identification:_identify(src) by extension 'colcon_meta'
[0.382s] Level 1:colcon.colcon_core.package_identification:_identify(src) by extensions ['ros']
[0.382s] Level 1:colcon.colcon_core.package_identification:_identify(src) by extension 'ros'
[0.383s] Level 1:colcon.colcon_core.package_identification:_identify(src) by extensions ['cmake', 'python']
[0.383s] Level 1:colcon.colcon_core.package_identification:_identify(src) by extension 'cmake'
[0.383s] Level 1:colcon.colcon_core.package_identification:_identify(src) by extension 'python'
[0.383s] Level 1:colcon.colcon_core.package_identification:_identify(src) by extensions ['python_setup_py']
[0.383s] Level 1:colcon.colcon_core.package_identification:_identify(src) by extension 'python_setup_py'
[0.383s] Level 1:colcon.colcon_core.package_identification:_identify(src/cartographer) by extensions ['ignore', 'ignore_ament_install']
[0.383s] Level 1:colcon.colcon_core.package_identification:_identify(src/cartographer) by extension 'ignore'
[0.383s] Level 1:colcon.colcon_core.package_identification:_identify(src/cartographer) by extension 'ignore_ament_install'
[0.383s] Level 1:colcon.colcon_core.package_identification:_identify(src/cartographer) by extensions ['colcon_pkg']
[0.383s] Level 1:colcon.colcon_core.package_identification:_identify(src/cartographer) by extension 'colcon_pkg'
[0.383s] Level 1:colcon.colcon_core.package_identification:_identify(src/cartographer) by extensions ['colcon_meta']
[0.383s] Level 1:colcon.colcon_core.package_identification:_identify(src/cartographer) by extension 'colcon_meta'
[0.383s] Level 1:colcon.colcon_core.package_identification:_identify(src/cartographer) by extensions ['ros']
[0.383s] Level 1:colcon.colcon_core.package_identification:_identify(src/cartographer) by extension 'ros'
[0.387s] DEBUG:colcon.colcon_core.package_identification:Package 'src/cartographer' with type 'ros.cmake' and name 'cartographer'
[0.388s] Level 1:colcon.colcon_core.package_identification:_identify(src/cartographer_ros) by extensions ['ignore', 'ignore_ament_install']
[0.388s] Level 1:colcon.colcon_core.package_identification:_identify(src/cartographer_ros) by extension 'ignore'
[0.388s] Level 1:colcon.colcon_core.package_identification:_identify(src/cartographer_ros) by extension 'ignore_ament_install'
[0.388s] Level 1:colcon.colcon_core.package_identification:_identify(src/cartographer_ros) by extensions ['colcon_pkg']
[0.388s] Level 1:colcon.colcon_core.package_identification:_identify(src/cartographer_ros) by extension 'colcon_pkg'
[0.388s] Level 1:colcon.colcon_core.package_identification:_identify(src/cartographer_ros) by extensions ['colcon_meta']
[0.388s] Level 1:colcon.colcon_core.package_identification:_identify(src/cartographer_ros) by extension 'colcon_meta'
[0.388s] Level 1:colcon.colcon_core.package_identification:_identify(src/cartographer_ros) by extensions ['ros']
[0.388s] Level 1:colcon.colcon_core.package_identification:_identify(src/cartographer_ros) by extension 'ros'
[0.388s] Level 1:colcon.colcon_core.package_identification:_identify(src/cartographer_ros) by extensions ['cmake', 'python']
[0.388s] Level 1:colcon.colcon_core.package_identification:_identify(src/cartographer_ros) by extension 'cmake'
[0.388s] Level 1:colcon.colcon_core.package_identification:_identify(src/cartographer_ros) by extension 'python'
[0.388s] Level 1:colcon.colcon_core.package_identification:_identify(src/cartographer_ros) by extensions ['python_setup_py']
[0.388s] Level 1:colcon.colcon_core.package_identification:_identify(src/cartographer_ros) by extension 'python_setup_py'
[0.389s] Level 1:colcon.colcon_core.package_identification:_identify(src/cartographer_ros/cartographer_ros) by extensions ['ignore', 'ignore_ament_install']
[0.389s] Level 1:colcon.colcon_core.package_identification:_identify(src/cartographer_ros/cartographer_ros) by extension 'ignore'
[0.389s] Level 1:colcon.colcon_core.package_identification:_identify(src/cartographer_ros/cartographer_ros) by extension 'ignore_ament_install'
[0.389s] Level 1:colcon.colcon_core.package_identification:_identify(src/cartographer_ros/cartographer_ros) by extensions ['colcon_pkg']
[0.389s] Level 1:colcon.colcon_core.package_identification:_identify(src/cartographer_ros/cartographer_ros) by extension 'colcon_pkg'
[0.389s] Level 1:colcon.colcon_core.package_identification:_identify(src/cartographer_ros/cartographer_ros) by extensions ['colcon_meta']
[0.389s] Level 1:colcon.colcon_core.package_identification:_identify(src/cartographer_ros/cartographer_ros) by extension 'colcon_meta'
[0.389s] Level 1:colcon.colcon_core.package_identification:_identify(src/cartographer_ros/cartographer_ros) by extensions ['ros']
[0.389s] Level 1:colcon.colcon_core.package_identification:_identify(src/cartographer_ros/cartographer_ros) by extension 'ros'
[0.392s] DEBUG:colcon.colcon_core.package_identification:Package 'src/cartographer_ros/cartographer_ros' with type 'ros.ament_cmake' and name 'cartographer_ros'
[0.392s] Level 1:colcon.colcon_core.package_identification:_identify(src/cartographer_ros/cartographer_ros_msgs) by extensions ['ignore', 'ignore_ament_install']
[0.392s] Level 1:colcon.colcon_core.package_identification:_identify(src/cartographer_ros/cartographer_ros_msgs) by extension 'ignore'
[0.392s] Level 1:colcon.colcon_core.package_identification:_identify(src/cartographer_ros/cartographer_ros_msgs) by extension 'ignore_ament_install'
[0.392s] Level 1:colcon.colcon_core.package_identification:_identify(src/cartographer_ros/cartographer_ros_msgs) by extensions ['colcon_pkg']
[0.392s] Level 1:colcon.colcon_core.package_identification:_identify(src/cartographer_ros/cartographer_ros_msgs) by extension 'colcon_pkg'
[0.392s] Level 1:colcon.colcon_core.package_identification:_identify(src/cartographer_ros/cartographer_ros_msgs) by extensions ['colcon_meta']
[0.392s] Level 1:colcon.colcon_core.package_identification:_identify(src/cartographer_ros/cartographer_ros_msgs) by extension 'colcon_meta'
[0.392s] Level 1:colcon.colcon_core.package_identification:_identify(src/cartographer_ros/cartographer_ros_msgs) by extensions ['ros']
[0.392s] Level 1:colcon.colcon_core.package_identification:_identify(src/cartographer_ros/cartographer_ros_msgs) by extension 'ros'
[0.393s] DEBUG:colcon.colcon_core.package_identification:Package 'src/cartographer_ros/cartographer_ros_msgs' with type 'ros.ament_cmake' and name 'cartographer_ros_msgs'
[0.393s] Level 1:colcon.colcon_core.package_identification:_identify(src/cartographer_ros/cartographer_rviz) by extensions ['ignore', 'ignore_ament_install']
[0.393s] Level 1:colcon.colcon_core.package_identification:_identify(src/cartographer_ros/cartographer_rviz) by extension 'ignore'
[0.393s] Level 1:colcon.colcon_core.package_identification:_identify(src/cartographer_ros/cartographer_rviz) by extension 'ignore_ament_install'
[0.393s] Level 1:colcon.colcon_core.package_identification:_identify(src/cartographer_ros/cartographer_rviz) by extensions ['colcon_pkg']
[0.393s] Level 1:colcon.colcon_core.package_identification:_identify(src/cartographer_ros/cartographer_rviz) by extension 'colcon_pkg'
[0.393s] Level 1:colcon.colcon_core.package_identification:_identify(src/cartographer_ros/cartographer_rviz) by extensions ['colcon_meta']
[0.393s] Level 1:colcon.colcon_core.package_identification:_identify(src/cartographer_ros/cartographer_rviz) by extension 'colcon_meta'
[0.394s] Level 1:colcon.colcon_core.package_identification:_identify(src/cartographer_ros/cartographer_rviz) by extensions ['ros']
[0.394s] Level 1:colcon.colcon_core.package_identification:_identify(src/cartographer_ros/cartographer_rviz) by extension 'ros'
[0.395s] DEBUG:colcon.colcon_core.package_identification:Package 'src/cartographer_ros/cartographer_rviz' with type 'ros.ament_cmake' and name 'cartographer_rviz'
[0.395s] Level 1:colcon.colcon_core.package_identification:_identify(src/cartographer_ros/docs) by extensions ['ignore', 'ignore_ament_install']
[0.395s] Level 1:colcon.colcon_core.package_identification:_identify(src/cartographer_ros/docs) by extension 'ignore'
[0.395s] Level 1:colcon.colcon_core.package_identification:_identify(src/cartographer_ros/docs) ignored
[0.395s] Level 1:colcon.colcon_core.package_identification:_identify(src/cartographer_ros/scripts) by extensions ['ignore', 'ignore_ament_install']
[0.395s] Level 1:colcon.colcon_core.package_identification:_identify(src/cartographer_ros/scripts) by extension 'ignore'
[0.395s] Level 1:colcon.colcon_core.package_identification:_identify(src/cartographer_ros/scripts) by extension 'ignore_ament_install'
[0.395s] Level 1:colcon.colcon_core.package_identification:_identify(src/cartographer_ros/scripts) by extensions ['colcon_pkg']
[0.395s] Level 1:colcon.colcon_core.package_identification:_identify(src/cartographer_ros/scripts) by extension 'colcon_pkg'
[0.395s] Level 1:colcon.colcon_core.package_identification:_identify(src/cartographer_ros/scripts) by extensions ['colcon_meta']
[0.395s] Level 1:colcon.colcon_core.package_identification:_identify(src/cartographer_ros/scripts) by extension 'colcon_meta'
[0.396s] Level 1:colcon.colcon_core.package_identification:_identify(src/cartographer_ros/scripts) by extensions ['ros']
[0.396s] Level 1:colcon.colcon_core.package_identification:_identify(src/cartographer_ros/scripts) by extension 'ros'
[0.396s] Level 1:colcon.colcon_core.package_identification:_identify(src/cartographer_ros/scripts) by extensions ['cmake', 'python']
[0.396s] Level 1:colcon.colcon_core.package_identification:_identify(src/cartographer_ros/scripts) by extension 'cmake'
[0.396s] Level 1:colcon.colcon_core.package_identification:_identify(src/cartographer_ros/scripts) by extension 'python'
[0.396s] Level 1:colcon.colcon_core.package_identification:_identify(src/cartographer_ros/scripts) by extensions ['python_setup_py']
[0.396s] Level 1:colcon.colcon_core.package_identification:_identify(src/cartographer_ros/scripts) by extension 'python_setup_py'
[0.396s] Level 1:colcon.colcon_core.package_discovery:discover_packages(recursive) using defaults
[0.396s] Level 1:colcon.colcon_core.package_discovery:discover_packages(ignore) discover
[0.396s] Level 1:colcon.colcon_core.package_discovery:discover_packages(ignore) using defaults
[0.396s] Level 1:colcon.colcon_core.package_discovery:discover_packages(path) discover
[0.396s] Level 1:colcon.colcon_core.package_discovery:discover_packages(path) using defaults
[0.427s] Level 5:colcon.colcon_core.verb:set package 'cartographer' build argument 'cmake_args' from command line to 'None'
[0.427s] Level 5:colcon.colcon_core.verb:set package 'cartographer' build argument 'cmake_target' from command line to 'None'
[0.427s] Level 5:colcon.colcon_core.verb:set package 'cartographer' build argument 'cmake_target_skip_unavailable' from command line to 'False'
[0.427s] Level 5:colcon.colcon_core.verb:set package 'cartographer' build argument 'cmake_clean_cache' from command line to 'False'
[0.427s] Level 5:colcon.colcon_core.verb:set package 'cartographer' build argument 'cmake_clean_first' from command line to 'False'
[0.427s] Level 5:colcon.colcon_core.verb:set package 'cartographer' build argument 'cmake_force_configure' from command line to 'False'
[0.427s] Level 5:colcon.colcon_core.verb:set package 'cartographer' build argument 'ament_cmake_args' from command line to 'None'
[0.427s] Level 5:colcon.colcon_core.verb:set package 'cartographer' build argument 'catkin_cmake_args' from command line to 'None'
[0.427s] Level 5:colcon.colcon_core.verb:set package 'cartographer' build argument 'catkin_skip_building_tests' from command line to 'False'
[0.427s] DEBUG:colcon.colcon_core.verb:Building package 'cartographer' with the following arguments: {'ament_cmake_args': None, 'build_base': '/root/distr_slam_ws/build/cartographer', 'catkin_cmake_args': None, 'catkin_skip_building_tests': False, 'cmake_args': None, 'cmake_clean_cache': False, 'cmake_clean_first': False, 'cmake_force_configure': False, 'cmake_target': None, 'cmake_target_skip_unavailable': False, 'install_base': '/root/distr_slam_ws/install/cartographer', 'merge_install': False, 'path': '/root/distr_slam_ws/src/cartographer', 'symlink_install': False, 'test_result_base': None}
[0.428s] Level 5:colcon.colcon_core.verb:set package 'cartographer_ros_msgs' build argument 'cmake_args' from command line to 'None'
[0.428s] Level 5:colcon.colcon_core.verb:set package 'cartographer_ros_msgs' build argument 'cmake_target' from command line to 'None'
[0.428s] Level 5:colcon.colcon_core.verb:set package 'cartographer_ros_msgs' build argument 'cmake_target_skip_unavailable' from command line to 'False'
[0.428s] Level 5:colcon.colcon_core.verb:set package 'cartographer_ros_msgs' build argument 'cmake_clean_cache' from command line to 'False'
[0.428s] Level 5:colcon.colcon_core.verb:set package 'cartographer_ros_msgs' build argument 'cmake_clean_first' from command line to 'False'
[0.428s] Level 5:colcon.colcon_core.verb:set package 'cartographer_ros_msgs' build argument 'cmake_force_configure' from command line to 'False'
[0.428s] Level 5:colcon.colcon_core.verb:set package 'cartographer_ros_msgs' build argument 'ament_cmake_args' from command line to 'None'
[0.428s] Level 5:colcon.colcon_core.verb:set package 'cartographer_ros_msgs' build argument 'catkin_cmake_args' from command line to 'None'
[0.428s] Level 5:colcon.colcon_core.verb:set package 'cartographer_ros_msgs' build argument 'catkin_skip_building_tests' from command line to 'False'
[0.428s] DEBUG:colcon.colcon_core.verb:Building package 'cartographer_ros_msgs' with the following arguments: {'ament_cmake_args': None, 'build_base': '/root/distr_slam_ws/build/cartographer_ros_msgs', 'catkin_cmake_args': None, 'catkin_skip_building_tests': False, 'cmake_args': None, 'cmake_clean_cache': False, 'cmake_clean_first': False, 'cmake_force_configure': False, 'cmake_target': None, 'cmake_target_skip_unavailable': False, 'install_base': '/root/distr_slam_ws/install/cartographer_ros_msgs', 'merge_install': False, 'path': '/root/distr_slam_ws/src/cartographer_ros/cartographer_ros_msgs', 'symlink_install': False, 'test_result_base': None}
[0.428s] Level 5:colcon.colcon_core.verb:set package 'cartographer_ros' build argument 'cmake_args' from command line to 'None'
[0.428s] Level 5:colcon.colcon_core.verb:set package 'cartographer_ros' build argument 'cmake_target' from command line to 'None'
[0.428s] Level 5:colcon.colcon_core.verb:set package 'cartographer_ros' build argument 'cmake_target_skip_unavailable' from command line to 'False'
[0.428s] Level 5:colcon.colcon_core.verb:set package 'cartographer_ros' build argument 'cmake_clean_cache' from command line to 'False'
[0.428s] Level 5:colcon.colcon_core.verb:set package 'cartographer_ros' build argument 'cmake_clean_first' from command line to 'False'
[0.428s] Level 5:colcon.colcon_core.verb:set package 'cartographer_ros' build argument 'cmake_force_configure' from command line to 'False'
[0.428s] Level 5:colcon.colcon_core.verb:set package 'cartographer_ros' build argument 'ament_cmake_args' from command line to 'None'
[0.428s] Level 5:colcon.colcon_core.verb:set package 'cartographer_ros' build argument 'catkin_cmake_args' from command line to 'None'
[0.428s] Level 5:colcon.colcon_core.verb:set package 'cartographer_ros' build argument 'catkin_skip_building_tests' from command line to 'False'
[0.428s] DEBUG:colcon.colcon_core.verb:Building package 'cartographer_ros' with the following arguments: {'ament_cmake_args': None, 'build_base': '/root/distr_slam_ws/build/cartographer_ros', 'catkin_cmake_args': None, 'catkin_skip_building_tests': False, 'cmake_args': None, 'cmake_clean_cache': False, 'cmake_clean_first': False, 'cmake_force_configure': False, 'cmake_target': None, 'cmake_target_skip_unavailable': False, 'install_base': '/root/distr_slam_ws/install/cartographer_ros', 'merge_install': False, 'path': '/root/distr_slam_ws/src/cartographer_ros/cartographer_ros', 'symlink_install': False, 'test_result_base': None}
[0.429s] Level 5:colcon.colcon_core.verb:set package 'cartographer_rviz' build argument 'cmake_args' from command line to 'None'
[0.429s] Level 5:colcon.colcon_core.verb:set package 'cartographer_rviz' build argument 'cmake_target' from command line to 'None'
[0.429s] Level 5:colcon.colcon_core.verb:set package 'cartographer_rviz' build argument 'cmake_target_skip_unavailable' from command line to 'False'
[0.429s] Level 5:colcon.colcon_core.verb:set package 'cartographer_rviz' build argument 'cmake_clean_cache' from command line to 'False'
[0.429s] Level 5:colcon.colcon_core.verb:set package 'cartographer_rviz' build argument 'cmake_clean_first' from command line to 'False'
[0.429s] Level 5:colcon.colcon_core.verb:set package 'cartographer_rviz' build argument 'cmake_force_configure' from command line to 'False'
[0.429s] Level 5:colcon.colcon_core.verb:set package 'cartographer_rviz' build argument 'ament_cmake_args' from command line to 'None'
[0.429s] Level 5:colcon.colcon_core.verb:set package 'cartographer_rviz' build argument 'catkin_cmake_args' from command line to 'None'
[0.429s] Level 5:colcon.colcon_core.verb:set package 'cartographer_rviz' build argument 'catkin_skip_building_tests' from command line to 'False'
[0.429s] DEBUG:colcon.colcon_core.verb:Building package 'cartographer_rviz' with the following arguments: {'ament_cmake_args': None, 'build_base': '/root/distr_slam_ws/build/cartographer_rviz', 'catkin_cmake_args': None, 'catkin_skip_building_tests': False, 'cmake_args': None, 'cmake_clean_cache': False, 'cmake_clean_first': False, 'cmake_force_configure': False, 'cmake_target': None, 'cmake_target_skip_unavailable': False, 'install_base': '/root/distr_slam_ws/install/cartographer_rviz', 'merge_install': False, 'path': '/root/distr_slam_ws/src/cartographer_ros/cartographer_rviz', 'symlink_install': False, 'test_result_base': None}
[0.429s] INFO:colcon.colcon_core.executor:Executing jobs using 'parallel' executor
[0.430s] DEBUG:colcon.colcon_parallel_executor.executor.parallel:run_until_complete
[0.430s] INFO:colcon.colcon_ros.task.cmake.build:Building ROS package in '/root/distr_slam_ws/src/cartographer' with build type 'cmake'
[0.430s] INFO:colcon.colcon_cmake.task.cmake.build:Building CMake package in '/root/distr_slam_ws/src/cartographer'
[0.435s] INFO:colcon.colcon_core.plugin_system:Skipping extension 'colcon_core.shell.bat': Not used on non-Windows systems
[0.435s] INFO:colcon.colcon_core.shell:Skip shell extension 'powershell' for command environment: Not usable outside of PowerShell
[0.435s] DEBUG:colcon.colcon_core.shell:Skip shell extension 'dsv' for command environment
[0.441s] INFO:colcon.colcon_ros.task.ament_cmake.build:Building ROS package in '/root/distr_slam_ws/src/cartographer_ros/cartographer_ros_msgs' with build type 'ament_cmake'
[0.442s] INFO:colcon.colcon_cmake.task.cmake.build:Building CMake package in '/root/distr_slam_ws/src/cartographer_ros/cartographer_ros_msgs'
[0.442s] INFO:colcon.colcon_core.shell:Skip shell extension 'powershell' for command environment: Not usable outside of PowerShell
[0.442s] DEBUG:colcon.colcon_core.shell:Skip shell extension 'dsv' for command environment
[0.450s] DEBUG:colcon.colcon_core.event_handler.log_command:Invoking command in '/root/distr_slam_ws/build/cartographer': CMAKE_PREFIX_PATH=${CMAKE_PREFIX_PATH}:/opt/ros/jazzy /usr/bin/cmake /root/distr_slam_ws/src/cartographer -DCMAKE_INSTALL_PREFIX=/root/distr_slam_ws/install/cartographer
[0.455s] DEBUG:colcon.colcon_core.event_handler.log_command:Invoking command in '/root/distr_slam_ws/build/cartographer_ros_msgs': CMAKE_PREFIX_PATH=${CMAKE_PREFIX_PATH}:/opt/ros/jazzy /usr/bin/cmake /root/distr_slam_ws/src/cartographer_ros/cartographer_ros_msgs -DCMAKE_INSTALL_PREFIX=/root/distr_slam_ws/install/cartographer_ros_msgs
[3.217s] DEBUG:colcon.colcon_core.event_handler.log_command:Invoked command in '/root/distr_slam_ws/build/cartographer' returned '0': CMAKE_PREFIX_PATH=${CMAKE_PREFIX_PATH}:/opt/ros/jazzy /usr/bin/cmake /root/distr_slam_ws/src/cartographer -DCMAKE_INSTALL_PREFIX=/root/distr_slam_ws/install/cartographer
[3.219s] DEBUG:colcon.colcon_core.event_handler.log_command:Invoking command in '/root/distr_slam_ws/build/cartographer': CMAKE_PREFIX_PATH=${CMAKE_PREFIX_PATH}:/opt/ros/jazzy /usr/bin/cmake --build /root/distr_slam_ws/build/cartographer -- -j8 -l8
[7.593s] DEBUG:colcon.colcon_core.event_handler.log_command:Invoked command in '/root/distr_slam_ws/build/cartographer_ros_msgs' returned '0': CMAKE_PREFIX_PATH=${CMAKE_PREFIX_PATH}:/opt/ros/jazzy /usr/bin/cmake /root/distr_slam_ws/src/cartographer_ros/cartographer_ros_msgs -DCMAKE_INSTALL_PREFIX=/root/distr_slam_ws/install/cartographer_ros_msgs
[7.593s] DEBUG:colcon.colcon_core.event_handler.log_command:Invoking command in '/root/distr_slam_ws/build/cartographer_ros_msgs': CMAKE_PREFIX_PATH=${CMAKE_PREFIX_PATH}:/opt/ros/jazzy /usr/bin/cmake --build /root/distr_slam_ws/build/cartographer_ros_msgs -- -j8 -l8
[86.332s] DEBUG:colcon.colcon_core.event_handler.log_command:Invoked command in '/root/distr_slam_ws/build/cartographer_ros_msgs' returned '0': CMAKE_PREFIX_PATH=${CMAKE_PREFIX_PATH}:/opt/ros/jazzy /usr/bin/cmake --build /root/distr_slam_ws/build/cartographer_ros_msgs -- -j8 -l8
[86.354s] DEBUG:colcon.colcon_core.event_handler.log_command:Invoking command in '/root/distr_slam_ws/build/cartographer_ros_msgs': CMAKE_PREFIX_PATH=${CMAKE_PREFIX_PATH}:/opt/ros/jazzy /usr/bin/cmake --install /root/distr_slam_ws/build/cartographer_ros_msgs
[87.327s] Level 1:colcon.colcon_core.environment:create_environment_scripts_only(cartographer_ros_msgs)
[87.328s] DEBUG:colcon.colcon_core.event_handler.log_command:Invoked command in '/root/distr_slam_ws/build/cartographer_ros_msgs' returned '0': CMAKE_PREFIX_PATH=${CMAKE_PREFIX_PATH}:/opt/ros/jazzy /usr/bin/cmake --install /root/distr_slam_ws/build/cartographer_ros_msgs
[87.343s] Level 1:colcon.colcon_core.environment:checking '/root/distr_slam_ws/install/cartographer_ros_msgs' for CMake module files
[87.345s] Level 1:colcon.colcon_core.environment:checking '/root/distr_slam_ws/install/cartographer_ros_msgs' for CMake config files
[87.346s] Level 1:colcon.colcon_core.shell:create_environment_hook('cartographer_ros_msgs', 'cmake_prefix_path')
[87.347s] INFO:colcon.colcon_core.shell:Creating environment hook '/root/distr_slam_ws/install/cartographer_ros_msgs/share/cartographer_ros_msgs/hook/cmake_prefix_path.ps1'
[87.349s] INFO:colcon.colcon_core.shell:Creating environment descriptor '/root/distr_slam_ws/install/cartographer_ros_msgs/share/cartographer_ros_msgs/hook/cmake_prefix_path.dsv'
[87.350s] INFO:colcon.colcon_core.shell:Creating environment hook '/root/distr_slam_ws/install/cartographer_ros_msgs/share/cartographer_ros_msgs/hook/cmake_prefix_path.sh'
[87.353s] Level 1:colcon.colcon_core.environment:checking '/root/distr_slam_ws/install/cartographer_ros_msgs/lib'
[87.353s] Level 1:colcon.colcon_core.shell:create_environment_hook('cartographer_ros_msgs', 'ld_library_path_lib')
[87.354s] INFO:colcon.colcon_core.shell:Creating environment hook '/root/distr_slam_ws/install/cartographer_ros_msgs/share/cartographer_ros_msgs/hook/ld_library_path_lib.ps1'
[87.355s] INFO:colcon.colcon_core.shell:Creating environment descriptor '/root/distr_slam_ws/install/cartographer_ros_msgs/share/cartographer_ros_msgs/hook/ld_library_path_lib.dsv'
[87.356s] INFO:colcon.colcon_core.shell:Creating environment hook '/root/distr_slam_ws/install/cartographer_ros_msgs/share/cartographer_ros_msgs/hook/ld_library_path_lib.sh'
[87.357s] Level 1:colcon.colcon_core.environment:checking '/root/distr_slam_ws/install/cartographer_ros_msgs/bin'
[87.358s] Level 1:colcon.colcon_core.environment:checking '/root/distr_slam_ws/install/cartographer_ros_msgs/lib/pkgconfig/cartographer_ros_msgs.pc'
[87.362s] Level 1:colcon.colcon_core.environment:checking '/root/distr_slam_ws/install/cartographer_ros_msgs/lib/python3.12/site-packages'
[87.363s] Level 1:colcon.colcon_core.shell:create_environment_hook('cartographer_ros_msgs', 'pythonpath')
[87.363s] INFO:colcon.colcon_core.shell:Creating environment hook '/root/distr_slam_ws/install/cartographer_ros_msgs/share/cartographer_ros_msgs/hook/pythonpath.ps1'
[87.364s] INFO:colcon.colcon_core.shell:Creating environment descriptor '/root/distr_slam_ws/install/cartographer_ros_msgs/share/cartographer_ros_msgs/hook/pythonpath.dsv'
[87.365s] INFO:colcon.colcon_core.shell:Creating environment hook '/root/distr_slam_ws/install/cartographer_ros_msgs/share/cartographer_ros_msgs/hook/pythonpath.sh'
[87.367s] Level 1:colcon.colcon_core.environment:checking '/root/distr_slam_ws/install/cartographer_ros_msgs/bin'
[87.368s] INFO:colcon.colcon_core.shell:Creating package script '/root/distr_slam_ws/install/cartographer_ros_msgs/share/cartographer_ros_msgs/package.ps1'
[87.371s] INFO:colcon.colcon_core.shell:Creating package descriptor '/root/distr_slam_ws/install/cartographer_ros_msgs/share/cartographer_ros_msgs/package.dsv'
[87.373s] INFO:colcon.colcon_core.shell:Creating package script '/root/distr_slam_ws/install/cartographer_ros_msgs/share/cartographer_ros_msgs/package.sh'
[87.375s] INFO:colcon.colcon_core.shell:Creating package script '/root/distr_slam_ws/install/cartographer_ros_msgs/share/cartographer_ros_msgs/package.bash'
[87.378s] INFO:colcon.colcon_core.shell:Creating package script '/root/distr_slam_ws/install/cartographer_ros_msgs/share/cartographer_ros_msgs/package.zsh'
[87.380s] Level 1:colcon.colcon_core.environment:create_file_with_runtime_dependencies(/root/distr_slam_ws/install/cartographer_ros_msgs/share/colcon-core/packages/cartographer_ros_msgs)
[87.381s] Level 1:colcon.colcon_core.environment:create_environment_scripts_only(cartographer_ros_msgs)
[87.382s] Level 1:colcon.colcon_core.environment:checking '/root/distr_slam_ws/install/cartographer_ros_msgs' for CMake module files
[87.384s] Level 1:colcon.colcon_core.environment:checking '/root/distr_slam_ws/install/cartographer_ros_msgs' for CMake config files
[87.385s] Level 1:colcon.colcon_core.shell:create_environment_hook('cartographer_ros_msgs', 'cmake_prefix_path')
[87.386s] INFO:colcon.colcon_core.shell:Creating environment hook '/root/distr_slam_ws/install/cartographer_ros_msgs/share/cartographer_ros_msgs/hook/cmake_prefix_path.ps1'
[87.387s] INFO:colcon.colcon_core.shell:Creating environment descriptor '/root/distr_slam_ws/install/cartographer_ros_msgs/share/cartographer_ros_msgs/hook/cmake_prefix_path.dsv'
[87.388s] INFO:colcon.colcon_core.shell:Creating environment hook '/root/distr_slam_ws/install/cartographer_ros_msgs/share/cartographer_ros_msgs/hook/cmake_prefix_path.sh'
[87.390s] Level 1:colcon.colcon_core.environment:checking '/root/distr_slam_ws/install/cartographer_ros_msgs/lib'
[87.390s] Level 1:colcon.colcon_core.shell:create_environment_hook('cartographer_ros_msgs', 'ld_library_path_lib')
[87.390s] INFO:colcon.colcon_core.shell:Creating environment hook '/root/distr_slam_ws/install/cartographer_ros_msgs/share/cartographer_ros_msgs/hook/ld_library_path_lib.ps1'
[87.391s] INFO:colcon.colcon_core.shell:Creating environment descriptor '/root/distr_slam_ws/install/cartographer_ros_msgs/share/cartographer_ros_msgs/hook/ld_library_path_lib.dsv'
[87.392s] INFO:colcon.colcon_core.shell:Creating environment hook '/root/distr_slam_ws/install/cartographer_ros_msgs/share/cartographer_ros_msgs/hook/ld_library_path_lib.sh'
[87.394s] Level 1:colcon.colcon_core.environment:checking '/root/distr_slam_ws/install/cartographer_ros_msgs/bin'
[87.394s] Level 1:colcon.colcon_core.environment:checking '/root/distr_slam_ws/install/cartographer_ros_msgs/lib/pkgconfig/cartographer_ros_msgs.pc'
[87.394s] Level 1:colcon.colcon_core.environment:checking '/root/distr_slam_ws/install/cartographer_ros_msgs/lib/python3.12/site-packages'
[87.395s] Level 1:colcon.colcon_core.shell:create_environment_hook('cartographer_ros_msgs', 'pythonpath')
[87.395s] INFO:colcon.colcon_core.shell:Creating environment hook '/root/distr_slam_ws/install/cartographer_ros_msgs/share/cartographer_ros_msgs/hook/pythonpath.ps1'
[87.396s] INFO:colcon.colcon_core.shell:Creating environment descriptor '/root/distr_slam_ws/install/cartographer_ros_msgs/share/cartographer_ros_msgs/hook/pythonpath.dsv'
[87.397s] INFO:colcon.colcon_core.shell:Creating environment hook '/root/distr_slam_ws/install/cartographer_ros_msgs/share/cartographer_ros_msgs/hook/pythonpath.sh'
[87.399s] Level 1:colcon.colcon_core.environment:checking '/root/distr_slam_ws/install/cartographer_ros_msgs/bin'
[87.400s] INFO:colcon.colcon_core.shell:Creating package script '/root/distr_slam_ws/install/cartographer_ros_msgs/share/cartographer_ros_msgs/package.ps1'
[87.402s] INFO:colcon.colcon_core.shell:Creating package descriptor '/root/distr_slam_ws/install/cartographer_ros_msgs/share/cartographer_ros_msgs/package.dsv'
[87.404s] INFO:colcon.colcon_core.shell:Creating package script '/root/distr_slam_ws/install/cartographer_ros_msgs/share/cartographer_ros_msgs/package.sh'
[87.405s] INFO:colcon.colcon_core.shell:Creating package script '/root/distr_slam_ws/install/cartographer_ros_msgs/share/cartographer_ros_msgs/package.bash'
[87.406s] INFO:colcon.colcon_core.shell:Creating package script '/root/distr_slam_ws/install/cartographer_ros_msgs/share/cartographer_ros_msgs/package.zsh'
[87.408s] Level 1:colcon.colcon_core.environment:create_file_with_runtime_dependencies(/root/distr_slam_ws/install/cartographer_ros_msgs/share/colcon-core/packages/cartographer_ros_msgs)
[356.219s] DEBUG:colcon.colcon_core.event_handler.log_command:Invoked command in '/root/distr_slam_ws/build/cartographer' returned '0': CMAKE_PREFIX_PATH=${CMAKE_PREFIX_PATH}:/opt/ros/jazzy /usr/bin/cmake --build /root/distr_slam_ws/build/cartographer -- -j8 -l8
[356.220s] DEBUG:colcon.colcon_core.event_handler.log_command:Invoking command in '/root/distr_slam_ws/build/cartographer': CMAKE_PREFIX_PATH=${CMAKE_PREFIX_PATH}:/opt/ros/jazzy /usr/bin/cmake --install /root/distr_slam_ws/build/cartographer
[356.284s] DEBUG:colcon.colcon_core.event_handler.log_command:Invoked command in '/root/distr_slam_ws/build/cartographer' returned '0': CMAKE_PREFIX_PATH=${CMAKE_PREFIX_PATH}:/opt/ros/jazzy /usr/bin/cmake --install /root/distr_slam_ws/build/cartographer
[356.285s] Level 1:colcon.colcon_core.shell:create_environment_hook('cartographer', 'pkg_config_path')
[356.285s] INFO:colcon.colcon_core.shell:Creating environment hook '/root/distr_slam_ws/install/cartographer/share/cartographer/hook/pkg_config_path.ps1'
[356.286s] INFO:colcon.colcon_core.shell:Creating environment descriptor '/root/distr_slam_ws/install/cartographer/share/cartographer/hook/pkg_config_path.dsv'
[356.286s] INFO:colcon.colcon_core.shell:Creating environment hook '/root/distr_slam_ws/install/cartographer/share/cartographer/hook/pkg_config_path.sh'
[356.288s] Level 1:colcon.colcon_core.shell:create_environment_hook('cartographer', 'pkg_config_path_multiarch')
[356.289s] INFO:colcon.colcon_core.shell:Creating environment hook '/root/distr_slam_ws/install/cartographer/share/cartographer/hook/pkg_config_path_multiarch.ps1'
[356.289s] INFO:colcon.colcon_core.shell:Creating environment descriptor '/root/distr_slam_ws/install/cartographer/share/cartographer/hook/pkg_config_path_multiarch.dsv'
[356.289s] INFO:colcon.colcon_core.shell:Creating environment hook '/root/distr_slam_ws/install/cartographer/share/cartographer/hook/pkg_config_path_multiarch.sh'
[356.290s] Level 1:colcon.colcon_core.environment:create_environment_scripts_only(cartographer)
[356.290s] Level 1:colcon.colcon_core.environment:checking '/root/distr_slam_ws/install/cartographer' for CMake module files
[356.291s] Level 1:colcon.colcon_core.environment:checking '/root/distr_slam_ws/install/cartographer' for CMake config files
[356.291s] Level 1:colcon.colcon_core.shell:create_environment_hook('cartographer', 'cmake_prefix_path')
[356.291s] INFO:colcon.colcon_core.shell:Creating environment hook '/root/distr_slam_ws/install/cartographer/share/cartographer/hook/cmake_prefix_path.ps1'
[356.292s] INFO:colcon.colcon_core.shell:Creating environment descriptor '/root/distr_slam_ws/install/cartographer/share/cartographer/hook/cmake_prefix_path.dsv'
[356.292s] INFO:colcon.colcon_core.shell:Creating environment hook '/root/distr_slam_ws/install/cartographer/share/cartographer/hook/cmake_prefix_path.sh'
[356.293s] Level 1:colcon.colcon_core.environment:checking '/root/distr_slam_ws/install/cartographer/lib'
[356.293s] Level 1:colcon.colcon_core.environment:checking '/root/distr_slam_ws/install/cartographer/bin'
[356.293s] Level 1:colcon.colcon_core.shell:create_environment_hook('cartographer', 'path')
[356.293s] INFO:colcon.colcon_core.shell:Creating environment hook '/root/distr_slam_ws/install/cartographer/share/cartographer/hook/path.ps1'
[356.293s] INFO:colcon.colcon_core.shell:Creating environment descriptor '/root/distr_slam_ws/install/cartographer/share/cartographer/hook/path.dsv'
[356.294s] INFO:colcon.colcon_core.shell:Creating environment hook '/root/distr_slam_ws/install/cartographer/share/cartographer/hook/path.sh'
[356.294s] Level 1:colcon.colcon_core.environment:checking '/root/distr_slam_ws/install/cartographer/lib/pkgconfig/cartographer.pc'
[356.295s] Level 1:colcon.colcon_core.environment:checking '/root/distr_slam_ws/install/cartographer/lib/python3.12/site-packages'
[356.295s] Level 1:colcon.colcon_core.environment:checking '/root/distr_slam_ws/install/cartographer/bin'
[356.295s] Level 1:colcon.colcon_core.shell:create_environment_hook('cartographer', 'pythonscriptspath')
[356.295s] INFO:colcon.colcon_core.shell:Creating environment hook '/root/distr_slam_ws/install/cartographer/share/cartographer/hook/pythonscriptspath.ps1'
[356.296s] INFO:colcon.colcon_core.shell:Creating environment descriptor '/root/distr_slam_ws/install/cartographer/share/cartographer/hook/pythonscriptspath.dsv'
[356.296s] INFO:colcon.colcon_core.shell:Creating environment hook '/root/distr_slam_ws/install/cartographer/share/cartographer/hook/pythonscriptspath.sh'
[356.297s] INFO:colcon.colcon_core.shell:Creating package script '/root/distr_slam_ws/install/cartographer/share/cartographer/package.ps1'
[356.298s] INFO:colcon.colcon_core.shell:Creating package descriptor '/root/distr_slam_ws/install/cartographer/share/cartographer/package.dsv'
[356.299s] INFO:colcon.colcon_core.shell:Creating package script '/root/distr_slam_ws/install/cartographer/share/cartographer/package.sh'
[356.299s] INFO:colcon.colcon_core.shell:Creating package script '/root/distr_slam_ws/install/cartographer/share/cartographer/package.bash'
[356.299s] INFO:colcon.colcon_core.shell:Creating package script '/root/distr_slam_ws/install/cartographer/share/cartographer/package.zsh'
[356.300s] Level 1:colcon.colcon_core.environment:create_file_with_runtime_dependencies(/root/distr_slam_ws/install/cartographer/share/colcon-core/packages/cartographer)
[356.300s] INFO:colcon.colcon_ros.task.ament_cmake.build:Building ROS package in '/root/distr_slam_ws/src/cartographer_ros/cartographer_ros' with build type 'ament_cmake'
[356.300s] INFO:colcon.colcon_cmake.task.cmake.build:Building CMake package in '/root/distr_slam_ws/src/cartographer_ros/cartographer_ros'
[356.301s] INFO:colcon.colcon_core.shell:Skip shell extension 'powershell' for command environment: Not usable outside of PowerShell
[356.301s] DEBUG:colcon.colcon_core.shell:Skip shell extension 'dsv' for command environment
[356.315s] DEBUG:colcon.colcon_core.event_handler.log_command:Invoking command in '/root/distr_slam_ws/build/cartographer_ros': AMENT_PREFIX_PATH=/root/distr_slam_ws/install/cartographer_ros_msgs:${AMENT_PREFIX_PATH} CMAKE_PREFIX_PATH=/root/distr_slam_ws/install/cartographer_ros_msgs:/root/distr_slam_ws/install/cartographer:/opt/ros/jazzy/opt/gz_math_vendor:/opt/ros/jazzy/opt/gz_utils_vendor:/opt/ros/jazzy/opt/gz_cmake_vendor:/opt/ros/jazzy LD_LIBRARY_PATH=/root/distr_slam_ws/install/cartographer_ros_msgs/lib:${LD_LIBRARY_PATH} PATH=/root/distr_slam_ws/install/cartographer/bin:${PATH} PKG_CONFIG_PATH=/root/distr_slam_ws/install/cartographer/lib/x86_64-linux-gnu/pkgconfig:/root/distr_slam_ws/install/cartographer/lib/pkgconfig PYTHONPATH=/root/distr_slam_ws/install/cartographer_ros_msgs/lib/python3.12/site-packages:${PYTHONPATH} /usr/bin/cmake /root/distr_slam_ws/src/cartographer_ros/cartographer_ros -DCMAKE_INSTALL_PREFIX=/root/distr_slam_ws/install/cartographer_ros
[359.553s] DEBUG:colcon.colcon_core.event_handler.log_command:Invoked command in '/root/distr_slam_ws/build/cartographer_ros' returned '0': AMENT_PREFIX_PATH=/root/distr_slam_ws/install/cartographer_ros_msgs:${AMENT_PREFIX_PATH} CMAKE_PREFIX_PATH=/root/distr_slam_ws/install/cartographer_ros_msgs:/root/distr_slam_ws/install/cartographer:/opt/ros/jazzy/opt/gz_math_vendor:/opt/ros/jazzy/opt/gz_utils_vendor:/opt/ros/jazzy/opt/gz_cmake_vendor:/opt/ros/jazzy LD_LIBRARY_PATH=/root/distr_slam_ws/install/cartographer_ros_msgs/lib:${LD_LIBRARY_PATH} PATH=/root/distr_slam_ws/install/cartographer/bin:${PATH} PKG_CONFIG_PATH=/root/distr_slam_ws/install/cartographer/lib/x86_64-linux-gnu/pkgconfig:/root/distr_slam_ws/install/cartographer/lib/pkgconfig PYTHONPATH=/root/distr_slam_ws/install/cartographer_ros_msgs/lib/python3.12/site-packages:${PYTHONPATH} /usr/bin/cmake /root/distr_slam_ws/src/cartographer_ros/cartographer_ros -DCMAKE_INSTALL_PREFIX=/root/distr_slam_ws/install/cartographer_ros
[359.555s] DEBUG:colcon.colcon_core.event_handler.log_command:Invoking command in '/root/distr_slam_ws/build/cartographer_ros': AMENT_PREFIX_PATH=/root/distr_slam_ws/install/cartographer_ros_msgs:${AMENT_PREFIX_PATH} CMAKE_PREFIX_PATH=/root/distr_slam_ws/install/cartographer_ros_msgs:/root/distr_slam_ws/install/cartographer:/opt/ros/jazzy/opt/gz_math_vendor:/opt/ros/jazzy/opt/gz_utils_vendor:/opt/ros/jazzy/opt/gz_cmake_vendor:/opt/ros/jazzy LD_LIBRARY_PATH=/root/distr_slam_ws/install/cartographer_ros_msgs/lib:${LD_LIBRARY_PATH} PATH=/root/distr_slam_ws/install/cartographer/bin:${PATH} PKG_CONFIG_PATH=/root/distr_slam_ws/install/cartographer/lib/x86_64-linux-gnu/pkgconfig:/root/distr_slam_ws/install/cartographer/lib/pkgconfig PYTHONPATH=/root/distr_slam_ws/install/cartographer_ros_msgs/lib/python3.12/site-packages:${PYTHONPATH} /usr/bin/cmake --build /root/distr_slam_ws/build/cartographer_ros -- -j8 -l8
[461.099s] DEBUG:colcon.colcon_core.event_handler.log_command:Invoked command in '/root/distr_slam_ws/build/cartographer_ros' returned '0': AMENT_PREFIX_PATH=/root/distr_slam_ws/install/cartographer_ros_msgs:${AMENT_PREFIX_PATH} CMAKE_PREFIX_PATH=/root/distr_slam_ws/install/cartographer_ros_msgs:/root/distr_slam_ws/install/cartographer:/opt/ros/jazzy/opt/gz_math_vendor:/opt/ros/jazzy/opt/gz_utils_vendor:/opt/ros/jazzy/opt/gz_cmake_vendor:/opt/ros/jazzy LD_LIBRARY_PATH=/root/distr_slam_ws/install/cartographer_ros_msgs/lib:${LD_LIBRARY_PATH} PATH=/root/distr_slam_ws/install/cartographer/bin:${PATH} PKG_CONFIG_PATH=/root/distr_slam_ws/install/cartographer/lib/x86_64-linux-gnu/pkgconfig:/root/distr_slam_ws/install/cartographer/lib/pkgconfig PYTHONPATH=/root/distr_slam_ws/install/cartographer_ros_msgs/lib/python3.12/site-packages:${PYTHONPATH} /usr/bin/cmake --build /root/distr_slam_ws/build/cartographer_ros -- -j8 -l8
[461.101s] DEBUG:colcon.colcon_core.event_handler.log_command:Invoking command in '/root/distr_slam_ws/build/cartographer_ros': AMENT_PREFIX_PATH=/root/distr_slam_ws/install/cartographer_ros_msgs:${AMENT_PREFIX_PATH} CMAKE_PREFIX_PATH=/root/distr_slam_ws/install/cartographer_ros_msgs:/root/distr_slam_ws/install/cartographer:/opt/ros/jazzy/opt/gz_math_vendor:/opt/ros/jazzy/opt/gz_utils_vendor:/opt/ros/jazzy/opt/gz_cmake_vendor:/opt/ros/jazzy LD_LIBRARY_PATH=/root/distr_slam_ws/install/cartographer_ros_msgs/lib:${LD_LIBRARY_PATH} PATH=/root/distr_slam_ws/install/cartographer/bin:${PATH} PKG_CONFIG_PATH=/root/distr_slam_ws/install/cartographer/lib/x86_64-linux-gnu/pkgconfig:/root/distr_slam_ws/install/cartographer/lib/pkgconfig PYTHONPATH=/root/distr_slam_ws/install/cartographer_ros_msgs/lib/python3.12/site-packages:${PYTHONPATH} /usr/bin/cmake --install /root/distr_slam_ws/build/cartographer_ros
[461.186s] Level 1:colcon.colcon_core.environment:create_environment_scripts_only(cartographer_ros)
[461.187s] Level 1:colcon.colcon_core.environment:checking '/root/distr_slam_ws/install/cartographer_ros' for CMake module files
[461.187s] DEBUG:colcon.colcon_core.event_handler.log_command:Invoked command in '/root/distr_slam_ws/build/cartographer_ros' returned '0': AMENT_PREFIX_PATH=/root/distr_slam_ws/install/cartographer_ros_msgs:${AMENT_PREFIX_PATH} CMAKE_PREFIX_PATH=/root/distr_slam_ws/install/cartographer_ros_msgs:/root/distr_slam_ws/install/cartographer:/opt/ros/jazzy/opt/gz_math_vendor:/opt/ros/jazzy/opt/gz_utils_vendor:/opt/ros/jazzy/opt/gz_cmake_vendor:/opt/ros/jazzy LD_LIBRARY_PATH=/root/distr_slam_ws/install/cartographer_ros_msgs/lib:${LD_LIBRARY_PATH} PATH=/root/distr_slam_ws/install/cartographer/bin:${PATH} PKG_CONFIG_PATH=/root/distr_slam_ws/install/cartographer/lib/x86_64-linux-gnu/pkgconfig:/root/distr_slam_ws/install/cartographer/lib/pkgconfig PYTHONPATH=/root/distr_slam_ws/install/cartographer_ros_msgs/lib/python3.12/site-packages:${PYTHONPATH} /usr/bin/cmake --install /root/distr_slam_ws/build/cartographer_ros
[461.188s] Level 1:colcon.colcon_core.environment:checking '/root/distr_slam_ws/install/cartographer_ros' for CMake config files
[461.188s] Level 1:colcon.colcon_core.shell:create_environment_hook('cartographer_ros', 'cmake_prefix_path')
[461.188s] INFO:colcon.colcon_core.shell:Creating environment hook '/root/distr_slam_ws/install/cartographer_ros/share/cartographer_ros/hook/cmake_prefix_path.ps1'
[461.189s] INFO:colcon.colcon_core.shell:Creating environment descriptor '/root/distr_slam_ws/install/cartographer_ros/share/cartographer_ros/hook/cmake_prefix_path.dsv'
[461.189s] INFO:colcon.colcon_core.shell:Creating environment hook '/root/distr_slam_ws/install/cartographer_ros/share/cartographer_ros/hook/cmake_prefix_path.sh'
[461.190s] Level 1:colcon.colcon_core.environment:checking '/root/distr_slam_ws/install/cartographer_ros/lib'
[461.190s] Level 1:colcon.colcon_core.shell:create_environment_hook('cartographer_ros', 'ld_library_path_lib')
[461.190s] INFO:colcon.colcon_core.shell:Creating environment hook '/root/distr_slam_ws/install/cartographer_ros/share/cartographer_ros/hook/ld_library_path_lib.ps1'
[461.191s] INFO:colcon.colcon_core.shell:Creating environment descriptor '/root/distr_slam_ws/install/cartographer_ros/share/cartographer_ros/hook/ld_library_path_lib.dsv'
[461.191s] INFO:colcon.colcon_core.shell:Creating environment hook '/root/distr_slam_ws/install/cartographer_ros/share/cartographer_ros/hook/ld_library_path_lib.sh'
[461.192s] Level 1:colcon.colcon_core.environment:checking '/root/distr_slam_ws/install/cartographer_ros/bin'
[461.192s] Level 1:colcon.colcon_core.environment:checking '/root/distr_slam_ws/install/cartographer_ros/lib/pkgconfig/cartographer_ros.pc'
[461.192s] Level 1:colcon.colcon_core.environment:checking '/root/distr_slam_ws/install/cartographer_ros/lib/python3.12/site-packages'
[461.192s] Level 1:colcon.colcon_core.environment:checking '/root/distr_slam_ws/install/cartographer_ros/bin'
[461.193s] INFO:colcon.colcon_core.shell:Creating package script '/root/distr_slam_ws/install/cartographer_ros/share/cartographer_ros/package.ps1'
[461.193s] INFO:colcon.colcon_core.shell:Creating package descriptor '/root/distr_slam_ws/install/cartographer_ros/share/cartographer_ros/package.dsv'
[461.194s] INFO:colcon.colcon_core.shell:Creating package script '/root/distr_slam_ws/install/cartographer_ros/share/cartographer_ros/package.sh'
[461.194s] INFO:colcon.colcon_core.shell:Creating package script '/root/distr_slam_ws/install/cartographer_ros/share/cartographer_ros/package.bash'
[461.195s] INFO:colcon.colcon_core.shell:Creating package script '/root/distr_slam_ws/install/cartographer_ros/share/cartographer_ros/package.zsh'
[461.195s] Level 1:colcon.colcon_core.environment:create_file_with_runtime_dependencies(/root/distr_slam_ws/install/cartographer_ros/share/colcon-core/packages/cartographer_ros)
[461.196s] Level 1:colcon.colcon_core.environment:create_environment_scripts_only(cartographer_ros)
[461.196s] Level 1:colcon.colcon_core.environment:checking '/root/distr_slam_ws/install/cartographer_ros' for CMake module files
[461.197s] Level 1:colcon.colcon_core.environment:checking '/root/distr_slam_ws/install/cartographer_ros' for CMake config files
[461.197s] Level 1:colcon.colcon_core.shell:create_environment_hook('cartographer_ros', 'cmake_prefix_path')
[461.197s] INFO:colcon.colcon_core.shell:Creating environment hook '/root/distr_slam_ws/install/cartographer_ros/share/cartographer_ros/hook/cmake_prefix_path.ps1'
[461.197s] INFO:colcon.colcon_core.shell:Creating environment descriptor '/root/distr_slam_ws/install/cartographer_ros/share/cartographer_ros/hook/cmake_prefix_path.dsv'
[461.198s] INFO:colcon.colcon_core.shell:Creating environment hook '/root/distr_slam_ws/install/cartographer_ros/share/cartographer_ros/hook/cmake_prefix_path.sh'
[461.198s] Level 1:colcon.colcon_core.environment:checking '/root/distr_slam_ws/install/cartographer_ros/lib'
[461.199s] Level 1:colcon.colcon_core.shell:create_environment_hook('cartographer_ros', 'ld_library_path_lib')
[461.199s] INFO:colcon.colcon_core.shell:Creating environment hook '/root/distr_slam_ws/install/cartographer_ros/share/cartographer_ros/hook/ld_library_path_lib.ps1'
[461.199s] INFO:colcon.colcon_core.shell:Creating environment descriptor '/root/distr_slam_ws/install/cartographer_ros/share/cartographer_ros/hook/ld_library_path_lib.dsv'
[461.199s] INFO:colcon.colcon_core.shell:Creating environment hook '/root/distr_slam_ws/install/cartographer_ros/share/cartographer_ros/hook/ld_library_path_lib.sh'
[461.200s] Level 1:colcon.colcon_core.environment:checking '/root/distr_slam_ws/install/cartographer_ros/bin'
[461.200s] Level 1:colcon.colcon_core.environment:checking '/root/distr_slam_ws/install/cartographer_ros/lib/pkgconfig/cartographer_ros.pc'
[461.200s] Level 1:colcon.colcon_core.environment:checking '/root/distr_slam_ws/install/cartographer_ros/lib/python3.12/site-packages'
[461.201s] Level 1:colcon.colcon_core.environment:checking '/root/distr_slam_ws/install/cartographer_ros/bin'
[461.201s] INFO:colcon.colcon_core.shell:Creating package script '/root/distr_slam_ws/install/cartographer_ros/share/cartographer_ros/package.ps1'
[461.202s] INFO:colcon.colcon_core.shell:Creating package descriptor '/root/distr_slam_ws/install/cartographer_ros/share/cartographer_ros/package.dsv'
[461.203s] INFO:colcon.colcon_core.shell:Creating package script '/root/distr_slam_ws/install/cartographer_ros/share/cartographer_ros/package.sh'
[461.203s] INFO:colcon.colcon_core.shell:Creating package script '/root/distr_slam_ws/install/cartographer_ros/share/cartographer_ros/package.bash'
[461.204s] INFO:colcon.colcon_core.shell:Creating package script '/root/distr_slam_ws/install/cartographer_ros/share/cartographer_ros/package.zsh'
[461.204s] Level 1:colcon.colcon_core.environment:create_file_with_runtime_dependencies(/root/distr_slam_ws/install/cartographer_ros/share/colcon-core/packages/cartographer_ros)
[461.205s] INFO:colcon.colcon_ros.task.ament_cmake.build:Building ROS package in '/root/distr_slam_ws/src/cartographer_ros/cartographer_rviz' with build type 'ament_cmake'
[461.205s] INFO:colcon.colcon_cmake.task.cmake.build:Building CMake package in '/root/distr_slam_ws/src/cartographer_ros/cartographer_rviz'
[461.205s] INFO:colcon.colcon_core.shell:Skip shell extension 'powershell' for command environment: Not usable outside of PowerShell
[461.205s] DEBUG:colcon.colcon_core.shell:Skip shell extension 'dsv' for command environment
[461.223s] DEBUG:colcon.colcon_core.event_handler.log_command:Invoking command in '/root/distr_slam_ws/build/cartographer_rviz': AMENT_PREFIX_PATH=/root/distr_slam_ws/install/cartographer_ros:/root/distr_slam_ws/install/cartographer_ros_msgs:${AMENT_PREFIX_PATH} CMAKE_PREFIX_PATH=/root/distr_slam_ws/install/cartographer_ros:/root/distr_slam_ws/install/cartographer_ros_msgs:/root/distr_slam_ws/install/cartographer:/opt/ros/jazzy/opt/gz_math_vendor:/opt/ros/jazzy/opt/gz_utils_vendor:/opt/ros/jazzy/opt/gz_cmake_vendor:/opt/ros/jazzy LD_LIBRARY_PATH=/root/distr_slam_ws/install/cartographer_ros/lib:/root/distr_slam_ws/install/cartographer_ros_msgs/lib:${LD_LIBRARY_PATH} PATH=/root/distr_slam_ws/install/cartographer/bin:${PATH} PKG_CONFIG_PATH=/root/distr_slam_ws/install/cartographer/lib/x86_64-linux-gnu/pkgconfig:/root/distr_slam_ws/install/cartographer/lib/pkgconfig PYTHONPATH=/root/distr_slam_ws/install/cartographer_ros_msgs/lib/python3.12/site-packages:${PYTHONPATH} /usr/bin/cmake /root/distr_slam_ws/src/cartographer_ros/cartographer_rviz -DCMAKE_INSTALL_PREFIX=/root/distr_slam_ws/install/cartographer_rviz
[465.000s] DEBUG:colcon.colcon_core.event_handler.log_command:Invoked command in '/root/distr_slam_ws/build/cartographer_rviz' returned '0': AMENT_PREFIX_PATH=/root/distr_slam_ws/install/cartographer_ros:/root/distr_slam_ws/install/cartographer_ros_msgs:${AMENT_PREFIX_PATH} CMAKE_PREFIX_PATH=/root/distr_slam_ws/install/cartographer_ros:/root/distr_slam_ws/install/cartographer_ros_msgs:/root/distr_slam_ws/install/cartographer:/opt/ros/jazzy/opt/gz_math_vendor:/opt/ros/jazzy/opt/gz_utils_vendor:/opt/ros/jazzy/opt/gz_cmake_vendor:/opt/ros/jazzy LD_LIBRARY_PATH=/root/distr_slam_ws/install/cartographer_ros/lib:/root/distr_slam_ws/install/cartographer_ros_msgs/lib:${LD_LIBRARY_PATH} PATH=/root/distr_slam_ws/install/cartographer/bin:${PATH} PKG_CONFIG_PATH=/root/distr_slam_ws/install/cartographer/lib/x86_64-linux-gnu/pkgconfig:/root/distr_slam_ws/install/cartographer/lib/pkgconfig PYTHONPATH=/root/distr_slam_ws/install/cartographer_ros_msgs/lib/python3.12/site-packages:${PYTHONPATH} /usr/bin/cmake /root/distr_slam_ws/src/cartographer_ros/cartographer_rviz -DCMAKE_INSTALL_PREFIX=/root/distr_slam_ws/install/cartographer_rviz
[465.001s] DEBUG:colcon.colcon_core.event_handler.log_command:Invoking command in '/root/distr_slam_ws/build/cartographer_rviz': AMENT_PREFIX_PATH=/root/distr_slam_ws/install/cartographer_ros:/root/distr_slam_ws/install/cartographer_ros_msgs:${AMENT_PREFIX_PATH} CMAKE_PREFIX_PATH=/root/distr_slam_ws/install/cartographer_ros:/root/distr_slam_ws/install/cartographer_ros_msgs:/root/distr_slam_ws/install/cartographer:/opt/ros/jazzy/opt/gz_math_vendor:/opt/ros/jazzy/opt/gz_utils_vendor:/opt/ros/jazzy/opt/gz_cmake_vendor:/opt/ros/jazzy LD_LIBRARY_PATH=/root/distr_slam_ws/install/cartographer_ros/lib:/root/distr_slam_ws/install/cartographer_ros_msgs/lib:${LD_LIBRARY_PATH} PATH=/root/distr_slam_ws/install/cartographer/bin:${PATH} PKG_CONFIG_PATH=/root/distr_slam_ws/install/cartographer/lib/x86_64-linux-gnu/pkgconfig:/root/distr_slam_ws/install/cartographer/lib/pkgconfig PYTHONPATH=/root/distr_slam_ws/install/cartographer_ros_msgs/lib/python3.12/site-packages:${PYTHONPATH} /usr/bin/cmake --build /root/distr_slam_ws/build/cartographer_rviz -- -j8 -l8
[501.008s] DEBUG:colcon.colcon_core.event_handler.log_command:Invoked command in '/root/distr_slam_ws/build/cartographer_rviz' returned '0': AMENT_PREFIX_PATH=/root/distr_slam_ws/install/cartographer_ros:/root/distr_slam_ws/install/cartographer_ros_msgs:${AMENT_PREFIX_PATH} CMAKE_PREFIX_PATH=/root/distr_slam_ws/install/cartographer_ros:/root/distr_slam_ws/install/cartographer_ros_msgs:/root/distr_slam_ws/install/cartographer:/opt/ros/jazzy/opt/gz_math_vendor:/opt/ros/jazzy/opt/gz_utils_vendor:/opt/ros/jazzy/opt/gz_cmake_vendor:/opt/ros/jazzy LD_LIBRARY_PATH=/root/distr_slam_ws/install/cartographer_ros/lib:/root/distr_slam_ws/install/cartographer_ros_msgs/lib:${LD_LIBRARY_PATH} PATH=/root/distr_slam_ws/install/cartographer/bin:${PATH} PKG_CONFIG_PATH=/root/distr_slam_ws/install/cartographer/lib/x86_64-linux-gnu/pkgconfig:/root/distr_slam_ws/install/cartographer/lib/pkgconfig PYTHONPATH=/root/distr_slam_ws/install/cartographer_ros_msgs/lib/python3.12/site-packages:${PYTHONPATH} /usr/bin/cmake --build /root/distr_slam_ws/build/cartographer_rviz -- -j8 -l8
[501.010s] DEBUG:colcon.colcon_core.event_handler.log_command:Invoking command in '/root/distr_slam_ws/build/cartographer_rviz': AMENT_PREFIX_PATH=/root/distr_slam_ws/install/cartographer_ros:/root/distr_slam_ws/install/cartographer_ros_msgs:${AMENT_PREFIX_PATH} CMAKE_PREFIX_PATH=/root/distr_slam_ws/install/cartographer_ros:/root/distr_slam_ws/install/cartographer_ros_msgs:/root/distr_slam_ws/install/cartographer:/opt/ros/jazzy/opt/gz_math_vendor:/opt/ros/jazzy/opt/gz_utils_vendor:/opt/ros/jazzy/opt/gz_cmake_vendor:/opt/ros/jazzy LD_LIBRARY_PATH=/root/distr_slam_ws/install/cartographer_ros/lib:/root/distr_slam_ws/install/cartographer_ros_msgs/lib:${LD_LIBRARY_PATH} PATH=/root/distr_slam_ws/install/cartographer/bin:${PATH} PKG_CONFIG_PATH=/root/distr_slam_ws/install/cartographer/lib/x86_64-linux-gnu/pkgconfig:/root/distr_slam_ws/install/cartographer/lib/pkgconfig PYTHONPATH=/root/distr_slam_ws/install/cartographer_ros_msgs/lib/python3.12/site-packages:${PYTHONPATH} /usr/bin/cmake --install /root/distr_slam_ws/build/cartographer_rviz
[501.034s] Level 1:colcon.colcon_core.environment:create_environment_scripts_only(cartographer_rviz)
[501.035s] Level 1:colcon.colcon_core.environment:checking '/root/distr_slam_ws/install/cartographer_rviz' for CMake module files
[501.035s] DEBUG:colcon.colcon_core.event_handler.log_command:Invoked command in '/root/distr_slam_ws/build/cartographer_rviz' returned '0': AMENT_PREFIX_PATH=/root/distr_slam_ws/install/cartographer_ros:/root/distr_slam_ws/install/cartographer_ros_msgs:${AMENT_PREFIX_PATH} CMAKE_PREFIX_PATH=/root/distr_slam_ws/install/cartographer_ros:/root/distr_slam_ws/install/cartographer_ros_msgs:/root/distr_slam_ws/install/cartographer:/opt/ros/jazzy/opt/gz_math_vendor:/opt/ros/jazzy/opt/gz_utils_vendor:/opt/ros/jazzy/opt/gz_cmake_vendor:/opt/ros/jazzy LD_LIBRARY_PATH=/root/distr_slam_ws/install/cartographer_ros/lib:/root/distr_slam_ws/install/cartographer_ros_msgs/lib:${LD_LIBRARY_PATH} PATH=/root/distr_slam_ws/install/cartographer/bin:${PATH} PKG_CONFIG_PATH=/root/distr_slam_ws/install/cartographer/lib/x86_64-linux-gnu/pkgconfig:/root/distr_slam_ws/install/cartographer/lib/pkgconfig PYTHONPATH=/root/distr_slam_ws/install/cartographer_ros_msgs/lib/python3.12/site-packages:${PYTHONPATH} /usr/bin/cmake --install /root/distr_slam_ws/build/cartographer_rviz
[501.036s] Level 1:colcon.colcon_core.environment:checking '/root/distr_slam_ws/install/cartographer_rviz' for CMake config files
[501.036s] Level 1:colcon.colcon_core.shell:create_environment_hook('cartographer_rviz', 'cmake_prefix_path')
[501.036s] INFO:colcon.colcon_core.shell:Creating environment hook '/root/distr_slam_ws/install/cartographer_rviz/share/cartographer_rviz/hook/cmake_prefix_path.ps1'
[501.037s] INFO:colcon.colcon_core.shell:Creating environment descriptor '/root/distr_slam_ws/install/cartographer_rviz/share/cartographer_rviz/hook/cmake_prefix_path.dsv'
[501.037s] INFO:colcon.colcon_core.shell:Creating environment hook '/root/distr_slam_ws/install/cartographer_rviz/share/cartographer_rviz/hook/cmake_prefix_path.sh'
[501.038s] Level 1:colcon.colcon_core.environment:checking '/root/distr_slam_ws/install/cartographer_rviz/lib'
[501.038s] Level 1:colcon.colcon_core.shell:create_environment_hook('cartographer_rviz', 'ld_library_path_lib')
[501.038s] INFO:colcon.colcon_core.shell:Creating environment hook '/root/distr_slam_ws/install/cartographer_rviz/share/cartographer_rviz/hook/ld_library_path_lib.ps1'
[501.039s] INFO:colcon.colcon_core.shell:Creating environment descriptor '/root/distr_slam_ws/install/cartographer_rviz/share/cartographer_rviz/hook/ld_library_path_lib.dsv'
[501.039s] INFO:colcon.colcon_core.shell:Creating environment hook '/root/distr_slam_ws/install/cartographer_rviz/share/cartographer_rviz/hook/ld_library_path_lib.sh'
[501.040s] Level 1:colcon.colcon_core.environment:checking '/root/distr_slam_ws/install/cartographer_rviz/bin'
[501.040s] Level 1:colcon.colcon_core.environment:checking '/root/distr_slam_ws/install/cartographer_rviz/lib/pkgconfig/cartographer_rviz.pc'
[501.040s] Level 1:colcon.colcon_core.environment:checking '/root/distr_slam_ws/install/cartographer_rviz/lib/python3.12/site-packages'
[501.040s] Level 1:colcon.colcon_core.environment:checking '/root/distr_slam_ws/install/cartographer_rviz/bin'
[501.041s] INFO:colcon.colcon_core.shell:Creating package script '/root/distr_slam_ws/install/cartographer_rviz/share/cartographer_rviz/package.ps1'
[501.041s] INFO:colcon.colcon_core.shell:Creating package descriptor '/root/distr_slam_ws/install/cartographer_rviz/share/cartographer_rviz/package.dsv'
[501.042s] INFO:colcon.colcon_core.shell:Creating package script '/root/distr_slam_ws/install/cartographer_rviz/share/cartographer_rviz/package.sh'
[501.042s] INFO:colcon.colcon_core.shell:Creating package script '/root/distr_slam_ws/install/cartographer_rviz/share/cartographer_rviz/package.bash'
[501.043s] INFO:colcon.colcon_core.shell:Creating package script '/root/distr_slam_ws/install/cartographer_rviz/share/cartographer_rviz/package.zsh'
[501.043s] Level 1:colcon.colcon_core.environment:create_file_with_runtime_dependencies(/root/distr_slam_ws/install/cartographer_rviz/share/colcon-core/packages/cartographer_rviz)
[501.044s] Level 1:colcon.colcon_core.environment:create_environment_scripts_only(cartographer_rviz)
[501.044s] Level 1:colcon.colcon_core.environment:checking '/root/distr_slam_ws/install/cartographer_rviz' for CMake module files
[501.045s] Level 1:colcon.colcon_core.environment:checking '/root/distr_slam_ws/install/cartographer_rviz' for CMake config files
[501.045s] Level 1:colcon.colcon_core.shell:create_environment_hook('cartographer_rviz', 'cmake_prefix_path')
[501.045s] INFO:colcon.colcon_core.shell:Creating environment hook '/root/distr_slam_ws/install/cartographer_rviz/share/cartographer_rviz/hook/cmake_prefix_path.ps1'
[501.046s] INFO:colcon.colcon_core.shell:Creating environment descriptor '/root/distr_slam_ws/install/cartographer_rviz/share/cartographer_rviz/hook/cmake_prefix_path.dsv'
[501.046s] INFO:colcon.colcon_core.shell:Creating environment hook '/root/distr_slam_ws/install/cartographer_rviz/share/cartographer_rviz/hook/cmake_prefix_path.sh'
[501.047s] Level 1:colcon.colcon_core.environment:checking '/root/distr_slam_ws/install/cartographer_rviz/lib'
[501.047s] Level 1:colcon.colcon_core.shell:create_environment_hook('cartographer_rviz', 'ld_library_path_lib')
[501.047s] INFO:colcon.colcon_core.shell:Creating environment hook '/root/distr_slam_ws/install/cartographer_rviz/share/cartographer_rviz/hook/ld_library_path_lib.ps1'
[501.047s] INFO:colcon.colcon_core.shell:Creating environment descriptor '/root/distr_slam_ws/install/cartographer_rviz/share/cartographer_rviz/hook/ld_library_path_lib.dsv'
[501.048s] INFO:colcon.colcon_core.shell:Creating environment hook '/root/distr_slam_ws/install/cartographer_rviz/share/cartographer_rviz/hook/ld_library_path_lib.sh'
[501.048s] Level 1:colcon.colcon_core.environment:checking '/root/distr_slam_ws/install/cartographer_rviz/bin'
[501.048s] Level 1:colcon.colcon_core.environment:checking '/root/distr_slam_ws/install/cartographer_rviz/lib/pkgconfig/cartographer_rviz.pc'
[501.049s] Level 1:colcon.colcon_core.environment:checking '/root/distr_slam_ws/install/cartographer_rviz/lib/python3.12/site-packages'
[501.049s] Level 1:colcon.colcon_core.environment:checking '/root/distr_slam_ws/install/cartographer_rviz/bin'
[501.049s] INFO:colcon.colcon_core.shell:Creating package script '/root/distr_slam_ws/install/cartographer_rviz/share/cartographer_rviz/package.ps1'
[501.050s] INFO:colcon.colcon_core.shell:Creating package descriptor '/root/distr_slam_ws/install/cartographer_rviz/share/cartographer_rviz/package.dsv'
[501.051s] INFO:colcon.colcon_core.shell:Creating package script '/root/distr_slam_ws/install/cartographer_rviz/share/cartographer_rviz/package.sh'
[501.051s] INFO:colcon.colcon_core.shell:Creating package script '/root/distr_slam_ws/install/cartographer_rviz/share/cartographer_rviz/package.bash'
[501.052s] INFO:colcon.colcon_core.shell:Creating package script '/root/distr_slam_ws/install/cartographer_rviz/share/cartographer_rviz/package.zsh'
[501.052s] Level 1:colcon.colcon_core.environment:create_file_with_runtime_dependencies(/root/distr_slam_ws/install/cartographer_rviz/share/colcon-core/packages/cartographer_rviz)
[501.053s] DEBUG:colcon.colcon_parallel_executor.executor.parallel:closing loop
[501.053s] DEBUG:colcon.colcon_parallel_executor.executor.parallel:loop closed
[501.053s] DEBUG:colcon.colcon_parallel_executor.executor.parallel:run_until_complete finished with '0'
[501.053s] DEBUG:colcon.colcon_core.event_reactor:joining thread
[501.068s] INFO:colcon.colcon_core.plugin_system:Skipping extension 'colcon_notification.desktop_notification.notify_send': Could not find 'notify-send'
[501.068s] INFO:colcon.colcon_core.plugin_system:Skipping extension 'colcon_notification.desktop_notification.terminal_notifier': Not used on non-Darwin systems
[501.069s] INFO:colcon.colcon_core.plugin_system:Skipping extension 'colcon_notification.desktop_notification.win32': Not used on non-Windows systems
[501.069s] INFO:colcon.colcon_notification.desktop_notification:Sending desktop notification using 'notify2'
[501.076s] DEBUG:colcon.colcon_notification.desktop_notification.notify2:Failed to initialize notify2: org.freedesktop.DBus.Error.Spawn.ExecFailed: /usr/bin/dbus-launch terminated abnormally without any error message
[501.076s] DEBUG:colcon.colcon_core.event_reactor:joined thread
[501.077s] INFO:colcon.colcon_core.shell:Creating prefix script '/root/distr_slam_ws/install/local_setup.ps1'
[501.079s] INFO:colcon.colcon_core.shell:Creating prefix util module '/root/distr_slam_ws/install/_local_setup_util_ps1.py'
[501.080s] INFO:colcon.colcon_core.shell:Creating prefix chain script '/root/distr_slam_ws/install/setup.ps1'
[501.082s] INFO:colcon.colcon_core.shell:Creating prefix script '/root/distr_slam_ws/install/local_setup.sh'
[501.083s] INFO:colcon.colcon_core.shell:Creating prefix util module '/root/distr_slam_ws/install/_local_setup_util_sh.py'
[501.083s] INFO:colcon.colcon_core.shell:Creating prefix chain script '/root/distr_slam_ws/install/setup.sh'
[501.085s] INFO:colcon.colcon_core.shell:Creating prefix script '/root/distr_slam_ws/install/local_setup.bash'
[501.085s] INFO:colcon.colcon_core.shell:Creating prefix chain script '/root/distr_slam_ws/install/setup.bash'
[501.086s] INFO:colcon.colcon_core.shell:Creating prefix script '/root/distr_slam_ws/install/local_setup.zsh'
[501.087s] INFO:colcon.colcon_core.shell:Creating prefix chain script '/root/distr_slam_ws/install/setup.zsh'
