[01m[K/root/distr_slam_ws/src/cartographer_ros/cartographer_ros/src/node.cpp:[m[K In member function ‘[01m[Kbool cartographer_ros::Node::[01;32m[KLookupCurrentRobotPoseInMap[m[K(geometry_msgs::msg::Pose*)[m[K’:
[01m[K/root/distr_slam_ws/src/cartographer_ros/cartographer_ros/src/node.cpp:1039:21:[m[K [01;31m[Kerror: [m[K‘[01m[Ktf_buffer_[m[K’ was not declared in this scope
 1039 |     const auto tf = [01;31m[Ktf_buffer_[m[K->lookupTransform(
      |                     [01;31m[K^~~~~~~~~~[m[K
In file included from [01m[K/opt/ros/jazzy/include/rclcpp/rclcpp/copy_all_parameter_values.hpp:27[m[K,
                 from [01m[K/opt/ros/jazzy/include/rclcpp/rclcpp/rclcpp.hpp:171[m[K,
                 from [01m[K/root/distr_slam_ws/src/cartographer_ros/cartographer_ros/include/cartographer_ros/time_conversion.h:22[m[K,
                 from [01m[K/root/distr_slam_ws/src/cartographer_ros/cartographer_ros/include/cartographer_ros/tf_bridge.h:23[m[K,
                 from [01m[K/root/distr_slam_ws/src/cartographer_ros/cartographer_ros/include/cartographer_ros/sensor_bridge.h:28[m[K,
                 from [01m[K/root/distr_slam_ws/src/cartographer_ros/cartographer_ros/include/cartographer_ros/map_builder_bridge.h:31[m[K,
                 from [01m[K/root/distr_slam_ws/src/cartographer_ros/cartographer_ros/include/cartographer_ros/node.h:31[m[K,
                 from [01m[K/root/distr_slam_ws/src/cartographer_ros/cartographer_ros/src/node.cpp:17[m[K:
[01m[K/root/distr_slam_ws/src/cartographer_ros/cartographer_ros/src/node.cpp:1051:23:[m[K [01;31m[Kerror: [m[K‘[01m[Kclass cartographer_ros::Node[m[K’ has no member named ‘[01m[Kget_logger[m[K’
 1051 |     RCLCPP_WARN(this->[01;31m[Kget_logger[m[K(),
      |                       [01;31m[K^~~~~~~~~~[m[K
[01m[K/root/distr_slam_ws/src/cartographer_ros/cartographer_ros/src/node.cpp:1051:23:[m[K [01;31m[Kerror: [m[K‘[01m[Kclass cartographer_ros::Node[m[K’ has no member named ‘[01m[Kget_logger[m[K’
[01m[K/root/distr_slam_ws/src/cartographer_ros/cartographer_ros/src/node.cpp:1051:5:[m[K [01;31m[Kerror: [m[Ktemplate argument 1 is invalid
 1051 |     [01;31m[KRCLCPP_WARN[m[K(this->get_logger(),
      |     [01;31m[K^~~~~~~~~~~[m[K
In file included from [01m[K/opt/ros/jazzy/include/rclcpp/rclcpp/logging.hpp:24[m[K:
[01m[K/root/distr_slam_ws/src/cartographer_ros/cartographer_ros/src/node.cpp:1051:23:[m[K [01;31m[Kerror: [m[K‘[01m[Kclass cartographer_ros::Node[m[K’ has no member named ‘[01m[Kget_logger[m[K’
 1051 |     RCLCPP_WARN(this->[01;31m[Kget_logger[m[K(),
      |                       [01;31m[K^~~~~~~~~~[m[K
[01m[K/root/distr_slam_ws/src/cartographer_ros/cartographer_ros/src/node.cpp:1051:23:[m[K [01;31m[Kerror: [m[K‘[01m[Kclass cartographer_ros::Node[m[K’ has no member named ‘[01m[Kget_logger[m[K’
 1051 |     RCLCPP_WARN(this->[01;31m[Kget_logger[m[K(),
      |                       [01;31m[K^~~~~~~~~~[m[K
[01m[K/root/distr_slam_ws/src/cartographer_ros/cartographer_ros/src/node.cpp:[m[K In member function ‘[01m[Kbool cartographer_ros::Node::[01;32m[KSaveCurrentPoseToRedis[m[K()[m[K’:
[01m[K/root/distr_slam_ws/src/cartographer_ros/cartographer_ros/src/node.cpp:1086:24:[m[K [01;31m[Kerror: [m[K‘[01m[Kclass cartographer_ros::Node[m[K’ has no member named ‘[01m[Kget_logger[m[K’
 1086 |     RCLCPP_ERROR(this->[01;31m[Kget_logger[m[K(), "Failed to connect to Redis for pose save.");
      |                        [01;31m[K^~~~~~~~~~[m[K
[01m[K/root/distr_slam_ws/src/cartographer_ros/cartographer_ros/src/node.cpp:1086:24:[m[K [01;31m[Kerror: [m[K‘[01m[Kclass cartographer_ros::Node[m[K’ has no member named ‘[01m[Kget_logger[m[K’
[01m[K/root/distr_slam_ws/src/cartographer_ros/cartographer_ros/src/node.cpp:1086:5:[m[K [01;31m[Kerror: [m[Ktemplate argument 1 is invalid
 1086 |     [01;31m[KRCLCPP_ERROR[m[K(this->get_logger(), "Failed to connect to Redis for pose save.");
      |     [01;31m[K^~~~~~~~~~~~[m[K
[01m[K/root/distr_slam_ws/src/cartographer_ros/cartographer_ros/src/node.cpp:1086:24:[m[K [01;31m[Kerror: [m[K‘[01m[Kclass cartographer_ros::Node[m[K’ has no member named ‘[01m[Kget_logger[m[K’
 1086 |     RCLCPP_ERROR(this->[01;31m[Kget_logger[m[K(), "Failed to connect to Redis for pose save.");
      |                        [01;31m[K^~~~~~~~~~[m[K
[01m[K/root/distr_slam_ws/src/cartographer_ros/cartographer_ros/src/node.cpp:1086:24:[m[K [01;31m[Kerror: [m[K‘[01m[Kclass cartographer_ros::Node[m[K’ has no member named ‘[01m[Kget_logger[m[K’
 1086 |     RCLCPP_ERROR(this->[01;31m[Kget_logger[m[K(), "Failed to connect to Redis for pose save.");
      |                        [01;31m[K^~~~~~~~~~[m[K
[01m[K/root/distr_slam_ws/src/cartographer_ros/cartographer_ros/src/node.cpp:[m[K In member function ‘[01m[Kbool cartographer_ros::Node::[01;32m[KLoadSavedPoseFromRedis[m[K(SavedPose*)[m[K’:
[01m[K/root/distr_slam_ws/src/cartographer_ros/cartographer_ros/src/node.cpp:1101:46:[m[K [01;35m[Kwarning: [m[Kunused parameter ‘[01m[Ksaved_pose[m[K’ [[01;35m[K-Wunused-parameter[m[K]
 1101 | bool Node::LoadSavedPoseFromRedis([01;35m[KSavedPose* saved_pose[m[K) {
      |                                   [01;35m[K~~~~~~~~~~~^~~~~~~~~~[m[K
gmake[2]: *** [CMakeFiles/cartographer_ros.dir/build.make:132: CMakeFiles/cartographer_ros.dir/src/node.cpp.o] Error 1
gmake[1]: *** [CMakeFiles/Makefile2:151: CMakeFiles/cartographer_ros.dir/all] Error 2
gmake: *** [Makefile:146: all] Error 2
