[0.045s] Invoking command in '/root/distr_slam_ws/build/cartographer_ros': CMAKE_PREFIX_PATH=/root/distr_slam_ws/install/cartographer_ros_msgs:/root/distr_slam_ws/install/cartographer:/root/distr_slam_ws/install/cartographer_rviz:/root/distr_slam_ws/install/cartographer_ros:/opt/ros/jazzy/opt/gz_math_vendor:/opt/ros/jazzy/opt/gz_utils_vendor:/opt/ros/jazzy/opt/gz_cmake_vendor:/opt/ros/jazzy LD_LIBRARY_PATH=/root/distr_slam_ws/install/cartographer_ros_msgs/lib:/root/distr_slam_ws/install/cartographer_rviz/lib:/root/distr_slam_ws/install/cartographer_ros/lib:/opt/ros/jazzy/opt/rviz_ogre_vendor/lib:/opt/ros/jazzy/lib/x86_64-linux-gnu:/opt/ros/jazzy/opt/gz_math_vendor/lib:/opt/ros/jazzy/opt/gz_utils_vendor/lib:/opt/ros/jazzy/opt/gz_cmake_vendor/lib:/opt/ros/jazzy/lib /usr/bin/cmake --build /root/distr_slam_ws/build/cartographer_ros -- -j8 -l8
[0.428s] [  2%] [32mBuilding CXX object CMakeFiles/cartographer_ros.dir/src/node.cpp.o[0m
[0.436s] [  5%] [32mBuilding CXX object CMakeFiles/cartographer_ros.dir/src/offline_node.cpp.o[0m
[12.124s] [01m[K/root/distr_slam_ws/src/cartographer_ros/cartographer_ros/src/node.cpp:[m[K In member function ‘[01m[Kbool cartographer_ros::Node::[01;32m[KLookupCurrentRobotPoseInMap[m[K(geometry_msgs::msg::Pose*)[m[K’:
[12.124s] [01m[K/root/distr_slam_ws/src/cartographer_ros/cartographer_ros/src/node.cpp:1039:21:[m[K [01;31m[Kerror: [m[K‘[01m[Ktf_buffer_[m[K’ was not declared in this scope
[12.125s]  1039 |     const auto tf = [01;31m[Ktf_buffer_[m[K->lookupTransform(
[12.125s]       |                     [01;31m[K^~~~~~~~~~[m[K
[12.125s] In file included from [01m[K/opt/ros/jazzy/include/rclcpp/rclcpp/copy_all_parameter_values.hpp:27[m[K,
[12.125s]                  from [01m[K/opt/ros/jazzy/include/rclcpp/rclcpp/rclcpp.hpp:171[m[K,
[12.126s]                  from [01m[K/root/distr_slam_ws/src/cartographer_ros/cartographer_ros/include/cartographer_ros/time_conversion.h:22[m[K,
[12.126s]                  from [01m[K/root/distr_slam_ws/src/cartographer_ros/cartographer_ros/include/cartographer_ros/tf_bridge.h:23[m[K,
[12.126s]                  from [01m[K/root/distr_slam_ws/src/cartographer_ros/cartographer_ros/include/cartographer_ros/sensor_bridge.h:28[m[K,
[12.126s]                  from [01m[K/root/distr_slam_ws/src/cartographer_ros/cartographer_ros/include/cartographer_ros/map_builder_bridge.h:31[m[K,
[12.127s]                  from [01m[K/root/distr_slam_ws/src/cartographer_ros/cartographer_ros/include/cartographer_ros/node.h:31[m[K,
[12.127s]                  from [01m[K/root/distr_slam_ws/src/cartographer_ros/cartographer_ros/src/node.cpp:17[m[K:
[12.127s] [01m[K/root/distr_slam_ws/src/cartographer_ros/cartographer_ros/src/node.cpp:1051:23:[m[K [01;31m[Kerror: [m[K‘[01m[Kclass cartographer_ros::Node[m[K’ has no member named ‘[01m[Kget_logger[m[K’
[12.127s]  1051 |     RCLCPP_WARN(this->[01;31m[Kget_logger[m[K(),
[12.128s]       |                       [01;31m[K^~~~~~~~~~[m[K
[12.128s] [01m[K/root/distr_slam_ws/src/cartographer_ros/cartographer_ros/src/node.cpp:1051:23:[m[K [01;31m[Kerror: [m[K‘[01m[Kclass cartographer_ros::Node[m[K’ has no member named ‘[01m[Kget_logger[m[K’
[12.128s] [01m[K/root/distr_slam_ws/src/cartographer_ros/cartographer_ros/src/node.cpp:1051:5:[m[K [01;31m[Kerror: [m[Ktemplate argument 1 is invalid
[12.128s]  1051 |     [01;31m[KRCLCPP_WARN[m[K(this->get_logger(),
[12.128s]       |     [01;31m[K^~~~~~~~~~~[m[K
[12.129s] In file included from [01m[K/opt/ros/jazzy/include/rclcpp/rclcpp/logging.hpp:24[m[K:
[12.129s] [01m[K/root/distr_slam_ws/src/cartographer_ros/cartographer_ros/src/node.cpp:1051:23:[m[K [01;31m[Kerror: [m[K‘[01m[Kclass cartographer_ros::Node[m[K’ has no member named ‘[01m[Kget_logger[m[K’
[12.129s]  1051 |     RCLCPP_WARN(this->[01;31m[Kget_logger[m[K(),
[12.129s]       |                       [01;31m[K^~~~~~~~~~[m[K
[12.130s] [01m[K/root/distr_slam_ws/src/cartographer_ros/cartographer_ros/src/node.cpp:1051:23:[m[K [01;31m[Kerror: [m[K‘[01m[Kclass cartographer_ros::Node[m[K’ has no member named ‘[01m[Kget_logger[m[K’
[12.130s]  1051 |     RCLCPP_WARN(this->[01;31m[Kget_logger[m[K(),
[12.130s]       |                       [01;31m[K^~~~~~~~~~[m[K
[12.133s] [01m[K/root/distr_slam_ws/src/cartographer_ros/cartographer_ros/src/node.cpp:[m[K In member function ‘[01m[Kbool cartographer_ros::Node::[01;32m[KSaveCurrentPoseToRedis[m[K()[m[K’:
[12.134s] [01m[K/root/distr_slam_ws/src/cartographer_ros/cartographer_ros/src/node.cpp:1086:24:[m[K [01;31m[Kerror: [m[K‘[01m[Kclass cartographer_ros::Node[m[K’ has no member named ‘[01m[Kget_logger[m[K’
[12.134s]  1086 |     RCLCPP_ERROR(this->[01;31m[Kget_logger[m[K(), "Failed to connect to Redis for pose save.");
[12.134s]       |                        [01;31m[K^~~~~~~~~~[m[K
[12.135s] [01m[K/root/distr_slam_ws/src/cartographer_ros/cartographer_ros/src/node.cpp:1086:24:[m[K [01;31m[Kerror: [m[K‘[01m[Kclass cartographer_ros::Node[m[K’ has no member named ‘[01m[Kget_logger[m[K’
[12.135s] [01m[K/root/distr_slam_ws/src/cartographer_ros/cartographer_ros/src/node.cpp:1086:5:[m[K [01;31m[Kerror: [m[Ktemplate argument 1 is invalid
[12.135s]  1086 |     [01;31m[KRCLCPP_ERROR[m[K(this->get_logger(), "Failed to connect to Redis for pose save.");
[12.135s]       |     [01;31m[K^~~~~~~~~~~~[m[K
[12.136s] [01m[K/root/distr_slam_ws/src/cartographer_ros/cartographer_ros/src/node.cpp:1086:24:[m[K [01;31m[Kerror: [m[K‘[01m[Kclass cartographer_ros::Node[m[K’ has no member named ‘[01m[Kget_logger[m[K’
[12.136s]  1086 |     RCLCPP_ERROR(this->[01;31m[Kget_logger[m[K(), "Failed to connect to Redis for pose save.");
[12.136s]       |                        [01;31m[K^~~~~~~~~~[m[K
[12.136s] [01m[K/root/distr_slam_ws/src/cartographer_ros/cartographer_ros/src/node.cpp:1086:24:[m[K [01;31m[Kerror: [m[K‘[01m[Kclass cartographer_ros::Node[m[K’ has no member named ‘[01m[Kget_logger[m[K’
[12.136s]  1086 |     RCLCPP_ERROR(this->[01;31m[Kget_logger[m[K(), "Failed to connect to Redis for pose save.");
[12.137s]       |                        [01;31m[K^~~~~~~~~~[m[K
[12.137s] [01m[K/root/distr_slam_ws/src/cartographer_ros/cartographer_ros/src/node.cpp:[m[K In member function ‘[01m[Kbool cartographer_ros::Node::[01;32m[KLoadSavedPoseFromRedis[m[K(SavedPose*)[m[K’:
[12.137s] [01m[K/root/distr_slam_ws/src/cartographer_ros/cartographer_ros/src/node.cpp:1101:46:[m[K [01;35m[Kwarning: [m[Kunused parameter ‘[01m[Ksaved_pose[m[K’ [[01;35m[K-Wunused-parameter[m[K]
[12.137s]  1101 | bool Node::LoadSavedPoseFromRedis([01;35m[KSavedPose* saved_pose[m[K) {
[12.138s]       |                                   [01;35m[K~~~~~~~~~~~^~~~~~~~~~[m[K
[32.573s] gmake[2]: *** [CMakeFiles/cartographer_ros.dir/build.make:132: CMakeFiles/cartographer_ros.dir/src/node.cpp.o] Error 1
[32.574s] gmake[1]: *** [CMakeFiles/Makefile2:151: CMakeFiles/cartographer_ros.dir/all] Error 2
[32.574s] gmake: *** [Makefile:146: all] Error 2
[32.578s] Invoked command in '/root/distr_slam_ws/build/cartographer_ros' returned '2': CMAKE_PREFIX_PATH=/root/distr_slam_ws/install/cartographer_ros_msgs:/root/distr_slam_ws/install/cartographer:/root/distr_slam_ws/install/cartographer_rviz:/root/distr_slam_ws/install/cartographer_ros:/opt/ros/jazzy/opt/gz_math_vendor:/opt/ros/jazzy/opt/gz_utils_vendor:/opt/ros/jazzy/opt/gz_cmake_vendor:/opt/ros/jazzy LD_LIBRARY_PATH=/root/distr_slam_ws/install/cartographer_ros_msgs/lib:/root/distr_slam_ws/install/cartographer_rviz/lib:/root/distr_slam_ws/install/cartographer_ros/lib:/opt/ros/jazzy/opt/rviz_ogre_vendor/lib:/opt/ros/jazzy/lib/x86_64-linux-gnu:/opt/ros/jazzy/opt/gz_math_vendor/lib:/opt/ros/jazzy/opt/gz_utils_vendor/lib:/opt/ros/jazzy/opt/gz_cmake_vendor/lib:/opt/ros/jazzy/lib /usr/bin/cmake --build /root/distr_slam_ws/build/cartographer_ros -- -j8 -l8
