[0.006s] Invoking command in '/root/distr_slam_ws/build/cartographer': CMAKE_PREFIX_PATH=${CMAKE_PREFIX_PATH}:/opt/ros/jazzy /usr/bin/cmake /root/distr_slam_ws/src/cartographer -DCMAKE_INSTALL_PREFIX=/root/distr_slam_ws/install/cartographer
[0.016s] -- Build type: Release
[0.116s] -- Found Boost: /usr/lib/x86_64-linux-gnu/cmake/Boost-1.83.0/BoostConfig.cmake (found version "1.83.0") found components: iostreams 
[0.422s] -- Found AMD headers in: /usr/include/suitesparse
[0.423s] -- Found AMD library: /usr/lib/x86_64-linux-gnu/libamd.so
[0.424s] -- Found CAMD headers in: /usr/include/suitesparse
[0.424s] -- Found CAMD library: /usr/lib/x86_64-linux-gnu/libcamd.so
[0.425s] -- Found CCOLAMD headers in: /usr/include/suitesparse
[0.425s] -- Found CCOLAMD library: /usr/lib/x86_64-linux-gnu/libccolamd.so
[0.426s] -- Found CHOLMOD headers in: /usr/include/suitesparse
[0.426s] -- Found CHOLMOD library: /usr/lib/x86_64-linux-gnu/libcholmod.so
[0.427s] -- Found COLAMD headers in: /usr/include/suitesparse
[0.427s] -- Found COLAMD library: /usr/lib/x86_64-linux-gnu/libcolamd.so
[0.427s] -- Found SPQR headers in: /usr/include/suitesparse
[0.427s] -- Found SPQR library: /usr/lib/x86_64-linux-gnu/libspqr.so
[0.428s] -- Found Config headers in: /usr/include/suitesparse
[0.428s] -- Found Config library: /usr/lib/x86_64-linux-gnu/libsuitesparseconfig.so
[0.429s] -- Found Intel Thread Building Blocks (TBB) library (2021.11 / ) include location: . Assuming SuiteSparseQR was compiled with TBB.
[0.429s] -- Looking for shm_open in rt
[0.485s] -- Looking for shm_open in rt - found
[0.486s] -- Adding librt to SuiteSparse_config libraries (required on Linux & Unix [not OSX] if SuiteSparse is compiled with timing).
[0.489s] -- Could NOT find METIS (missing: METIS_INCLUDE_DIR METIS_LIBRARY) 
[0.489s] -- Found SuiteSparse: /usr/include/suitesparse (found suitable version "7.6.1", minimum required is "7.6.1") found components: AMD CAMD CCOLAMD CHOLMOD COLAMD SPQR Config 
[0.494s] -- Found required Ceres dependency: Eigen version 3.4.0 in /usr/share/eigen3/cmake
[0.500s] -- Found required Ceres dependency: glog
[0.501s] -- Found required Ceres dependency: gflags
[0.501s] -- Found Ceres version: 2.2.0 installed in: /usr with components: [EigenSparse, SparseLinearAlgebraLibrary, LAPACK, SuiteSparse, SchurSpecializations]
[0.509s] -- Found Lua: /usr/lib/x86_64-linux-gnu/liblua5.2.so;/usr/lib/x86_64-linux-gnu/libm.so (found version "5.2.4") 
[0.516s] -- Found Protobuf: /usr/lib/x86_64-linux-gnu/libprotobuf.so (found suitable version "3.21.12", minimum required is "3.0.0") 
[0.518s] -- Found PkgConfig: /usr/bin/pkg-config (found version "1.8.1") 
[0.519s] -- Checking for one of the modules 'cairo>=1.12.16'
[0.555s] -- Found Sphinx: /usr/bin/sphinx-build  
[0.585s] -- Configuring done (0.6s)
[0.740s] -- Generating done (0.1s)
[0.780s] -- Build files have been written to: /root/distr_slam_ws/build/cartographer
[0.788s] Invoked command in '/root/distr_slam_ws/build/cartographer' returned '0': CMAKE_PREFIX_PATH=${CMAKE_PREFIX_PATH}:/opt/ros/jazzy /usr/bin/cmake /root/distr_slam_ws/src/cartographer -DCMAKE_INSTALL_PREFIX=/root/distr_slam_ws/install/cartographer
[0.789s] Invoking command in '/root/distr_slam_ws/build/cartographer': CMAKE_PREFIX_PATH=${CMAKE_PREFIX_PATH}:/opt/ros/jazzy /usr/bin/cmake --build /root/distr_slam_ws/build/cartographer -- -j24 -l24
[0.827s] [  1%] [34m[1mRunning C++ protocol buffer compiler on /root/distr_slam_ws/src/cartographer/cartographer/common/proto/ceres_solver_options.proto[0m
[0.827s] [  1%] [34m[1mRunning C++ protocol buffer compiler on /root/distr_slam_ws/src/cartographer/cartographer/mapping/proto/connected_components.proto[0m
[0.828s] [  1%] [34m[1mRunning C++ protocol buffer compiler on /root/distr_slam_ws/src/cartographer/cartographer/mapping/proto/cell_limits_2d.proto[0m
[0.828s] [  1%] [34m[1mRunning C++ protocol buffer compiler on /root/distr_slam_ws/src/cartographer/cartographer/ground_truth/proto/relations.proto[0m
[0.828s] [  1%] [34m[1mRunning C++ protocol buffer compiler on /root/distr_slam_ws/src/cartographer/cartographer/mapping/proto/grid_2d_options.proto[0m
[0.828s] [  1%] [34m[1mRunning C++ protocol buffer compiler on /root/distr_slam_ws/src/cartographer/cartographer/mapping/proto/local_trajectory_builder_options_2d.proto[0m
[0.828s] [  1%] [34m[1mRunning C++ protocol buffer compiler on /root/distr_slam_ws/src/cartographer/cartographer/transform/proto/transform.proto[0m
[0.828s] [  2%] [34m[1mRunning C++ protocol buffer compiler on /root/distr_slam_ws/src/cartographer/cartographer/mapping/proto/map_limits.proto[0m
[0.828s] [  2%] [34m[1mRunning C++ protocol buffer compiler on /root/distr_slam_ws/src/cartographer/cartographer/mapping/proto/local_trajectory_builder_options_3d.proto[0m
[0.828s] [  2%] [34m[1mRunning C++ protocol buffer compiler on /root/distr_slam_ws/src/cartographer/cartographer/mapping/proto/map_builder_options.proto[0m
[0.828s] [  2%] [34m[1mRunning C++ protocol buffer compiler on /root/distr_slam_ws/src/cartographer/cartographer/mapping/proto/motion_filter_options.proto[0m
[0.828s] [  2%] [34m[1mRunning C++ protocol buffer compiler on /root/distr_slam_ws/src/cartographer/cartographer/mapping/proto/normal_estimation_options_2d.proto[0m
[0.828s] [  2%] [34m[1mRunning C++ protocol buffer compiler on /root/distr_slam_ws/src/cartographer/cartographer/mapping/proto/grid_2d.proto[0m
[0.828s] [  3%] [34m[1mRunning C++ protocol buffer compiler on /root/distr_slam_ws/src/cartographer/cartographer/mapping/proto/hybrid_grid.proto[0m
[0.828s] [  3%] [34m[1mRunning C++ protocol buffer compiler on /root/distr_slam_ws/src/cartographer/cartographer/mapping/proto/pose_graph/constraint_builder_options.proto[0m
[0.829s] [  3%] [34m[1mRunning C++ protocol buffer compiler on /root/distr_slam_ws/src/cartographer/cartographer/mapping/proto/pose_graph/optimization_problem_options.proto[0m
[0.829s] [  3%] [34m[1mRunning C++ protocol buffer compiler on /root/distr_slam_ws/src/cartographer/cartographer/mapping/proto/pose_extrapolator_options.proto[0m
[0.829s] [  3%] [34m[1mRunning C++ protocol buffer compiler on /root/distr_slam_ws/src/cartographer/cartographer/mapping/proto/pose_graph_options.proto[0m
[0.831s] [  4%] [34m[1mRunning C++ protocol buffer compiler on /root/distr_slam_ws/src/cartographer/cartographer/mapping/proto/pose_graph.proto[0m
[0.833s] [  5%] [34m[1mBuilding documentation.[0m
[0.833s] [  6%] [34m[1mRunning C++ protocol buffer compiler on /root/distr_slam_ws/src/cartographer/cartographer/mapping/proto/probability_grid.proto[0m
[0.834s] [  6%] [32mBuilding CXX object googletest/CMakeFiles/gtest.dir/src/gtest-all.cc.o[0m
[0.834s] [  6%] [34m[1mRunning C++ protocol buffer compiler on /root/distr_slam_ws/src/cartographer/cartographer/mapping/proto/probability_grid_range_data_inserter_options_2d.proto[0m
[0.842s] [  7%] [34m[1mRunning C++ protocol buffer compiler on /root/distr_slam_ws/src/cartographer/cartographer/mapping/proto/scan_matching/ceres_scan_matcher_options_2d.proto[0m
[0.843s] [  7%] [34m[1mRunning C++ protocol buffer compiler on /root/distr_slam_ws/src/cartographer/cartographer/mapping/proto/range_data_inserter_options_3d.proto[0m
[0.843s] [  7%] [34m[1mRunning C++ protocol buffer compiler on /root/distr_slam_ws/src/cartographer/cartographer/mapping/proto/range_data_inserter_options.proto[0m
[0.843s] [  8%] [34m[1mRunning C++ protocol buffer compiler on /root/distr_slam_ws/src/cartographer/cartographer/mapping/proto/trajectory_node_data.proto[0m
[0.843s] [ 10%] [34m[1mRunning C++ protocol buffer compiler on /root/distr_slam_ws/src/cartographer/cartographer/mapping/proto/scan_matching/ceres_scan_matcher_options_3d.proto[0m
[0.843s] [ 10%] [34m[1mRunning C++ protocol buffer compiler on /root/distr_slam_ws/src/cartographer/cartographer/mapping/proto/serialization.proto[0m
[0.843s] [ 10%] [34m[1mRunning C++ protocol buffer compiler on /root/distr_slam_ws/src/cartographer/cartographer/mapping/proto/submaps_options_2d.proto[0m
[0.843s] [ 10%] [34m[1mRunning C++ protocol buffer compiler on /root/distr_slam_ws/src/cartographer/cartographer/mapping/proto/submap_visualization.proto[0m
[0.843s] [ 10%] [34m[1mRunning C++ protocol buffer compiler on /root/distr_slam_ws/src/cartographer/cartographer/mapping/proto/scan_matching/fast_correlative_scan_matcher_options_3d.proto[0m
[0.843s] [ 10%] [34m[1mRunning C++ protocol buffer compiler on /root/distr_slam_ws/src/cartographer/cartographer/mapping/proto/scan_matching/real_time_correlative_scan_matcher_options.proto[0m
[0.844s] [ 10%] [34m[1mRunning C++ protocol buffer compiler on /root/distr_slam_ws/src/cartographer/cartographer/mapping/proto/scan_matching/fast_correlative_scan_matcher_options_2d.proto[0m
[0.844s] [ 10%] [34m[1mRunning C++ protocol buffer compiler on /root/distr_slam_ws/src/cartographer/cartographer/mapping/proto/trajectory_builder_options.proto[0m
[0.844s] [ 10%] [34m[1mRunning C++ protocol buffer compiler on /root/distr_slam_ws/src/cartographer/cartographer/mapping/proto/submaps_options_3d.proto[0m
[0.844s] [ 10%] [34m[1mRunning C++ protocol buffer compiler on /root/distr_slam_ws/src/cartographer/cartographer/mapping/proto/tsdf_range_data_inserter_options_2d.proto[0m
[0.844s] [ 10%] [34m[1mRunning C++ protocol buffer compiler on /root/distr_slam_ws/src/cartographer/cartographer/mapping/proto/trajectory.proto[0m
[0.844s] [ 10%] [34m[1mRunning C++ protocol buffer compiler on /root/distr_slam_ws/src/cartographer/cartographer/mapping/proto/tsdf_2d.proto[0m
[0.846s] [ 10%] [34m[1mRunning C++ protocol buffer compiler on /root/distr_slam_ws/src/cartographer/cartographer/mapping/proto/submap.proto[0m
[0.846s] [ 11%] [34m[1mRunning C++ protocol buffer compiler on /root/distr_slam_ws/src/cartographer/cartographer/sensor/proto/adaptive_voxel_filter_options.proto[0m
[0.846s] [ 11%] [34m[1mRunning C++ protocol buffer compiler on /root/distr_slam_ws/src/cartographer/cartographer/sensor/proto/sensor.proto[0m
[0.847s] [ 11%] [34m[1mRunning C++ protocol buffer compiler on /root/distr_slam_ws/src/cartographer/cartographer/transform/proto/timestamped_transform.proto[0m
[0.848s] [ 11%] Built target cartographer_detect_changes
[0.887s] [ 13%] [32mBuilding CXX object CMakeFiles/cartographer.dir/cartographer/common/histogram.cc.o[0m
[0.887s] [ 13%] [32mBuilding CXX object CMakeFiles/cartographer.dir/cartographer/common/task.cc.o[0m
[0.887s] [ 13%] [32mBuilding CXX object CMakeFiles/cartographer.dir/cartographer/io/counting_points_processor.cc.o[0m
[0.887s] [ 13%] [32mBuilding CXX object CMakeFiles/cartographer.dir/cartographer/ground_truth/relations_text_file.cc.o[0m
[0.888s] [ 13%] [32mBuilding CXX object CMakeFiles/cartographer.dir/cartographer/io/file_writer.cc.o[0m
[0.888s] [ 13%] [32mBuilding CXX object CMakeFiles/cartographer.dir/cartographer/common/configuration_file_resolver.cc.o[0m
[0.888s] [ 13%] [32mBuilding CXX object CMakeFiles/cartographer.dir/cartographer/common/internal/ceres_solver_options.cc.o[0m
[0.888s] [ 13%] [32mBuilding CXX object CMakeFiles/cartographer.dir/cartographer/common/time.cc.o[0m
[0.888s] [ 13%] [32mBuilding CXX object CMakeFiles/cartographer.dir/cartographer/common/fixed_ratio_sampler.cc.o[0m
[0.888s] [ 13%] [32mBuilding CXX object CMakeFiles/cartographer.dir/cartographer/common/lua_parameter_dictionary.cc.o[0m
[0.888s] [ 14%] [32mBuilding CXX object CMakeFiles/cartographer.dir/cartographer/io/draw_trajectories.cc.o[0m
[0.888s] [ 14%] [32mBuilding CXX object CMakeFiles/cartographer.dir/cartographer/common/thread_pool.cc.o[0m
[0.888s] [ 14%] [32mBuilding CXX object CMakeFiles/cartographer.dir/cartographer/common/internal/testing/thread_pool_for_testing.cc.o[0m
[0.889s] [ 14%] [32mBuilding CXX object CMakeFiles/cartographer.dir/cartographer/io/hybrid_grid_points_processor.cc.o[0m
[0.889s] [ 15%] [32mBuilding CXX object CMakeFiles/cartographer.dir/cartographer/io/internal/in_memory_proto_stream.cc.o[0m
[0.889s] [ 14%] [32mBuilding CXX object CMakeFiles/cartographer.dir/cartographer/io/color.cc.o[0m
[0.889s] [ 14%] [32mBuilding CXX object CMakeFiles/cartographer.dir/cartographer/ground_truth/autogenerate_ground_truth.cc.o[0m
[0.889s] [ 15%] [32mBuilding CXX object CMakeFiles/cartographer.dir/cartographer/io/coloring_points_processor.cc.o[0m
[0.889s] [ 16%] [32mBuilding CXX object CMakeFiles/cartographer.dir/cartographer/io/fixed_ratio_sampling_points_processor.cc.o[0m
[0.889s] [ 17%] [32mBuilding CXX object CMakeFiles/cartographer.dir/cartographer/io/intensity_to_color_points_processor.cc.o[0m
[0.889s] [ 17%] [32mBuilding CXX object CMakeFiles/cartographer.dir/cartographer/io/frame_id_filtering_points_processor.cc.o[0m
[0.889s] [ 17%] [32mBuilding CXX object CMakeFiles/cartographer.dir/cartographer/io/image.cc.o[0m
[1.133s] [01mRunning Sphinx v7.2.6[39;49;00m
[1.429s] [01mmaking output directory... [39;49;00mdone
[1.443s] [01mbuilding [mo]: [39;49;00mtargets for 0 po files that are out of date
[1.444s] [01mwriting output... [39;49;00m
[1.444s] [01mbuilding [html]: [39;49;00mtargets for 6 source files that are out of date
[1.444s] [01mupdating environment: [39;49;00m[new config] 6 added, 0 changed, 0 removed
[1.600s] [2K[01mreading sources... [39;49;00m[ 17%] [35mconfiguration[39;49;00m
[1.636s] [2K[01mreading sources... [39;49;00m[ 33%] [35mcost_functions[39;49;00m
[1.658s] [2K[01mreading sources... [39;49;00m[ 50%] [35mevaluation[39;49;00m
[1.699s] [2K[01mreading sources... [39;49;00m[ 67%] [35mindex[39;49;00m
[1.714s] [2K[01mreading sources... [39;49;00m[ 83%] [35mpbstream_migration[39;49;00m
[1.737s] [2K[01mreading sources... [39;49;00m[100%] [35mterminology[39;49;00m
[1.738s] 
[1.739s] [01mlooking for now-outdated files... [39;49;00mnone found
[1.771s] [01mpickling environment... [39;49;00mdone
[1.771s] [01mchecking consistency... [39;49;00mdone
[1.777s] [01mpreparing documents... [39;49;00mdone
[1.827s] [01mcopying assets... [39;49;00m[01mcopying static files... [39;49;00mdone
[1.827s] [01mcopying extra files... [39;49;00mdone
[1.827s] done
[1.909s] [2K[01mwriting output... [39;49;00m[ 17%] [32mconfiguration[39;49;00m
[1.926s] [2K[01mwriting output... [39;49;00m[ 33%] [32mcost_functions[39;49;00m
[1.987s] [2K[01mwriting output... [39;49;00m[ 50%] [32mevaluation[39;49;00m
[2.025s] [2K[01mwriting output... [39;49;00m[ 67%] [32mindex[39;49;00m
[2.104s] [2K[01mwriting output... [39;49;00m[ 83%] [32mpbstream_migration[39;49;00m
[2.128s] [2K[01mwriting output... [39;49;00m[100%] [32mterminology[39;49;00m
[2.129s] 
[2.158s] [01mgenerating indices... [39;49;00mgenindex done
[2.177s] [01mwriting additional pages... [39;49;00msearch done
[2.177s] [2K[01mcopying images... [39;49;00m[ 50%] [33mautogenerate_groundtruth.png[39;49;00m
[2.178s] [2K[01mcopying images... [39;49;00m[100%] [33mhigh_level_system_overview.png[39;49;00m
[2.178s] 
[2.183s] [01mdumping search index in English (code: en)... [39;49;00mdone
[2.184s] [01mdumping object inventory... [39;49;00mdone
[2.184s] [01mbuild succeeded.[39;49;00m
[2.184s] 
[2.184s] The HTML pages are in html.
[2.494s] [ 17%] [32mBuilding CXX object CMakeFiles/cartographer.dir/cartographer/io/internal/mapping_state_serialization.cc.o[0m
[2.704s] [ 17%] [32mBuilding CXX object CMakeFiles/cartographer.dir/cartographer/io/internal/pbstream_info.cc.o[0m
[2.743s] [ 18%] [32mBuilding CXX object CMakeFiles/cartographer.dir/cartographer/io/internal/pbstream_migrate.cc.o[0m
[2.823s] [ 18%] [32mBuilding CXX object CMakeFiles/cartographer.dir/cartographer/io/min_max_range_filtering_points_processor.cc.o[0m
[3.393s] [ 18%] Built target build_doc
[3.395s] [ 18%] [32mBuilding CXX object CMakeFiles/cartographer.dir/cartographer/io/outlier_removing_points_processor.cc.o[0m
[3.426s] [ 18%] [32mBuilding CXX object CMakeFiles/cartographer.dir/cartographer/io/pcd_writing_points_processor.cc.o[0m
[3.442s] [ 19%] [32mBuilding CXX object CMakeFiles/cartographer.dir/cartographer/io/ply_writing_points_processor.cc.o[0m
[3.451s] [ 19%] [32mBuilding CXX object CMakeFiles/cartographer.dir/cartographer/io/points_batch.cc.o[0m
[3.873s] [ 19%] [32mBuilding CXX object CMakeFiles/cartographer.dir/cartographer/io/points_processor_pipeline_builder.cc.o[0m
[4.195s] [ 19%] [32mBuilding CXX object CMakeFiles/cartographer.dir/cartographer/io/probability_grid_points_processor.cc.o[0m
[4.947s] [ 20%] [32mBuilding CXX object CMakeFiles/cartographer.dir/cartographer/io/proto_stream.cc.o[0m
[5.283s] [ 20%] [32mBuilding CXX object CMakeFiles/cartographer.dir/cartographer/io/proto_stream_deserializer.cc.o[0m
[6.040s] [ 20%] [32mBuilding CXX object CMakeFiles/cartographer.dir/cartographer/io/serialization_format_migration.cc.o[0m
[6.898s] [ 21%] [32mBuilding CXX object CMakeFiles/cartographer.dir/cartographer/io/submap_painter.cc.o[0m
[7.304s] [ 21%] [32mBuilding CXX object CMakeFiles/cartographer.dir/cartographer/io/vertical_range_filtering_points_processor.cc.o[0m
[7.377s] [ 21%] [32mBuilding CXX object CMakeFiles/cartographer.dir/cartographer/io/xray_points_processor.cc.o[0m
[7.685s] [ 21%] [32mBuilding CXX object CMakeFiles/cartographer.dir/cartographer/io/xyz_writing_points_processor.cc.o[0m
[8.056s] [ 22%] [32mBuilding CXX object CMakeFiles/cartographer.dir/cartographer/mapping/2d/grid_2d.cc.o[0m
[8.191s] [ 22%] [32mBuilding CXX object CMakeFiles/cartographer.dir/cartographer/mapping/2d/probability_grid.cc.o[0m
[8.333s] [ 22%] [32mBuilding CXX object CMakeFiles/cartographer.dir/cartographer/mapping/2d/probability_grid_range_data_inserter_2d.cc.o[0m
[9.333s] [ 22%] [32mBuilding CXX object CMakeFiles/cartographer.dir/cartographer/mapping/2d/submap_2d.cc.o[0m
[9.442s] [ 23%] [32mBuilding CXX object CMakeFiles/cartographer.dir/cartographer/mapping/3d/range_data_inserter_3d.cc.o[0m
[10.290s] [ 23%] [32mBuilding CXX object CMakeFiles/cartographer.dir/cartographer/mapping/3d/submap_3d.cc.o[0m
[11.248s] [ 23%] [32mBuilding CXX object CMakeFiles/cartographer.dir/cartographer/mapping/detect_floors.cc.o[0m
[11.637s] [ 23%] [32mBuilding CXX object CMakeFiles/cartographer.dir/cartographer/mapping/imu_tracker.cc.o[0m
[11.673s] [ 24%] [32mBuilding CXX object CMakeFiles/cartographer.dir/cartographer/mapping/internal/2d/local_slam_result_2d.cc.o[0m
[11.713s] [ 24%] [32mBuilding CXX object CMakeFiles/cartographer.dir/cartographer/mapping/internal/2d/local_trajectory_builder_2d.cc.o[0m
[12.358s] [ 24%] [32mBuilding CXX object CMakeFiles/cartographer.dir/cartographer/mapping/internal/2d/normal_estimation_2d.cc.o[0m
[12.359s] [ 24%] [32mBuilding CXX object CMakeFiles/cartographer.dir/cartographer/mapping/internal/2d/local_trajectory_builder_options_2d.cc.o[0m
[12.366s] [ 25%] [32mBuilding CXX object CMakeFiles/cartographer.dir/cartographer/mapping/internal/2d/overlapping_submaps_trimmer_2d.cc.o[0m
[13.098s] [ 25%] [32mBuilding CXX object CMakeFiles/cartographer.dir/cartographer/mapping/internal/2d/pose_graph_2d.cc.o[0m
[13.850s] [ 25%] [32mBuilding CXX object CMakeFiles/cartographer.dir/cartographer/mapping/internal/2d/ray_to_pixel_mask.cc.o[0m
[15.154s] [ 25%] [32mBuilding CXX object CMakeFiles/cartographer.dir/cartographer/mapping/internal/2d/scan_matching/ceres_scan_matcher_2d.cc.o[0m
[15.253s] [ 26%] [32mBuilding CXX object CMakeFiles/cartographer.dir/cartographer/mapping/internal/2d/scan_matching/fast_correlative_scan_matcher_2d.cc.o[0m
[15.253s] [ 26%] [32mBuilding CXX object CMakeFiles/cartographer.dir/cartographer/mapping/internal/2d/scan_matching/correlative_scan_matcher_2d.cc.o[0m
[15.423s] [ 26%] [32mBuilding CXX object CMakeFiles/cartographer.dir/cartographer/mapping/internal/2d/scan_matching/occupied_space_cost_function_2d.cc.o[0m
[15.780s] [ 26%] [32mBuilding CXX object CMakeFiles/cartographer.dir/cartographer/mapping/internal/2d/scan_matching/real_time_correlative_scan_matcher_2d.cc.o[0m
[15.996s] [ 27%] [32mBuilding CXX object CMakeFiles/cartographer.dir/cartographer/mapping/internal/2d/scan_matching/tsdf_match_cost_function_2d.cc.o[0m
[16.849s] [ 27%] [32mBuilding CXX object CMakeFiles/cartographer.dir/cartographer/mapping/internal/2d/tsd_value_converter.cc.o[0m
[17.401s] [ 27%] [32mBuilding CXX object CMakeFiles/cartographer.dir/cartographer/mapping/internal/2d/tsdf_2d.cc.o[0m
[17.712s] [ 27%] [32mBuilding CXX object CMakeFiles/cartographer.dir/cartographer/mapping/internal/2d/tsdf_range_data_inserter_2d.cc.o[0m
[17.765s] [ 28%] [32mBuilding CXX object CMakeFiles/cartographer.dir/cartographer/mapping/internal/3d/local_slam_result_3d.cc.o[0m
[17.911s] [ 28%] [32mBuilding CXX object CMakeFiles/cartographer.dir/cartographer/mapping/internal/3d/local_trajectory_builder_3d.cc.o[0m
[18.001s] [ 28%] [32m[1mLinking CXX static library ../lib/libgtest.a[0m
[18.025s] [ 28%] [32mBuilding CXX object CMakeFiles/cartographer.dir/cartographer/mapping/internal/3d/local_trajectory_builder_options_3d.cc.o[0m
[18.065s] [ 28%] Built target gtest
[18.076s] [ 28%] [32mBuilding CXX object CMakeFiles/cartographer.dir/cartographer/mapping/internal/3d/pose_graph_3d.cc.o[0m
[18.237s] [ 29%] [32mBuilding CXX object gmock/CMakeFiles/gmock.dir/src/gmock-all.cc.o[0m
[18.246s] [ 30%] [32mBuilding CXX object CMakeFiles/cartographer.dir/cartographer/mapping/internal/3d/scan_matching/ceres_scan_matcher_3d.cc.o[0m
[18.699s] [ 30%] [32mBuilding CXX object CMakeFiles/cartographer.dir/cartographer/mapping/internal/3d/scan_matching/fast_correlative_scan_matcher_3d.cc.o[0m
[18.722s] [ 30%] [32mBuilding CXX object CMakeFiles/cartographer.dir/cartographer/mapping/internal/3d/scan_matching/intensity_cost_function_3d.cc.o[0m
[19.977s] [ 30%] [32mBuilding CXX object CMakeFiles/cartographer.dir/cartographer/mapping/internal/3d/scan_matching/low_resolution_matcher.cc.o[0m
[20.048s] [ 31%] [32mBuilding CXX object CMakeFiles/cartographer.dir/cartographer/mapping/internal/3d/scan_matching/precomputation_grid_3d.cc.o[0m
[20.375s] [ 31%] [32mBuilding CXX object CMakeFiles/cartographer.dir/cartographer/mapping/internal/3d/scan_matching/real_time_correlative_scan_matcher_3d.cc.o[0m
[21.277s] [ 31%] [32mBuilding CXX object CMakeFiles/cartographer.dir/cartographer/mapping/internal/3d/scan_matching/rotational_scan_matcher.cc.o[0m
[21.344s] [ 32%] [32mBuilding CXX object CMakeFiles/cartographer.dir/cartographer/mapping/internal/collated_trajectory_builder.cc.o[0m
[21.394s] [ 32%] [32mBuilding CXX object CMakeFiles/cartographer.dir/cartographer/mapping/internal/connected_components.cc.o[0m
[21.553s] [ 32%] [32mBuilding CXX object CMakeFiles/cartographer.dir/cartographer/mapping/internal/constraints/constraint_builder.cc.o[0m
[21.945s] [ 32%] [32mBuilding CXX object CMakeFiles/cartographer.dir/cartographer/mapping/internal/constraints/constraint_builder_2d.cc.o[0m
[22.327s] [ 33%] [32mBuilding CXX object CMakeFiles/cartographer.dir/cartographer/mapping/internal/constraints/constraint_builder_3d.cc.o[0m
[22.349s] [ 33%] [32m[1mLinking CXX static library ../lib/libgmock.a[0m
[22.406s] [ 33%] Built target gmock
[22.422s] [ 33%] [32mBuilding CXX object CMakeFiles/cartographer.dir/cartographer/mapping/internal/eigen_quaterniond_from_two_vectors.cc.o[0m
[22.800s] [ 33%] [32mBuilding CXX object gmock/CMakeFiles/gmock_main.dir/src/gmock_main.cc.o[0m
[23.365s] [ 33%] [32mBuilding CXX object CMakeFiles/cartographer.dir/cartographer/mapping/internal/global_trajectory_builder.cc.o[0m
[23.382s] [ 33%] [32mBuilding CXX object CMakeFiles/cartographer.dir/cartographer/mapping/internal/imu_based_pose_extrapolator.cc.o[0m
[23.709s] [ 34%] [32mBuilding CXX object CMakeFiles/cartographer.dir/cartographer/mapping/internal/motion_filter.cc.o[0m
[23.865s] [ 34%] [32mBuilding CXX object CMakeFiles/cartographer.dir/cartographer/mapping/internal/optimization/ceres_pose.cc.o[0m
[24.341s] [ 34%] [32m[1mLinking CXX static library ../lib/libgmock_main.a[0m
[24.396s] [ 34%] Built target gmock_main
[24.407s] [ 34%] [32mBuilding CXX object CMakeFiles/cartographer.dir/cartographer/mapping/internal/optimization/cost_functions/spa_cost_function_2d.cc.o[0m
[24.572s] [ 34%] [32mBuilding CXX object CMakeFiles/cartographer.dir/cartographer/mapping/internal/optimization/optimization_problem_2d.cc.o[0m
[25.071s] [ 35%] [32mBuilding CXX object CMakeFiles/cartographer.dir/cartographer/mapping/internal/optimization/optimization_problem_3d.cc.o[0m
[25.491s] [ 35%] [32mBuilding CXX object CMakeFiles/cartographer.dir/cartographer/mapping/internal/optimization/optimization_problem_options.cc.o[0m
[25.546s] [ 35%] [32mBuilding CXX object CMakeFiles/cartographer.dir/cartographer/mapping/internal/range_data_collator.cc.o[0m
[25.806s] [ 35%] [32mBuilding CXX object CMakeFiles/cartographer.dir/cartographer/mapping/internal/scan_matching/real_time_correlative_scan_matcher.cc.o[0m
[26.475s] [ 36%] [32mBuilding CXX object CMakeFiles/cartographer.dir/cartographer/mapping/internal/submap_controller.cc.o[0m
[26.502s] [ 36%] [32mBuilding CXX object CMakeFiles/cartographer.dir/cartographer/mapping/internal/trajectory_connectivity_state.cc.o[0m
[26.939s] [ 36%] [32mBuilding CXX object CMakeFiles/cartographer.dir/cartographer/mapping/map_builder.cc.o[0m
[27.284s] [ 36%] [32mBuilding CXX object CMakeFiles/cartographer.dir/cartographer/mapping/map_builder_interface.cc.o[0m
[27.384s] [ 37%] [32mBuilding CXX object CMakeFiles/cartographer.dir/cartographer/mapping/pose_extrapolator.cc.o[0m
[27.768s] [ 37%] [32mBuilding CXX object CMakeFiles/cartographer.dir/cartographer/mapping/pose_extrapolator_interface.cc.o[0m
[27.853s] [ 37%] [32mBuilding CXX object CMakeFiles/cartographer.dir/cartographer/mapping/pose_graph.cc.o[0m
[27.943s] [ 37%] [32mBuilding CXX object CMakeFiles/cartographer.dir/cartographer/mapping/pose_graph_trimmer.cc.o[0m
[28.190s] [ 38%] [32mBuilding CXX object CMakeFiles/cartographer.dir/cartographer/mapping/probability_values.cc.o[0m
[28.347s] [ 38%] [32mBuilding CXX object CMakeFiles/cartographer.dir/cartographer/mapping/range_data_inserter_interface.cc.o[0m
[28.600s] [ 38%] [32mBuilding CXX object CMakeFiles/cartographer.dir/cartographer/mapping/trajectory_builder_interface.cc.o[0m
[29.585s] [ 38%] [32mBuilding CXX object CMakeFiles/cartographer.dir/cartographer/mapping/trajectory_node.cc.o[0m
[29.844s] [ 39%] [32mBuilding CXX object CMakeFiles/cartographer.dir/cartographer/mapping/value_conversion_tables.cc.o[0m
[30.503s] [ 39%] [32mBuilding CXX object CMakeFiles/cartographer.dir/cartographer/metrics/counter.cc.o[0m
[30.669s] [ 39%] [32mBuilding CXX object CMakeFiles/cartographer.dir/cartographer/metrics/gauge.cc.o[0m
[30.750s] [ 39%] [32mBuilding CXX object CMakeFiles/cartographer.dir/cartographer/metrics/histogram.cc.o[0m
[30.835s] [ 40%] [32mBuilding CXX object CMakeFiles/cartographer.dir/cartographer/metrics/register.cc.o[0m
[31.370s] [ 40%] [32mBuilding CXX object CMakeFiles/cartographer.dir/cartographer/sensor/compressed_point_cloud.cc.o[0m
[31.467s] [ 40%] [32mBuilding CXX object CMakeFiles/cartographer.dir/cartographer/sensor/fixed_frame_pose_data.cc.o[0m
[31.601s] [ 40%] [32mBuilding CXX object CMakeFiles/cartographer.dir/cartographer/sensor/imu_data.cc.o[0m
[31.636s] [ 41%] [32mBuilding CXX object CMakeFiles/cartographer.dir/cartographer/sensor/internal/collator.cc.o[0m
[32.059s] [ 41%] [32mBuilding CXX object CMakeFiles/cartographer.dir/cartographer/sensor/internal/ordered_multi_queue.cc.o[0m
[32.272s] [ 41%] [32mBuilding CXX object CMakeFiles/cartographer.dir/cartographer/sensor/internal/trajectory_collator.cc.o[0m
[32.432s] [ 42%] [32mBuilding CXX object CMakeFiles/cartographer.dir/cartographer/sensor/internal/voxel_filter.cc.o[0m
[32.790s] [ 42%] [32mBuilding CXX object CMakeFiles/cartographer.dir/cartographer/sensor/landmark_data.cc.o[0m
[32.994s] [ 42%] [32mBuilding CXX object CMakeFiles/cartographer.dir/cartographer/sensor/odometry_data.cc.o[0m
[33.033s] [ 42%] [32mBuilding CXX object CMakeFiles/cartographer.dir/cartographer/sensor/point_cloud.cc.o[0m
[33.121s] [ 43%] [32mBuilding CXX object CMakeFiles/cartographer.dir/cartographer/sensor/range_data.cc.o[0m
[33.243s] [ 43%] [32mBuilding CXX object CMakeFiles/cartographer.dir/cartographer/sensor/timed_point_cloud_data.cc.o[0m
[33.321s] [ 43%] [32mBuilding CXX object CMakeFiles/cartographer.dir/cartographer/transform/rigid_transform.cc.o[0m
[33.355s] [ 43%] [32mBuilding CXX object CMakeFiles/cartographer.dir/cartographer/transform/timestamped_transform.cc.o[0m
[34.175s] [ 44%] [32mBuilding CXX object CMakeFiles/cartographer.dir/cartographer/transform/transform.cc.o[0m
[34.187s] [ 44%] [32mBuilding CXX object CMakeFiles/cartographer.dir/cartographer/transform/transform_interpolation_buffer.cc.o[0m
[34.360s] [ 44%] [32mBuilding CXX object CMakeFiles/cartographer.dir/cartographer/common/proto/ceres_solver_options.pb.cc.o[0m
[35.101s] [ 44%] [32mBuilding CXX object CMakeFiles/cartographer.dir/cartographer/ground_truth/proto/relations.pb.cc.o[0m
[35.240s] [ 45%] [32mBuilding CXX object CMakeFiles/cartographer.dir/cartographer/mapping/proto/cell_limits_2d.pb.cc.o[0m
[35.606s] [ 45%] [32mBuilding CXX object CMakeFiles/cartographer.dir/cartographer/mapping/proto/connected_components.pb.cc.o[0m
[35.851s] [ 45%] [32mBuilding CXX object CMakeFiles/cartographer.dir/cartographer/mapping/proto/grid_2d.pb.cc.o[0m
[35.886s] [ 45%] [32mBuilding CXX object CMakeFiles/cartographer.dir/cartographer/mapping/proto/grid_2d_options.pb.cc.o[0m
[36.438s] [ 46%] [32mBuilding CXX object CMakeFiles/cartographer.dir/cartographer/mapping/proto/hybrid_grid.pb.cc.o[0m
[36.456s] [ 46%] [32mBuilding CXX object CMakeFiles/cartographer.dir/cartographer/mapping/proto/local_trajectory_builder_options_2d.pb.cc.o[0m
[36.970s] [ 46%] [32mBuilding CXX object CMakeFiles/cartographer.dir/cartographer/mapping/proto/local_trajectory_builder_options_3d.pb.cc.o[0m
[37.030s] [ 46%] [32mBuilding CXX object CMakeFiles/cartographer.dir/cartographer/mapping/proto/map_builder_options.pb.cc.o[0m
[37.063s] [ 47%] [32mBuilding CXX object CMakeFiles/cartographer.dir/cartographer/mapping/proto/map_limits.pb.cc.o[0m
[37.071s] [ 47%] [32mBuilding CXX object CMakeFiles/cartographer.dir/cartographer/mapping/proto/motion_filter_options.pb.cc.o[0m
[37.400s] [ 47%] [32mBuilding CXX object CMakeFiles/cartographer.dir/cartographer/mapping/proto/normal_estimation_options_2d.pb.cc.o[0m
[37.459s] [ 47%] [32mBuilding CXX object CMakeFiles/cartographer.dir/cartographer/mapping/proto/pose_extrapolator_options.pb.cc.o[0m
[37.588s] [ 48%] [32mBuilding CXX object CMakeFiles/cartographer.dir/cartographer/mapping/proto/pose_graph.pb.cc.o[0m
[37.618s] [ 48%] [32mBuilding CXX object CMakeFiles/cartographer.dir/cartographer/mapping/proto/pose_graph/constraint_builder_options.pb.cc.o[0m
[37.739s] [ 48%] [32mBuilding CXX object CMakeFiles/cartographer.dir/cartographer/mapping/proto/pose_graph/optimization_problem_options.pb.cc.o[0m
[37.766s] [ 48%] [32mBuilding CXX object CMakeFiles/cartographer.dir/cartographer/mapping/proto/pose_graph_options.pb.cc.o[0m
[37.864s] [ 49%] [32mBuilding CXX object CMakeFiles/cartographer.dir/cartographer/mapping/proto/probability_grid.pb.cc.o[0m
[37.877s] [ 49%] [32mBuilding CXX object CMakeFiles/cartographer.dir/cartographer/mapping/proto/probability_grid_range_data_inserter_options_2d.pb.cc.o[0m
[38.022s] [ 49%] [32mBuilding CXX object CMakeFiles/cartographer.dir/cartographer/mapping/proto/range_data_inserter_options.pb.cc.o[0m
[38.026s] [ 49%] [32mBuilding CXX object CMakeFiles/cartographer.dir/cartographer/mapping/proto/range_data_inserter_options_3d.pb.cc.o[0m
[38.321s] [ 50%] [32mBuilding CXX object CMakeFiles/cartographer.dir/cartographer/mapping/proto/scan_matching/ceres_scan_matcher_options_2d.pb.cc.o[0m
[38.331s] [ 50%] [32mBuilding CXX object CMakeFiles/cartographer.dir/cartographer/mapping/proto/scan_matching/ceres_scan_matcher_options_3d.pb.cc.o[0m
[38.358s] [ 50%] [32mBuilding CXX object CMakeFiles/cartographer.dir/cartographer/mapping/proto/scan_matching/fast_correlative_scan_matcher_options_3d.pb.cc.o[0m
[38.358s] [ 50%] [32mBuilding CXX object CMakeFiles/cartographer.dir/cartographer/mapping/proto/scan_matching/fast_correlative_scan_matcher_options_2d.pb.cc.o[0m
[38.392s] [ 51%] [32mBuilding CXX object CMakeFiles/cartographer.dir/cartographer/mapping/proto/scan_matching/real_time_correlative_scan_matcher_options.pb.cc.o[0m
[38.402s] [ 51%] [32mBuilding CXX object CMakeFiles/cartographer.dir/cartographer/mapping/proto/serialization.pb.cc.o[0m
[38.614s] [ 51%] [32mBuilding CXX object CMakeFiles/cartographer.dir/cartographer/mapping/proto/submap.pb.cc.o[0m
[38.618s] [ 52%] [32mBuilding CXX object CMakeFiles/cartographer.dir/cartographer/mapping/proto/submap_visualization.pb.cc.o[0m
[38.721s] [ 52%] [32mBuilding CXX object CMakeFiles/cartographer.dir/cartographer/mapping/proto/submaps_options_2d.pb.cc.o[0m
[38.856s] [ 52%] [32mBuilding CXX object CMakeFiles/cartographer.dir/cartographer/mapping/proto/submaps_options_3d.pb.cc.o[0m
[38.933s] [ 52%] [32mBuilding CXX object CMakeFiles/cartographer.dir/cartographer/mapping/proto/trajectory.pb.cc.o[0m
[39.004s] [ 53%] [32mBuilding CXX object CMakeFiles/cartographer.dir/cartographer/mapping/proto/trajectory_builder_options.pb.cc.o[0m
[39.023s] [ 53%] [32mBuilding CXX object CMakeFiles/cartographer.dir/cartographer/mapping/proto/trajectory_node_data.pb.cc.o[0m
[39.095s] [ 53%] [32mBuilding CXX object CMakeFiles/cartographer.dir/cartographer/mapping/proto/tsdf_2d.pb.cc.o[0m
[39.114s] [ 53%] [32mBuilding CXX object CMakeFiles/cartographer.dir/cartographer/mapping/proto/tsdf_range_data_inserter_options_2d.pb.cc.o[0m
[39.114s] [ 54%] [32mBuilding CXX object CMakeFiles/cartographer.dir/cartographer/sensor/proto/adaptive_voxel_filter_options.pb.cc.o[0m
[39.170s] [ 54%] [32mBuilding CXX object CMakeFiles/cartographer.dir/cartographer/sensor/proto/sensor.pb.cc.o[0m
[39.282s] [ 54%] [32mBuilding CXX object CMakeFiles/cartographer.dir/cartographer/transform/proto/timestamped_transform.pb.cc.o[0m
[39.307s] [ 54%] [32mBuilding CXX object CMakeFiles/cartographer.dir/cartographer/transform/proto/transform.pb.cc.o[0m
[43.596s] [ 55%] [32m[1mLinking CXX static library libcartographer.a[0m
[43.684s] [ 55%] Built target cartographer
[43.694s] [ 55%] [32mBuilding CXX object CMakeFiles/cartographer_autogenerate_ground_truth.dir/cartographer/ground_truth/autogenerate_ground_truth_main.cc.o[0m
[43.698s] [ 55%] [32mBuilding CXX object CMakeFiles/cartographer_compute_relations_metrics.dir/cartographer/ground_truth/compute_relations_metrics_main.cc.o[0m
[43.698s] [ 55%] [32mBuilding CXX object CMakeFiles/cartographer_test_library.dir/cartographer/io/fake_file_writer.cc.o[0m
[43.698s] [ 55%] [32mBuilding CXX object CMakeFiles/cartographer_test_library.dir/cartographer/io/internal/testing/test_helpers.cc.o[0m
[43.698s] [ 55%] [32mBuilding CXX object CMakeFiles/cartographer_test_library.dir/cartographer/mapping/internal/testing/test_helpers.cc.o[0m
[43.700s] [ 55%] [32mBuilding CXX object CMakeFiles/cartographer_pbstream.dir/cartographer/io/pbstream_main.cc.o[0m
[43.701s] [ 55%] [32mBuilding CXX object CMakeFiles/cartographer_print_configuration.dir/cartographer/common/print_configuration_main.cc.o[0m
[43.701s] [ 56%] [32mBuilding CXX object CMakeFiles/cartographer_test_library.dir/cartographer/io/fake_file_writer_test.cc.o[0m
[44.325s] [ 57%] [32m[1mLinking CXX executable cartographer_pbstream[0m
[44.495s] [ 57%] Built target cartographer_pbstream
[44.673s] [ 57%] [32m[1mLinking CXX executable cartographer_print_configuration[0m
[44.736s] [ 57%] Built target cartographer_print_configuration
[45.583s] [ 58%] [32m[1mLinking CXX executable cartographer_autogenerate_ground_truth[0m
[45.674s] [ 58%] Built target cartographer_autogenerate_ground_truth
[45.981s] [ 58%] [32m[1mLinking CXX executable cartographer_compute_relations_metrics[0m
[46.069s] [ 58%] [32m[1mLinking CXX static library libcartographer_test_library.a[0m
[46.070s] [ 58%] Built target cartographer_compute_relations_metrics
[46.095s] [ 58%] Built target cartographer_test_library
[46.121s] [ 60%] [32mBuilding CXX object CMakeFiles/cartographer.io.proto_stream_test.dir/cartographer/io/proto_stream_test.cc.o[0m
[46.121s] [ 60%] [32mBuilding CXX object CMakeFiles/cartographer.common.task_test.dir/cartographer/common/task_test.cc.o[0m
[46.122s] [ 60%] [32mBuilding CXX object CMakeFiles/cartographer.common.math_test.dir/cartographer/common/math_test.cc.o[0m
[46.122s] [ 60%] [32mBuilding CXX object CMakeFiles/cartographer.common.lua_parameter_dictionary_test.dir/cartographer/common/lua_parameter_dictionary_test.cc.o[0m
[46.122s] [ 60%] [32mBuilding CXX object CMakeFiles/cartographer.common.internal.rate_timer_test.dir/cartographer/common/internal/rate_timer_test.cc.o[0m
[46.122s] [ 60%] [32mBuilding CXX object CMakeFiles/cartographer.common.thread_pool_test.dir/cartographer/common/thread_pool_test.cc.o[0m
[46.122s] [ 60%] [32mBuilding CXX object CMakeFiles/cartographer.io.serialization_format_migration_test.dir/cartographer/io/serialization_format_migration_test.cc.o[0m
[46.122s] [ 60%] [32mBuilding CXX object CMakeFiles/cartographer.io.points_processor_pipeline_builder_test.dir/cartographer/io/points_processor_pipeline_builder_test.cc.o[0m
[46.122s] [ 60%] [32mBuilding CXX object CMakeFiles/cartographer.io.probability_grid_points_processor_test.dir/cartographer/io/probability_grid_points_processor_test.cc.o[0m
[46.122s] [ 61%] [32mBuilding CXX object CMakeFiles/cartographer.mapping.2d.map_limits_test.dir/cartographer/mapping/2d/map_limits_test.cc.o[0m
[46.122s] [ 60%] [32mBuilding CXX object CMakeFiles/cartographer.common.fixed_ratio_sampler_test.dir/cartographer/common/fixed_ratio_sampler_test.cc.o[0m
[46.122s] [ 59%] [32mBuilding CXX object CMakeFiles/cartographer.common.internal.blocking_queue_test.dir/cartographer/common/internal/blocking_queue_test.cc.o[0m
[46.122s] [ 59%] [32mBuilding CXX object CMakeFiles/cartographer.common.configuration_files_test.dir/cartographer/common/configuration_files_test.cc.o[0m
[46.122s] [ 60%] [32mBuilding CXX object CMakeFiles/cartographer.mapping.2d.submap_2d_test.dir/cartographer/mapping/2d/submap_2d_test.cc.o[0m
[46.122s] [ 60%] [32mBuilding CXX object CMakeFiles/cartographer.io.fake_file_writer_test.dir/cartographer/io/fake_file_writer_test.cc.o[0m
[46.122s] [ 61%] [32mBuilding CXX object CMakeFiles/cartographer.mapping.3d.hybrid_grid_test.dir/cartographer/mapping/3d/hybrid_grid_test.cc.o[0m
[46.122s] [ 61%] [32mBuilding CXX object CMakeFiles/cartographer.mapping.2d.xy_index_test.dir/cartographer/mapping/2d/xy_index_test.cc.o[0m
[46.124s] [ 63%] [32mBuilding CXX object CMakeFiles/cartographer.mapping.2d.range_data_inserter_2d_test.dir/cartographer/mapping/2d/range_data_inserter_2d_test.cc.o[0m
[46.124s] [ 61%] [32mBuilding CXX object CMakeFiles/cartographer.mapping.2d.probability_grid_test.dir/cartographer/mapping/2d/probability_grid_test.cc.o[0m
[46.124s] [ 63%] [32mBuilding CXX object CMakeFiles/cartographer.io.proto_stream_deserializer_test.dir/cartographer/io/proto_stream_deserializer_test.cc.o[0m
[46.124s] [ 62%] [32mBuilding CXX object CMakeFiles/cartographer.mapping.3d.range_data_inserter_3d_test.dir/cartographer/mapping/3d/range_data_inserter_3d_test.cc.o[0m
[46.124s] [ 63%] [32mBuilding CXX object CMakeFiles/cartographer.mapping.3d.submap_3d_test.dir/cartographer/mapping/3d/submap_3d_test.cc.o[0m
[46.124s] [ 64%] [32mBuilding CXX object CMakeFiles/cartographer.mapping.id_test.dir/cartographer/mapping/id_test.cc.o[0m
[46.124s] [ 64%] [32mBuilding CXX object CMakeFiles/cartographer.io.internal.in_memory_proto_stream_test.dir/cartographer/io/internal/in_memory_proto_stream_test.cc.o[0m
[48.864s] [ 64%] [32m[1mLinking CXX executable cartographer.io.proto_stream_test[0m
[49.122s] [ 65%] [32m[1mLinking CXX executable cartographer.common.fixed_ratio_sampler_test[0m
[49.148s] [ 66%] [32m[1mLinking CXX executable cartographer.common.thread_pool_test[0m
[49.158s] [ 66%] Built target cartographer.io.proto_stream_test
[49.191s] [ 66%] [32mBuilding CXX object CMakeFiles/cartographer.mapping.imu_tracker_test.dir/cartographer/mapping/imu_tracker_test.cc.o[0m
[49.361s] [ 66%] Built target cartographer.common.fixed_ratio_sampler_test
[49.384s] [ 66%] Built target cartographer.common.thread_pool_test
[49.391s] [ 67%] [32mBuilding CXX object CMakeFiles/cartographer.mapping.internal.2d.normal_estimation_2d_test.dir/cartographer/mapping/internal/2d/normal_estimation_2d_test.cc.o[0m
[49.405s] [ 67%] [32mBuilding CXX object CMakeFiles/cartographer.mapping.internal.2d.overlapping_submaps_trimmer_2d_test.dir/cartographer/mapping/internal/2d/overlapping_submaps_trimmer_2d_test.cc.o[0m
[49.468s] [ 67%] [32m[1mLinking CXX executable cartographer.io.fake_file_writer_test[0m
[49.704s] [ 67%] Built target cartographer.io.fake_file_writer_test
[49.755s] [ 68%] [32mBuilding CXX object CMakeFiles/cartographer.mapping.internal.2d.pose_graph_2d_test.dir/cartographer/mapping/internal/2d/pose_graph_2d_test.cc.o[0m
[50.147s] [ 68%] [32m[1mLinking CXX executable cartographer.common.internal.blocking_queue_test[0m
[50.414s] [ 68%] Built target cartographer.common.internal.blocking_queue_test
[50.449s] [ 68%] [32mBuilding CXX object CMakeFiles/cartographer.mapping.internal.2d.ray_to_pixel_mask_test.dir/cartographer/mapping/internal/2d/ray_to_pixel_mask_test.cc.o[0m
[50.607s] [ 68%] [32m[1mLinking CXX executable cartographer.common.lua_parameter_dictionary_test[0m
[50.631s] [ 69%] [32m[1mLinking CXX executable cartographer.io.internal.in_memory_proto_stream_test[0m
[50.684s] [ 70%] [32m[1mLinking CXX executable cartographer.common.math_test[0m
[50.871s] [ 71%] [32m[1mLinking CXX executable cartographer.common.internal.rate_timer_test[0m
[50.879s] [ 71%] Built target cartographer.common.lua_parameter_dictionary_test
[50.915s] [ 72%] [32mBuilding CXX object CMakeFiles/cartographer.mapping.internal.2d.scan_matching.ceres_scan_matcher_2d_test.dir/cartographer/mapping/internal/2d/scan_matching/ceres_scan_matcher_2d_test.cc.o[0m
[50.937s] [ 72%] Built target cartographer.common.math_test
[50.972s] [ 72%] [32m[1mLinking CXX executable cartographer.common.task_test[0m
[50.977s] [ 72%] [32mBuilding CXX object CMakeFiles/cartographer.mapping.internal.2d.scan_matching.correlative_scan_matcher_test.dir/cartographer/mapping/internal/2d/scan_matching/correlative_scan_matcher_test.cc.o[0m
[51.007s] [ 72%] Built target cartographer.io.internal.in_memory_proto_stream_test
[51.046s] [ 73%] [32mBuilding CXX object CMakeFiles/cartographer.mapping.internal.2d.scan_matching.fast_correlative_scan_matcher_2d_test.dir/cartographer/mapping/internal/2d/scan_matching/fast_correlative_scan_matcher_2d_test.cc.o[0m
[51.121s] [ 73%] Built target cartographer.common.internal.rate_timer_test
[51.156s] [ 73%] [32mBuilding CXX object CMakeFiles/cartographer.mapping.internal.2d.scan_matching.interpolated_tsdf_2d_test.dir/cartographer/mapping/internal/2d/scan_matching/interpolated_tsdf_2d_test.cc.o[0m
[51.211s] [ 73%] [32m[1mLinking CXX executable cartographer.mapping.2d.xy_index_test[0m
[51.239s] [ 73%] Built target cartographer.common.task_test
[51.273s] [ 73%] [32mBuilding CXX object CMakeFiles/cartographer.mapping.internal.2d.scan_matching.occupied_space_cost_function_2d_test.dir/cartographer/mapping/internal/2d/scan_matching/occupied_space_cost_function_2d_test.cc.o[0m
[51.504s] [ 73%] Built target cartographer.mapping.2d.xy_index_test
[51.544s] [ 73%] [32mBuilding CXX object CMakeFiles/cartographer.mapping.internal.2d.scan_matching.real_time_correlative_scan_matcher_2d_test.dir/cartographer/mapping/internal/2d/scan_matching/real_time_correlative_scan_matcher_2d_test.cc.o[0m
[51.637s] [ 73%] [32m[1mLinking CXX executable cartographer.io.proto_stream_deserializer_test[0m
[51.853s] [ 73%] [32m[1mLinking CXX executable cartographer.mapping.2d.map_limits_test[0m
[52.024s] [ 73%] Built target cartographer.io.proto_stream_deserializer_test
[52.061s] [ 73%] [32mBuilding CXX object CMakeFiles/cartographer.mapping.internal.2d.scan_matching.tsdf_match_cost_function_2d_test.dir/cartographer/mapping/internal/2d/scan_matching/tsdf_match_cost_function_2d_test.cc.o[0m
[52.108s] [ 73%] [32m[1mLinking CXX executable cartographer.io.points_processor_pipeline_builder_test[0m
[52.155s] [ 73%] Built target cartographer.mapping.2d.map_limits_test
[52.189s] [ 73%] [32mBuilding CXX object CMakeFiles/cartographer.mapping.internal.2d.tsd_value_converter_test.dir/cartographer/mapping/internal/2d/tsd_value_converter_test.cc.o[0m
[52.492s] [ 73%] Built target cartographer.io.points_processor_pipeline_builder_test
[52.524s] [ 73%] [32mBuilding CXX object CMakeFiles/cartographer.mapping.internal.2d.tsdf_2d_test.dir/cartographer/mapping/internal/2d/tsdf_2d_test.cc.o[0m
[52.582s] [ 73%] [32m[1mLinking CXX executable cartographer.common.configuration_files_test[0m
[52.877s] [ 73%] [32m[1mLinking CXX executable cartographer.mapping.id_test[0m
[52.976s] [ 73%] [32m[1mLinking CXX executable cartographer.mapping.2d.range_data_inserter_2d_test[0m
[53.102s] [ 73%] Built target cartographer.common.configuration_files_test
[53.142s] [ 73%] [32mBuilding CXX object CMakeFiles/cartographer.mapping.internal.2d.tsdf_range_data_inserter_2d_test.dir/cartographer/mapping/internal/2d/tsdf_range_data_inserter_2d_test.cc.o[0m
[53.160s] [ 73%] Built target cartographer.mapping.id_test
[53.198s] [ 73%] [32mBuilding CXX object CMakeFiles/cartographer.mapping.internal.3d.local_trajectory_builder_3d_test.dir/cartographer/mapping/internal/3d/local_trajectory_builder_3d_test.cc.o[0m
[53.316s] [ 73%] Built target cartographer.mapping.2d.range_data_inserter_2d_test
[53.350s] [ 73%] [32mBuilding CXX object CMakeFiles/cartographer.mapping.internal.3d.pose_graph_3d_test.dir/cartographer/mapping/internal/3d/pose_graph_3d_test.cc.o[0m
[53.490s] [ 73%] [32m[1mLinking CXX executable cartographer.mapping.2d.probability_grid_test[0m
[53.506s] [ 73%] [32m[1mLinking CXX executable cartographer.io.serialization_format_migration_test[0m
[53.796s] [ 73%] [32m[1mLinking CXX executable cartographer.mapping.imu_tracker_test[0m
[53.861s] [ 73%] Built target cartographer.mapping.2d.probability_grid_test
[53.897s] [ 73%] [32mBuilding CXX object CMakeFiles/cartographer.mapping.internal.3d.rotation_parameterization_test.dir/cartographer/mapping/internal/3d/rotation_parameterization_test.cc.o[0m
[53.930s] [ 73%] [32m[1mLinking CXX executable cartographer.mapping.internal.3d.rotation_parameterization_test[0m
[54.010s] [ 73%] Built target cartographer.mapping.imu_tracker_test
[54.024s] [ 73%] Built target cartographer.io.serialization_format_migration_test
[54.040s] [ 73%] [32mBuilding CXX object CMakeFiles/cartographer.mapping.internal.3d.scan_matching.ceres_scan_matcher_3d_test.dir/cartographer/mapping/internal/3d/scan_matching/ceres_scan_matcher_3d_test.cc.o[0m
[54.059s] [ 73%] [32mBuilding CXX object CMakeFiles/cartographer.mapping.internal.3d.scan_matching.fast_correlative_scan_matcher_3d_test.dir/cartographer/mapping/internal/3d/scan_matching/fast_correlative_scan_matcher_3d_test.cc.o[0m
[54.160s] [ 73%] [32m[1mLinking CXX executable cartographer.mapping.3d.range_data_inserter_3d_test[0m
[54.172s] [ 73%] Built target cartographer.mapping.internal.3d.rotation_parameterization_test
[54.204s] [ 73%] [32mBuilding CXX object CMakeFiles/cartographer.mapping.internal.3d.scan_matching.intensity_cost_function_3d_test.dir/cartographer/mapping/internal/3d/scan_matching/intensity_cost_function_3d_test.cc.o[0m
[54.453s] [ 73%] Built target cartographer.mapping.3d.range_data_inserter_3d_test
[54.491s] [ 73%] [32mBuilding CXX object CMakeFiles/cartographer.mapping.internal.3d.scan_matching.interpolated_grid_test.dir/cartographer/mapping/internal/3d/scan_matching/interpolated_grid_test.cc.o[0m
[55.334s] [ 73%] [32m[1mLinking CXX executable cartographer.mapping.2d.submap_2d_test[0m
[55.609s] [ 73%] [32m[1mLinking CXX executable cartographer.mapping.3d.submap_3d_test[0m
[55.721s] [ 73%] Built target cartographer.mapping.2d.submap_2d_test
[55.764s] [ 73%] [32mBuilding CXX object CMakeFiles/cartographer.mapping.internal.3d.scan_matching.precomputation_grid_3d_test.dir/cartographer/mapping/internal/3d/scan_matching/precomputation_grid_3d_test.cc.o[0m
[55.842s] [ 74%] [32m[1mLinking CXX executable cartographer.io.probability_grid_points_processor_test[0m
[55.996s] [ 74%] Built target cartographer.mapping.3d.submap_3d_test
[56.053s] [ 74%] [32mBuilding CXX object CMakeFiles/cartographer.mapping.internal.3d.scan_matching.real_time_correlative_scan_matcher_3d_test.dir/cartographer/mapping/internal/3d/scan_matching/real_time_correlative_scan_matcher_3d_test.cc.o[0m
[56.208s] [ 74%] Built target cartographer.io.probability_grid_points_processor_test
[56.240s] [ 74%] [32mBuilding CXX object CMakeFiles/cartographer.mapping.internal.3d.scan_matching.rotation_delta_cost_functor_3d_test.dir/cartographer/mapping/internal/3d/scan_matching/rotation_delta_cost_functor_3d_test.cc.o[0m
[56.564s] [ 74%] [32m[1mLinking CXX executable cartographer.mapping.internal.2d.normal_estimation_2d_test[0m
[56.860s] [ 74%] Built target cartographer.mapping.internal.2d.normal_estimation_2d_test
[56.891s] [ 74%] [32mBuilding CXX object CMakeFiles/cartographer.mapping.internal.3d.scan_matching.rotational_scan_matcher_test.dir/cartographer/mapping/internal/3d/scan_matching/rotational_scan_matcher_test.cc.o[0m
[56.997s] [ 74%] [32m[1mLinking CXX executable cartographer.mapping.3d.hybrid_grid_test[0m
[57.047s] [ 75%] [32m[1mLinking CXX executable cartographer.mapping.internal.2d.tsd_value_converter_test[0m
[57.298s] [ 75%] Built target cartographer.mapping.3d.hybrid_grid_test
[57.299s] [ 75%] Built target cartographer.mapping.internal.2d.tsd_value_converter_test
[57.326s] [ 75%] [32mBuilding CXX object CMakeFiles/cartographer.mapping.internal.constraints.constraint_builder_2d_test.dir/cartographer/mapping/internal/constraints/constraint_builder_2d_test.cc.o[0m
[57.327s] [ 75%] [32mBuilding CXX object CMakeFiles/cartographer.mapping.internal.connected_components_test.dir/cartographer/mapping/internal/connected_components_test.cc.o[0m
[57.343s] [ 75%] [32m[1mLinking CXX executable cartographer.mapping.internal.2d.scan_matching.correlative_scan_matcher_test[0m
[57.544s] [ 76%] [32m[1mLinking CXX executable cartographer.mapping.internal.2d.scan_matching.interpolated_tsdf_2d_test[0m
[57.581s] [ 76%] Built target cartographer.mapping.internal.2d.scan_matching.correlative_scan_matcher_test
[57.617s] [ 77%] [32mBuilding CXX object CMakeFiles/cartographer.mapping.internal.constraints.constraint_builder_3d_test.dir/cartographer/mapping/internal/constraints/constraint_builder_3d_test.cc.o[0m
[57.886s] [ 77%] Built target cartographer.mapping.internal.2d.scan_matching.interpolated_tsdf_2d_test
[57.924s] [ 77%] [32mBuilding CXX object CMakeFiles/cartographer.mapping.internal.motion_filter_test.dir/cartographer/mapping/internal/motion_filter_test.cc.o[0m
[58.371s] [ 77%] [32m[1mLinking CXX executable cartographer.mapping.internal.2d.scan_matching.occupied_space_cost_function_2d_test[0m
[58.454s] [ 77%] [32m[1mLinking CXX executable cartographer.mapping.internal.2d.ray_to_pixel_mask_test[0m
[58.608s] [ 78%] [32m[1mLinking CXX executable cartographer.mapping.internal.2d.scan_matching.real_time_correlative_scan_matcher_2d_test[0m
[58.712s] [ 78%] Built target cartographer.mapping.internal.2d.ray_to_pixel_mask_test
[58.749s] [ 79%] [32mBuilding CXX object CMakeFiles/cartographer.mapping.internal.optimization.cost_functions.landmark_cost_function_2d_test.dir/cartographer/mapping/internal/optimization/cost_functions/landmark_cost_function_2d_test.cc.o[0m
[58.760s] [ 79%] Built target cartographer.mapping.internal.2d.scan_matching.occupied_space_cost_function_2d_test
[58.800s] [ 79%] [32mBuilding CXX object CMakeFiles/cartographer.mapping.internal.optimization.cost_functions.landmark_cost_function_3d_test.dir/cartographer/mapping/internal/optimization/cost_functions/landmark_cost_function_3d_test.cc.o[0m
[58.949s] [ 79%] Built target cartographer.mapping.internal.2d.scan_matching.real_time_correlative_scan_matcher_2d_test
[58.990s] [ 80%] [32mBuilding CXX object CMakeFiles/cartographer.mapping.internal.optimization.cost_functions.spa_cost_function_2d_test.dir/cartographer/mapping/internal/optimization/cost_functions/spa_cost_function_2d_test.cc.o[0m
[59.652s] [ 80%] [32m[1mLinking CXX executable cartographer.mapping.internal.2d.scan_matching.ceres_scan_matcher_2d_test[0m
[59.763s] [ 80%] [32m[1mLinking CXX executable cartographer.mapping.internal.2d.tsdf_2d_test[0m
[60.046s] [ 80%] Built target cartographer.mapping.internal.2d.scan_matching.ceres_scan_matcher_2d_test
[60.080s] [ 80%] [32mBuilding CXX object CMakeFiles/cartographer.mapping.internal.optimization.optimization_problem_3d_test.dir/cartographer/mapping/internal/optimization/optimization_problem_3d_test.cc.o[0m
[60.086s] [ 80%] Built target cartographer.mapping.internal.2d.tsdf_2d_test
[60.142s] [ 81%] [32mBuilding CXX object CMakeFiles/cartographer.mapping.internal.range_data_collator_test.dir/cartographer/mapping/internal/range_data_collator_test.cc.o[0m
[60.345s] [ 81%] [32m[1mLinking CXX executable cartographer.mapping.internal.2d.scan_matching.tsdf_match_cost_function_2d_test[0m
[60.560s] [ 81%] Built target cartographer.mapping.internal.2d.scan_matching.tsdf_match_cost_function_2d_test
[60.601s] [ 81%] [32mBuilding CXX object CMakeFiles/cartographer.mapping.internal.trajectory_connectivity_state_test.dir/cartographer/mapping/internal/trajectory_connectivity_state_test.cc.o[0m
[60.821s] [ 81%] [32m[1mLinking CXX executable cartographer.mapping.internal.2d.overlapping_submaps_trimmer_2d_test[0m
[61.076s] [ 81%] [32m[1mLinking CXX executable cartographer.mapping.internal.3d.scan_matching.interpolated_grid_test[0m
[61.316s] [ 81%] Built target cartographer.mapping.internal.2d.overlapping_submaps_trimmer_2d_test
[61.333s] [ 82%] Built target cartographer.mapping.internal.3d.scan_matching.interpolated_grid_test
[61.333s] [ 82%] [32m[1mLinking CXX executable cartographer.mapping.internal.3d.scan_matching.rotation_delta_cost_functor_3d_test[0m
[61.346s] [ 83%] [32mBuilding CXX object CMakeFiles/cartographer.mapping.map_builder_test.dir/cartographer/mapping/map_builder_test.cc.o[0m
[61.361s] [ 83%] [32mBuilding CXX object CMakeFiles/cartographer.mapping.pose_extrapolator_test.dir/cartographer/mapping/pose_extrapolator_test.cc.o[0m
[61.590s] [ 84%] [32m[1mLinking CXX executable cartographer.mapping.internal.3d.scan_matching.intensity_cost_function_3d_test[0m
[61.633s] [ 84%] Built target cartographer.mapping.internal.3d.scan_matching.rotation_delta_cost_functor_3d_test
[61.664s] [ 85%] [32mBuilding CXX object CMakeFiles/cartographer.mapping.pose_graph_test.dir/cartographer/mapping/pose_graph_test.cc.o[0m
[61.886s] [ 85%] Built target cartographer.mapping.internal.3d.scan_matching.intensity_cost_function_3d_test
[61.938s] [ 85%] [32mBuilding CXX object CMakeFiles/cartographer.mapping.pose_graph_trimmer_test.dir/cartographer/mapping/pose_graph_trimmer_test.cc.o[0m
[61.955s] [ 86%] [32m[1mLinking CXX executable cartographer.mapping.internal.2d.tsdf_range_data_inserter_2d_test[0m
[62.111s] [ 86%] [32m[1mLinking CXX executable cartographer.mapping.internal.2d.scan_matching.fast_correlative_scan_matcher_2d_test[0m
[62.297s] [ 86%] Built target cartographer.mapping.internal.2d.tsdf_range_data_inserter_2d_test
[62.337s] [ 87%] [32mBuilding CXX object CMakeFiles/cartographer.mapping.probability_values_test.dir/cartographer/mapping/probability_values_test.cc.o[0m
[62.449s] [ 87%] Built target cartographer.mapping.internal.2d.scan_matching.fast_correlative_scan_matcher_2d_test
[62.487s] [ 87%] [32mBuilding CXX object CMakeFiles/cartographer.mapping.submaps_test.dir/cartographer/mapping/submaps_test.cc.o[0m
[62.653s] [ 88%] [32m[1mLinking CXX executable cartographer.mapping.internal.3d.scan_matching.precomputation_grid_3d_test[0m
[62.912s] [ 88%] Built target cartographer.mapping.internal.3d.scan_matching.precomputation_grid_3d_test
[62.947s] [ 89%] [32mBuilding CXX object CMakeFiles/cartographer.mapping.trajectory_node_test.dir/cartographer/mapping/trajectory_node_test.cc.o[0m
[63.348s] [ 89%] [32m[1mLinking CXX executable cartographer.mapping.internal.3d.scan_matching.rotational_scan_matcher_test[0m
[63.582s] [ 89%] Built target cartographer.mapping.internal.3d.scan_matching.rotational_scan_matcher_test
[63.627s] [ 89%] [32mBuilding CXX object CMakeFiles/cartographer.mapping.value_conversion_tables_test.dir/cartographer/mapping/value_conversion_tables_test.cc.o[0m
[64.038s] [ 89%] [32m[1mLinking CXX executable cartographer.mapping.internal.motion_filter_test[0m
[64.334s] [ 89%] Built target cartographer.mapping.internal.motion_filter_test
[64.386s] [ 90%] [32mBuilding CXX object CMakeFiles/cartographer.sensor.compressed_point_cloud_test.dir/cartographer/sensor/compressed_point_cloud_test.cc.o[0m
[64.486s] [ 90%] [32m[1mLinking CXX executable cartographer.mapping.internal.2d.pose_graph_2d_test[0m
[64.989s] [ 90%] Built target cartographer.mapping.internal.2d.pose_graph_2d_test
[65.027s] [ 90%] [32mBuilding CXX object CMakeFiles/cartographer.sensor.internal.collator_test.dir/cartographer/sensor/internal/collator_test.cc.o[0m
[65.229s] [ 91%] [32m[1mLinking CXX executable cartographer.mapping.internal.connected_components_test[0m
[65.373s] [ 91%] [32m[1mLinking CXX executable cartographer.mapping.internal.3d.local_trajectory_builder_3d_test[0m
[65.545s] [ 91%] Built target cartographer.mapping.internal.connected_components_test
[65.586s] [ 92%] [32mBuilding CXX object CMakeFiles/cartographer.sensor.internal.ordered_multi_queue_test.dir/cartographer/sensor/internal/ordered_multi_queue_test.cc.o[0m
[65.823s] [ 92%] Built target cartographer.mapping.internal.3d.local_trajectory_builder_3d_test
[65.859s] [ 92%] [32mBuilding CXX object CMakeFiles/cartographer.sensor.internal.trajectory_collator_test.dir/cartographer/sensor/internal/trajectory_collator_test.cc.o[0m
[66.124s] [ 93%] [32m[1mLinking CXX executable cartographer.mapping.internal.3d.pose_graph_3d_test[0m
[66.179s] [ 93%] [32m[1mLinking CXX executable cartographer.mapping.internal.3d.scan_matching.fast_correlative_scan_matcher_3d_test[0m
[66.236s] [ 94%] [32m[1mLinking CXX executable cartographer.mapping.internal.3d.scan_matching.ceres_scan_matcher_3d_test[0m
[66.393s] [ 94%] [32m[1mLinking CXX executable cartographer.mapping.internal.3d.scan_matching.real_time_correlative_scan_matcher_3d_test[0m
[66.454s] [ 94%] [32m[1mLinking CXX executable cartographer.mapping.value_conversion_tables_test[0m
[66.513s] [ 94%] Built target cartographer.mapping.internal.3d.scan_matching.fast_correlative_scan_matcher_3d_test
[66.564s] [ 94%] [32mBuilding CXX object CMakeFiles/cartographer.sensor.internal.voxel_filter_test.dir/cartographer/sensor/internal/voxel_filter_test.cc.o[0m
[66.653s] [ 94%] Built target cartographer.mapping.internal.3d.scan_matching.ceres_scan_matcher_3d_test
[66.662s] [ 94%] Built target cartographer.mapping.internal.3d.pose_graph_3d_test
[66.681s] [ 94%] [32mBuilding CXX object CMakeFiles/cartographer.sensor.landmark_data_test.dir/cartographer/sensor/landmark_data_test.cc.o[0m
[66.695s] [ 94%] [32mBuilding CXX object CMakeFiles/cartographer.sensor.map_by_time_test.dir/cartographer/sensor/map_by_time_test.cc.o[0m
[66.722s] [ 94%] Built target cartographer.mapping.internal.3d.scan_matching.real_time_correlative_scan_matcher_3d_test
[66.726s] [ 94%] Built target cartographer.mapping.value_conversion_tables_test
[66.751s] [ 94%] [32mBuilding CXX object CMakeFiles/cartographer.sensor.point_cloud_test.dir/cartographer/sensor/point_cloud_test.cc.o[0m
[66.751s] [ 94%] [32mBuilding CXX object CMakeFiles/cartographer.sensor.range_data_test.dir/cartographer/sensor/range_data_test.cc.o[0m
[67.068s] [ 94%] [32m[1mLinking CXX executable cartographer.mapping.probability_values_test[0m
[67.324s] [ 94%] Built target cartographer.mapping.probability_values_test
[67.377s] [ 94%] [32mBuilding CXX object CMakeFiles/cartographer.transform.rigid_transform_test.dir/cartographer/transform/rigid_transform_test.cc.o[0m
[67.391s] [ 94%] [32m[1mLinking CXX executable cartographer.mapping.internal.range_data_collator_test[0m
[67.661s] [ 94%] Built target cartographer.mapping.internal.range_data_collator_test
[67.700s] [ 94%] [32mBuilding CXX object CMakeFiles/cartographer.transform.timestamped_transform_test.dir/cartographer/transform/timestamped_transform_test.cc.o[0m
[68.295s] [ 94%] [32m[1mLinking CXX executable cartographer.mapping.internal.trajectory_connectivity_state_test[0m
[68.578s] [ 94%] [32m[1mLinking CXX executable cartographer.mapping.submaps_test[0m
[68.676s] [ 94%] Built target cartographer.mapping.internal.trajectory_connectivity_state_test
[68.692s] [ 94%] [32m[1mLinking CXX executable cartographer.mapping.pose_graph_trimmer_test[0m
[68.715s] [ 94%] [32mBuilding CXX object CMakeFiles/cartographer.transform.transform_interpolation_buffer_test.dir/cartographer/transform/transform_interpolation_buffer_test.cc.o[0m
[68.769s] [ 94%] [32m[1mLinking CXX executable cartographer.mapping.internal.constraints.constraint_builder_2d_test[0m
[68.828s] [ 94%] [32m[1mLinking CXX executable cartographer.mapping.internal.optimization.cost_functions.spa_cost_function_2d_test[0m
[68.830s] [ 94%] Built target cartographer.mapping.submaps_test
[68.862s] [ 94%] [32mBuilding CXX object CMakeFiles/cartographer.transform.transform_test.dir/cartographer/transform/transform_test.cc.o[0m
[68.968s] [ 94%] Built target cartographer.mapping.pose_graph_trimmer_test
[69.124s] [ 94%] Built target cartographer.mapping.internal.optimization.cost_functions.spa_cost_function_2d_test
[69.225s] [ 94%] Built target cartographer.mapping.internal.constraints.constraint_builder_2d_test
[69.714s] [ 94%] [32m[1mLinking CXX executable cartographer.mapping.internal.constraints.constraint_builder_3d_test[0m
[69.833s] [ 94%] [32m[1mLinking CXX executable cartographer.mapping.pose_graph_test[0m
[70.089s] [ 94%] [32m[1mLinking CXX executable cartographer.mapping.internal.optimization.optimization_problem_3d_test[0m
[70.197s] [ 94%] Built target cartographer.mapping.internal.constraints.constraint_builder_3d_test
[70.204s] [ 94%] [32m[1mLinking CXX executable cartographer.mapping.internal.optimization.cost_functions.landmark_cost_function_2d_test[0m
[70.294s] [ 94%] Built target cartographer.mapping.pose_graph_test
[70.351s] [ 94%] Built target cartographer.mapping.internal.optimization.cost_functions.landmark_cost_function_2d_test
[70.420s] [ 94%] Built target cartographer.mapping.internal.optimization.optimization_problem_3d_test
[70.603s] [ 94%] [32m[1mLinking CXX executable cartographer.mapping.internal.optimization.cost_functions.landmark_cost_function_3d_test[0m
[70.627s] [ 94%] [32m[1mLinking CXX executable cartographer.sensor.map_by_time_test[0m
[70.735s] [ 94%] Built target cartographer.mapping.internal.optimization.cost_functions.landmark_cost_function_3d_test
[70.736s] [ 94%] Built target cartographer.sensor.map_by_time_test
[71.567s] [ 94%] [32m[1mLinking CXX executable cartographer.sensor.internal.ordered_multi_queue_test[0m
[71.671s] [ 94%] Built target cartographer.sensor.internal.ordered_multi_queue_test
[71.864s] [ 94%] [32m[1mLinking CXX executable cartographer.sensor.compressed_point_cloud_test[0m
[72.034s] [ 94%] [32m[1mLinking CXX executable cartographer.mapping.trajectory_node_test[0m
[72.095s] [ 94%] Built target cartographer.sensor.compressed_point_cloud_test
[72.145s] [ 94%] [32m[1mLinking CXX executable cartographer.sensor.internal.voxel_filter_test[0m
[72.154s] [ 94%] Built target cartographer.mapping.trajectory_node_test
[72.258s] [ 94%] Built target cartographer.sensor.internal.voxel_filter_test
[72.314s] [ 94%] [32m[1mLinking CXX executable cartographer.mapping.pose_extrapolator_test[0m
[72.415s] [ 94%] Built target cartographer.mapping.pose_extrapolator_test
[72.696s] [ 94%] [32m[1mLinking CXX executable cartographer.sensor.internal.collator_test[0m
[72.814s] [ 95%] [32m[1mLinking CXX executable cartographer.sensor.point_cloud_test[0m
[72.844s] [ 95%] Built target cartographer.sensor.internal.collator_test
[72.923s] [ 95%] Built target cartographer.sensor.point_cloud_test
[73.112s] [ 95%] [32m[1mLinking CXX executable cartographer.mapping.map_builder_test[0m
[73.167s] [ 95%] [32m[1mLinking CXX executable cartographer.sensor.range_data_test[0m
[73.259s] [ 95%] Built target cartographer.sensor.range_data_test
[73.331s] [ 95%] Built target cartographer.mapping.map_builder_test
[73.390s] [ 95%] [32m[1mLinking CXX executable cartographer.transform.timestamped_transform_test[0m
[73.488s] [ 95%] Built target cartographer.transform.timestamped_transform_test
[73.593s] [ 96%] [32m[1mLinking CXX executable cartographer.transform.transform_interpolation_buffer_test[0m
[73.688s] [ 96%] Built target cartographer.transform.transform_interpolation_buffer_test
[73.720s] [ 97%] [32m[1mLinking CXX executable cartographer.sensor.internal.trajectory_collator_test[0m
[73.789s] [ 97%] Built target cartographer.sensor.internal.trajectory_collator_test
[73.813s] [ 97%] [32m[1mLinking CXX executable cartographer.transform.transform_test[0m
[73.877s] [ 97%] Built target cartographer.transform.transform_test
[74.354s] [ 98%] [32m[1mLinking CXX executable cartographer.sensor.landmark_data_test[0m
[74.434s] [ 98%] Built target cartographer.sensor.landmark_data_test
[74.928s] [100%] [32m[1mLinking CXX executable cartographer.transform.rigid_transform_test[0m
[74.999s] [100%] Built target cartographer.transform.rigid_transform_test
[75.008s] Invoked command in '/root/distr_slam_ws/build/cartographer' returned '0': CMAKE_PREFIX_PATH=${CMAKE_PREFIX_PATH}:/opt/ros/jazzy /usr/bin/cmake --build /root/distr_slam_ws/build/cartographer -- -j24 -l24
[75.009s] Invoking command in '/root/distr_slam_ws/build/cartographer': CMAKE_PREFIX_PATH=${CMAKE_PREFIX_PATH}:/opt/ros/jazzy /usr/bin/cmake --install /root/distr_slam_ws/build/cartographer
[75.018s] -- Install configuration: "Release"
[75.018s] -- Installing: /root/distr_slam_ws/install/cartographer/share/cartographer/package.xml
[75.018s] -- Installing: /root/distr_slam_ws/install/cartographer/share/cartographer//configuration_files
[75.018s] -- Installing: /root/distr_slam_ws/install/cartographer/share/cartographer//configuration_files/pose_graph.lua
[75.018s] -- Installing: /root/distr_slam_ws/install/cartographer/share/cartographer//configuration_files/map_builder_server.lua
[75.018s] -- Installing: /root/distr_slam_ws/install/cartographer/share/cartographer//configuration_files/trajectory_builder.lua
[75.018s] -- Installing: /root/distr_slam_ws/install/cartographer/share/cartographer//configuration_files/trajectory_builder_2d.lua
[75.019s] -- Installing: /root/distr_slam_ws/install/cartographer/share/cartographer//configuration_files/map_builder.lua
[75.019s] -- Installing: /root/distr_slam_ws/install/cartographer/share/cartographer//configuration_files/trajectory_builder_3d.lua
[75.019s] -- Installing: /root/distr_slam_ws/install/cartographer/share/cartographer//cmake
[75.019s] -- Installing: /root/distr_slam_ws/install/cartographer/share/cartographer//cmake/functions.cmake
[75.019s] -- Installing: /root/distr_slam_ws/install/cartographer/share/cartographer//cmake/modules
[75.019s] -- Installing: /root/distr_slam_ws/install/cartographer/share/cartographer//cmake/modules/FindGMock.cmake
[75.019s] -- Installing: /root/distr_slam_ws/install/cartographer/share/cartographer//cmake/modules/FindSphinx.cmake
[75.019s] -- Installing: /root/distr_slam_ws/install/cartographer/share/cartographer//cmake/modules/FindLuaGoogle.cmake
[75.019s] -- Installing: /root/distr_slam_ws/install/cartographer/share/cartographer//cmake/modules/FindEigen3.cmake
[75.020s] -- Installing: /root/distr_slam_ws/install/cartographer/bin/cartographer_autogenerate_ground_truth
[75.020s] -- Installing: /root/distr_slam_ws/install/cartographer/bin/cartographer_compute_relations_metrics
[75.021s] -- Installing: /root/distr_slam_ws/install/cartographer/bin/cartographer_pbstream
[75.022s] -- Installing: /root/distr_slam_ws/install/cartographer/bin/cartographer_print_configuration
[75.022s] -- Installing: /root/distr_slam_ws/install/cartographer/lib/libcartographer.a
[75.027s] -- Installing: /root/distr_slam_ws/install/cartographer/include/cartographer/common/configuration_file_resolver.h
[75.027s] -- Installing: /root/distr_slam_ws/install/cartographer/include/cartographer/common/fixed_ratio_sampler.h
[75.027s] -- Installing: /root/distr_slam_ws/install/cartographer/include/cartographer/common/histogram.h
[75.027s] -- Installing: /root/distr_slam_ws/install/cartographer/include/cartographer/common/lua.h
[75.027s] -- Installing: /root/distr_slam_ws/install/cartographer/include/cartographer/common/lua_parameter_dictionary.h
[75.027s] -- Installing: /root/distr_slam_ws/install/cartographer/include/cartographer/common/math.h
[75.027s] -- Installing: /root/distr_slam_ws/install/cartographer/include/cartographer/common/port.h
[75.027s] -- Installing: /root/distr_slam_ws/install/cartographer/include/cartographer/common/task.h
[75.027s] -- Installing: /root/distr_slam_ws/install/cartographer/include/cartographer/common/thread_pool.h
[75.027s] -- Installing: /root/distr_slam_ws/install/cartographer/include/cartographer/common/time.h
[75.027s] -- Installing: /root/distr_slam_ws/install/cartographer/include/cartographer/ground_truth/autogenerate_ground_truth.h
[75.027s] -- Installing: /root/distr_slam_ws/install/cartographer/include/cartographer/ground_truth/relations_text_file.h
[75.027s] -- Installing: /root/distr_slam_ws/install/cartographer/include/cartographer/io/color.h
[75.027s] -- Installing: /root/distr_slam_ws/install/cartographer/include/cartographer/io/coloring_points_processor.h
[75.027s] -- Installing: /root/distr_slam_ws/install/cartographer/include/cartographer/io/counting_points_processor.h
[75.027s] -- Installing: /root/distr_slam_ws/install/cartographer/include/cartographer/io/draw_trajectories.h
[75.027s] -- Installing: /root/distr_slam_ws/install/cartographer/include/cartographer/io/file_writer.h
[75.028s] -- Installing: /root/distr_slam_ws/install/cartographer/include/cartographer/io/fixed_ratio_sampling_points_processor.h
[75.028s] -- Installing: /root/distr_slam_ws/install/cartographer/include/cartographer/io/frame_id_filtering_points_processor.h
[75.028s] -- Installing: /root/distr_slam_ws/install/cartographer/include/cartographer/io/hybrid_grid_points_processor.h
[75.028s] -- Installing: /root/distr_slam_ws/install/cartographer/include/cartographer/io/image.h
[75.028s] -- Installing: /root/distr_slam_ws/install/cartographer/include/cartographer/io/intensity_to_color_points_processor.h
[75.028s] -- Installing: /root/distr_slam_ws/install/cartographer/include/cartographer/io/min_max_range_filtering_points_processor.h
[75.028s] -- Installing: /root/distr_slam_ws/install/cartographer/include/cartographer/io/null_points_processor.h
[75.028s] -- Installing: /root/distr_slam_ws/install/cartographer/include/cartographer/io/outlier_removing_points_processor.h
[75.028s] -- Installing: /root/distr_slam_ws/install/cartographer/include/cartographer/io/pcd_writing_points_processor.h
[75.028s] -- Installing: /root/distr_slam_ws/install/cartographer/include/cartographer/io/ply_writing_points_processor.h
[75.028s] -- Installing: /root/distr_slam_ws/install/cartographer/include/cartographer/io/points_batch.h
[75.028s] -- Installing: /root/distr_slam_ws/install/cartographer/include/cartographer/io/points_processor.h
[75.028s] -- Installing: /root/distr_slam_ws/install/cartographer/include/cartographer/io/points_processor_pipeline_builder.h
[75.028s] -- Installing: /root/distr_slam_ws/install/cartographer/include/cartographer/io/probability_grid_points_processor.h
[75.028s] -- Installing: /root/distr_slam_ws/install/cartographer/include/cartographer/io/proto_stream.h
[75.028s] -- Installing: /root/distr_slam_ws/install/cartographer/include/cartographer/io/proto_stream_deserializer.h
[75.028s] -- Installing: /root/distr_slam_ws/install/cartographer/include/cartographer/io/proto_stream_interface.h
[75.028s] -- Installing: /root/distr_slam_ws/install/cartographer/include/cartographer/io/serialization_format_migration.h
[75.029s] -- Installing: /root/distr_slam_ws/install/cartographer/include/cartographer/io/submap_painter.h
[75.029s] -- Installing: /root/distr_slam_ws/install/cartographer/include/cartographer/io/vertical_range_filtering_points_processor.h
[75.029s] -- Installing: /root/distr_slam_ws/install/cartographer/include/cartographer/io/xray_points_processor.h
[75.029s] -- Installing: /root/distr_slam_ws/install/cartographer/include/cartographer/io/xyz_writing_points_processor.h
[75.029s] -- Installing: /root/distr_slam_ws/install/cartographer/include/cartographer/mapping/2d/grid_2d.h
[75.029s] -- Installing: /root/distr_slam_ws/install/cartographer/include/cartographer/mapping/2d/map_limits.h
[75.029s] -- Installing: /root/distr_slam_ws/install/cartographer/include/cartographer/mapping/2d/probability_grid.h
[75.029s] -- Installing: /root/distr_slam_ws/install/cartographer/include/cartographer/mapping/2d/probability_grid_range_data_inserter_2d.h
[75.029s] -- Installing: /root/distr_slam_ws/install/cartographer/include/cartographer/mapping/2d/submap_2d.h
[75.029s] -- Installing: /root/distr_slam_ws/install/cartographer/include/cartographer/mapping/2d/xy_index.h
[75.029s] -- Installing: /root/distr_slam_ws/install/cartographer/include/cartographer/mapping/3d/hybrid_grid.h
[75.029s] -- Installing: /root/distr_slam_ws/install/cartographer/include/cartographer/mapping/3d/range_data_inserter_3d.h
[75.029s] -- Installing: /root/distr_slam_ws/install/cartographer/include/cartographer/mapping/3d/submap_3d.h
[75.029s] -- Installing: /root/distr_slam_ws/install/cartographer/include/cartographer/mapping/detect_floors.h
[75.029s] -- Installing: /root/distr_slam_ws/install/cartographer/include/cartographer/mapping/grid_interface.h
[75.029s] -- Installing: /root/distr_slam_ws/install/cartographer/include/cartographer/mapping/id.h
[75.029s] -- Installing: /root/distr_slam_ws/install/cartographer/include/cartographer/mapping/imu_tracker.h
[75.029s] -- Installing: /root/distr_slam_ws/install/cartographer/include/cartographer/mapping/map_builder.h
[75.030s] -- Installing: /root/distr_slam_ws/install/cartographer/include/cartographer/mapping/map_builder_interface.h
[75.030s] -- Installing: /root/distr_slam_ws/install/cartographer/include/cartographer/mapping/pose_extrapolator.h
[75.030s] -- Installing: /root/distr_slam_ws/install/cartographer/include/cartographer/mapping/pose_extrapolator_interface.h
[75.030s] -- Installing: /root/distr_slam_ws/install/cartographer/include/cartographer/mapping/pose_graph.h
[75.030s] -- Installing: /root/distr_slam_ws/install/cartographer/include/cartographer/mapping/pose_graph_interface.h
[75.030s] -- Installing: /root/distr_slam_ws/install/cartographer/include/cartographer/mapping/pose_graph_trimmer.h
[75.030s] -- Installing: /root/distr_slam_ws/install/cartographer/include/cartographer/mapping/probability_values.h
[75.030s] -- Installing: /root/distr_slam_ws/install/cartographer/include/cartographer/mapping/range_data_inserter_interface.h
[75.030s] -- Installing: /root/distr_slam_ws/install/cartographer/include/cartographer/mapping/submaps.h
[75.030s] -- Installing: /root/distr_slam_ws/install/cartographer/include/cartographer/mapping/trajectory_builder_interface.h
[75.030s] -- Installing: /root/distr_slam_ws/install/cartographer/include/cartographer/mapping/trajectory_node.h
[75.030s] -- Installing: /root/distr_slam_ws/install/cartographer/include/cartographer/mapping/value_conversion_tables.h
[75.030s] -- Installing: /root/distr_slam_ws/install/cartographer/include/cartographer/metrics/counter.h
[75.030s] -- Installing: /root/distr_slam_ws/install/cartographer/include/cartographer/metrics/family_factory.h
[75.030s] -- Installing: /root/distr_slam_ws/install/cartographer/include/cartographer/metrics/gauge.h
[75.031s] -- Installing: /root/distr_slam_ws/install/cartographer/include/cartographer/metrics/histogram.h
[75.031s] -- Installing: /root/distr_slam_ws/install/cartographer/include/cartographer/metrics/register.h
[75.031s] -- Installing: /root/distr_slam_ws/install/cartographer/include/cartographer/sensor/collator_interface.h
[75.031s] -- Installing: /root/distr_slam_ws/install/cartographer/include/cartographer/sensor/compressed_point_cloud.h
[75.031s] -- Installing: /root/distr_slam_ws/install/cartographer/include/cartographer/sensor/data.h
[75.031s] -- Installing: /root/distr_slam_ws/install/cartographer/include/cartographer/sensor/fixed_frame_pose_data.h
[75.031s] -- Installing: /root/distr_slam_ws/install/cartographer/include/cartographer/sensor/imu_data.h
[75.031s] -- Installing: /root/distr_slam_ws/install/cartographer/include/cartographer/sensor/landmark_data.h
[75.031s] -- Installing: /root/distr_slam_ws/install/cartographer/include/cartographer/sensor/map_by_time.h
[75.031s] -- Installing: /root/distr_slam_ws/install/cartographer/include/cartographer/sensor/odometry_data.h
[75.031s] -- Installing: /root/distr_slam_ws/install/cartographer/include/cartographer/sensor/point_cloud.h
[75.031s] -- Installing: /root/distr_slam_ws/install/cartographer/include/cartographer/sensor/range_data.h
[75.031s] -- Installing: /root/distr_slam_ws/install/cartographer/include/cartographer/sensor/rangefinder_point.h
[75.031s] -- Installing: /root/distr_slam_ws/install/cartographer/include/cartographer/sensor/timed_point_cloud_data.h
[75.031s] -- Installing: /root/distr_slam_ws/install/cartographer/include/cartographer/transform/rigid_transform.h
[75.031s] -- Installing: /root/distr_slam_ws/install/cartographer/include/cartographer/transform/timestamped_transform.h
[75.031s] -- Installing: /root/distr_slam_ws/install/cartographer/include/cartographer/transform/transform.h
[75.031s] -- Installing: /root/distr_slam_ws/install/cartographer/include/cartographer/transform/transform_interpolation_buffer.h
[75.031s] -- Installing: /root/distr_slam_ws/install/cartographer/include/cartographer/io/fake_file_writer.h
[75.032s] -- Installing: /root/distr_slam_ws/install/cartographer/include/cartographer/transform/rigid_transform_test_helpers.h
[75.032s] -- Installing: /root/distr_slam_ws/install/cartographer/include/cartographer/common/proto/ceres_solver_options.pb.h
[75.032s] -- Installing: /root/distr_slam_ws/install/cartographer/include/cartographer/ground_truth/proto/relations.pb.h
[75.032s] -- Installing: /root/distr_slam_ws/install/cartographer/include/cartographer/mapping/proto/cell_limits_2d.pb.h
[75.032s] -- Installing: /root/distr_slam_ws/install/cartographer/include/cartographer/mapping/proto/connected_components.pb.h
[75.032s] -- Installing: /root/distr_slam_ws/install/cartographer/include/cartographer/mapping/proto/grid_2d.pb.h
[75.032s] -- Installing: /root/distr_slam_ws/install/cartographer/include/cartographer/mapping/proto/grid_2d_options.pb.h
[75.032s] -- Installing: /root/distr_slam_ws/install/cartographer/include/cartographer/mapping/proto/hybrid_grid.pb.h
[75.032s] -- Installing: /root/distr_slam_ws/install/cartographer/include/cartographer/mapping/proto/local_trajectory_builder_options_2d.pb.h
[75.032s] -- Installing: /root/distr_slam_ws/install/cartographer/include/cartographer/mapping/proto/local_trajectory_builder_options_3d.pb.h
[75.032s] -- Installing: /root/distr_slam_ws/install/cartographer/include/cartographer/mapping/proto/map_builder_options.pb.h
[75.032s] -- Installing: /root/distr_slam_ws/install/cartographer/include/cartographer/mapping/proto/map_limits.pb.h
[75.032s] -- Installing: /root/distr_slam_ws/install/cartographer/include/cartographer/mapping/proto/motion_filter_options.pb.h
[75.032s] -- Installing: /root/distr_slam_ws/install/cartographer/include/cartographer/mapping/proto/normal_estimation_options_2d.pb.h
[75.033s] -- Installing: /root/distr_slam_ws/install/cartographer/include/cartographer/mapping/proto/pose_extrapolator_options.pb.h
[75.033s] -- Installing: /root/distr_slam_ws/install/cartographer/include/cartographer/mapping/proto/pose_graph.pb.h
[75.033s] -- Installing: /root/distr_slam_ws/install/cartographer/include/cartographer/mapping/proto/pose_graph/constraint_builder_options.pb.h
[75.033s] -- Installing: /root/distr_slam_ws/install/cartographer/include/cartographer/mapping/proto/pose_graph/optimization_problem_options.pb.h
[75.033s] -- Installing: /root/distr_slam_ws/install/cartographer/include/cartographer/mapping/proto/pose_graph_options.pb.h
[75.033s] -- Installing: /root/distr_slam_ws/install/cartographer/include/cartographer/mapping/proto/probability_grid.pb.h
[75.033s] -- Installing: /root/distr_slam_ws/install/cartographer/include/cartographer/mapping/proto/probability_grid_range_data_inserter_options_2d.pb.h
[75.033s] -- Installing: /root/distr_slam_ws/install/cartographer/include/cartographer/mapping/proto/range_data_inserter_options.pb.h
[75.033s] -- Installing: /root/distr_slam_ws/install/cartographer/include/cartographer/mapping/proto/range_data_inserter_options_3d.pb.h
[75.033s] -- Installing: /root/distr_slam_ws/install/cartographer/include/cartographer/mapping/proto/scan_matching/ceres_scan_matcher_options_2d.pb.h
[75.033s] -- Installing: /root/distr_slam_ws/install/cartographer/include/cartographer/mapping/proto/scan_matching/ceres_scan_matcher_options_3d.pb.h
[75.033s] -- Installing: /root/distr_slam_ws/install/cartographer/include/cartographer/mapping/proto/scan_matching/fast_correlative_scan_matcher_options_2d.pb.h
[75.033s] -- Installing: /root/distr_slam_ws/install/cartographer/include/cartographer/mapping/proto/scan_matching/fast_correlative_scan_matcher_options_3d.pb.h
[75.033s] -- Installing: /root/distr_slam_ws/install/cartographer/include/cartographer/mapping/proto/scan_matching/real_time_correlative_scan_matcher_options.pb.h
[75.034s] -- Installing: /root/distr_slam_ws/install/cartographer/include/cartographer/mapping/proto/serialization.pb.h
[75.034s] -- Installing: /root/distr_slam_ws/install/cartographer/include/cartographer/mapping/proto/submap.pb.h
[75.034s] -- Installing: /root/distr_slam_ws/install/cartographer/include/cartographer/mapping/proto/submap_visualization.pb.h
[75.034s] -- Installing: /root/distr_slam_ws/install/cartographer/include/cartographer/mapping/proto/submaps_options_2d.pb.h
[75.034s] -- Installing: /root/distr_slam_ws/install/cartographer/include/cartographer/mapping/proto/submaps_options_3d.pb.h
[75.034s] -- Installing: /root/distr_slam_ws/install/cartographer/include/cartographer/mapping/proto/trajectory.pb.h
[75.034s] -- Installing: /root/distr_slam_ws/install/cartographer/include/cartographer/mapping/proto/trajectory_builder_options.pb.h
[75.034s] -- Installing: /root/distr_slam_ws/install/cartographer/include/cartographer/mapping/proto/trajectory_node_data.pb.h
[75.034s] -- Installing: /root/distr_slam_ws/install/cartographer/include/cartographer/mapping/proto/tsdf_2d.pb.h
[75.034s] -- Installing: /root/distr_slam_ws/install/cartographer/include/cartographer/mapping/proto/tsdf_range_data_inserter_options_2d.pb.h
[75.034s] -- Installing: /root/distr_slam_ws/install/cartographer/include/cartographer/sensor/proto/adaptive_voxel_filter_options.pb.h
[75.034s] -- Installing: /root/distr_slam_ws/install/cartographer/include/cartographer/sensor/proto/sensor.pb.h
[75.035s] -- Installing: /root/distr_slam_ws/install/cartographer/include/cartographer/transform/proto/timestamped_transform.pb.h
[75.035s] -- Installing: /root/distr_slam_ws/install/cartographer/include/cartographer/transform/proto/transform.pb.h
[75.035s] -- Installing: /root/distr_slam_ws/install/cartographer/share/cartographer/cmake/CartographerTargets.cmake
[75.035s] -- Installing: /root/distr_slam_ws/install/cartographer/share/cartographer/cmake/CartographerTargets-release.cmake
[75.035s] -- Installing: /root/distr_slam_ws/install/cartographer/share/cartographer/cartographer-config.cmake
[75.036s] Invoked command in '/root/distr_slam_ws/build/cartographer' returned '0': CMAKE_PREFIX_PATH=${CMAKE_PREFIX_PATH}:/opt/ros/jazzy /usr/bin/cmake --install /root/distr_slam_ws/build/cartographer
