-- The C compiler identification is GNU 13.3.0
-- The CXX compiler identification is GNU 13.3.0
-- Detecting C compiler ABI info
-- Detecting C compiler ABI info - done
-- Check for working C compiler: /usr/bin/cc - skipped
-- Detecting C compile features
-- Detecting C compile features - done
-- Detecting CXX compiler ABI info
-- Detecting CXX compiler ABI info - done
-- Check for working CXX compiler: /usr/bin/c++ - skipped
-- Detecting CXX compile features
-- Detecting CXX compile features - done
-- Build type: Release
Files /root/distr_slam_ws/build/cartographer/AllFiles.cmake and - differ
-- Found Python3: /usr/bin/python3 (found version "3.12.3") found components: Interpreter 
-- Performing Test CMAKE_HAVE_LIBC_PTHREAD
-- Performing Test CMAKE_HAVE_LIBC_PTHREAD - Success
-- Found Threads: TRUE  
-- Found GMock: gmock_main  
[31mCMake Error at CMakeLists.txt:32 (find_package):
  By not providing "Findabsl.cmake" in CMAKE_MODULE_PATH this project has
  asked CMake to find a package configuration file provided by "absl", but
  CMake did not find one.

  Could not find a package configuration file provided by "absl" with any of
  the following names:

    abslConfig.cmake
    absl-config.cmake

  Add the installation prefix of "absl" to CMAKE_PREFIX_PATH or set
  "absl_DIR" to a directory containing one of the above files.  If "absl"
  provides a separate development package or SDK, be sure it has been
  installed.

[0m
-- Configuring incomplete, errors occurred!
