QStandardPaths: XDG_RUNTIME_DIR not set, defaulting to '/tmp/runtime-root'
[WARN] [1781262717.728538555] [rcl]: ROS_LOCALHOST_ONLY is deprecated but still honored if it is enabled. Use ROS_AUTOMATIC_DISCOVERY_RANGE and ROS_STATIC_PEERS instead.
[WARN] [1781262717.728571399] [rcl]: 'localhost_only' is enabled, 'automatic_discovery_range' and 'static_peers' will be ignored.
[INFO] [1781262717.946501370] [rviz2]: Stereo is NOT SUPPORTED
[INFO] [1781262717.946617170] [rviz2]: OpenGl version: 4.5 (GLSL 4.5)
[INFO] [1781262718.019330625] [rviz2]: Stereo is NOT SUPPORTED
[INFO] [1781262731.496520546] [rviz2]: Trying to create a map of size 565 x 288 using 1 swatches
[ERROR] [1781262731.523538554] [rviz2]: rviz/glsl120/indexed_8bit_image.vert
rviz/glsl120/indexed_8bit_image.frag
 GLSL link result : 
active samplers with a different type refer to the same texture image unit
[INFO] [1781262734.095445405] [rviz2]: Trying to create a map of size 572 x 288 using 1 swatches
[INFO] [1781262736.079261458] [rviz2]: Trying to create a map of size 577 x 288 using 1 swatches
[INFO] [1781262738.095203754] [rviz2]: Trying to create a map of size 582 x 290 using 1 swatches
[INFO] [1781262740.367353691] [rviz2]: Trying to create a map of size 586 x 344 using 1 swatches
[INFO] [1781262742.098584997] [rviz2]: Trying to create a map of size 590 x 346 using 1 swatches
[INFO] [1781262743.498634109] [rviz2]: Trying to create a map of size 592 x 347 using 1 swatches
[INFO] [1781262745.354113714] [rviz2]: Trying to create a map of size 596 x 348 using 1 swatches
[INFO] [1781262746.539179705] [rviz2]: Trying to create a map of size 598 x 348 using 1 swatches
[INFO] [1781262749.098481043] [rviz2]: Trying to create a map of size 602 x 349 using 1 swatches
[INFO] [1781262751.086406174] [rviz2]: Trying to create a map of size 604 x 353 using 1 swatches
[INFO] [1781262751.531275879] [rviz2]: Trying to create a map of size 606 x 353 using 1 swatches
[INFO] [1781262752.524552744] [rviz2]: Trying to create a map of size 610 x 354 using 1 swatches
[INFO] [1781262757.101491908] [rviz2]: Trying to create a map of size 616 x 356 using 1 swatches
[INFO] [1781262758.090695606] [rviz2]: Trying to create a map of size 619 x 356 using 1 swatches
[INFO] [1781262758.541137432] [rviz2]: Trying to create a map of size 619 x 357 using 1 swatches
[INFO] [1781262759.082788107] [rviz2]: Trying to create a map of size 621 x 363 using 1 swatches
[INFO] [1781262763.083153942] [rviz2]: Trying to create a map of size 629 x 364 using 1 swatches
[INFO] [1781262763.370258592] [rviz2]: Trying to create a map of size 630 x 365 using 1 swatches
[INFO] [1781262763.498673064] [rviz2]: Trying to create a map of size 631 x 366 using 1 swatches
[INFO] [1781262764.362102338] [rviz2]: Trying to create a map of size 633 x 366 using 1 swatches
[INFO] [1781262764.490581256] [rviz2]: Trying to create a map of size 633 x 367 using 1 swatches
[INFO] [1781262765.066137494] [rviz2]: Trying to create a map of size 601 x 334 using 1 swatches
[INFO] [1781262765.355573868] [rviz2]: Trying to create a map of size 602 x 343 using 1 swatches
[INFO] [1781262766.057404415] [rviz2]: Trying to create a map of size 602 x 346 using 1 swatches
[INFO] [1781262766.345641068] [rviz2]: Trying to create a map of size 603 x 346 using 1 swatches
[INFO] [1781262766.506902031] [rviz2]: Trying to create a map of size 604 x 348 using 1 swatches
[INFO] [1781262767.533223694] [rviz2]: Trying to create a map of size 605 x 348 using 1 swatches
[INFO] [1781262768.363152444] [rviz2]: Trying to create a map of size 605 x 350 using 1 swatches
[INFO] [1781262792.075729722] [rviz2]: Trying to create a map of size 605 x 351 using 1 swatches
[INFO] [1781262802.121655948] [rviz2]: Trying to create a map of size 604 x 351 using 1 swatches
[INFO] [1781262813.353270022] [rviz2]: Trying to create a map of size 604 x 357 using 1 swatches
[INFO] [1781262816.075979787] [rviz2]: Trying to create a map of size 612 x 442 using 1 swatches
[INFO] [1781262831.114419534] [rviz2]: Trying to create a map of size 612 x 443 using 1 swatches
[INFO] [1781262832.073294752] [rviz2]: Trying to create a map of size 612 x 445 using 1 swatches
[INFO] [1781262832.521926637] [rviz2]: Trying to create a map of size 612 x 447 using 1 swatches
[INFO] [1781262836.361073547] [rviz2]: Trying to create a map of size 612 x 448 using 1 swatches
[INFO] [1781262843.409040543] [rviz2]: Trying to create a map of size 613 x 449 using 1 swatches
[INFO] [1781262920.081409919] [rviz2]: Trying to create a map of size 612 x 445 using 1 swatches
[INFO] [1781262956.537079590] [rviz2]: Trying to create a map of size 612 x 446 using 1 swatches
[INFO] [1781262975.128871438] [rviz2]: Trying to create a map of size 612 x 445 using 1 swatches
[INFO] [1781263005.382300994] [rviz2]: Trying to create a map of size 612 x 446 using 1 swatches
[INFO] [1781263012.535868466] [rviz2]: Trying to create a map of size 614 x 448 using 1 swatches
[INFO] [1781263037.378130631] [rviz2]: Trying to create a map of size 627 x 448 using 1 swatches
[INFO] [1781263040.546885973] [rviz2]: Trying to create a map of size 628 x 449 using 1 swatches
[INFO] [1781263054.150363808] [rviz2]: Trying to create a map of size 627 x 449 using 1 swatches
[INFO] [1781263110.500925082] [rclcpp]: signal_handler(SIGINT/SIGTERM)
