[0.168s] DEBUG:colcon:Command line arguments: ['/usr/bin/colcon', 'build']
[0.168s] DEBUG:colcon:Parsed command line arguments: Namespace(log_base=None, log_level=None, verb_name='build', build_base='build', install_base='install', merge_install=False, symlink_install=False, test_result_base=None, continue_on_error=False, executor='parallel', parallel_workers=4, event_handlers=None, ignore_user_meta=False, metas=['./colcon.meta'], base_paths=['.'], packages_ignore=None, packages_ignore_regex=None, paths=None, packages_up_to=None, packages_up_to_regex=None, packages_above=None, packages_above_and_dependencies=None, packages_above_depth=None, packages_select_by_dep=None, packages_skip_by_dep=None, packages_skip_up_to=None, packages_select_build_failed=False, packages_skip_build_finished=False, packages_select_test_failures=False, packages_skip_test_passed=False, packages_select=None, packages_skip=None, packages_select_regex=None, packages_skip_regex=None, packages_start=None, packages_end=None, cmake_args=None, cmake_target=None, cmake_target_skip_unavailable=False, cmake_clean_cache=False, cmake_clean_first=False, cmake_force_configure=False, ament_cmake_args=None, catkin_cmake_args=None, catkin_skip_building_tests=False, mixin_files=None, mixin=None, verb_parser=<colcon_mixin.mixin.mixin_argument.MixinArgumentDecorator object at 0x7398440a8640>, verb_extension=<colcon_core.verb.build.BuildVerb object at 0x739844229c30>, main=<bound method BuildVerb.main of <colcon_core.verb.build.BuildVerb object at 0x739844229c30>>, mixin_verb=('build',))
[1.508s] Level 1:colcon.colcon_core.package_discovery:discover_packages(colcon_meta) check parameters
[1.511s] INFO:colcon.colcon_metadata.package_discovery.colcon_meta:Using configuration from '/root/.colcon/metadata/default/Gazebo.meta'
[1.512s] INFO:colcon.colcon_metadata.package_discovery.colcon_meta:Using configuration from '/root/.colcon/metadata/default/fastdds.meta'
[1.514s] INFO:colcon.colcon_metadata.package_discovery.colcon_meta:Using configuration from '/root/.colcon/metadata/default/fastrtps.meta'
[1.514s] Level 1:colcon.colcon_core.package_discovery:discover_packages(recursive) check parameters
[1.514s] Level 1:colcon.colcon_core.package_discovery:discover_packages(ignore) check parameters
[1.514s] Level 1:colcon.colcon_core.package_discovery:discover_packages(path) check parameters
[1.514s] Level 1:colcon.colcon_core.package_discovery:discover_packages(colcon_meta) discover
[1.514s] Level 1:colcon.colcon_core.package_discovery:discover_packages(recursive) discover
[1.514s] INFO:colcon.colcon_core.package_discovery:Crawling recursively for packages in '/root/distr_slam_ws'
[1.514s] Level 1:colcon.colcon_core.package_identification:_identify(.) by extensions ['ignore', 'ignore_ament_install']
[1.514s] Level 1:colcon.colcon_core.package_identification:_identify(.) by extension 'ignore'
[1.514s] Level 1:colcon.colcon_core.package_identification:_identify(.) by extension 'ignore_ament_install'
[1.515s] Level 1:colcon.colcon_core.package_identification:_identify(.) by extensions ['colcon_pkg']
[1.515s] Level 1:colcon.colcon_core.package_identification:_identify(.) by extension 'colcon_pkg'
[1.515s] Level 1:colcon.colcon_core.package_identification:_identify(.) by extensions ['colcon_meta']
[1.515s] Level 1:colcon.colcon_core.package_identification:_identify(.) by extension 'colcon_meta'
[1.515s] Level 1:colcon.colcon_core.package_identification:_identify(.) by extensions ['ros']
[1.515s] Level 1:colcon.colcon_core.package_identification:_identify(.) by extension 'ros'
[1.560s] Level 1:colcon.colcon_core.package_identification:_identify(.) by extensions ['cmake', 'python']
[1.560s] Level 1:colcon.colcon_core.package_identification:_identify(.) by extension 'cmake'
[1.560s] Level 1:colcon.colcon_core.package_identification:_identify(.) by extension 'python'
[1.560s] Level 1:colcon.colcon_core.package_identification:_identify(.) by extensions ['python_setup_py']
[1.560s] Level 1:colcon.colcon_core.package_identification:_identify(.) by extension 'python_setup_py'
[1.560s] Level 1:colcon.colcon_core.package_identification:_identify(build) by extensions ['ignore', 'ignore_ament_install']
[1.560s] Level 1:colcon.colcon_core.package_identification:_identify(build) by extension 'ignore'
[1.561s] Level 1:colcon.colcon_core.package_identification:_identify(build) ignored
[1.561s] Level 1:colcon.colcon_core.package_identification:_identify(install) by extensions ['ignore', 'ignore_ament_install']
[1.561s] Level 1:colcon.colcon_core.package_identification:_identify(install) by extension 'ignore'
[1.561s] Level 1:colcon.colcon_core.package_identification:_identify(install) ignored
[1.561s] Level 1:colcon.colcon_core.package_identification:_identify(log) by extensions ['ignore', 'ignore_ament_install']
[1.561s] Level 1:colcon.colcon_core.package_identification:_identify(log) by extension 'ignore'
[1.561s] Level 1:colcon.colcon_core.package_identification:_identify(log) ignored
[1.561s] Level 1:colcon.colcon_core.package_identification:_identify(src) by extensions ['ignore', 'ignore_ament_install']
[1.561s] Level 1:colcon.colcon_core.package_identification:_identify(src) by extension 'ignore'
[1.562s] Level 1:colcon.colcon_core.package_identification:_identify(src) by extension 'ignore_ament_install'
[1.562s] Level 1:colcon.colcon_core.package_identification:_identify(src) by extensions ['colcon_pkg']
[1.562s] Level 1:colcon.colcon_core.package_identification:_identify(src) by extension 'colcon_pkg'
[1.562s] Level 1:colcon.colcon_core.package_identification:_identify(src) by extensions ['colcon_meta']
[1.562s] Level 1:colcon.colcon_core.package_identification:_identify(src) by extension 'colcon_meta'
[1.562s] Level 1:colcon.colcon_core.package_identification:_identify(src) by extensions ['ros']
[1.562s] Level 1:colcon.colcon_core.package_identification:_identify(src) by extension 'ros'
[1.562s] Level 1:colcon.colcon_core.package_identification:_identify(src) by extensions ['cmake', 'python']
[1.562s] Level 1:colcon.colcon_core.package_identification:_identify(src) by extension 'cmake'
[1.562s] Level 1:colcon.colcon_core.package_identification:_identify(src) by extension 'python'
[1.562s] Level 1:colcon.colcon_core.package_identification:_identify(src) by extensions ['python_setup_py']
[1.562s] Level 1:colcon.colcon_core.package_identification:_identify(src) by extension 'python_setup_py'
[1.568s] Level 1:colcon.colcon_core.package_identification:_identify(src/cartographer) by extensions ['ignore', 'ignore_ament_install']
[1.568s] Level 1:colcon.colcon_core.package_identification:_identify(src/cartographer) by extension 'ignore'
[1.568s] Level 1:colcon.colcon_core.package_identification:_identify(src/cartographer) by extension 'ignore_ament_install'
[1.568s] Level 1:colcon.colcon_core.package_identification:_identify(src/cartographer) by extensions ['colcon_pkg']
[1.568s] Level 1:colcon.colcon_core.package_identification:_identify(src/cartographer) by extension 'colcon_pkg'
[1.568s] Level 1:colcon.colcon_core.package_identification:_identify(src/cartographer) by extensions ['colcon_meta']
[1.568s] Level 1:colcon.colcon_core.package_identification:_identify(src/cartographer) by extension 'colcon_meta'
[1.568s] Level 1:colcon.colcon_core.package_identification:_identify(src/cartographer) by extensions ['ros']
[1.568s] Level 1:colcon.colcon_core.package_identification:_identify(src/cartographer) by extension 'ros'
[1.609s] DEBUG:colcon.colcon_core.package_identification:Package 'src/cartographer' with type 'ros.cmake' and name 'cartographer'
[1.609s] Level 1:colcon.colcon_core.package_identification:_identify(src/cartographer_ros) by extensions ['ignore', 'ignore_ament_install']
[1.609s] Level 1:colcon.colcon_core.package_identification:_identify(src/cartographer_ros) by extension 'ignore'
[1.610s] Level 1:colcon.colcon_core.package_identification:_identify(src/cartographer_ros) by extension 'ignore_ament_install'
[1.610s] Level 1:colcon.colcon_core.package_identification:_identify(src/cartographer_ros) by extensions ['colcon_pkg']
[1.610s] Level 1:colcon.colcon_core.package_identification:_identify(src/cartographer_ros) by extension 'colcon_pkg'
[1.610s] Level 1:colcon.colcon_core.package_identification:_identify(src/cartographer_ros) by extensions ['colcon_meta']
[1.610s] Level 1:colcon.colcon_core.package_identification:_identify(src/cartographer_ros) by extension 'colcon_meta'
[1.611s] Level 1:colcon.colcon_core.package_identification:_identify(src/cartographer_ros) by extensions ['ros']
[1.611s] Level 1:colcon.colcon_core.package_identification:_identify(src/cartographer_ros) by extension 'ros'
[1.611s] Level 1:colcon.colcon_core.package_identification:_identify(src/cartographer_ros) by extensions ['cmake', 'python']
[1.611s] Level 1:colcon.colcon_core.package_identification:_identify(src/cartographer_ros) by extension 'cmake'
[1.611s] Level 1:colcon.colcon_core.package_identification:_identify(src/cartographer_ros) by extension 'python'
[1.612s] Level 1:colcon.colcon_core.package_identification:_identify(src/cartographer_ros) by extensions ['python_setup_py']
[1.612s] Level 1:colcon.colcon_core.package_identification:_identify(src/cartographer_ros) by extension 'python_setup_py'
[1.612s] Level 1:colcon.colcon_core.package_identification:_identify(src/cartographer_ros/cartographer_ros) by extensions ['ignore', 'ignore_ament_install']
[1.612s] Level 1:colcon.colcon_core.package_identification:_identify(src/cartographer_ros/cartographer_ros) by extension 'ignore'
[1.613s] Level 1:colcon.colcon_core.package_identification:_identify(src/cartographer_ros/cartographer_ros) by extension 'ignore_ament_install'
[1.613s] Level 1:colcon.colcon_core.package_identification:_identify(src/cartographer_ros/cartographer_ros) by extensions ['colcon_pkg']
[1.613s] Level 1:colcon.colcon_core.package_identification:_identify(src/cartographer_ros/cartographer_ros) by extension 'colcon_pkg'
[1.613s] Level 1:colcon.colcon_core.package_identification:_identify(src/cartographer_ros/cartographer_ros) by extensions ['colcon_meta']
[1.613s] Level 1:colcon.colcon_core.package_identification:_identify(src/cartographer_ros/cartographer_ros) by extension 'colcon_meta'
[1.613s] Level 1:colcon.colcon_core.package_identification:_identify(src/cartographer_ros/cartographer_ros) by extensions ['ros']
[1.614s] Level 1:colcon.colcon_core.package_identification:_identify(src/cartographer_ros/cartographer_ros) by extension 'ros'
[1.629s] DEBUG:colcon.colcon_core.package_identification:Package 'src/cartographer_ros/cartographer_ros' with type 'ros.ament_cmake' and name 'cartographer_ros'
[1.630s] Level 1:colcon.colcon_core.package_identification:_identify(src/cartographer_ros/cartographer_ros_msgs) by extensions ['ignore', 'ignore_ament_install']
[1.630s] Level 1:colcon.colcon_core.package_identification:_identify(src/cartographer_ros/cartographer_ros_msgs) by extension 'ignore'
[1.630s] Level 1:colcon.colcon_core.package_identification:_identify(src/cartographer_ros/cartographer_ros_msgs) by extension 'ignore_ament_install'
[1.630s] Level 1:colcon.colcon_core.package_identification:_identify(src/cartographer_ros/cartographer_ros_msgs) by extensions ['colcon_pkg']
[1.631s] Level 1:colcon.colcon_core.package_identification:_identify(src/cartographer_ros/cartographer_ros_msgs) by extension 'colcon_pkg'
[1.631s] Level 1:colcon.colcon_core.package_identification:_identify(src/cartographer_ros/cartographer_ros_msgs) by extensions ['colcon_meta']
[1.631s] Level 1:colcon.colcon_core.package_identification:_identify(src/cartographer_ros/cartographer_ros_msgs) by extension 'colcon_meta'
[1.631s] Level 1:colcon.colcon_core.package_identification:_identify(src/cartographer_ros/cartographer_ros_msgs) by extensions ['ros']
[1.631s] Level 1:colcon.colcon_core.package_identification:_identify(src/cartographer_ros/cartographer_ros_msgs) by extension 'ros'
[1.634s] DEBUG:colcon.colcon_core.package_identification:Package 'src/cartographer_ros/cartographer_ros_msgs' with type 'ros.ament_cmake' and name 'cartographer_ros_msgs'
[1.635s] Level 1:colcon.colcon_core.package_identification:_identify(src/cartographer_ros/cartographer_rviz) by extensions ['ignore', 'ignore_ament_install']
[1.635s] Level 1:colcon.colcon_core.package_identification:_identify(src/cartographer_ros/cartographer_rviz) by extension 'ignore'
[1.635s] Level 1:colcon.colcon_core.package_identification:_identify(src/cartographer_ros/cartographer_rviz) by extension 'ignore_ament_install'
[1.636s] Level 1:colcon.colcon_core.package_identification:_identify(src/cartographer_ros/cartographer_rviz) by extensions ['colcon_pkg']
[1.636s] Level 1:colcon.colcon_core.package_identification:_identify(src/cartographer_ros/cartographer_rviz) by extension 'colcon_pkg'
[1.636s] Level 1:colcon.colcon_core.package_identification:_identify(src/cartographer_ros/cartographer_rviz) by extensions ['colcon_meta']
[1.636s] Level 1:colcon.colcon_core.package_identification:_identify(src/cartographer_ros/cartographer_rviz) by extension 'colcon_meta'
[1.636s] Level 1:colcon.colcon_core.package_identification:_identify(src/cartographer_ros/cartographer_rviz) by extensions ['ros']
[1.636s] Level 1:colcon.colcon_core.package_identification:_identify(src/cartographer_ros/cartographer_rviz) by extension 'ros'
[1.639s] DEBUG:colcon.colcon_core.package_identification:Package 'src/cartographer_ros/cartographer_rviz' with type 'ros.ament_cmake' and name 'cartographer_rviz'
[1.640s] Level 1:colcon.colcon_core.package_identification:_identify(src/cartographer_ros/docs) by extensions ['ignore', 'ignore_ament_install']
[1.640s] Level 1:colcon.colcon_core.package_identification:_identify(src/cartographer_ros/docs) by extension 'ignore'
[1.640s] Level 1:colcon.colcon_core.package_identification:_identify(src/cartographer_ros/docs) ignored
[1.641s] Level 1:colcon.colcon_core.package_identification:_identify(src/cartographer_ros/scripts) by extensions ['ignore', 'ignore_ament_install']
[1.641s] Level 1:colcon.colcon_core.package_identification:_identify(src/cartographer_ros/scripts) by extension 'ignore'
[1.641s] Level 1:colcon.colcon_core.package_identification:_identify(src/cartographer_ros/scripts) by extension 'ignore_ament_install'
[1.641s] Level 1:colcon.colcon_core.package_identification:_identify(src/cartographer_ros/scripts) by extensions ['colcon_pkg']
[1.641s] Level 1:colcon.colcon_core.package_identification:_identify(src/cartographer_ros/scripts) by extension 'colcon_pkg'
[1.641s] Level 1:colcon.colcon_core.package_identification:_identify(src/cartographer_ros/scripts) by extensions ['colcon_meta']
[1.641s] Level 1:colcon.colcon_core.package_identification:_identify(src/cartographer_ros/scripts) by extension 'colcon_meta'
[1.642s] Level 1:colcon.colcon_core.package_identification:_identify(src/cartographer_ros/scripts) by extensions ['ros']
[1.642s] Level 1:colcon.colcon_core.package_identification:_identify(src/cartographer_ros/scripts) by extension 'ros'
[1.642s] Level 1:colcon.colcon_core.package_identification:_identify(src/cartographer_ros/scripts) by extensions ['cmake', 'python']
[1.642s] Level 1:colcon.colcon_core.package_identification:_identify(src/cartographer_ros/scripts) by extension 'cmake'
[1.642s] Level 1:colcon.colcon_core.package_identification:_identify(src/cartographer_ros/scripts) by extension 'python'
[1.642s] Level 1:colcon.colcon_core.package_identification:_identify(src/cartographer_ros/scripts) by extensions ['python_setup_py']
[1.642s] Level 1:colcon.colcon_core.package_identification:_identify(src/cartographer_ros/scripts) by extension 'python_setup_py'
[1.642s] Level 1:colcon.colcon_core.package_discovery:discover_packages(recursive) using defaults
[1.642s] Level 1:colcon.colcon_core.package_discovery:discover_packages(ignore) discover
[1.642s] Level 1:colcon.colcon_core.package_discovery:discover_packages(ignore) using defaults
[1.642s] Level 1:colcon.colcon_core.package_discovery:discover_packages(path) discover
[1.643s] Level 1:colcon.colcon_core.package_discovery:discover_packages(path) using defaults
[1.703s] Level 5:colcon.colcon_core.verb:set package 'cartographer' build argument 'cmake_args' from command line to 'None'
[1.703s] Level 5:colcon.colcon_core.verb:set package 'cartographer' build argument 'cmake_target' from command line to 'None'
[1.703s] Level 5:colcon.colcon_core.verb:set package 'cartographer' build argument 'cmake_target_skip_unavailable' from command line to 'False'
[1.704s] Level 5:colcon.colcon_core.verb:set package 'cartographer' build argument 'cmake_clean_cache' from command line to 'False'
[1.704s] Level 5:colcon.colcon_core.verb:set package 'cartographer' build argument 'cmake_clean_first' from command line to 'False'
[1.704s] Level 5:colcon.colcon_core.verb:set package 'cartographer' build argument 'cmake_force_configure' from command line to 'False'
[1.704s] Level 5:colcon.colcon_core.verb:set package 'cartographer' build argument 'ament_cmake_args' from command line to 'None'
[1.704s] Level 5:colcon.colcon_core.verb:set package 'cartographer' build argument 'catkin_cmake_args' from command line to 'None'
[1.704s] Level 5:colcon.colcon_core.verb:set package 'cartographer' build argument 'catkin_skip_building_tests' from command line to 'False'
[1.704s] DEBUG:colcon.colcon_core.verb:Building package 'cartographer' with the following arguments: {'ament_cmake_args': None, 'build_base': '/root/distr_slam_ws/build/cartographer', 'catkin_cmake_args': None, 'catkin_skip_building_tests': False, 'cmake_args': None, 'cmake_clean_cache': False, 'cmake_clean_first': False, 'cmake_force_configure': False, 'cmake_target': None, 'cmake_target_skip_unavailable': False, 'install_base': '/root/distr_slam_ws/install/cartographer', 'merge_install': False, 'path': '/root/distr_slam_ws/src/cartographer', 'symlink_install': False, 'test_result_base': None}
[1.704s] Level 5:colcon.colcon_core.verb:set package 'cartographer_ros_msgs' build argument 'cmake_args' from command line to 'None'
[1.704s] Level 5:colcon.colcon_core.verb:set package 'cartographer_ros_msgs' build argument 'cmake_target' from command line to 'None'
[1.704s] Level 5:colcon.colcon_core.verb:set package 'cartographer_ros_msgs' build argument 'cmake_target_skip_unavailable' from command line to 'False'
[1.704s] Level 5:colcon.colcon_core.verb:set package 'cartographer_ros_msgs' build argument 'cmake_clean_cache' from command line to 'False'
[1.704s] Level 5:colcon.colcon_core.verb:set package 'cartographer_ros_msgs' build argument 'cmake_clean_first' from command line to 'False'
[1.704s] Level 5:colcon.colcon_core.verb:set package 'cartographer_ros_msgs' build argument 'cmake_force_configure' from command line to 'False'
[1.705s] Level 5:colcon.colcon_core.verb:set package 'cartographer_ros_msgs' build argument 'ament_cmake_args' from command line to 'None'
[1.705s] Level 5:colcon.colcon_core.verb:set package 'cartographer_ros_msgs' build argument 'catkin_cmake_args' from command line to 'None'
[1.705s] Level 5:colcon.colcon_core.verb:set package 'cartographer_ros_msgs' build argument 'catkin_skip_building_tests' from command line to 'False'
[1.705s] DEBUG:colcon.colcon_core.verb:Building package 'cartographer_ros_msgs' with the following arguments: {'ament_cmake_args': None, 'build_base': '/root/distr_slam_ws/build/cartographer_ros_msgs', 'catkin_cmake_args': None, 'catkin_skip_building_tests': False, 'cmake_args': None, 'cmake_clean_cache': False, 'cmake_clean_first': False, 'cmake_force_configure': False, 'cmake_target': None, 'cmake_target_skip_unavailable': False, 'install_base': '/root/distr_slam_ws/install/cartographer_ros_msgs', 'merge_install': False, 'path': '/root/distr_slam_ws/src/cartographer_ros/cartographer_ros_msgs', 'symlink_install': False, 'test_result_base': None}
[1.705s] Level 5:colcon.colcon_core.verb:set package 'cartographer_ros' build argument 'cmake_args' from command line to 'None'
[1.705s] Level 5:colcon.colcon_core.verb:set package 'cartographer_ros' build argument 'cmake_target' from command line to 'None'
[1.705s] Level 5:colcon.colcon_core.verb:set package 'cartographer_ros' build argument 'cmake_target_skip_unavailable' from command line to 'False'
[1.705s] Level 5:colcon.colcon_core.verb:set package 'cartographer_ros' build argument 'cmake_clean_cache' from command line to 'False'
[1.705s] Level 5:colcon.colcon_core.verb:set package 'cartographer_ros' build argument 'cmake_clean_first' from command line to 'False'
[1.705s] Level 5:colcon.colcon_core.verb:set package 'cartographer_ros' build argument 'cmake_force_configure' from command line to 'False'
[1.705s] Level 5:colcon.colcon_core.verb:set package 'cartographer_ros' build argument 'ament_cmake_args' from command line to 'None'
[1.705s] Level 5:colcon.colcon_core.verb:set package 'cartographer_ros' build argument 'catkin_cmake_args' from command line to 'None'
[1.705s] Level 5:colcon.colcon_core.verb:set package 'cartographer_ros' build argument 'catkin_skip_building_tests' from command line to 'False'
[1.706s] DEBUG:colcon.colcon_core.verb:Building package 'cartographer_ros' with the following arguments: {'ament_cmake_args': None, 'build_base': '/root/distr_slam_ws/build/cartographer_ros', 'catkin_cmake_args': None, 'catkin_skip_building_tests': False, 'cmake_args': None, 'cmake_clean_cache': False, 'cmake_clean_first': False, 'cmake_force_configure': False, 'cmake_target': None, 'cmake_target_skip_unavailable': False, 'install_base': '/root/distr_slam_ws/install/cartographer_ros', 'merge_install': False, 'path': '/root/distr_slam_ws/src/cartographer_ros/cartographer_ros', 'symlink_install': False, 'test_result_base': None}
[1.706s] Level 5:colcon.colcon_core.verb:set package 'cartographer_rviz' build argument 'cmake_args' from command line to 'None'
[1.706s] Level 5:colcon.colcon_core.verb:set package 'cartographer_rviz' build argument 'cmake_target' from command line to 'None'
[1.706s] Level 5:colcon.colcon_core.verb:set package 'cartographer_rviz' build argument 'cmake_target_skip_unavailable' from command line to 'False'
[1.706s] Level 5:colcon.colcon_core.verb:set package 'cartographer_rviz' build argument 'cmake_clean_cache' from command line to 'False'
[1.706s] Level 5:colcon.colcon_core.verb:set package 'cartographer_rviz' build argument 'cmake_clean_first' from command line to 'False'
[1.706s] Level 5:colcon.colcon_core.verb:set package 'cartographer_rviz' build argument 'cmake_force_configure' from command line to 'False'
[1.706s] Level 5:colcon.colcon_core.verb:set package 'cartographer_rviz' build argument 'ament_cmake_args' from command line to 'None'
[1.706s] Level 5:colcon.colcon_core.verb:set package 'cartographer_rviz' build argument 'catkin_cmake_args' from command line to 'None'
[1.706s] Level 5:colcon.colcon_core.verb:set package 'cartographer_rviz' build argument 'catkin_skip_building_tests' from command line to 'False'
[1.706s] DEBUG:colcon.colcon_core.verb:Building package 'cartographer_rviz' with the following arguments: {'ament_cmake_args': None, 'build_base': '/root/distr_slam_ws/build/cartographer_rviz', 'catkin_cmake_args': None, 'catkin_skip_building_tests': False, 'cmake_args': None, 'cmake_clean_cache': False, 'cmake_clean_first': False, 'cmake_force_configure': False, 'cmake_target': None, 'cmake_target_skip_unavailable': False, 'install_base': '/root/distr_slam_ws/install/cartographer_rviz', 'merge_install': False, 'path': '/root/distr_slam_ws/src/cartographer_ros/cartographer_rviz', 'symlink_install': False, 'test_result_base': None}
[1.707s] INFO:colcon.colcon_core.executor:Executing jobs using 'parallel' executor
[1.708s] DEBUG:colcon.colcon_parallel_executor.executor.parallel:run_until_complete
[1.709s] INFO:colcon.colcon_ros.task.cmake.build:Building ROS package in '/root/distr_slam_ws/src/cartographer' with build type 'cmake'
[1.709s] INFO:colcon.colcon_cmake.task.cmake.build:Building CMake package in '/root/distr_slam_ws/src/cartographer'
[1.719s] INFO:colcon.colcon_core.plugin_system:Skipping extension 'colcon_core.shell.bat': Not used on non-Windows systems
[1.719s] INFO:colcon.colcon_core.shell:Skip shell extension 'powershell' for command environment: Not usable outside of PowerShell
[1.719s] DEBUG:colcon.colcon_core.shell:Skip shell extension 'dsv' for command environment
[1.747s] INFO:colcon.colcon_ros.task.ament_cmake.build:Building ROS package in '/root/distr_slam_ws/src/cartographer_ros/cartographer_ros_msgs' with build type 'ament_cmake'
[1.747s] INFO:colcon.colcon_cmake.task.cmake.build:Building CMake package in '/root/distr_slam_ws/src/cartographer_ros/cartographer_ros_msgs'
[1.748s] INFO:colcon.colcon_core.shell:Skip shell extension 'powershell' for command environment: Not usable outside of PowerShell
[1.748s] DEBUG:colcon.colcon_core.shell:Skip shell extension 'dsv' for command environment
[1.786s] DEBUG:colcon.colcon_core.event_handler.log_command:Invoking command in '/root/distr_slam_ws/build/cartographer_ros_msgs': CMAKE_PREFIX_PATH=${CMAKE_PREFIX_PATH}:/opt/ros/humble /usr/bin/cmake --build /root/distr_slam_ws/build/cartographer_ros_msgs -- -j4 -l4
[1.862s] DEBUG:colcon.colcon_core.event_handler.log_command:Invoking command in '/root/distr_slam_ws/build/cartographer': CMAKE_PREFIX_PATH=${CMAKE_PREFIX_PATH}:/opt/ros/humble /usr/bin/cmake --build /root/distr_slam_ws/build/cartographer -- -j4 -l4
[3.033s] DEBUG:colcon.colcon_core.event_handler.log_command:Invoked command in '/root/distr_slam_ws/build/cartographer_ros_msgs' returned '0': CMAKE_PREFIX_PATH=${CMAKE_PREFIX_PATH}:/opt/ros/humble /usr/bin/cmake --build /root/distr_slam_ws/build/cartographer_ros_msgs -- -j4 -l4
[3.046s] DEBUG:colcon.colcon_core.event_handler.log_command:Invoking command in '/root/distr_slam_ws/build/cartographer_ros_msgs': CMAKE_PREFIX_PATH=${CMAKE_PREFIX_PATH}:/opt/ros/humble /usr/bin/cmake --install /root/distr_slam_ws/build/cartographer_ros_msgs
[3.382s] Level 1:colcon.colcon_core.environment:create_environment_scripts_only(cartographer_ros_msgs)
[3.383s] DEBUG:colcon.colcon_core.event_handler.log_command:Invoked command in '/root/distr_slam_ws/build/cartographer_ros_msgs' returned '0': CMAKE_PREFIX_PATH=${CMAKE_PREFIX_PATH}:/opt/ros/humble /usr/bin/cmake --install /root/distr_slam_ws/build/cartographer_ros_msgs
[3.437s] Level 1:colcon.colcon_core.environment:checking '/root/distr_slam_ws/install/cartographer_ros_msgs' for CMake module files
[3.438s] Level 1:colcon.colcon_core.environment:checking '/root/distr_slam_ws/install/cartographer_ros_msgs' for CMake config files
[3.443s] Level 1:colcon.colcon_core.shell:create_environment_hook('cartographer_ros_msgs', 'cmake_prefix_path')
[3.444s] INFO:colcon.colcon_core.shell:Creating environment hook '/root/distr_slam_ws/install/cartographer_ros_msgs/share/cartographer_ros_msgs/hook/cmake_prefix_path.ps1'
[3.446s] INFO:colcon.colcon_core.shell:Creating environment descriptor '/root/distr_slam_ws/install/cartographer_ros_msgs/share/cartographer_ros_msgs/hook/cmake_prefix_path.dsv'
[3.447s] INFO:colcon.colcon_core.shell:Creating environment hook '/root/distr_slam_ws/install/cartographer_ros_msgs/share/cartographer_ros_msgs/hook/cmake_prefix_path.sh'
[3.449s] Level 1:colcon.colcon_core.environment:checking '/root/distr_slam_ws/install/cartographer_ros_msgs/lib'
[3.450s] Level 1:colcon.colcon_core.shell:create_environment_hook('cartographer_ros_msgs', 'ld_library_path_lib')
[3.450s] INFO:colcon.colcon_core.shell:Creating environment hook '/root/distr_slam_ws/install/cartographer_ros_msgs/share/cartographer_ros_msgs/hook/ld_library_path_lib.ps1'
[3.451s] INFO:colcon.colcon_core.shell:Creating environment descriptor '/root/distr_slam_ws/install/cartographer_ros_msgs/share/cartographer_ros_msgs/hook/ld_library_path_lib.dsv'
[3.451s] INFO:colcon.colcon_core.shell:Creating environment hook '/root/distr_slam_ws/install/cartographer_ros_msgs/share/cartographer_ros_msgs/hook/ld_library_path_lib.sh'
[3.452s] Level 1:colcon.colcon_core.environment:checking '/root/distr_slam_ws/install/cartographer_ros_msgs/bin'
[3.452s] Level 1:colcon.colcon_core.environment:checking '/root/distr_slam_ws/install/cartographer_ros_msgs/lib/pkgconfig/cartographer_ros_msgs.pc'
[3.455s] Level 1:colcon.colcon_core.environment:checking '/root/distr_slam_ws/install/cartographer_ros_msgs/lib/python3.10/site-packages'
[3.456s] Level 1:colcon.colcon_core.environment:checking '/root/distr_slam_ws/install/cartographer_ros_msgs/bin'
[3.456s] INFO:colcon.colcon_core.shell:Creating package script '/root/distr_slam_ws/install/cartographer_ros_msgs/share/cartographer_ros_msgs/package.ps1'
[3.460s] INFO:colcon.colcon_core.shell:Creating package descriptor '/root/distr_slam_ws/install/cartographer_ros_msgs/share/cartographer_ros_msgs/package.dsv'
[3.462s] INFO:colcon.colcon_core.shell:Creating package script '/root/distr_slam_ws/install/cartographer_ros_msgs/share/cartographer_ros_msgs/package.sh'
[3.465s] INFO:colcon.colcon_core.shell:Creating package script '/root/distr_slam_ws/install/cartographer_ros_msgs/share/cartographer_ros_msgs/package.bash'
[3.469s] INFO:colcon.colcon_core.shell:Creating package script '/root/distr_slam_ws/install/cartographer_ros_msgs/share/cartographer_ros_msgs/package.zsh'
[3.471s] Level 1:colcon.colcon_core.environment:create_file_with_runtime_dependencies(/root/distr_slam_ws/install/cartographer_ros_msgs/share/colcon-core/packages/cartographer_ros_msgs)
[3.472s] Level 1:colcon.colcon_core.environment:create_environment_scripts_only(cartographer_ros_msgs)
[3.472s] Level 1:colcon.colcon_core.environment:checking '/root/distr_slam_ws/install/cartographer_ros_msgs' for CMake module files
[3.474s] Level 1:colcon.colcon_core.environment:checking '/root/distr_slam_ws/install/cartographer_ros_msgs' for CMake config files
[3.477s] Level 1:colcon.colcon_core.shell:create_environment_hook('cartographer_ros_msgs', 'cmake_prefix_path')
[3.477s] INFO:colcon.colcon_core.shell:Creating environment hook '/root/distr_slam_ws/install/cartographer_ros_msgs/share/cartographer_ros_msgs/hook/cmake_prefix_path.ps1'
[3.478s] INFO:colcon.colcon_core.shell:Creating environment descriptor '/root/distr_slam_ws/install/cartographer_ros_msgs/share/cartographer_ros_msgs/hook/cmake_prefix_path.dsv'
[3.479s] INFO:colcon.colcon_core.shell:Creating environment hook '/root/distr_slam_ws/install/cartographer_ros_msgs/share/cartographer_ros_msgs/hook/cmake_prefix_path.sh'
[3.480s] Level 1:colcon.colcon_core.environment:checking '/root/distr_slam_ws/install/cartographer_ros_msgs/lib'
[3.480s] Level 1:colcon.colcon_core.shell:create_environment_hook('cartographer_ros_msgs', 'ld_library_path_lib')
[3.481s] INFO:colcon.colcon_core.shell:Creating environment hook '/root/distr_slam_ws/install/cartographer_ros_msgs/share/cartographer_ros_msgs/hook/ld_library_path_lib.ps1'
[3.481s] INFO:colcon.colcon_core.shell:Creating environment descriptor '/root/distr_slam_ws/install/cartographer_ros_msgs/share/cartographer_ros_msgs/hook/ld_library_path_lib.dsv'
[3.482s] INFO:colcon.colcon_core.shell:Creating environment hook '/root/distr_slam_ws/install/cartographer_ros_msgs/share/cartographer_ros_msgs/hook/ld_library_path_lib.sh'
[3.483s] Level 1:colcon.colcon_core.environment:checking '/root/distr_slam_ws/install/cartographer_ros_msgs/bin'
[3.483s] Level 1:colcon.colcon_core.environment:checking '/root/distr_slam_ws/install/cartographer_ros_msgs/lib/pkgconfig/cartographer_ros_msgs.pc'
[3.483s] Level 1:colcon.colcon_core.environment:checking '/root/distr_slam_ws/install/cartographer_ros_msgs/lib/python3.10/site-packages'
[3.485s] Level 1:colcon.colcon_core.environment:checking '/root/distr_slam_ws/install/cartographer_ros_msgs/bin'
[3.486s] INFO:colcon.colcon_core.shell:Creating package script '/root/distr_slam_ws/install/cartographer_ros_msgs/share/cartographer_ros_msgs/package.ps1'
[3.487s] INFO:colcon.colcon_core.shell:Creating package descriptor '/root/distr_slam_ws/install/cartographer_ros_msgs/share/cartographer_ros_msgs/package.dsv'
[3.489s] INFO:colcon.colcon_core.shell:Creating package script '/root/distr_slam_ws/install/cartographer_ros_msgs/share/cartographer_ros_msgs/package.sh'
[3.489s] INFO:colcon.colcon_core.shell:Creating package script '/root/distr_slam_ws/install/cartographer_ros_msgs/share/cartographer_ros_msgs/package.bash'
[3.490s] INFO:colcon.colcon_core.shell:Creating package script '/root/distr_slam_ws/install/cartographer_ros_msgs/share/cartographer_ros_msgs/package.zsh'
[3.491s] Level 1:colcon.colcon_core.environment:create_file_with_runtime_dependencies(/root/distr_slam_ws/install/cartographer_ros_msgs/share/colcon-core/packages/cartographer_ros_msgs)
[4.768s] DEBUG:colcon.colcon_core.event_handler.log_command:Invoked command in '/root/distr_slam_ws/build/cartographer' returned '0': CMAKE_PREFIX_PATH=${CMAKE_PREFIX_PATH}:/opt/ros/humble /usr/bin/cmake --build /root/distr_slam_ws/build/cartographer -- -j4 -l4
[4.771s] DEBUG:colcon.colcon_core.event_handler.log_command:Invoking command in '/root/distr_slam_ws/build/cartographer': CMAKE_PREFIX_PATH=${CMAKE_PREFIX_PATH}:/opt/ros/humble /usr/bin/cmake --install /root/distr_slam_ws/build/cartographer
[4.876s] DEBUG:colcon.colcon_core.event_handler.log_command:Invoked command in '/root/distr_slam_ws/build/cartographer' returned '0': CMAKE_PREFIX_PATH=${CMAKE_PREFIX_PATH}:/opt/ros/humble /usr/bin/cmake --install /root/distr_slam_ws/build/cartographer
[4.877s] Level 1:colcon.colcon_core.shell:create_environment_hook('cartographer', 'pkg_config_path')
[4.877s] INFO:colcon.colcon_core.shell:Creating environment hook '/root/distr_slam_ws/install/cartographer/share/cartographer/hook/pkg_config_path.ps1'
[4.877s] INFO:colcon.colcon_core.shell:Creating environment descriptor '/root/distr_slam_ws/install/cartographer/share/cartographer/hook/pkg_config_path.dsv'
[4.878s] INFO:colcon.colcon_core.shell:Creating environment hook '/root/distr_slam_ws/install/cartographer/share/cartographer/hook/pkg_config_path.sh'
[4.896s] Level 1:colcon.colcon_core.shell:create_environment_hook('cartographer', 'pkg_config_path_multiarch')
[4.896s] INFO:colcon.colcon_core.shell:Creating environment hook '/root/distr_slam_ws/install/cartographer/share/cartographer/hook/pkg_config_path_multiarch.ps1'
[4.897s] INFO:colcon.colcon_core.shell:Creating environment descriptor '/root/distr_slam_ws/install/cartographer/share/cartographer/hook/pkg_config_path_multiarch.dsv'
[4.897s] INFO:colcon.colcon_core.shell:Creating environment hook '/root/distr_slam_ws/install/cartographer/share/cartographer/hook/pkg_config_path_multiarch.sh'
[4.898s] Level 1:colcon.colcon_core.environment:create_environment_scripts_only(cartographer)
[4.898s] Level 1:colcon.colcon_core.environment:checking '/root/distr_slam_ws/install/cartographer' for CMake module files
[4.899s] Level 1:colcon.colcon_core.environment:checking '/root/distr_slam_ws/install/cartographer' for CMake config files
[4.899s] Level 1:colcon.colcon_core.shell:create_environment_hook('cartographer', 'cmake_prefix_path')
[4.900s] INFO:colcon.colcon_core.shell:Creating environment hook '/root/distr_slam_ws/install/cartographer/share/cartographer/hook/cmake_prefix_path.ps1'
[4.900s] INFO:colcon.colcon_core.shell:Creating environment descriptor '/root/distr_slam_ws/install/cartographer/share/cartographer/hook/cmake_prefix_path.dsv'
[4.901s] INFO:colcon.colcon_core.shell:Creating environment hook '/root/distr_slam_ws/install/cartographer/share/cartographer/hook/cmake_prefix_path.sh'
[4.901s] Level 1:colcon.colcon_core.environment:checking '/root/distr_slam_ws/install/cartographer/lib'
[4.901s] Level 1:colcon.colcon_core.environment:checking '/root/distr_slam_ws/install/cartographer/bin'
[4.902s] Level 1:colcon.colcon_core.shell:create_environment_hook('cartographer', 'path')
[4.902s] INFO:colcon.colcon_core.shell:Creating environment hook '/root/distr_slam_ws/install/cartographer/share/cartographer/hook/path.ps1'
[4.902s] INFO:colcon.colcon_core.shell:Creating environment descriptor '/root/distr_slam_ws/install/cartographer/share/cartographer/hook/path.dsv'
[4.903s] INFO:colcon.colcon_core.shell:Creating environment hook '/root/distr_slam_ws/install/cartographer/share/cartographer/hook/path.sh'
[4.903s] Level 1:colcon.colcon_core.environment:checking '/root/distr_slam_ws/install/cartographer/lib/pkgconfig/cartographer.pc'
[4.903s] Level 1:colcon.colcon_core.environment:checking '/root/distr_slam_ws/install/cartographer/lib/python3.10/site-packages'
[4.904s] Level 1:colcon.colcon_core.environment:checking '/root/distr_slam_ws/install/cartographer/bin'
[4.904s] Level 1:colcon.colcon_core.shell:create_environment_hook('cartographer', 'pythonscriptspath')
[4.904s] INFO:colcon.colcon_core.shell:Creating environment hook '/root/distr_slam_ws/install/cartographer/share/cartographer/hook/pythonscriptspath.ps1'
[4.905s] INFO:colcon.colcon_core.shell:Creating environment descriptor '/root/distr_slam_ws/install/cartographer/share/cartographer/hook/pythonscriptspath.dsv'
[4.905s] INFO:colcon.colcon_core.shell:Creating environment hook '/root/distr_slam_ws/install/cartographer/share/cartographer/hook/pythonscriptspath.sh'
[4.906s] INFO:colcon.colcon_core.shell:Creating package script '/root/distr_slam_ws/install/cartographer/share/cartographer/package.ps1'
[4.907s] INFO:colcon.colcon_core.shell:Creating package descriptor '/root/distr_slam_ws/install/cartographer/share/cartographer/package.dsv'
[4.907s] INFO:colcon.colcon_core.shell:Creating package script '/root/distr_slam_ws/install/cartographer/share/cartographer/package.sh'
[4.908s] INFO:colcon.colcon_core.shell:Creating package script '/root/distr_slam_ws/install/cartographer/share/cartographer/package.bash'
[4.908s] INFO:colcon.colcon_core.shell:Creating package script '/root/distr_slam_ws/install/cartographer/share/cartographer/package.zsh'
[4.909s] Level 1:colcon.colcon_core.environment:create_file_with_runtime_dependencies(/root/distr_slam_ws/install/cartographer/share/colcon-core/packages/cartographer)
[4.909s] INFO:colcon.colcon_ros.task.ament_cmake.build:Building ROS package in '/root/distr_slam_ws/src/cartographer_ros/cartographer_ros' with build type 'ament_cmake'
[4.909s] INFO:colcon.colcon_cmake.task.cmake.build:Building CMake package in '/root/distr_slam_ws/src/cartographer_ros/cartographer_ros'
[4.910s] INFO:colcon.colcon_core.shell:Skip shell extension 'powershell' for command environment: Not usable outside of PowerShell
[4.910s] DEBUG:colcon.colcon_core.shell:Skip shell extension 'dsv' for command environment
[4.975s] DEBUG:colcon.colcon_core.event_handler.log_command:Invoking command in '/root/distr_slam_ws/build/cartographer_ros': CMAKE_PREFIX_PATH=/root/distr_slam_ws/install/cartographer_ros_msgs:/root/distr_slam_ws/install/cartographer:/root/distr_slam_ws/install/cartographer_rviz:/root/distr_slam_ws/install/cartographer_ros:/opt/ros/humble LD_LIBRARY_PATH=/root/distr_slam_ws/install/cartographer_ros_msgs/lib:/root/distr_slam_ws/install/cartographer_rviz/lib:/root/distr_slam_ws/install/cartographer_ros/lib:/usr/lib/x86_64-linux-gnu/gazebo-11/plugins:/opt/ros/humble/opt/rviz_ogre_vendor/lib:/opt/ros/humble/lib/x86_64-linux-gnu:/opt/ros/humble/lib /usr/bin/cmake --build /root/distr_slam_ws/build/cartographer_ros -- -j4 -l4
[69.871s] DEBUG:colcon.colcon_core.event_handler.log_command:Invoked command in '/root/distr_slam_ws/build/cartographer_ros' returned '0': CMAKE_PREFIX_PATH=/root/distr_slam_ws/install/cartographer_ros_msgs:/root/distr_slam_ws/install/cartographer:/root/distr_slam_ws/install/cartographer_rviz:/root/distr_slam_ws/install/cartographer_ros:/opt/ros/humble LD_LIBRARY_PATH=/root/distr_slam_ws/install/cartographer_ros_msgs/lib:/root/distr_slam_ws/install/cartographer_rviz/lib:/root/distr_slam_ws/install/cartographer_ros/lib:/usr/lib/x86_64-linux-gnu/gazebo-11/plugins:/opt/ros/humble/opt/rviz_ogre_vendor/lib:/opt/ros/humble/lib/x86_64-linux-gnu:/opt/ros/humble/lib /usr/bin/cmake --build /root/distr_slam_ws/build/cartographer_ros -- -j4 -l4
[69.874s] DEBUG:colcon.colcon_core.event_handler.log_command:Invoking command in '/root/distr_slam_ws/build/cartographer_ros': CMAKE_PREFIX_PATH=/root/distr_slam_ws/install/cartographer_ros_msgs:/root/distr_slam_ws/install/cartographer:/root/distr_slam_ws/install/cartographer_rviz:/root/distr_slam_ws/install/cartographer_ros:/opt/ros/humble LD_LIBRARY_PATH=/root/distr_slam_ws/install/cartographer_ros_msgs/lib:/root/distr_slam_ws/install/cartographer_rviz/lib:/root/distr_slam_ws/install/cartographer_ros/lib:/usr/lib/x86_64-linux-gnu/gazebo-11/plugins:/opt/ros/humble/opt/rviz_ogre_vendor/lib:/opt/ros/humble/lib/x86_64-linux-gnu:/opt/ros/humble/lib /usr/bin/cmake --install /root/distr_slam_ws/build/cartographer_ros
[70.069s] Level 1:colcon.colcon_core.environment:create_environment_scripts_only(cartographer_ros)
[70.069s] DEBUG:colcon.colcon_core.event_handler.log_command:Invoked command in '/root/distr_slam_ws/build/cartographer_ros' returned '0': CMAKE_PREFIX_PATH=/root/distr_slam_ws/install/cartographer_ros_msgs:/root/distr_slam_ws/install/cartographer:/root/distr_slam_ws/install/cartographer_rviz:/root/distr_slam_ws/install/cartographer_ros:/opt/ros/humble LD_LIBRARY_PATH=/root/distr_slam_ws/install/cartographer_ros_msgs/lib:/root/distr_slam_ws/install/cartographer_rviz/lib:/root/distr_slam_ws/install/cartographer_ros/lib:/usr/lib/x86_64-linux-gnu/gazebo-11/plugins:/opt/ros/humble/opt/rviz_ogre_vendor/lib:/opt/ros/humble/lib/x86_64-linux-gnu:/opt/ros/humble/lib /usr/bin/cmake --install /root/distr_slam_ws/build/cartographer_ros
[70.070s] Level 1:colcon.colcon_core.environment:checking '/root/distr_slam_ws/install/cartographer_ros' for CMake module files
[70.071s] Level 1:colcon.colcon_core.environment:checking '/root/distr_slam_ws/install/cartographer_ros' for CMake config files
[70.073s] Level 1:colcon.colcon_core.shell:create_environment_hook('cartographer_ros', 'cmake_prefix_path')
[70.073s] INFO:colcon.colcon_core.shell:Creating environment hook '/root/distr_slam_ws/install/cartographer_ros/share/cartographer_ros/hook/cmake_prefix_path.ps1'
[70.074s] INFO:colcon.colcon_core.shell:Creating environment descriptor '/root/distr_slam_ws/install/cartographer_ros/share/cartographer_ros/hook/cmake_prefix_path.dsv'
[70.075s] INFO:colcon.colcon_core.shell:Creating environment hook '/root/distr_slam_ws/install/cartographer_ros/share/cartographer_ros/hook/cmake_prefix_path.sh'
[70.076s] Level 1:colcon.colcon_core.environment:checking '/root/distr_slam_ws/install/cartographer_ros/lib'
[70.076s] Level 1:colcon.colcon_core.shell:create_environment_hook('cartographer_ros', 'ld_library_path_lib')
[70.077s] INFO:colcon.colcon_core.shell:Creating environment hook '/root/distr_slam_ws/install/cartographer_ros/share/cartographer_ros/hook/ld_library_path_lib.ps1'
[70.078s] INFO:colcon.colcon_core.shell:Creating environment descriptor '/root/distr_slam_ws/install/cartographer_ros/share/cartographer_ros/hook/ld_library_path_lib.dsv'
[70.079s] INFO:colcon.colcon_core.shell:Creating environment hook '/root/distr_slam_ws/install/cartographer_ros/share/cartographer_ros/hook/ld_library_path_lib.sh'
[70.080s] Level 1:colcon.colcon_core.environment:checking '/root/distr_slam_ws/install/cartographer_ros/bin'
[70.080s] Level 1:colcon.colcon_core.environment:checking '/root/distr_slam_ws/install/cartographer_ros/lib/pkgconfig/cartographer_ros.pc'
[70.080s] Level 1:colcon.colcon_core.environment:checking '/root/distr_slam_ws/install/cartographer_ros/lib/python3.10/site-packages'
[70.080s] Level 1:colcon.colcon_core.environment:checking '/root/distr_slam_ws/install/cartographer_ros/bin'
[70.081s] INFO:colcon.colcon_core.shell:Creating package script '/root/distr_slam_ws/install/cartographer_ros/share/cartographer_ros/package.ps1'
[70.082s] INFO:colcon.colcon_core.shell:Creating package descriptor '/root/distr_slam_ws/install/cartographer_ros/share/cartographer_ros/package.dsv'
[70.082s] INFO:colcon.colcon_core.shell:Creating package script '/root/distr_slam_ws/install/cartographer_ros/share/cartographer_ros/package.sh'
[70.083s] INFO:colcon.colcon_core.shell:Creating package script '/root/distr_slam_ws/install/cartographer_ros/share/cartographer_ros/package.bash'
[70.086s] INFO:colcon.colcon_core.shell:Creating package script '/root/distr_slam_ws/install/cartographer_ros/share/cartographer_ros/package.zsh'
[70.087s] Level 1:colcon.colcon_core.environment:create_file_with_runtime_dependencies(/root/distr_slam_ws/install/cartographer_ros/share/colcon-core/packages/cartographer_ros)
[70.088s] Level 1:colcon.colcon_core.environment:create_environment_scripts_only(cartographer_ros)
[70.088s] Level 1:colcon.colcon_core.environment:checking '/root/distr_slam_ws/install/cartographer_ros' for CMake module files
[70.089s] Level 1:colcon.colcon_core.environment:checking '/root/distr_slam_ws/install/cartographer_ros' for CMake config files
[70.089s] Level 1:colcon.colcon_core.shell:create_environment_hook('cartographer_ros', 'cmake_prefix_path')
[70.089s] INFO:colcon.colcon_core.shell:Creating environment hook '/root/distr_slam_ws/install/cartographer_ros/share/cartographer_ros/hook/cmake_prefix_path.ps1'
[70.090s] INFO:colcon.colcon_core.shell:Creating environment descriptor '/root/distr_slam_ws/install/cartographer_ros/share/cartographer_ros/hook/cmake_prefix_path.dsv'
[70.090s] INFO:colcon.colcon_core.shell:Creating environment hook '/root/distr_slam_ws/install/cartographer_ros/share/cartographer_ros/hook/cmake_prefix_path.sh'
[70.091s] Level 1:colcon.colcon_core.environment:checking '/root/distr_slam_ws/install/cartographer_ros/lib'
[70.091s] Level 1:colcon.colcon_core.shell:create_environment_hook('cartographer_ros', 'ld_library_path_lib')
[70.091s] INFO:colcon.colcon_core.shell:Creating environment hook '/root/distr_slam_ws/install/cartographer_ros/share/cartographer_ros/hook/ld_library_path_lib.ps1'
[70.092s] INFO:colcon.colcon_core.shell:Creating environment descriptor '/root/distr_slam_ws/install/cartographer_ros/share/cartographer_ros/hook/ld_library_path_lib.dsv'
[70.092s] INFO:colcon.colcon_core.shell:Creating environment hook '/root/distr_slam_ws/install/cartographer_ros/share/cartographer_ros/hook/ld_library_path_lib.sh'
[70.093s] Level 1:colcon.colcon_core.environment:checking '/root/distr_slam_ws/install/cartographer_ros/bin'
[70.093s] Level 1:colcon.colcon_core.environment:checking '/root/distr_slam_ws/install/cartographer_ros/lib/pkgconfig/cartographer_ros.pc'
[70.093s] Level 1:colcon.colcon_core.environment:checking '/root/distr_slam_ws/install/cartographer_ros/lib/python3.10/site-packages'
[70.094s] Level 1:colcon.colcon_core.environment:checking '/root/distr_slam_ws/install/cartographer_ros/bin'
[70.094s] INFO:colcon.colcon_core.shell:Creating package script '/root/distr_slam_ws/install/cartographer_ros/share/cartographer_ros/package.ps1'
[70.095s] INFO:colcon.colcon_core.shell:Creating package descriptor '/root/distr_slam_ws/install/cartographer_ros/share/cartographer_ros/package.dsv'
[70.095s] INFO:colcon.colcon_core.shell:Creating package script '/root/distr_slam_ws/install/cartographer_ros/share/cartographer_ros/package.sh'
[70.096s] INFO:colcon.colcon_core.shell:Creating package script '/root/distr_slam_ws/install/cartographer_ros/share/cartographer_ros/package.bash'
[70.096s] INFO:colcon.colcon_core.shell:Creating package script '/root/distr_slam_ws/install/cartographer_ros/share/cartographer_ros/package.zsh'
[70.097s] Level 1:colcon.colcon_core.environment:create_file_with_runtime_dependencies(/root/distr_slam_ws/install/cartographer_ros/share/colcon-core/packages/cartographer_ros)
[70.097s] INFO:colcon.colcon_ros.task.ament_cmake.build:Building ROS package in '/root/distr_slam_ws/src/cartographer_ros/cartographer_rviz' with build type 'ament_cmake'
[70.098s] INFO:colcon.colcon_cmake.task.cmake.build:Building CMake package in '/root/distr_slam_ws/src/cartographer_ros/cartographer_rviz'
[70.098s] INFO:colcon.colcon_core.shell:Skip shell extension 'powershell' for command environment: Not usable outside of PowerShell
[70.098s] DEBUG:colcon.colcon_core.shell:Skip shell extension 'dsv' for command environment
[70.168s] DEBUG:colcon.colcon_core.event_handler.log_command:Invoking command in '/root/distr_slam_ws/build/cartographer_rviz': CMAKE_PREFIX_PATH=/root/distr_slam_ws/install/cartographer_ros:/root/distr_slam_ws/install/cartographer_ros_msgs:/root/distr_slam_ws/install/cartographer:/root/distr_slam_ws/install/cartographer_rviz:/opt/ros/humble LD_LIBRARY_PATH=/root/distr_slam_ws/install/cartographer_ros/lib:/root/distr_slam_ws/install/cartographer_ros_msgs/lib:/root/distr_slam_ws/install/cartographer_rviz/lib:/usr/lib/x86_64-linux-gnu/gazebo-11/plugins:/opt/ros/humble/opt/rviz_ogre_vendor/lib:/opt/ros/humble/lib/x86_64-linux-gnu:/opt/ros/humble/lib /usr/bin/cmake --build /root/distr_slam_ws/build/cartographer_rviz -- -j4 -l4
[74.211s] DEBUG:colcon.colcon_core.event_handler.log_command:Invoked command in '/root/distr_slam_ws/build/cartographer_rviz' returned '0': CMAKE_PREFIX_PATH=/root/distr_slam_ws/install/cartographer_ros:/root/distr_slam_ws/install/cartographer_ros_msgs:/root/distr_slam_ws/install/cartographer:/root/distr_slam_ws/install/cartographer_rviz:/opt/ros/humble LD_LIBRARY_PATH=/root/distr_slam_ws/install/cartographer_ros/lib:/root/distr_slam_ws/install/cartographer_ros_msgs/lib:/root/distr_slam_ws/install/cartographer_rviz/lib:/usr/lib/x86_64-linux-gnu/gazebo-11/plugins:/opt/ros/humble/opt/rviz_ogre_vendor/lib:/opt/ros/humble/lib/x86_64-linux-gnu:/opt/ros/humble/lib /usr/bin/cmake --build /root/distr_slam_ws/build/cartographer_rviz -- -j4 -l4
[74.223s] DEBUG:colcon.colcon_core.event_handler.log_command:Invoking command in '/root/distr_slam_ws/build/cartographer_rviz': CMAKE_PREFIX_PATH=/root/distr_slam_ws/install/cartographer_ros:/root/distr_slam_ws/install/cartographer_ros_msgs:/root/distr_slam_ws/install/cartographer:/root/distr_slam_ws/install/cartographer_rviz:/opt/ros/humble LD_LIBRARY_PATH=/root/distr_slam_ws/install/cartographer_ros/lib:/root/distr_slam_ws/install/cartographer_ros_msgs/lib:/root/distr_slam_ws/install/cartographer_rviz/lib:/usr/lib/x86_64-linux-gnu/gazebo-11/plugins:/opt/ros/humble/opt/rviz_ogre_vendor/lib:/opt/ros/humble/lib/x86_64-linux-gnu:/opt/ros/humble/lib /usr/bin/cmake --install /root/distr_slam_ws/build/cartographer_rviz
[74.287s] Level 1:colcon.colcon_core.environment:create_environment_scripts_only(cartographer_rviz)
[74.287s] DEBUG:colcon.colcon_core.event_handler.log_command:Invoked command in '/root/distr_slam_ws/build/cartographer_rviz' returned '0': CMAKE_PREFIX_PATH=/root/distr_slam_ws/install/cartographer_ros:/root/distr_slam_ws/install/cartographer_ros_msgs:/root/distr_slam_ws/install/cartographer:/root/distr_slam_ws/install/cartographer_rviz:/opt/ros/humble LD_LIBRARY_PATH=/root/distr_slam_ws/install/cartographer_ros/lib:/root/distr_slam_ws/install/cartographer_ros_msgs/lib:/root/distr_slam_ws/install/cartographer_rviz/lib:/usr/lib/x86_64-linux-gnu/gazebo-11/plugins:/opt/ros/humble/opt/rviz_ogre_vendor/lib:/opt/ros/humble/lib/x86_64-linux-gnu:/opt/ros/humble/lib /usr/bin/cmake --install /root/distr_slam_ws/build/cartographer_rviz
[74.288s] Level 1:colcon.colcon_core.environment:checking '/root/distr_slam_ws/install/cartographer_rviz' for CMake module files
[74.290s] Level 1:colcon.colcon_core.environment:checking '/root/distr_slam_ws/install/cartographer_rviz' for CMake config files
[74.292s] Level 1:colcon.colcon_core.shell:create_environment_hook('cartographer_rviz', 'cmake_prefix_path')
[74.293s] INFO:colcon.colcon_core.shell:Creating environment hook '/root/distr_slam_ws/install/cartographer_rviz/share/cartographer_rviz/hook/cmake_prefix_path.ps1'
[74.294s] INFO:colcon.colcon_core.shell:Creating environment descriptor '/root/distr_slam_ws/install/cartographer_rviz/share/cartographer_rviz/hook/cmake_prefix_path.dsv'
[74.295s] INFO:colcon.colcon_core.shell:Creating environment hook '/root/distr_slam_ws/install/cartographer_rviz/share/cartographer_rviz/hook/cmake_prefix_path.sh'
[74.296s] Level 1:colcon.colcon_core.environment:checking '/root/distr_slam_ws/install/cartographer_rviz/lib'
[74.296s] Level 1:colcon.colcon_core.shell:create_environment_hook('cartographer_rviz', 'ld_library_path_lib')
[74.296s] INFO:colcon.colcon_core.shell:Creating environment hook '/root/distr_slam_ws/install/cartographer_rviz/share/cartographer_rviz/hook/ld_library_path_lib.ps1'
[74.297s] INFO:colcon.colcon_core.shell:Creating environment descriptor '/root/distr_slam_ws/install/cartographer_rviz/share/cartographer_rviz/hook/ld_library_path_lib.dsv'
[74.297s] INFO:colcon.colcon_core.shell:Creating environment hook '/root/distr_slam_ws/install/cartographer_rviz/share/cartographer_rviz/hook/ld_library_path_lib.sh'
[74.298s] Level 1:colcon.colcon_core.environment:checking '/root/distr_slam_ws/install/cartographer_rviz/bin'
[74.298s] Level 1:colcon.colcon_core.environment:checking '/root/distr_slam_ws/install/cartographer_rviz/lib/pkgconfig/cartographer_rviz.pc'
[74.298s] Level 1:colcon.colcon_core.environment:checking '/root/distr_slam_ws/install/cartographer_rviz/lib/python3.10/site-packages'
[74.298s] Level 1:colcon.colcon_core.environment:checking '/root/distr_slam_ws/install/cartographer_rviz/bin'
[74.299s] INFO:colcon.colcon_core.shell:Creating package script '/root/distr_slam_ws/install/cartographer_rviz/share/cartographer_rviz/package.ps1'
[74.300s] INFO:colcon.colcon_core.shell:Creating package descriptor '/root/distr_slam_ws/install/cartographer_rviz/share/cartographer_rviz/package.dsv'
[74.300s] INFO:colcon.colcon_core.shell:Creating package script '/root/distr_slam_ws/install/cartographer_rviz/share/cartographer_rviz/package.sh'
[74.301s] INFO:colcon.colcon_core.shell:Creating package script '/root/distr_slam_ws/install/cartographer_rviz/share/cartographer_rviz/package.bash'
[74.301s] INFO:colcon.colcon_core.shell:Creating package script '/root/distr_slam_ws/install/cartographer_rviz/share/cartographer_rviz/package.zsh'
[74.302s] Level 1:colcon.colcon_core.environment:create_file_with_runtime_dependencies(/root/distr_slam_ws/install/cartographer_rviz/share/colcon-core/packages/cartographer_rviz)
[74.303s] Level 1:colcon.colcon_core.environment:create_environment_scripts_only(cartographer_rviz)
[74.303s] Level 1:colcon.colcon_core.environment:checking '/root/distr_slam_ws/install/cartographer_rviz' for CMake module files
[74.303s] Level 1:colcon.colcon_core.environment:checking '/root/distr_slam_ws/install/cartographer_rviz' for CMake config files
[74.304s] Level 1:colcon.colcon_core.shell:create_environment_hook('cartographer_rviz', 'cmake_prefix_path')
[74.304s] INFO:colcon.colcon_core.shell:Creating environment hook '/root/distr_slam_ws/install/cartographer_rviz/share/cartographer_rviz/hook/cmake_prefix_path.ps1'
[74.305s] INFO:colcon.colcon_core.shell:Creating environment descriptor '/root/distr_slam_ws/install/cartographer_rviz/share/cartographer_rviz/hook/cmake_prefix_path.dsv'
[74.305s] INFO:colcon.colcon_core.shell:Creating environment hook '/root/distr_slam_ws/install/cartographer_rviz/share/cartographer_rviz/hook/cmake_prefix_path.sh'
[74.306s] Level 1:colcon.colcon_core.environment:checking '/root/distr_slam_ws/install/cartographer_rviz/lib'
[74.306s] Level 1:colcon.colcon_core.shell:create_environment_hook('cartographer_rviz', 'ld_library_path_lib')
[74.306s] INFO:colcon.colcon_core.shell:Creating environment hook '/root/distr_slam_ws/install/cartographer_rviz/share/cartographer_rviz/hook/ld_library_path_lib.ps1'
[74.307s] INFO:colcon.colcon_core.shell:Creating environment descriptor '/root/distr_slam_ws/install/cartographer_rviz/share/cartographer_rviz/hook/ld_library_path_lib.dsv'
[74.307s] INFO:colcon.colcon_core.shell:Creating environment hook '/root/distr_slam_ws/install/cartographer_rviz/share/cartographer_rviz/hook/ld_library_path_lib.sh'
[74.308s] Level 1:colcon.colcon_core.environment:checking '/root/distr_slam_ws/install/cartographer_rviz/bin'
[74.308s] Level 1:colcon.colcon_core.environment:checking '/root/distr_slam_ws/install/cartographer_rviz/lib/pkgconfig/cartographer_rviz.pc'
[74.308s] Level 1:colcon.colcon_core.environment:checking '/root/distr_slam_ws/install/cartographer_rviz/lib/python3.10/site-packages'
[74.309s] Level 1:colcon.colcon_core.environment:checking '/root/distr_slam_ws/install/cartographer_rviz/bin'
[74.309s] INFO:colcon.colcon_core.shell:Creating package script '/root/distr_slam_ws/install/cartographer_rviz/share/cartographer_rviz/package.ps1'
[74.310s] INFO:colcon.colcon_core.shell:Creating package descriptor '/root/distr_slam_ws/install/cartographer_rviz/share/cartographer_rviz/package.dsv'
[74.311s] INFO:colcon.colcon_core.shell:Creating package script '/root/distr_slam_ws/install/cartographer_rviz/share/cartographer_rviz/package.sh'
[74.311s] INFO:colcon.colcon_core.shell:Creating package script '/root/distr_slam_ws/install/cartographer_rviz/share/cartographer_rviz/package.bash'
[74.312s] INFO:colcon.colcon_core.shell:Creating package script '/root/distr_slam_ws/install/cartographer_rviz/share/cartographer_rviz/package.zsh'
[74.312s] Level 1:colcon.colcon_core.environment:create_file_with_runtime_dependencies(/root/distr_slam_ws/install/cartographer_rviz/share/colcon-core/packages/cartographer_rviz)
[74.313s] DEBUG:colcon.colcon_parallel_executor.executor.parallel:closing loop
[74.313s] DEBUG:colcon.colcon_parallel_executor.executor.parallel:loop closed
[74.313s] DEBUG:colcon.colcon_parallel_executor.executor.parallel:run_until_complete finished with '0'
[74.313s] DEBUG:colcon.colcon_core.event_reactor:joining thread
[74.415s] INFO:colcon.colcon_core.plugin_system:Skipping extension 'colcon_notification.desktop_notification.notify_send': Could not find 'notify-send'
[74.415s] INFO:colcon.colcon_core.plugin_system:Skipping extension 'colcon_notification.desktop_notification.terminal_notifier': Not used on non-Darwin systems
[74.415s] INFO:colcon.colcon_core.plugin_system:Skipping extension 'colcon_notification.desktop_notification.win32': Not used on non-Windows systems
[74.415s] INFO:colcon.colcon_notification.desktop_notification:Sending desktop notification using 'notify2'
[74.421s] DEBUG:colcon.colcon_notification.desktop_notification.notify2:Failed to initialize notify2: org.freedesktop.DBus.Error.Spawn.ExecFailed: /usr/bin/dbus-launch terminated abnormally without any error message
[74.421s] DEBUG:colcon.colcon_core.event_reactor:joined thread
[74.422s] INFO:colcon.colcon_core.shell:Creating prefix script '/root/distr_slam_ws/install/local_setup.ps1'
[74.424s] INFO:colcon.colcon_core.shell:Creating prefix util module '/root/distr_slam_ws/install/_local_setup_util_ps1.py'
[74.426s] INFO:colcon.colcon_core.shell:Creating prefix chain script '/root/distr_slam_ws/install/setup.ps1'
[74.428s] INFO:colcon.colcon_core.shell:Creating prefix script '/root/distr_slam_ws/install/local_setup.sh'
[74.429s] INFO:colcon.colcon_core.shell:Creating prefix util module '/root/distr_slam_ws/install/_local_setup_util_sh.py'
[74.430s] INFO:colcon.colcon_core.shell:Creating prefix chain script '/root/distr_slam_ws/install/setup.sh'
[74.431s] INFO:colcon.colcon_core.shell:Creating prefix script '/root/distr_slam_ws/install/local_setup.bash'
[74.433s] INFO:colcon.colcon_core.shell:Creating prefix chain script '/root/distr_slam_ws/install/setup.bash'
[74.434s] INFO:colcon.colcon_core.shell:Creating prefix script '/root/distr_slam_ws/install/local_setup.zsh'
[74.436s] INFO:colcon.colcon_core.shell:Creating prefix chain script '/root/distr_slam_ws/install/setup.zsh'
