[0.159s] DEBUG:colcon:Command line arguments: ['/usr/bin/colcon', 'build']
[0.159s] DEBUG:colcon:Parsed command line arguments: Namespace(log_base=None, log_level=None, verb_name='build', build_base='build', install_base='install', merge_install=False, symlink_install=False, test_result_base=None, continue_on_error=False, executor='parallel', parallel_workers=4, event_handlers=None, ignore_user_meta=False, metas=['./colcon.meta'], base_paths=['.'], packages_ignore=None, packages_ignore_regex=None, paths=None, packages_up_to=None, packages_up_to_regex=None, packages_above=None, packages_above_and_dependencies=None, packages_above_depth=None, packages_select_by_dep=None, packages_skip_by_dep=None, packages_skip_up_to=None, packages_select_build_failed=False, packages_skip_build_finished=False, packages_select_test_failures=False, packages_skip_test_passed=False, packages_select=None, packages_skip=None, packages_select_regex=None, packages_skip_regex=None, packages_start=None, packages_end=None, cmake_args=None, cmake_target=None, cmake_target_skip_unavailable=False, cmake_clean_cache=False, cmake_clean_first=False, cmake_force_configure=False, ament_cmake_args=None, catkin_cmake_args=None, catkin_skip_building_tests=False, mixin_files=None, mixin=None, verb_parser=<colcon_mixin.mixin.mixin_argument.MixinArgumentDecorator object at 0x7f62549e03a0>, verb_extension=<colcon_core.verb.build.BuildVerb object at 0x7f6254b5d9c0>, main=<bound method BuildVerb.main of <colcon_core.verb.build.BuildVerb object at 0x7f6254b5d9c0>>, mixin_verb=('build',))
[0.414s] Level 1:colcon.colcon_core.package_discovery:discover_packages(colcon_meta) check parameters
[0.414s] INFO:colcon.colcon_metadata.package_discovery.colcon_meta:Using configuration from '/root/.colcon/metadata/default/Gazebo.meta'
[0.415s] INFO:colcon.colcon_metadata.package_discovery.colcon_meta:Using configuration from '/root/.colcon/metadata/default/fastdds.meta'
[0.416s] INFO:colcon.colcon_metadata.package_discovery.colcon_meta:Using configuration from '/root/.colcon/metadata/default/fastrtps.meta'
[0.416s] Level 1:colcon.colcon_core.package_discovery:discover_packages(recursive) check parameters
[0.416s] Level 1:colcon.colcon_core.package_discovery:discover_packages(ignore) check parameters
[0.416s] Level 1:colcon.colcon_core.package_discovery:discover_packages(path) check parameters
[0.416s] Level 1:colcon.colcon_core.package_discovery:discover_packages(colcon_meta) discover
[0.416s] Level 1:colcon.colcon_core.package_discovery:discover_packages(recursive) discover
[0.416s] INFO:colcon.colcon_core.package_discovery:Crawling recursively for packages in '/root/distr_slam_ws'
[0.416s] Level 1:colcon.colcon_core.package_identification:_identify(.) by extensions ['ignore', 'ignore_ament_install']
[0.416s] Level 1:colcon.colcon_core.package_identification:_identify(.) by extension 'ignore'
[0.416s] Level 1:colcon.colcon_core.package_identification:_identify(.) by extension 'ignore_ament_install'
[0.416s] Level 1:colcon.colcon_core.package_identification:_identify(.) by extensions ['colcon_pkg']
[0.417s] Level 1:colcon.colcon_core.package_identification:_identify(.) by extension 'colcon_pkg'
[0.417s] Level 1:colcon.colcon_core.package_identification:_identify(.) by extensions ['colcon_meta']
[0.417s] Level 1:colcon.colcon_core.package_identification:_identify(.) by extension 'colcon_meta'
[0.417s] Level 1:colcon.colcon_core.package_identification:_identify(.) by extensions ['ros']
[0.417s] Level 1:colcon.colcon_core.package_identification:_identify(.) by extension 'ros'
[0.431s] Level 1:colcon.colcon_core.package_identification:_identify(.) by extensions ['cmake', 'python']
[0.431s] Level 1:colcon.colcon_core.package_identification:_identify(.) by extension 'cmake'
[0.431s] Level 1:colcon.colcon_core.package_identification:_identify(.) by extension 'python'
[0.431s] Level 1:colcon.colcon_core.package_identification:_identify(.) by extensions ['python_setup_py']
[0.431s] Level 1:colcon.colcon_core.package_identification:_identify(.) by extension 'python_setup_py'
[0.431s] Level 1:colcon.colcon_core.package_identification:_identify(build) by extensions ['ignore', 'ignore_ament_install']
[0.431s] Level 1:colcon.colcon_core.package_identification:_identify(build) by extension 'ignore'
[0.431s] Level 1:colcon.colcon_core.package_identification:_identify(build) ignored
[0.431s] Level 1:colcon.colcon_core.package_identification:_identify(install) by extensions ['ignore', 'ignore_ament_install']
[0.432s] Level 1:colcon.colcon_core.package_identification:_identify(install) by extension 'ignore'
[0.432s] Level 1:colcon.colcon_core.package_identification:_identify(install) ignored
[0.432s] Level 1:colcon.colcon_core.package_identification:_identify(log) by extensions ['ignore', 'ignore_ament_install']
[0.432s] Level 1:colcon.colcon_core.package_identification:_identify(log) by extension 'ignore'
[0.432s] Level 1:colcon.colcon_core.package_identification:_identify(log) ignored
[0.432s] Level 1:colcon.colcon_core.package_identification:_identify(src) by extensions ['ignore', 'ignore_ament_install']
[0.432s] Level 1:colcon.colcon_core.package_identification:_identify(src) by extension 'ignore'
[0.433s] Level 1:colcon.colcon_core.package_identification:_identify(src) by extension 'ignore_ament_install'
[0.433s] Level 1:colcon.colcon_core.package_identification:_identify(src) by extensions ['colcon_pkg']
[0.433s] Level 1:colcon.colcon_core.package_identification:_identify(src) by extension 'colcon_pkg'
[0.433s] Level 1:colcon.colcon_core.package_identification:_identify(src) by extensions ['colcon_meta']
[0.434s] Level 1:colcon.colcon_core.package_identification:_identify(src) by extension 'colcon_meta'
[0.434s] Level 1:colcon.colcon_core.package_identification:_identify(src) by extensions ['ros']
[0.434s] Level 1:colcon.colcon_core.package_identification:_identify(src) by extension 'ros'
[0.434s] Level 1:colcon.colcon_core.package_identification:_identify(src) by extensions ['cmake', 'python']
[0.434s] Level 1:colcon.colcon_core.package_identification:_identify(src) by extension 'cmake'
[0.434s] Level 1:colcon.colcon_core.package_identification:_identify(src) by extension 'python'
[0.434s] Level 1:colcon.colcon_core.package_identification:_identify(src) by extensions ['python_setup_py']
[0.435s] Level 1:colcon.colcon_core.package_identification:_identify(src) by extension 'python_setup_py'
[0.435s] Level 1:colcon.colcon_core.package_identification:_identify(src/cartographer) by extensions ['ignore', 'ignore_ament_install']
[0.435s] Level 1:colcon.colcon_core.package_identification:_identify(src/cartographer) by extension 'ignore'
[0.435s] Level 1:colcon.colcon_core.package_identification:_identify(src/cartographer) by extension 'ignore_ament_install'
[0.436s] Level 1:colcon.colcon_core.package_identification:_identify(src/cartographer) by extensions ['colcon_pkg']
[0.436s] Level 1:colcon.colcon_core.package_identification:_identify(src/cartographer) by extension 'colcon_pkg'
[0.436s] Level 1:colcon.colcon_core.package_identification:_identify(src/cartographer) by extensions ['colcon_meta']
[0.436s] Level 1:colcon.colcon_core.package_identification:_identify(src/cartographer) by extension 'colcon_meta'
[0.436s] Level 1:colcon.colcon_core.package_identification:_identify(src/cartographer) by extensions ['ros']
[0.436s] Level 1:colcon.colcon_core.package_identification:_identify(src/cartographer) by extension 'ros'
[0.445s] DEBUG:colcon.colcon_core.package_identification:Package 'src/cartographer' with type 'ros.cmake' and name 'cartographer'
[0.446s] Level 1:colcon.colcon_core.package_identification:_identify(src/cartographer_ros) by extensions ['ignore', 'ignore_ament_install']
[0.446s] Level 1:colcon.colcon_core.package_identification:_identify(src/cartographer_ros) by extension 'ignore'
[0.446s] Level 1:colcon.colcon_core.package_identification:_identify(src/cartographer_ros) by extension 'ignore_ament_install'
[0.446s] Level 1:colcon.colcon_core.package_identification:_identify(src/cartographer_ros) by extensions ['colcon_pkg']
[0.447s] Level 1:colcon.colcon_core.package_identification:_identify(src/cartographer_ros) by extension 'colcon_pkg'
[0.447s] Level 1:colcon.colcon_core.package_identification:_identify(src/cartographer_ros) by extensions ['colcon_meta']
[0.447s] Level 1:colcon.colcon_core.package_identification:_identify(src/cartographer_ros) by extension 'colcon_meta'
[0.447s] Level 1:colcon.colcon_core.package_identification:_identify(src/cartographer_ros) by extensions ['ros']
[0.447s] Level 1:colcon.colcon_core.package_identification:_identify(src/cartographer_ros) by extension 'ros'
[0.447s] Level 1:colcon.colcon_core.package_identification:_identify(src/cartographer_ros) by extensions ['cmake', 'python']
[0.448s] Level 1:colcon.colcon_core.package_identification:_identify(src/cartographer_ros) by extension 'cmake'
[0.448s] Level 1:colcon.colcon_core.package_identification:_identify(src/cartographer_ros) by extension 'python'
[0.448s] Level 1:colcon.colcon_core.package_identification:_identify(src/cartographer_ros) by extensions ['python_setup_py']
[0.448s] Level 1:colcon.colcon_core.package_identification:_identify(src/cartographer_ros) by extension 'python_setup_py'
[0.448s] Level 1:colcon.colcon_core.package_identification:_identify(src/cartographer_ros/cartographer_ros) by extensions ['ignore', 'ignore_ament_install']
[0.449s] Level 1:colcon.colcon_core.package_identification:_identify(src/cartographer_ros/cartographer_ros) by extension 'ignore'
[0.449s] Level 1:colcon.colcon_core.package_identification:_identify(src/cartographer_ros/cartographer_ros) by extension 'ignore_ament_install'
[0.449s] Level 1:colcon.colcon_core.package_identification:_identify(src/cartographer_ros/cartographer_ros) by extensions ['colcon_pkg']
[0.449s] Level 1:colcon.colcon_core.package_identification:_identify(src/cartographer_ros/cartographer_ros) by extension 'colcon_pkg'
[0.449s] Level 1:colcon.colcon_core.package_identification:_identify(src/cartographer_ros/cartographer_ros) by extensions ['colcon_meta']
[0.449s] Level 1:colcon.colcon_core.package_identification:_identify(src/cartographer_ros/cartographer_ros) by extension 'colcon_meta'
[0.450s] Level 1:colcon.colcon_core.package_identification:_identify(src/cartographer_ros/cartographer_ros) by extensions ['ros']
[0.450s] Level 1:colcon.colcon_core.package_identification:_identify(src/cartographer_ros/cartographer_ros) by extension 'ros'
[0.457s] DEBUG:colcon.colcon_core.package_identification:Package 'src/cartographer_ros/cartographer_ros' with type 'ros.ament_cmake' and name 'cartographer_ros'
[0.458s] Level 1:colcon.colcon_core.package_identification:_identify(src/cartographer_ros/cartographer_ros_msgs) by extensions ['ignore', 'ignore_ament_install']
[0.458s] Level 1:colcon.colcon_core.package_identification:_identify(src/cartographer_ros/cartographer_ros_msgs) by extension 'ignore'
[0.458s] Level 1:colcon.colcon_core.package_identification:_identify(src/cartographer_ros/cartographer_ros_msgs) by extension 'ignore_ament_install'
[0.458s] Level 1:colcon.colcon_core.package_identification:_identify(src/cartographer_ros/cartographer_ros_msgs) by extensions ['colcon_pkg']
[0.458s] Level 1:colcon.colcon_core.package_identification:_identify(src/cartographer_ros/cartographer_ros_msgs) by extension 'colcon_pkg'
[0.459s] Level 1:colcon.colcon_core.package_identification:_identify(src/cartographer_ros/cartographer_ros_msgs) by extensions ['colcon_meta']
[0.459s] Level 1:colcon.colcon_core.package_identification:_identify(src/cartographer_ros/cartographer_ros_msgs) by extension 'colcon_meta'
[0.459s] Level 1:colcon.colcon_core.package_identification:_identify(src/cartographer_ros/cartographer_ros_msgs) by extensions ['ros']
[0.459s] Level 1:colcon.colcon_core.package_identification:_identify(src/cartographer_ros/cartographer_ros_msgs) by extension 'ros'
[0.461s] DEBUG:colcon.colcon_core.package_identification:Package 'src/cartographer_ros/cartographer_ros_msgs' with type 'ros.ament_cmake' and name 'cartographer_ros_msgs'
[0.462s] Level 1:colcon.colcon_core.package_identification:_identify(src/cartographer_ros/cartographer_rviz) by extensions ['ignore', 'ignore_ament_install']
[0.462s] Level 1:colcon.colcon_core.package_identification:_identify(src/cartographer_ros/cartographer_rviz) by extension 'ignore'
[0.462s] Level 1:colcon.colcon_core.package_identification:_identify(src/cartographer_ros/cartographer_rviz) by extension 'ignore_ament_install'
[0.462s] Level 1:colcon.colcon_core.package_identification:_identify(src/cartographer_ros/cartographer_rviz) by extensions ['colcon_pkg']
[0.462s] Level 1:colcon.colcon_core.package_identification:_identify(src/cartographer_ros/cartographer_rviz) by extension 'colcon_pkg'
[0.462s] Level 1:colcon.colcon_core.package_identification:_identify(src/cartographer_ros/cartographer_rviz) by extensions ['colcon_meta']
[0.463s] Level 1:colcon.colcon_core.package_identification:_identify(src/cartographer_ros/cartographer_rviz) by extension 'colcon_meta'
[0.463s] Level 1:colcon.colcon_core.package_identification:_identify(src/cartographer_ros/cartographer_rviz) by extensions ['ros']
[0.463s] Level 1:colcon.colcon_core.package_identification:_identify(src/cartographer_ros/cartographer_rviz) by extension 'ros'
[0.466s] DEBUG:colcon.colcon_core.package_identification:Package 'src/cartographer_ros/cartographer_rviz' with type 'ros.ament_cmake' and name 'cartographer_rviz'
[0.466s] Level 1:colcon.colcon_core.package_identification:_identify(src/cartographer_ros/docs) by extensions ['ignore', 'ignore_ament_install']
[0.466s] Level 1:colcon.colcon_core.package_identification:_identify(src/cartographer_ros/docs) by extension 'ignore'
[0.466s] Level 1:colcon.colcon_core.package_identification:_identify(src/cartographer_ros/docs) ignored
[0.466s] Level 1:colcon.colcon_core.package_identification:_identify(src/cartographer_ros/scripts) by extensions ['ignore', 'ignore_ament_install']
[0.466s] Level 1:colcon.colcon_core.package_identification:_identify(src/cartographer_ros/scripts) by extension 'ignore'
[0.467s] Level 1:colcon.colcon_core.package_identification:_identify(src/cartographer_ros/scripts) by extension 'ignore_ament_install'
[0.467s] Level 1:colcon.colcon_core.package_identification:_identify(src/cartographer_ros/scripts) by extensions ['colcon_pkg']
[0.467s] Level 1:colcon.colcon_core.package_identification:_identify(src/cartographer_ros/scripts) by extension 'colcon_pkg'
[0.467s] Level 1:colcon.colcon_core.package_identification:_identify(src/cartographer_ros/scripts) by extensions ['colcon_meta']
[0.467s] Level 1:colcon.colcon_core.package_identification:_identify(src/cartographer_ros/scripts) by extension 'colcon_meta'
[0.467s] Level 1:colcon.colcon_core.package_identification:_identify(src/cartographer_ros/scripts) by extensions ['ros']
[0.467s] Level 1:colcon.colcon_core.package_identification:_identify(src/cartographer_ros/scripts) by extension 'ros'
[0.467s] Level 1:colcon.colcon_core.package_identification:_identify(src/cartographer_ros/scripts) by extensions ['cmake', 'python']
[0.467s] Level 1:colcon.colcon_core.package_identification:_identify(src/cartographer_ros/scripts) by extension 'cmake'
[0.467s] Level 1:colcon.colcon_core.package_identification:_identify(src/cartographer_ros/scripts) by extension 'python'
[0.467s] Level 1:colcon.colcon_core.package_identification:_identify(src/cartographer_ros/scripts) by extensions ['python_setup_py']
[0.467s] Level 1:colcon.colcon_core.package_identification:_identify(src/cartographer_ros/scripts) by extension 'python_setup_py'
[0.467s] Level 1:colcon.colcon_core.package_discovery:discover_packages(recursive) using defaults
[0.468s] Level 1:colcon.colcon_core.package_discovery:discover_packages(ignore) discover
[0.468s] Level 1:colcon.colcon_core.package_discovery:discover_packages(ignore) using defaults
[0.468s] Level 1:colcon.colcon_core.package_discovery:discover_packages(path) discover
[0.468s] Level 1:colcon.colcon_core.package_discovery:discover_packages(path) using defaults
[0.508s] Level 5:colcon.colcon_core.verb:set package 'cartographer' build argument 'cmake_args' from command line to 'None'
[0.508s] Level 5:colcon.colcon_core.verb:set package 'cartographer' build argument 'cmake_target' from command line to 'None'
[0.508s] Level 5:colcon.colcon_core.verb:set package 'cartographer' build argument 'cmake_target_skip_unavailable' from command line to 'False'
[0.508s] Level 5:colcon.colcon_core.verb:set package 'cartographer' build argument 'cmake_clean_cache' from command line to 'False'
[0.508s] Level 5:colcon.colcon_core.verb:set package 'cartographer' build argument 'cmake_clean_first' from command line to 'False'
[0.509s] Level 5:colcon.colcon_core.verb:set package 'cartographer' build argument 'cmake_force_configure' from command line to 'False'
[0.509s] Level 5:colcon.colcon_core.verb:set package 'cartographer' build argument 'ament_cmake_args' from command line to 'None'
[0.509s] Level 5:colcon.colcon_core.verb:set package 'cartographer' build argument 'catkin_cmake_args' from command line to 'None'
[0.509s] Level 5:colcon.colcon_core.verb:set package 'cartographer' build argument 'catkin_skip_building_tests' from command line to 'False'
[0.509s] DEBUG:colcon.colcon_core.verb:Building package 'cartographer' with the following arguments: {'ament_cmake_args': None, 'build_base': '/root/distr_slam_ws/build/cartographer', 'catkin_cmake_args': None, 'catkin_skip_building_tests': False, 'cmake_args': None, 'cmake_clean_cache': False, 'cmake_clean_first': False, 'cmake_force_configure': False, 'cmake_target': None, 'cmake_target_skip_unavailable': False, 'install_base': '/root/distr_slam_ws/install/cartographer', 'merge_install': False, 'path': '/root/distr_slam_ws/src/cartographer', 'symlink_install': False, 'test_result_base': None}
[0.509s] Level 5:colcon.colcon_core.verb:set package 'cartographer_ros_msgs' build argument 'cmake_args' from command line to 'None'
[0.509s] Level 5:colcon.colcon_core.verb:set package 'cartographer_ros_msgs' build argument 'cmake_target' from command line to 'None'
[0.509s] Level 5:colcon.colcon_core.verb:set package 'cartographer_ros_msgs' build argument 'cmake_target_skip_unavailable' from command line to 'False'
[0.509s] Level 5:colcon.colcon_core.verb:set package 'cartographer_ros_msgs' build argument 'cmake_clean_cache' from command line to 'False'
[0.509s] Level 5:colcon.colcon_core.verb:set package 'cartographer_ros_msgs' build argument 'cmake_clean_first' from command line to 'False'
[0.509s] Level 5:colcon.colcon_core.verb:set package 'cartographer_ros_msgs' build argument 'cmake_force_configure' from command line to 'False'
[0.509s] Level 5:colcon.colcon_core.verb:set package 'cartographer_ros_msgs' build argument 'ament_cmake_args' from command line to 'None'
[0.509s] Level 5:colcon.colcon_core.verb:set package 'cartographer_ros_msgs' build argument 'catkin_cmake_args' from command line to 'None'
[0.509s] Level 5:colcon.colcon_core.verb:set package 'cartographer_ros_msgs' build argument 'catkin_skip_building_tests' from command line to 'False'
[0.509s] DEBUG:colcon.colcon_core.verb:Building package 'cartographer_ros_msgs' with the following arguments: {'ament_cmake_args': None, 'build_base': '/root/distr_slam_ws/build/cartographer_ros_msgs', 'catkin_cmake_args': None, 'catkin_skip_building_tests': False, 'cmake_args': None, 'cmake_clean_cache': False, 'cmake_clean_first': False, 'cmake_force_configure': False, 'cmake_target': None, 'cmake_target_skip_unavailable': False, 'install_base': '/root/distr_slam_ws/install/cartographer_ros_msgs', 'merge_install': False, 'path': '/root/distr_slam_ws/src/cartographer_ros/cartographer_ros_msgs', 'symlink_install': False, 'test_result_base': None}
[0.510s] Level 5:colcon.colcon_core.verb:set package 'cartographer_ros' build argument 'cmake_args' from command line to 'None'
[0.510s] Level 5:colcon.colcon_core.verb:set package 'cartographer_ros' build argument 'cmake_target' from command line to 'None'
[0.510s] Level 5:colcon.colcon_core.verb:set package 'cartographer_ros' build argument 'cmake_target_skip_unavailable' from command line to 'False'
[0.510s] Level 5:colcon.colcon_core.verb:set package 'cartographer_ros' build argument 'cmake_clean_cache' from command line to 'False'
[0.510s] Level 5:colcon.colcon_core.verb:set package 'cartographer_ros' build argument 'cmake_clean_first' from command line to 'False'
[0.510s] Level 5:colcon.colcon_core.verb:set package 'cartographer_ros' build argument 'cmake_force_configure' from command line to 'False'
[0.510s] Level 5:colcon.colcon_core.verb:set package 'cartographer_ros' build argument 'ament_cmake_args' from command line to 'None'
[0.510s] Level 5:colcon.colcon_core.verb:set package 'cartographer_ros' build argument 'catkin_cmake_args' from command line to 'None'
[0.510s] Level 5:colcon.colcon_core.verb:set package 'cartographer_ros' build argument 'catkin_skip_building_tests' from command line to 'False'
[0.510s] DEBUG:colcon.colcon_core.verb:Building package 'cartographer_ros' with the following arguments: {'ament_cmake_args': None, 'build_base': '/root/distr_slam_ws/build/cartographer_ros', 'catkin_cmake_args': None, 'catkin_skip_building_tests': False, 'cmake_args': None, 'cmake_clean_cache': False, 'cmake_clean_first': False, 'cmake_force_configure': False, 'cmake_target': None, 'cmake_target_skip_unavailable': False, 'install_base': '/root/distr_slam_ws/install/cartographer_ros', 'merge_install': False, 'path': '/root/distr_slam_ws/src/cartographer_ros/cartographer_ros', 'symlink_install': False, 'test_result_base': None}
[0.511s] Level 5:colcon.colcon_core.verb:set package 'cartographer_rviz' build argument 'cmake_args' from command line to 'None'
[0.511s] Level 5:colcon.colcon_core.verb:set package 'cartographer_rviz' build argument 'cmake_target' from command line to 'None'
[0.511s] Level 5:colcon.colcon_core.verb:set package 'cartographer_rviz' build argument 'cmake_target_skip_unavailable' from command line to 'False'
[0.511s] Level 5:colcon.colcon_core.verb:set package 'cartographer_rviz' build argument 'cmake_clean_cache' from command line to 'False'
[0.511s] Level 5:colcon.colcon_core.verb:set package 'cartographer_rviz' build argument 'cmake_clean_first' from command line to 'False'
[0.511s] Level 5:colcon.colcon_core.verb:set package 'cartographer_rviz' build argument 'cmake_force_configure' from command line to 'False'
[0.511s] Level 5:colcon.colcon_core.verb:set package 'cartographer_rviz' build argument 'ament_cmake_args' from command line to 'None'
[0.511s] Level 5:colcon.colcon_core.verb:set package 'cartographer_rviz' build argument 'catkin_cmake_args' from command line to 'None'
[0.511s] Level 5:colcon.colcon_core.verb:set package 'cartographer_rviz' build argument 'catkin_skip_building_tests' from command line to 'False'
[0.511s] DEBUG:colcon.colcon_core.verb:Building package 'cartographer_rviz' with the following arguments: {'ament_cmake_args': None, 'build_base': '/root/distr_slam_ws/build/cartographer_rviz', 'catkin_cmake_args': None, 'catkin_skip_building_tests': False, 'cmake_args': None, 'cmake_clean_cache': False, 'cmake_clean_first': False, 'cmake_force_configure': False, 'cmake_target': None, 'cmake_target_skip_unavailable': False, 'install_base': '/root/distr_slam_ws/install/cartographer_rviz', 'merge_install': False, 'path': '/root/distr_slam_ws/src/cartographer_ros/cartographer_rviz', 'symlink_install': False, 'test_result_base': None}
[0.512s] INFO:colcon.colcon_core.executor:Executing jobs using 'parallel' executor
[0.513s] DEBUG:colcon.colcon_parallel_executor.executor.parallel:run_until_complete
[0.513s] INFO:colcon.colcon_ros.task.cmake.build:Building ROS package in '/root/distr_slam_ws/src/cartographer' with build type 'cmake'
[0.513s] INFO:colcon.colcon_cmake.task.cmake.build:Building CMake package in '/root/distr_slam_ws/src/cartographer'
[0.518s] INFO:colcon.colcon_core.plugin_system:Skipping extension 'colcon_core.shell.bat': Not used on non-Windows systems
[0.518s] INFO:colcon.colcon_core.shell:Skip shell extension 'powershell' for command environment: Not usable outside of PowerShell
[0.518s] DEBUG:colcon.colcon_core.shell:Skip shell extension 'dsv' for command environment
[0.524s] INFO:colcon.colcon_ros.task.ament_cmake.build:Building ROS package in '/root/distr_slam_ws/src/cartographer_ros/cartographer_ros_msgs' with build type 'ament_cmake'
[0.525s] INFO:colcon.colcon_cmake.task.cmake.build:Building CMake package in '/root/distr_slam_ws/src/cartographer_ros/cartographer_ros_msgs'
[0.525s] INFO:colcon.colcon_core.shell:Skip shell extension 'powershell' for command environment: Not usable outside of PowerShell
[0.525s] DEBUG:colcon.colcon_core.shell:Skip shell extension 'dsv' for command environment
[0.539s] DEBUG:colcon.colcon_core.event_handler.log_command:Invoking command in '/root/distr_slam_ws/build/cartographer': CMAKE_PREFIX_PATH=/opt/ros/humble /usr/bin/cmake --build /root/distr_slam_ws/build/cartographer -- -j4 -l4
[0.543s] DEBUG:colcon.colcon_core.event_handler.log_command:Invoking command in '/root/distr_slam_ws/build/cartographer_ros_msgs': CMAKE_PREFIX_PATH=/opt/ros/humble /usr/bin/cmake --build /root/distr_slam_ws/build/cartographer_ros_msgs -- -j4 -l4
[1.353s] DEBUG:colcon.colcon_core.event_handler.log_command:Invoked command in '/root/distr_slam_ws/build/cartographer_ros_msgs' returned '0': CMAKE_PREFIX_PATH=/opt/ros/humble /usr/bin/cmake --build /root/distr_slam_ws/build/cartographer_ros_msgs -- -j4 -l4
[1.370s] DEBUG:colcon.colcon_core.event_handler.log_command:Invoking command in '/root/distr_slam_ws/build/cartographer_ros_msgs': CMAKE_PREFIX_PATH=/opt/ros/humble /usr/bin/cmake --install /root/distr_slam_ws/build/cartographer_ros_msgs
[1.536s] Level 1:colcon.colcon_core.environment:create_environment_scripts_only(cartographer_ros_msgs)
[1.536s] DEBUG:colcon.colcon_core.event_handler.log_command:Invoked command in '/root/distr_slam_ws/build/cartographer_ros_msgs' returned '0': CMAKE_PREFIX_PATH=/opt/ros/humble /usr/bin/cmake --install /root/distr_slam_ws/build/cartographer_ros_msgs
[1.540s] Level 1:colcon.colcon_core.environment:checking '/root/distr_slam_ws/install/cartographer_ros_msgs' for CMake module files
[1.541s] Level 1:colcon.colcon_core.environment:checking '/root/distr_slam_ws/install/cartographer_ros_msgs' for CMake config files
[1.544s] Level 1:colcon.colcon_core.shell:create_environment_hook('cartographer_ros_msgs', 'cmake_prefix_path')
[1.545s] INFO:colcon.colcon_core.shell:Creating environment hook '/root/distr_slam_ws/install/cartographer_ros_msgs/share/cartographer_ros_msgs/hook/cmake_prefix_path.ps1'
[1.546s] INFO:colcon.colcon_core.shell:Creating environment descriptor '/root/distr_slam_ws/install/cartographer_ros_msgs/share/cartographer_ros_msgs/hook/cmake_prefix_path.dsv'
[1.547s] INFO:colcon.colcon_core.shell:Creating environment hook '/root/distr_slam_ws/install/cartographer_ros_msgs/share/cartographer_ros_msgs/hook/cmake_prefix_path.sh'
[1.548s] Level 1:colcon.colcon_core.environment:checking '/root/distr_slam_ws/install/cartographer_ros_msgs/lib'
[1.549s] Level 1:colcon.colcon_core.shell:create_environment_hook('cartographer_ros_msgs', 'ld_library_path_lib')
[1.549s] INFO:colcon.colcon_core.shell:Creating environment hook '/root/distr_slam_ws/install/cartographer_ros_msgs/share/cartographer_ros_msgs/hook/ld_library_path_lib.ps1'
[1.550s] INFO:colcon.colcon_core.shell:Creating environment descriptor '/root/distr_slam_ws/install/cartographer_ros_msgs/share/cartographer_ros_msgs/hook/ld_library_path_lib.dsv'
[1.551s] INFO:colcon.colcon_core.shell:Creating environment hook '/root/distr_slam_ws/install/cartographer_ros_msgs/share/cartographer_ros_msgs/hook/ld_library_path_lib.sh'
[1.553s] Level 1:colcon.colcon_core.environment:checking '/root/distr_slam_ws/install/cartographer_ros_msgs/bin'
[1.553s] Level 1:colcon.colcon_core.environment:checking '/root/distr_slam_ws/install/cartographer_ros_msgs/lib/pkgconfig/cartographer_ros_msgs.pc'
[1.555s] Level 1:colcon.colcon_core.environment:checking '/root/distr_slam_ws/install/cartographer_ros_msgs/lib/python3.10/site-packages'
[1.556s] Level 1:colcon.colcon_core.environment:checking '/root/distr_slam_ws/install/cartographer_ros_msgs/bin'
[1.557s] INFO:colcon.colcon_core.shell:Creating package script '/root/distr_slam_ws/install/cartographer_ros_msgs/share/cartographer_ros_msgs/package.ps1'
[1.559s] INFO:colcon.colcon_core.shell:Creating package descriptor '/root/distr_slam_ws/install/cartographer_ros_msgs/share/cartographer_ros_msgs/package.dsv'
[1.560s] INFO:colcon.colcon_core.shell:Creating package script '/root/distr_slam_ws/install/cartographer_ros_msgs/share/cartographer_ros_msgs/package.sh'
[1.561s] INFO:colcon.colcon_core.shell:Creating package script '/root/distr_slam_ws/install/cartographer_ros_msgs/share/cartographer_ros_msgs/package.bash'
[1.562s] INFO:colcon.colcon_core.shell:Creating package script '/root/distr_slam_ws/install/cartographer_ros_msgs/share/cartographer_ros_msgs/package.zsh'
[1.563s] Level 1:colcon.colcon_core.environment:create_file_with_runtime_dependencies(/root/distr_slam_ws/install/cartographer_ros_msgs/share/colcon-core/packages/cartographer_ros_msgs)
[1.565s] Level 1:colcon.colcon_core.environment:create_environment_scripts_only(cartographer_ros_msgs)
[1.565s] Level 1:colcon.colcon_core.environment:checking '/root/distr_slam_ws/install/cartographer_ros_msgs' for CMake module files
[1.566s] Level 1:colcon.colcon_core.environment:checking '/root/distr_slam_ws/install/cartographer_ros_msgs' for CMake config files
[1.569s] Level 1:colcon.colcon_core.shell:create_environment_hook('cartographer_ros_msgs', 'cmake_prefix_path')
[1.569s] INFO:colcon.colcon_core.shell:Creating environment hook '/root/distr_slam_ws/install/cartographer_ros_msgs/share/cartographer_ros_msgs/hook/cmake_prefix_path.ps1'
[1.570s] INFO:colcon.colcon_core.shell:Creating environment descriptor '/root/distr_slam_ws/install/cartographer_ros_msgs/share/cartographer_ros_msgs/hook/cmake_prefix_path.dsv'
[1.570s] INFO:colcon.colcon_core.shell:Creating environment hook '/root/distr_slam_ws/install/cartographer_ros_msgs/share/cartographer_ros_msgs/hook/cmake_prefix_path.sh'
[1.571s] Level 1:colcon.colcon_core.environment:checking '/root/distr_slam_ws/install/cartographer_ros_msgs/lib'
[1.571s] Level 1:colcon.colcon_core.shell:create_environment_hook('cartographer_ros_msgs', 'ld_library_path_lib')
[1.572s] INFO:colcon.colcon_core.shell:Creating environment hook '/root/distr_slam_ws/install/cartographer_ros_msgs/share/cartographer_ros_msgs/hook/ld_library_path_lib.ps1'
[1.572s] INFO:colcon.colcon_core.shell:Creating environment descriptor '/root/distr_slam_ws/install/cartographer_ros_msgs/share/cartographer_ros_msgs/hook/ld_library_path_lib.dsv'
[1.574s] INFO:colcon.colcon_core.shell:Creating environment hook '/root/distr_slam_ws/install/cartographer_ros_msgs/share/cartographer_ros_msgs/hook/ld_library_path_lib.sh'
[1.574s] Level 1:colcon.colcon_core.environment:checking '/root/distr_slam_ws/install/cartographer_ros_msgs/bin'
[1.574s] Level 1:colcon.colcon_core.environment:checking '/root/distr_slam_ws/install/cartographer_ros_msgs/lib/pkgconfig/cartographer_ros_msgs.pc'
[1.575s] Level 1:colcon.colcon_core.environment:checking '/root/distr_slam_ws/install/cartographer_ros_msgs/lib/python3.10/site-packages'
[1.576s] Level 1:colcon.colcon_core.environment:checking '/root/distr_slam_ws/install/cartographer_ros_msgs/bin'
[1.576s] INFO:colcon.colcon_core.shell:Creating package script '/root/distr_slam_ws/install/cartographer_ros_msgs/share/cartographer_ros_msgs/package.ps1'
[1.577s] INFO:colcon.colcon_core.shell:Creating package descriptor '/root/distr_slam_ws/install/cartographer_ros_msgs/share/cartographer_ros_msgs/package.dsv'
[1.578s] INFO:colcon.colcon_core.shell:Creating package script '/root/distr_slam_ws/install/cartographer_ros_msgs/share/cartographer_ros_msgs/package.sh'
[1.579s] INFO:colcon.colcon_core.shell:Creating package script '/root/distr_slam_ws/install/cartographer_ros_msgs/share/cartographer_ros_msgs/package.bash'
[1.580s] INFO:colcon.colcon_core.shell:Creating package script '/root/distr_slam_ws/install/cartographer_ros_msgs/share/cartographer_ros_msgs/package.zsh'
[1.581s] Level 1:colcon.colcon_core.environment:create_file_with_runtime_dependencies(/root/distr_slam_ws/install/cartographer_ros_msgs/share/colcon-core/packages/cartographer_ros_msgs)
[2.784s] DEBUG:colcon.colcon_core.event_handler.log_command:Invoked command in '/root/distr_slam_ws/build/cartographer' returned '0': CMAKE_PREFIX_PATH=/opt/ros/humble /usr/bin/cmake --build /root/distr_slam_ws/build/cartographer -- -j4 -l4
[2.785s] DEBUG:colcon.colcon_core.event_handler.log_command:Invoking command in '/root/distr_slam_ws/build/cartographer': CMAKE_PREFIX_PATH=/opt/ros/humble /usr/bin/cmake --install /root/distr_slam_ws/build/cartographer
[2.814s] DEBUG:colcon.colcon_core.event_handler.log_command:Invoked command in '/root/distr_slam_ws/build/cartographer' returned '0': CMAKE_PREFIX_PATH=/opt/ros/humble /usr/bin/cmake --install /root/distr_slam_ws/build/cartographer
[2.814s] Level 1:colcon.colcon_core.shell:create_environment_hook('cartographer', 'pkg_config_path')
[2.814s] INFO:colcon.colcon_core.shell:Creating environment hook '/root/distr_slam_ws/install/cartographer/share/cartographer/hook/pkg_config_path.ps1'
[2.815s] INFO:colcon.colcon_core.shell:Creating environment descriptor '/root/distr_slam_ws/install/cartographer/share/cartographer/hook/pkg_config_path.dsv'
[2.815s] INFO:colcon.colcon_core.shell:Creating environment hook '/root/distr_slam_ws/install/cartographer/share/cartographer/hook/pkg_config_path.sh'
[2.817s] Level 1:colcon.colcon_core.shell:create_environment_hook('cartographer', 'pkg_config_path_multiarch')
[2.817s] INFO:colcon.colcon_core.shell:Creating environment hook '/root/distr_slam_ws/install/cartographer/share/cartographer/hook/pkg_config_path_multiarch.ps1'
[2.818s] INFO:colcon.colcon_core.shell:Creating environment descriptor '/root/distr_slam_ws/install/cartographer/share/cartographer/hook/pkg_config_path_multiarch.dsv'
[2.818s] INFO:colcon.colcon_core.shell:Creating environment hook '/root/distr_slam_ws/install/cartographer/share/cartographer/hook/pkg_config_path_multiarch.sh'
[2.819s] Level 1:colcon.colcon_core.environment:create_environment_scripts_only(cartographer)
[2.819s] Level 1:colcon.colcon_core.environment:checking '/root/distr_slam_ws/install/cartographer' for CMake module files
[2.819s] Level 1:colcon.colcon_core.environment:checking '/root/distr_slam_ws/install/cartographer' for CMake config files
[2.820s] Level 1:colcon.colcon_core.shell:create_environment_hook('cartographer', 'cmake_prefix_path')
[2.820s] INFO:colcon.colcon_core.shell:Creating environment hook '/root/distr_slam_ws/install/cartographer/share/cartographer/hook/cmake_prefix_path.ps1'
[2.821s] INFO:colcon.colcon_core.shell:Creating environment descriptor '/root/distr_slam_ws/install/cartographer/share/cartographer/hook/cmake_prefix_path.dsv'
[2.821s] INFO:colcon.colcon_core.shell:Creating environment hook '/root/distr_slam_ws/install/cartographer/share/cartographer/hook/cmake_prefix_path.sh'
[2.822s] Level 1:colcon.colcon_core.environment:checking '/root/distr_slam_ws/install/cartographer/lib'
[2.822s] Level 1:colcon.colcon_core.environment:checking '/root/distr_slam_ws/install/cartographer/bin'
[2.822s] Level 1:colcon.colcon_core.shell:create_environment_hook('cartographer', 'path')
[2.822s] INFO:colcon.colcon_core.shell:Creating environment hook '/root/distr_slam_ws/install/cartographer/share/cartographer/hook/path.ps1'
[2.822s] INFO:colcon.colcon_core.shell:Creating environment descriptor '/root/distr_slam_ws/install/cartographer/share/cartographer/hook/path.dsv'
[2.823s] INFO:colcon.colcon_core.shell:Creating environment hook '/root/distr_slam_ws/install/cartographer/share/cartographer/hook/path.sh'
[2.824s] Level 1:colcon.colcon_core.environment:checking '/root/distr_slam_ws/install/cartographer/lib/pkgconfig/cartographer.pc'
[2.824s] Level 1:colcon.colcon_core.environment:checking '/root/distr_slam_ws/install/cartographer/lib/python3.10/site-packages'
[2.825s] Level 1:colcon.colcon_core.environment:checking '/root/distr_slam_ws/install/cartographer/bin'
[2.825s] Level 1:colcon.colcon_core.shell:create_environment_hook('cartographer', 'pythonscriptspath')
[2.825s] INFO:colcon.colcon_core.shell:Creating environment hook '/root/distr_slam_ws/install/cartographer/share/cartographer/hook/pythonscriptspath.ps1'
[2.825s] INFO:colcon.colcon_core.shell:Creating environment descriptor '/root/distr_slam_ws/install/cartographer/share/cartographer/hook/pythonscriptspath.dsv'
[2.826s] INFO:colcon.colcon_core.shell:Creating environment hook '/root/distr_slam_ws/install/cartographer/share/cartographer/hook/pythonscriptspath.sh'
[2.827s] INFO:colcon.colcon_core.shell:Creating package script '/root/distr_slam_ws/install/cartographer/share/cartographer/package.ps1'
[2.827s] INFO:colcon.colcon_core.shell:Creating package descriptor '/root/distr_slam_ws/install/cartographer/share/cartographer/package.dsv'
[2.828s] INFO:colcon.colcon_core.shell:Creating package script '/root/distr_slam_ws/install/cartographer/share/cartographer/package.sh'
[2.829s] INFO:colcon.colcon_core.shell:Creating package script '/root/distr_slam_ws/install/cartographer/share/cartographer/package.bash'
[2.829s] INFO:colcon.colcon_core.shell:Creating package script '/root/distr_slam_ws/install/cartographer/share/cartographer/package.zsh'
[2.829s] Level 1:colcon.colcon_core.environment:create_file_with_runtime_dependencies(/root/distr_slam_ws/install/cartographer/share/colcon-core/packages/cartographer)
[2.830s] INFO:colcon.colcon_ros.task.ament_cmake.build:Building ROS package in '/root/distr_slam_ws/src/cartographer_ros/cartographer_ros' with build type 'ament_cmake'
[2.830s] INFO:colcon.colcon_cmake.task.cmake.build:Building CMake package in '/root/distr_slam_ws/src/cartographer_ros/cartographer_ros'
[2.830s] INFO:colcon.colcon_core.shell:Skip shell extension 'powershell' for command environment: Not usable outside of PowerShell
[2.830s] DEBUG:colcon.colcon_core.shell:Skip shell extension 'dsv' for command environment
[2.843s] DEBUG:colcon.colcon_core.event_handler.log_command:Invoking command in '/root/distr_slam_ws/build/cartographer_ros': AMENT_PREFIX_PATH=/root/distr_slam_ws/install/cartographer_ros_msgs:${AMENT_PREFIX_PATH} CMAKE_PREFIX_PATH=/root/distr_slam_ws/install/cartographer_ros_msgs:/root/distr_slam_ws/install/cartographer:/opt/ros/humble LD_LIBRARY_PATH=/root/distr_slam_ws/install/cartographer_ros_msgs/lib:${LD_LIBRARY_PATH} PATH=/root/distr_slam_ws/install/cartographer/bin:${PATH} PKG_CONFIG_PATH=/root/distr_slam_ws/install/cartographer/lib/x86_64-linux-gnu/pkgconfig:/root/distr_slam_ws/install/cartographer/lib/pkgconfig PYTHONPATH=/root/distr_slam_ws/install/cartographer_ros_msgs/local/lib/python3.10/dist-packages:${PYTHONPATH} /usr/bin/cmake /root/distr_slam_ws/src/cartographer_ros/cartographer_ros -DCMAKE_INSTALL_PREFIX=/root/distr_slam_ws/install/cartographer_ros
[4.068s] DEBUG:colcon.colcon_core.event_handler.log_command:Invoked command in '/root/distr_slam_ws/build/cartographer_ros' returned '0': AMENT_PREFIX_PATH=/root/distr_slam_ws/install/cartographer_ros_msgs:${AMENT_PREFIX_PATH} CMAKE_PREFIX_PATH=/root/distr_slam_ws/install/cartographer_ros_msgs:/root/distr_slam_ws/install/cartographer:/opt/ros/humble LD_LIBRARY_PATH=/root/distr_slam_ws/install/cartographer_ros_msgs/lib:${LD_LIBRARY_PATH} PATH=/root/distr_slam_ws/install/cartographer/bin:${PATH} PKG_CONFIG_PATH=/root/distr_slam_ws/install/cartographer/lib/x86_64-linux-gnu/pkgconfig:/root/distr_slam_ws/install/cartographer/lib/pkgconfig PYTHONPATH=/root/distr_slam_ws/install/cartographer_ros_msgs/local/lib/python3.10/dist-packages:${PYTHONPATH} /usr/bin/cmake /root/distr_slam_ws/src/cartographer_ros/cartographer_ros -DCMAKE_INSTALL_PREFIX=/root/distr_slam_ws/install/cartographer_ros
[4.071s] DEBUG:colcon.colcon_core.event_handler.log_command:Invoking command in '/root/distr_slam_ws/build/cartographer_ros': AMENT_PREFIX_PATH=/root/distr_slam_ws/install/cartographer_ros_msgs:${AMENT_PREFIX_PATH} CMAKE_PREFIX_PATH=/root/distr_slam_ws/install/cartographer_ros_msgs:/root/distr_slam_ws/install/cartographer:/opt/ros/humble LD_LIBRARY_PATH=/root/distr_slam_ws/install/cartographer_ros_msgs/lib:${LD_LIBRARY_PATH} PATH=/root/distr_slam_ws/install/cartographer/bin:${PATH} PKG_CONFIG_PATH=/root/distr_slam_ws/install/cartographer/lib/x86_64-linux-gnu/pkgconfig:/root/distr_slam_ws/install/cartographer/lib/pkgconfig PYTHONPATH=/root/distr_slam_ws/install/cartographer_ros_msgs/local/lib/python3.10/dist-packages:${PYTHONPATH} /usr/bin/cmake --build /root/distr_slam_ws/build/cartographer_ros -- -j4 -l4
[118.352s] DEBUG:colcon.colcon_core.event_handler.log_command:Invoked command in '/root/distr_slam_ws/build/cartographer_ros' returned '0': AMENT_PREFIX_PATH=/root/distr_slam_ws/install/cartographer_ros_msgs:${AMENT_PREFIX_PATH} CMAKE_PREFIX_PATH=/root/distr_slam_ws/install/cartographer_ros_msgs:/root/distr_slam_ws/install/cartographer:/opt/ros/humble LD_LIBRARY_PATH=/root/distr_slam_ws/install/cartographer_ros_msgs/lib:${LD_LIBRARY_PATH} PATH=/root/distr_slam_ws/install/cartographer/bin:${PATH} PKG_CONFIG_PATH=/root/distr_slam_ws/install/cartographer/lib/x86_64-linux-gnu/pkgconfig:/root/distr_slam_ws/install/cartographer/lib/pkgconfig PYTHONPATH=/root/distr_slam_ws/install/cartographer_ros_msgs/local/lib/python3.10/dist-packages:${PYTHONPATH} /usr/bin/cmake --build /root/distr_slam_ws/build/cartographer_ros -- -j4 -l4
[118.354s] DEBUG:colcon.colcon_core.event_handler.log_command:Invoking command in '/root/distr_slam_ws/build/cartographer_ros': AMENT_PREFIX_PATH=/root/distr_slam_ws/install/cartographer_ros_msgs:${AMENT_PREFIX_PATH} CMAKE_PREFIX_PATH=/root/distr_slam_ws/install/cartographer_ros_msgs:/root/distr_slam_ws/install/cartographer:/opt/ros/humble LD_LIBRARY_PATH=/root/distr_slam_ws/install/cartographer_ros_msgs/lib:${LD_LIBRARY_PATH} PATH=/root/distr_slam_ws/install/cartographer/bin:${PATH} PKG_CONFIG_PATH=/root/distr_slam_ws/install/cartographer/lib/x86_64-linux-gnu/pkgconfig:/root/distr_slam_ws/install/cartographer/lib/pkgconfig PYTHONPATH=/root/distr_slam_ws/install/cartographer_ros_msgs/local/lib/python3.10/dist-packages:${PYTHONPATH} /usr/bin/cmake --install /root/distr_slam_ws/build/cartographer_ros
[118.534s] Level 1:colcon.colcon_core.environment:create_environment_scripts_only(cartographer_ros)
[118.534s] Level 1:colcon.colcon_core.environment:checking '/root/distr_slam_ws/install/cartographer_ros' for CMake module files
[118.535s] DEBUG:colcon.colcon_core.event_handler.log_command:Invoked command in '/root/distr_slam_ws/build/cartographer_ros' returned '0': AMENT_PREFIX_PATH=/root/distr_slam_ws/install/cartographer_ros_msgs:${AMENT_PREFIX_PATH} CMAKE_PREFIX_PATH=/root/distr_slam_ws/install/cartographer_ros_msgs:/root/distr_slam_ws/install/cartographer:/opt/ros/humble LD_LIBRARY_PATH=/root/distr_slam_ws/install/cartographer_ros_msgs/lib:${LD_LIBRARY_PATH} PATH=/root/distr_slam_ws/install/cartographer/bin:${PATH} PKG_CONFIG_PATH=/root/distr_slam_ws/install/cartographer/lib/x86_64-linux-gnu/pkgconfig:/root/distr_slam_ws/install/cartographer/lib/pkgconfig PYTHONPATH=/root/distr_slam_ws/install/cartographer_ros_msgs/local/lib/python3.10/dist-packages:${PYTHONPATH} /usr/bin/cmake --install /root/distr_slam_ws/build/cartographer_ros
[118.535s] Level 1:colcon.colcon_core.environment:checking '/root/distr_slam_ws/install/cartographer_ros' for CMake config files
[118.536s] Level 1:colcon.colcon_core.shell:create_environment_hook('cartographer_ros', 'cmake_prefix_path')
[118.536s] INFO:colcon.colcon_core.shell:Creating environment hook '/root/distr_slam_ws/install/cartographer_ros/share/cartographer_ros/hook/cmake_prefix_path.ps1'
[118.537s] INFO:colcon.colcon_core.shell:Creating environment descriptor '/root/distr_slam_ws/install/cartographer_ros/share/cartographer_ros/hook/cmake_prefix_path.dsv'
[118.537s] INFO:colcon.colcon_core.shell:Creating environment hook '/root/distr_slam_ws/install/cartographer_ros/share/cartographer_ros/hook/cmake_prefix_path.sh'
[118.538s] Level 1:colcon.colcon_core.environment:checking '/root/distr_slam_ws/install/cartographer_ros/lib'
[118.538s] Level 1:colcon.colcon_core.shell:create_environment_hook('cartographer_ros', 'ld_library_path_lib')
[118.539s] INFO:colcon.colcon_core.shell:Creating environment hook '/root/distr_slam_ws/install/cartographer_ros/share/cartographer_ros/hook/ld_library_path_lib.ps1'
[118.539s] INFO:colcon.colcon_core.shell:Creating environment descriptor '/root/distr_slam_ws/install/cartographer_ros/share/cartographer_ros/hook/ld_library_path_lib.dsv'
[118.539s] INFO:colcon.colcon_core.shell:Creating environment hook '/root/distr_slam_ws/install/cartographer_ros/share/cartographer_ros/hook/ld_library_path_lib.sh'
[118.540s] Level 1:colcon.colcon_core.environment:checking '/root/distr_slam_ws/install/cartographer_ros/bin'
[118.540s] Level 1:colcon.colcon_core.environment:checking '/root/distr_slam_ws/install/cartographer_ros/lib/pkgconfig/cartographer_ros.pc'
[118.540s] Level 1:colcon.colcon_core.environment:checking '/root/distr_slam_ws/install/cartographer_ros/lib/python3.10/site-packages'
[118.541s] Level 1:colcon.colcon_core.environment:checking '/root/distr_slam_ws/install/cartographer_ros/bin'
[118.541s] INFO:colcon.colcon_core.shell:Creating package script '/root/distr_slam_ws/install/cartographer_ros/share/cartographer_ros/package.ps1'
[118.542s] INFO:colcon.colcon_core.shell:Creating package descriptor '/root/distr_slam_ws/install/cartographer_ros/share/cartographer_ros/package.dsv'
[118.543s] INFO:colcon.colcon_core.shell:Creating package script '/root/distr_slam_ws/install/cartographer_ros/share/cartographer_ros/package.sh'
[118.543s] INFO:colcon.colcon_core.shell:Creating package script '/root/distr_slam_ws/install/cartographer_ros/share/cartographer_ros/package.bash'
[118.544s] INFO:colcon.colcon_core.shell:Creating package script '/root/distr_slam_ws/install/cartographer_ros/share/cartographer_ros/package.zsh'
[118.544s] Level 1:colcon.colcon_core.environment:create_file_with_runtime_dependencies(/root/distr_slam_ws/install/cartographer_ros/share/colcon-core/packages/cartographer_ros)
[118.545s] Level 1:colcon.colcon_core.environment:create_environment_scripts_only(cartographer_ros)
[118.545s] Level 1:colcon.colcon_core.environment:checking '/root/distr_slam_ws/install/cartographer_ros' for CMake module files
[118.546s] Level 1:colcon.colcon_core.environment:checking '/root/distr_slam_ws/install/cartographer_ros' for CMake config files
[118.547s] Level 1:colcon.colcon_core.shell:create_environment_hook('cartographer_ros', 'cmake_prefix_path')
[118.548s] INFO:colcon.colcon_core.shell:Creating environment hook '/root/distr_slam_ws/install/cartographer_ros/share/cartographer_ros/hook/cmake_prefix_path.ps1'
[118.548s] INFO:colcon.colcon_core.shell:Creating environment descriptor '/root/distr_slam_ws/install/cartographer_ros/share/cartographer_ros/hook/cmake_prefix_path.dsv'
[118.548s] INFO:colcon.colcon_core.shell:Creating environment hook '/root/distr_slam_ws/install/cartographer_ros/share/cartographer_ros/hook/cmake_prefix_path.sh'
[118.549s] Level 1:colcon.colcon_core.environment:checking '/root/distr_slam_ws/install/cartographer_ros/lib'
[118.549s] Level 1:colcon.colcon_core.shell:create_environment_hook('cartographer_ros', 'ld_library_path_lib')
[118.550s] INFO:colcon.colcon_core.shell:Creating environment hook '/root/distr_slam_ws/install/cartographer_ros/share/cartographer_ros/hook/ld_library_path_lib.ps1'
[118.550s] INFO:colcon.colcon_core.shell:Creating environment descriptor '/root/distr_slam_ws/install/cartographer_ros/share/cartographer_ros/hook/ld_library_path_lib.dsv'
[118.551s] INFO:colcon.colcon_core.shell:Creating environment hook '/root/distr_slam_ws/install/cartographer_ros/share/cartographer_ros/hook/ld_library_path_lib.sh'
[118.551s] Level 1:colcon.colcon_core.environment:checking '/root/distr_slam_ws/install/cartographer_ros/bin'
[118.551s] Level 1:colcon.colcon_core.environment:checking '/root/distr_slam_ws/install/cartographer_ros/lib/pkgconfig/cartographer_ros.pc'
[118.551s] Level 1:colcon.colcon_core.environment:checking '/root/distr_slam_ws/install/cartographer_ros/lib/python3.10/site-packages'
[118.552s] Level 1:colcon.colcon_core.environment:checking '/root/distr_slam_ws/install/cartographer_ros/bin'
[118.552s] INFO:colcon.colcon_core.shell:Creating package script '/root/distr_slam_ws/install/cartographer_ros/share/cartographer_ros/package.ps1'
[118.553s] INFO:colcon.colcon_core.shell:Creating package descriptor '/root/distr_slam_ws/install/cartographer_ros/share/cartographer_ros/package.dsv'
[118.554s] INFO:colcon.colcon_core.shell:Creating package script '/root/distr_slam_ws/install/cartographer_ros/share/cartographer_ros/package.sh'
[118.554s] INFO:colcon.colcon_core.shell:Creating package script '/root/distr_slam_ws/install/cartographer_ros/share/cartographer_ros/package.bash'
[118.555s] INFO:colcon.colcon_core.shell:Creating package script '/root/distr_slam_ws/install/cartographer_ros/share/cartographer_ros/package.zsh'
[118.555s] Level 1:colcon.colcon_core.environment:create_file_with_runtime_dependencies(/root/distr_slam_ws/install/cartographer_ros/share/colcon-core/packages/cartographer_ros)
[118.556s] INFO:colcon.colcon_ros.task.ament_cmake.build:Building ROS package in '/root/distr_slam_ws/src/cartographer_ros/cartographer_rviz' with build type 'ament_cmake'
[118.556s] INFO:colcon.colcon_cmake.task.cmake.build:Building CMake package in '/root/distr_slam_ws/src/cartographer_ros/cartographer_rviz'
[118.557s] INFO:colcon.colcon_core.shell:Skip shell extension 'powershell' for command environment: Not usable outside of PowerShell
[118.557s] DEBUG:colcon.colcon_core.shell:Skip shell extension 'dsv' for command environment
[118.592s] DEBUG:colcon.colcon_core.event_handler.log_command:Invoking command in '/root/distr_slam_ws/build/cartographer_rviz': AMENT_PREFIX_PATH=/root/distr_slam_ws/install/cartographer_ros:/root/distr_slam_ws/install/cartographer_ros_msgs:${AMENT_PREFIX_PATH} CMAKE_PREFIX_PATH=/root/distr_slam_ws/install/cartographer_ros:/root/distr_slam_ws/install/cartographer_ros_msgs:/root/distr_slam_ws/install/cartographer:/opt/ros/humble LD_LIBRARY_PATH=/root/distr_slam_ws/install/cartographer_ros/lib:/root/distr_slam_ws/install/cartographer_ros_msgs/lib:${LD_LIBRARY_PATH} PATH=/root/distr_slam_ws/install/cartographer/bin:${PATH} PKG_CONFIG_PATH=/root/distr_slam_ws/install/cartographer/lib/x86_64-linux-gnu/pkgconfig:/root/distr_slam_ws/install/cartographer/lib/pkgconfig PYTHONPATH=/root/distr_slam_ws/install/cartographer_ros_msgs/local/lib/python3.10/dist-packages:${PYTHONPATH} /usr/bin/cmake /root/distr_slam_ws/src/cartographer_ros/cartographer_rviz -DCMAKE_INSTALL_PREFIX=/root/distr_slam_ws/install/cartographer_rviz
[122.035s] DEBUG:colcon.colcon_core.event_handler.log_command:Invoked command in '/root/distr_slam_ws/build/cartographer_rviz' returned '0': AMENT_PREFIX_PATH=/root/distr_slam_ws/install/cartographer_ros:/root/distr_slam_ws/install/cartographer_ros_msgs:${AMENT_PREFIX_PATH} CMAKE_PREFIX_PATH=/root/distr_slam_ws/install/cartographer_ros:/root/distr_slam_ws/install/cartographer_ros_msgs:/root/distr_slam_ws/install/cartographer:/opt/ros/humble LD_LIBRARY_PATH=/root/distr_slam_ws/install/cartographer_ros/lib:/root/distr_slam_ws/install/cartographer_ros_msgs/lib:${LD_LIBRARY_PATH} PATH=/root/distr_slam_ws/install/cartographer/bin:${PATH} PKG_CONFIG_PATH=/root/distr_slam_ws/install/cartographer/lib/x86_64-linux-gnu/pkgconfig:/root/distr_slam_ws/install/cartographer/lib/pkgconfig PYTHONPATH=/root/distr_slam_ws/install/cartographer_ros_msgs/local/lib/python3.10/dist-packages:${PYTHONPATH} /usr/bin/cmake /root/distr_slam_ws/src/cartographer_ros/cartographer_rviz -DCMAKE_INSTALL_PREFIX=/root/distr_slam_ws/install/cartographer_rviz
[122.037s] DEBUG:colcon.colcon_core.event_handler.log_command:Invoking command in '/root/distr_slam_ws/build/cartographer_rviz': AMENT_PREFIX_PATH=/root/distr_slam_ws/install/cartographer_ros:/root/distr_slam_ws/install/cartographer_ros_msgs:${AMENT_PREFIX_PATH} CMAKE_PREFIX_PATH=/root/distr_slam_ws/install/cartographer_ros:/root/distr_slam_ws/install/cartographer_ros_msgs:/root/distr_slam_ws/install/cartographer:/opt/ros/humble LD_LIBRARY_PATH=/root/distr_slam_ws/install/cartographer_ros/lib:/root/distr_slam_ws/install/cartographer_ros_msgs/lib:${LD_LIBRARY_PATH} PATH=/root/distr_slam_ws/install/cartographer/bin:${PATH} PKG_CONFIG_PATH=/root/distr_slam_ws/install/cartographer/lib/x86_64-linux-gnu/pkgconfig:/root/distr_slam_ws/install/cartographer/lib/pkgconfig PYTHONPATH=/root/distr_slam_ws/install/cartographer_ros_msgs/local/lib/python3.10/dist-packages:${PYTHONPATH} /usr/bin/cmake --build /root/distr_slam_ws/build/cartographer_rviz -- -j4 -l4
[158.442s] DEBUG:colcon.colcon_core.event_handler.log_command:Invoked command in '/root/distr_slam_ws/build/cartographer_rviz' returned '0': AMENT_PREFIX_PATH=/root/distr_slam_ws/install/cartographer_ros:/root/distr_slam_ws/install/cartographer_ros_msgs:${AMENT_PREFIX_PATH} CMAKE_PREFIX_PATH=/root/distr_slam_ws/install/cartographer_ros:/root/distr_slam_ws/install/cartographer_ros_msgs:/root/distr_slam_ws/install/cartographer:/opt/ros/humble LD_LIBRARY_PATH=/root/distr_slam_ws/install/cartographer_ros/lib:/root/distr_slam_ws/install/cartographer_ros_msgs/lib:${LD_LIBRARY_PATH} PATH=/root/distr_slam_ws/install/cartographer/bin:${PATH} PKG_CONFIG_PATH=/root/distr_slam_ws/install/cartographer/lib/x86_64-linux-gnu/pkgconfig:/root/distr_slam_ws/install/cartographer/lib/pkgconfig PYTHONPATH=/root/distr_slam_ws/install/cartographer_ros_msgs/local/lib/python3.10/dist-packages:${PYTHONPATH} /usr/bin/cmake --build /root/distr_slam_ws/build/cartographer_rviz -- -j4 -l4
[158.444s] DEBUG:colcon.colcon_core.event_handler.log_command:Invoking command in '/root/distr_slam_ws/build/cartographer_rviz': AMENT_PREFIX_PATH=/root/distr_slam_ws/install/cartographer_ros:/root/distr_slam_ws/install/cartographer_ros_msgs:${AMENT_PREFIX_PATH} CMAKE_PREFIX_PATH=/root/distr_slam_ws/install/cartographer_ros:/root/distr_slam_ws/install/cartographer_ros_msgs:/root/distr_slam_ws/install/cartographer:/opt/ros/humble LD_LIBRARY_PATH=/root/distr_slam_ws/install/cartographer_ros/lib:/root/distr_slam_ws/install/cartographer_ros_msgs/lib:${LD_LIBRARY_PATH} PATH=/root/distr_slam_ws/install/cartographer/bin:${PATH} PKG_CONFIG_PATH=/root/distr_slam_ws/install/cartographer/lib/x86_64-linux-gnu/pkgconfig:/root/distr_slam_ws/install/cartographer/lib/pkgconfig PYTHONPATH=/root/distr_slam_ws/install/cartographer_ros_msgs/local/lib/python3.10/dist-packages:${PYTHONPATH} /usr/bin/cmake --install /root/distr_slam_ws/build/cartographer_rviz
[158.512s] Level 1:colcon.colcon_core.environment:create_environment_scripts_only(cartographer_rviz)
[158.513s] Level 1:colcon.colcon_core.environment:checking '/root/distr_slam_ws/install/cartographer_rviz' for CMake module files
[158.514s] DEBUG:colcon.colcon_core.event_handler.log_command:Invoked command in '/root/distr_slam_ws/build/cartographer_rviz' returned '0': AMENT_PREFIX_PATH=/root/distr_slam_ws/install/cartographer_ros:/root/distr_slam_ws/install/cartographer_ros_msgs:${AMENT_PREFIX_PATH} CMAKE_PREFIX_PATH=/root/distr_slam_ws/install/cartographer_ros:/root/distr_slam_ws/install/cartographer_ros_msgs:/root/distr_slam_ws/install/cartographer:/opt/ros/humble LD_LIBRARY_PATH=/root/distr_slam_ws/install/cartographer_ros/lib:/root/distr_slam_ws/install/cartographer_ros_msgs/lib:${LD_LIBRARY_PATH} PATH=/root/distr_slam_ws/install/cartographer/bin:${PATH} PKG_CONFIG_PATH=/root/distr_slam_ws/install/cartographer/lib/x86_64-linux-gnu/pkgconfig:/root/distr_slam_ws/install/cartographer/lib/pkgconfig PYTHONPATH=/root/distr_slam_ws/install/cartographer_ros_msgs/local/lib/python3.10/dist-packages:${PYTHONPATH} /usr/bin/cmake --install /root/distr_slam_ws/build/cartographer_rviz
[158.515s] Level 1:colcon.colcon_core.environment:checking '/root/distr_slam_ws/install/cartographer_rviz' for CMake config files
[158.516s] Level 1:colcon.colcon_core.shell:create_environment_hook('cartographer_rviz', 'cmake_prefix_path')
[158.517s] INFO:colcon.colcon_core.shell:Creating environment hook '/root/distr_slam_ws/install/cartographer_rviz/share/cartographer_rviz/hook/cmake_prefix_path.ps1'
[158.518s] INFO:colcon.colcon_core.shell:Creating environment descriptor '/root/distr_slam_ws/install/cartographer_rviz/share/cartographer_rviz/hook/cmake_prefix_path.dsv'
[158.519s] INFO:colcon.colcon_core.shell:Creating environment hook '/root/distr_slam_ws/install/cartographer_rviz/share/cartographer_rviz/hook/cmake_prefix_path.sh'
[158.520s] Level 1:colcon.colcon_core.environment:checking '/root/distr_slam_ws/install/cartographer_rviz/lib'
[158.520s] Level 1:colcon.colcon_core.shell:create_environment_hook('cartographer_rviz', 'ld_library_path_lib')
[158.521s] INFO:colcon.colcon_core.shell:Creating environment hook '/root/distr_slam_ws/install/cartographer_rviz/share/cartographer_rviz/hook/ld_library_path_lib.ps1'
[158.521s] INFO:colcon.colcon_core.shell:Creating environment descriptor '/root/distr_slam_ws/install/cartographer_rviz/share/cartographer_rviz/hook/ld_library_path_lib.dsv'
[158.523s] INFO:colcon.colcon_core.shell:Creating environment hook '/root/distr_slam_ws/install/cartographer_rviz/share/cartographer_rviz/hook/ld_library_path_lib.sh'
[158.524s] Level 1:colcon.colcon_core.environment:checking '/root/distr_slam_ws/install/cartographer_rviz/bin'
[158.524s] Level 1:colcon.colcon_core.environment:checking '/root/distr_slam_ws/install/cartographer_rviz/lib/pkgconfig/cartographer_rviz.pc'
[158.524s] Level 1:colcon.colcon_core.environment:checking '/root/distr_slam_ws/install/cartographer_rviz/lib/python3.10/site-packages'
[158.524s] Level 1:colcon.colcon_core.environment:checking '/root/distr_slam_ws/install/cartographer_rviz/bin'
[158.525s] INFO:colcon.colcon_core.shell:Creating package script '/root/distr_slam_ws/install/cartographer_rviz/share/cartographer_rviz/package.ps1'
[158.526s] INFO:colcon.colcon_core.shell:Creating package descriptor '/root/distr_slam_ws/install/cartographer_rviz/share/cartographer_rviz/package.dsv'
[158.526s] INFO:colcon.colcon_core.shell:Creating package script '/root/distr_slam_ws/install/cartographer_rviz/share/cartographer_rviz/package.sh'
[158.527s] INFO:colcon.colcon_core.shell:Creating package script '/root/distr_slam_ws/install/cartographer_rviz/share/cartographer_rviz/package.bash'
[158.527s] INFO:colcon.colcon_core.shell:Creating package script '/root/distr_slam_ws/install/cartographer_rviz/share/cartographer_rviz/package.zsh'
[158.528s] Level 1:colcon.colcon_core.environment:create_file_with_runtime_dependencies(/root/distr_slam_ws/install/cartographer_rviz/share/colcon-core/packages/cartographer_rviz)
[158.528s] Level 1:colcon.colcon_core.environment:create_environment_scripts_only(cartographer_rviz)
[158.531s] Level 1:colcon.colcon_core.environment:checking '/root/distr_slam_ws/install/cartographer_rviz' for CMake module files
[158.532s] Level 1:colcon.colcon_core.environment:checking '/root/distr_slam_ws/install/cartographer_rviz' for CMake config files
[158.532s] Level 1:colcon.colcon_core.shell:create_environment_hook('cartographer_rviz', 'cmake_prefix_path')
[158.532s] INFO:colcon.colcon_core.shell:Creating environment hook '/root/distr_slam_ws/install/cartographer_rviz/share/cartographer_rviz/hook/cmake_prefix_path.ps1'
[158.533s] INFO:colcon.colcon_core.shell:Creating environment descriptor '/root/distr_slam_ws/install/cartographer_rviz/share/cartographer_rviz/hook/cmake_prefix_path.dsv'
[158.533s] INFO:colcon.colcon_core.shell:Creating environment hook '/root/distr_slam_ws/install/cartographer_rviz/share/cartographer_rviz/hook/cmake_prefix_path.sh'
[158.534s] Level 1:colcon.colcon_core.environment:checking '/root/distr_slam_ws/install/cartographer_rviz/lib'
[158.534s] Level 1:colcon.colcon_core.shell:create_environment_hook('cartographer_rviz', 'ld_library_path_lib')
[158.534s] INFO:colcon.colcon_core.shell:Creating environment hook '/root/distr_slam_ws/install/cartographer_rviz/share/cartographer_rviz/hook/ld_library_path_lib.ps1'
[158.536s] INFO:colcon.colcon_core.shell:Creating environment descriptor '/root/distr_slam_ws/install/cartographer_rviz/share/cartographer_rviz/hook/ld_library_path_lib.dsv'
[158.537s] INFO:colcon.colcon_core.shell:Creating environment hook '/root/distr_slam_ws/install/cartographer_rviz/share/cartographer_rviz/hook/ld_library_path_lib.sh'
[158.537s] Level 1:colcon.colcon_core.environment:checking '/root/distr_slam_ws/install/cartographer_rviz/bin'
[158.537s] Level 1:colcon.colcon_core.environment:checking '/root/distr_slam_ws/install/cartographer_rviz/lib/pkgconfig/cartographer_rviz.pc'
[158.537s] Level 1:colcon.colcon_core.environment:checking '/root/distr_slam_ws/install/cartographer_rviz/lib/python3.10/site-packages'
[158.538s] Level 1:colcon.colcon_core.environment:checking '/root/distr_slam_ws/install/cartographer_rviz/bin'
[158.538s] INFO:colcon.colcon_core.shell:Creating package script '/root/distr_slam_ws/install/cartographer_rviz/share/cartographer_rviz/package.ps1'
[158.539s] INFO:colcon.colcon_core.shell:Creating package descriptor '/root/distr_slam_ws/install/cartographer_rviz/share/cartographer_rviz/package.dsv'
[158.540s] INFO:colcon.colcon_core.shell:Creating package script '/root/distr_slam_ws/install/cartographer_rviz/share/cartographer_rviz/package.sh'
[158.540s] INFO:colcon.colcon_core.shell:Creating package script '/root/distr_slam_ws/install/cartographer_rviz/share/cartographer_rviz/package.bash'
[158.541s] INFO:colcon.colcon_core.shell:Creating package script '/root/distr_slam_ws/install/cartographer_rviz/share/cartographer_rviz/package.zsh'
[158.541s] Level 1:colcon.colcon_core.environment:create_file_with_runtime_dependencies(/root/distr_slam_ws/install/cartographer_rviz/share/colcon-core/packages/cartographer_rviz)
[158.542s] DEBUG:colcon.colcon_parallel_executor.executor.parallel:closing loop
[158.542s] DEBUG:colcon.colcon_parallel_executor.executor.parallel:loop closed
[158.542s] DEBUG:colcon.colcon_parallel_executor.executor.parallel:run_until_complete finished with '0'
[158.542s] DEBUG:colcon.colcon_core.event_reactor:joining thread
[158.549s] INFO:colcon.colcon_core.plugin_system:Skipping extension 'colcon_notification.desktop_notification.notify_send': Could not find 'notify-send'
[158.549s] INFO:colcon.colcon_core.plugin_system:Skipping extension 'colcon_notification.desktop_notification.terminal_notifier': Not used on non-Darwin systems
[158.549s] INFO:colcon.colcon_core.plugin_system:Skipping extension 'colcon_notification.desktop_notification.win32': Not used on non-Windows systems
[158.549s] INFO:colcon.colcon_notification.desktop_notification:Sending desktop notification using 'notify2'
[158.551s] DEBUG:colcon.colcon_notification.desktop_notification.notify2:Failed to initialize notify2: org.freedesktop.DBus.Error.Spawn.ExecFailed: /usr/bin/dbus-launch terminated abnormally without any error message
[158.552s] DEBUG:colcon.colcon_core.event_reactor:joined thread
[158.552s] INFO:colcon.colcon_core.shell:Creating prefix script '/root/distr_slam_ws/install/local_setup.ps1'
[158.553s] INFO:colcon.colcon_core.shell:Creating prefix util module '/root/distr_slam_ws/install/_local_setup_util_ps1.py'
[158.556s] INFO:colcon.colcon_core.shell:Creating prefix chain script '/root/distr_slam_ws/install/setup.ps1'
[158.557s] INFO:colcon.colcon_core.shell:Creating prefix script '/root/distr_slam_ws/install/local_setup.sh'
[158.558s] INFO:colcon.colcon_core.shell:Creating prefix util module '/root/distr_slam_ws/install/_local_setup_util_sh.py'
[158.558s] INFO:colcon.colcon_core.shell:Creating prefix chain script '/root/distr_slam_ws/install/setup.sh'
[158.559s] INFO:colcon.colcon_core.shell:Creating prefix script '/root/distr_slam_ws/install/local_setup.bash'
[158.560s] INFO:colcon.colcon_core.shell:Creating prefix chain script '/root/distr_slam_ws/install/setup.bash'
[158.561s] INFO:colcon.colcon_core.shell:Creating prefix script '/root/distr_slam_ws/install/local_setup.zsh'
[158.562s] INFO:colcon.colcon_core.shell:Creating prefix chain script '/root/distr_slam_ws/install/setup.zsh'
