[0.015s] Invoking command in '/root/distr_slam_ws/build/cartographer_rviz': AMENT_PREFIX_PATH=/root/distr_slam_ws/install/cartographer_ros:/root/distr_slam_ws/install/cartographer_ros_msgs:${AMENT_PREFIX_PATH} CMAKE_PREFIX_PATH=/root/distr_slam_ws/install/cartographer_ros:/root/distr_slam_ws/install/cartographer_ros_msgs:/root/distr_slam_ws/install/cartographer:/opt/ros/jazzy/opt/gz_math_vendor:/opt/ros/jazzy/opt/gz_utils_vendor:/opt/ros/jazzy/opt/gz_cmake_vendor:/opt/ros/jazzy LD_LIBRARY_PATH=/root/distr_slam_ws/install/cartographer_ros/lib:/root/distr_slam_ws/install/cartographer_ros_msgs/lib:${LD_LIBRARY_PATH} PATH=/root/distr_slam_ws/install/cartographer/bin:${PATH} PKG_CONFIG_PATH=/root/distr_slam_ws/install/cartographer/lib/x86_64-linux-gnu/pkgconfig:/root/distr_slam_ws/install/cartographer/lib/pkgconfig PYTHONPATH=/root/distr_slam_ws/install/cartographer_ros_msgs/lib/python3.12/site-packages:${PYTHONPATH} /usr/bin/cmake /root/distr_slam_ws/src/cartographer_ros/cartographer_rviz -DCMAKE_INSTALL_PREFIX=/root/distr_slam_ws/install/cartographer_rviz
[0.082s] -- The C compiler identification is GNU 13.3.0
[0.155s] -- The CXX compiler identification is GNU 13.3.0
[0.173s] -- Detecting C compiler ABI info
[0.279s] -- Detecting C compiler ABI info - done
[0.291s] -- Check for working C compiler: /usr/bin/cc - skipped
[0.292s] -- Detecting C compile features
[0.292s] -- Detecting C compile features - done
[0.304s] -- Detecting CXX compiler ABI info
[0.426s] -- Detecting CXX compiler ABI info - done
[0.438s] -- Check for working CXX compiler: /usr/bin/c++ - skipped
[0.439s] -- Detecting CXX compile features
[0.439s] -- Detecting CXX compile features - done
[0.444s] -- Found ament_cmake: 2.5.6 (/opt/ros/jazzy/share/ament_cmake/cmake)
[0.617s] -- Found Python3: /usr/bin/python3 (found version "3.12.3") found components: Interpreter 
[0.878s] -- Performing Test CMAKE_HAVE_LIBC_PTHREAD
[0.988s] -- Performing Test CMAKE_HAVE_LIBC_PTHREAD - Success
[0.989s] -- Found Threads: TRUE  
[1.513s] -- Found AMD headers in: /usr/include/suitesparse
[1.515s] -- Found AMD library: /usr/lib/x86_64-linux-gnu/libamd.so
[1.515s] -- Found CAMD headers in: /usr/include/suitesparse
[1.516s] -- Found CAMD library: /usr/lib/x86_64-linux-gnu/libcamd.so
[1.517s] -- Found CCOLAMD headers in: /usr/include/suitesparse
[1.518s] -- Found CCOLAMD library: /usr/lib/x86_64-linux-gnu/libccolamd.so
[1.518s] -- Found CHOLMOD headers in: /usr/include/suitesparse
[1.519s] -- Found CHOLMOD library: /usr/lib/x86_64-linux-gnu/libcholmod.so
[1.520s] -- Found COLAMD headers in: /usr/include/suitesparse
[1.521s] -- Found COLAMD library: /usr/lib/x86_64-linux-gnu/libcolamd.so
[1.521s] -- Found SPQR headers in: /usr/include/suitesparse
[1.522s] -- Found SPQR library: /usr/lib/x86_64-linux-gnu/libspqr.so
[1.523s] -- Found Config headers in: /usr/include/suitesparse
[1.524s] -- Found Config library: /usr/lib/x86_64-linux-gnu/libsuitesparseconfig.so
[1.529s] -- Found Intel Thread Building Blocks (TBB) library (2021.11 / ) include location: . Assuming SuiteSparseQR was compiled with TBB.
[1.529s] -- Looking for shm_open in rt
[1.631s] -- Looking for shm_open in rt - found
[1.632s] -- Adding librt to SuiteSparse_config libraries (required on Linux & Unix [not OSX] if SuiteSparse is compiled with timing).
[1.637s] -- Could NOT find METIS (missing: METIS_INCLUDE_DIR METIS_LIBRARY) 
[1.639s] -- Found SuiteSparse: /usr/include/suitesparse (found suitable version "7.6.1", minimum required is "7.6.1") found components: AMD CAMD CCOLAMD CHOLMOD COLAMD SPQR Config 
[1.653s] -- Found required Ceres dependency: Eigen version 3.4.0 in /usr/share/eigen3/cmake
[1.665s] -- Found required Ceres dependency: glog
[1.665s] -- Found required Ceres dependency: gflags
[1.666s] -- Found Ceres version: 2.2.0 installed in: /usr with components: [EigenSparse, SparseLinearAlgebraLibrary, LAPACK, SuiteSparse, SchurSpecializations]
[1.691s] -- Found Boost: /usr/lib/x86_64-linux-gnu/cmake/Boost-1.83.0/BoostConfig.cmake (found version "1.83.0") found components: iostreams 
[1.693s] -- Build type: Release
[1.698s] Files /root/distr_slam_ws/build/cartographer_rviz/AllFiles.cmake and - differ
[1.704s] -- Found cartographer_ros: 2.0.9003 (/root/distr_slam_ws/install/cartographer_ros/share/cartographer_ros/cmake)
[1.757s] -- Found rosidl_generator_c: 4.6.7 (/opt/ros/jazzy/share/rosidl_generator_c/cmake)
[1.777s] -- Found rosidl_generator_cpp: 4.6.7 (/opt/ros/jazzy/share/rosidl_generator_cpp/cmake)
[1.799s] -- Using all available rosidl_typesupport_c: rosidl_typesupport_fastrtps_c;rosidl_typesupport_introspection_c
[1.823s] -- Using all available rosidl_typesupport_cpp: rosidl_typesupport_fastrtps_cpp;rosidl_typesupport_introspection_cpp
[2.041s] -- Found rmw_implementation_cmake: 7.3.3 (/opt/ros/jazzy/share/rmw_implementation_cmake/cmake)
[2.045s] -- Found rmw_fastrtps_cpp: 8.4.3 (/opt/ros/jazzy/share/rmw_fastrtps_cpp/cmake)
[2.138s] -- Found OpenSSL: /usr/lib/x86_64-linux-gnu/libcrypto.so (found version "3.0.13")  
[2.158s] -- Found FastRTPS: /opt/ros/jazzy/include (Required is at least version "2.13") 
[2.187s] -- Using RMW implementation 'rmw_fastrtps_cpp' as default
[2.322s] -- Setting yaml-cpp_DIR to: '/opt/ros/jazzy/share/yaml_cpp_vendor/cmake/../../../opt/yaml_cpp_vendor/share/cmake/yaml-cpp'
[2.584s] -- Found rviz_common: 14.1.20 (/opt/ros/jazzy/share/rviz_common/cmake)
[2.619s] -- Setting OGRE_DIR to: '/opt/ros/jazzy/share/rviz_ogre_vendor/cmake/../../../opt/rviz_ogre_vendor/lib/OGRE/cmake'
[2.621s] -- Found OGRE
[2.621s] --   static     : OFF
[2.621s] --   components : MeshLodGenerator;Overlay;Paging;Property;RTShaderSystem;Terrain;Volume
[2.621s] --   plugins    : Plugin_BSPSceneManager;Plugin_OctreeSceneManager;Plugin_PCZSceneManager;Plugin_ParticleFX;RenderSystem_GL;RenderSystem_GL3Plus;Codec_STBI
[2.622s] --   media      : /opt/ros/jazzy/opt/rviz_ogre_vendor/share/OGRE/Media
[2.622s] -- OGRE_LIBRARIES: OgreMeshLodGenerator;OgreOverlay;OgrePaging;OgreProperty;OgreRTShaderSystem;OgreTerrain;OgreVolume;OgreMain
[2.622s] -- OGRE_LIBRARY_DIRS: /opt/ros/jazzy/opt/rviz_ogre_vendor/lib
[2.622s] -- OGRE_PLUGINS: Plugin_BSPSceneManager;Plugin_OctreeSceneManager;Plugin_PCZSceneManager;Plugin_ParticleFX;RenderSystem_GL;RenderSystem_GL3Plus;Codec_STBI
[2.622s] -- OGRE_PLUGIN_DIR: /opt/ros/jazzy/opt/rviz_ogre_vendor/lib/OGRE
[2.622s] -- rviz_ogre_vendor::OgreOverlay for IMPORTED_LOCATION_RELEASE: /opt/ros/jazzy/opt/rviz_ogre_vendor/lib/libOgreOverlay.so
[2.622s] -- rviz_ogre_vendor::OgreOverlay for IMPORTED_LOCATION_DEBUG: /opt/ros/jazzy/opt/rviz_ogre_vendor/lib/libOgreOverlay.so
[2.622s] -- rviz_ogre_vendor::OgreMain for IMPORTED_LOCATION_RELEASE: /opt/ros/jazzy/opt/rviz_ogre_vendor/lib/libOgreMain.so
[2.623s] -- rviz_ogre_vendor::OgreMain for IMPORTED_LOCATION_DEBUG: /opt/ros/jazzy/opt/rviz_ogre_vendor/lib/libOgreMain.so
[2.624s] -- Could not find freeimage library
[2.654s] -- Found ZLIB: /usr/lib/x86_64-linux-gnu/libz.so (found version "1.3")  
[2.665s] -- Found OpenGL: /usr/lib/x86_64-linux-gnu/libOpenGL.so   
[2.815s] -- Found X11: /usr/include   
[2.815s] -- Looking for XOpenDisplay in /usr/lib/x86_64-linux-gnu/libX11.so;/usr/lib/x86_64-linux-gnu/libXext.so
[2.927s] -- Looking for XOpenDisplay in /usr/lib/x86_64-linux-gnu/libX11.so;/usr/lib/x86_64-linux-gnu/libXext.so - found
[2.927s] -- Looking for gethostbyname
[3.031s] -- Looking for gethostbyname - found
[3.031s] -- Looking for connect
[3.142s] -- Looking for connect - found
[3.143s] -- Looking for remove
[3.249s] -- Looking for remove - found
[3.249s] -- Looking for shmat
[3.353s] -- Looking for shmat - found
[3.353s] -- Looking for IceConnectionNumber in ICE
[3.458s] -- Looking for IceConnectionNumber in ICE - found
[3.601s] -- Deploy OGRE media
[3.606s] -- Configuring done (3.6s)
[3.677s] -- Generating done (0.0s)
[3.687s] -- Build files have been written to: /root/distr_slam_ws/build/cartographer_rviz
[3.705s] Invoked command in '/root/distr_slam_ws/build/cartographer_rviz' returned '0': AMENT_PREFIX_PATH=/root/distr_slam_ws/install/cartographer_ros:/root/distr_slam_ws/install/cartographer_ros_msgs:${AMENT_PREFIX_PATH} CMAKE_PREFIX_PATH=/root/distr_slam_ws/install/cartographer_ros:/root/distr_slam_ws/install/cartographer_ros_msgs:/root/distr_slam_ws/install/cartographer:/opt/ros/jazzy/opt/gz_math_vendor:/opt/ros/jazzy/opt/gz_utils_vendor:/opt/ros/jazzy/opt/gz_cmake_vendor:/opt/ros/jazzy LD_LIBRARY_PATH=/root/distr_slam_ws/install/cartographer_ros/lib:/root/distr_slam_ws/install/cartographer_ros_msgs/lib:${LD_LIBRARY_PATH} PATH=/root/distr_slam_ws/install/cartographer/bin:${PATH} PKG_CONFIG_PATH=/root/distr_slam_ws/install/cartographer/lib/x86_64-linux-gnu/pkgconfig:/root/distr_slam_ws/install/cartographer/lib/pkgconfig PYTHONPATH=/root/distr_slam_ws/install/cartographer_ros_msgs/lib/python3.12/site-packages:${PYTHONPATH} /usr/bin/cmake /root/distr_slam_ws/src/cartographer_ros/cartographer_rviz -DCMAKE_INSTALL_PREFIX=/root/distr_slam_ws/install/cartographer_rviz
[3.707s] Invoking command in '/root/distr_slam_ws/build/cartographer_rviz': AMENT_PREFIX_PATH=/root/distr_slam_ws/install/cartographer_ros:/root/distr_slam_ws/install/cartographer_ros_msgs:${AMENT_PREFIX_PATH} CMAKE_PREFIX_PATH=/root/distr_slam_ws/install/cartographer_ros:/root/distr_slam_ws/install/cartographer_ros_msgs:/root/distr_slam_ws/install/cartographer:/opt/ros/jazzy/opt/gz_math_vendor:/opt/ros/jazzy/opt/gz_utils_vendor:/opt/ros/jazzy/opt/gz_cmake_vendor:/opt/ros/jazzy LD_LIBRARY_PATH=/root/distr_slam_ws/install/cartographer_ros/lib:/root/distr_slam_ws/install/cartographer_ros_msgs/lib:${LD_LIBRARY_PATH} PATH=/root/distr_slam_ws/install/cartographer/bin:${PATH} PKG_CONFIG_PATH=/root/distr_slam_ws/install/cartographer/lib/x86_64-linux-gnu/pkgconfig:/root/distr_slam_ws/install/cartographer/lib/pkgconfig PYTHONPATH=/root/distr_slam_ws/install/cartographer_ros_msgs/lib/python3.12/site-packages:${PYTHONPATH} /usr/bin/cmake --build /root/distr_slam_ws/build/cartographer_rviz -- -j8 -l8
[3.777s] [  0%] Built target cartographer_rviz_autogen_timestamp_deps
[3.784s] [  0%] Built target cartographer_rviz_detect_changes
[3.803s] [ 14%] [34m[1mAutomatic MOC for target cartographer_rviz[0m
[7.388s] [ 14%] Built target cartographer_rviz_autogen
[7.453s] [ 42%] [32mBuilding CXX object CMakeFiles/cartographer_rviz.dir/cartographer_rviz_autogen/mocs_compilation.cpp.o[0m
[7.454s] [ 42%] [32mBuilding CXX object CMakeFiles/cartographer_rviz.dir/src/ogre_slice.cpp.o[0m
[7.457s] [ 57%] [32mBuilding CXX object CMakeFiles/cartographer_rviz.dir/src/drawable_submap.cpp.o[0m
[7.457s] [ 71%] [32mBuilding CXX object CMakeFiles/cartographer_rviz.dir/src/submaps_display.cpp.o[0m
[36.371s] [ 85%] [32m[1mLinking CXX shared library libcartographer_rviz.so[0m
[39.624s] [100%] Built target cartographer_rviz
[39.640s] Invoked command in '/root/distr_slam_ws/build/cartographer_rviz' returned '0': AMENT_PREFIX_PATH=/root/distr_slam_ws/install/cartographer_ros:/root/distr_slam_ws/install/cartographer_ros_msgs:${AMENT_PREFIX_PATH} CMAKE_PREFIX_PATH=/root/distr_slam_ws/install/cartographer_ros:/root/distr_slam_ws/install/cartographer_ros_msgs:/root/distr_slam_ws/install/cartographer:/opt/ros/jazzy/opt/gz_math_vendor:/opt/ros/jazzy/opt/gz_utils_vendor:/opt/ros/jazzy/opt/gz_cmake_vendor:/opt/ros/jazzy LD_LIBRARY_PATH=/root/distr_slam_ws/install/cartographer_ros/lib:/root/distr_slam_ws/install/cartographer_ros_msgs/lib:${LD_LIBRARY_PATH} PATH=/root/distr_slam_ws/install/cartographer/bin:${PATH} PKG_CONFIG_PATH=/root/distr_slam_ws/install/cartographer/lib/x86_64-linux-gnu/pkgconfig:/root/distr_slam_ws/install/cartographer/lib/pkgconfig PYTHONPATH=/root/distr_slam_ws/install/cartographer_ros_msgs/lib/python3.12/site-packages:${PYTHONPATH} /usr/bin/cmake --build /root/distr_slam_ws/build/cartographer_rviz -- -j8 -l8
[39.642s] Invoking command in '/root/distr_slam_ws/build/cartographer_rviz': AMENT_PREFIX_PATH=/root/distr_slam_ws/install/cartographer_ros:/root/distr_slam_ws/install/cartographer_ros_msgs:${AMENT_PREFIX_PATH} CMAKE_PREFIX_PATH=/root/distr_slam_ws/install/cartographer_ros:/root/distr_slam_ws/install/cartographer_ros_msgs:/root/distr_slam_ws/install/cartographer:/opt/ros/jazzy/opt/gz_math_vendor:/opt/ros/jazzy/opt/gz_utils_vendor:/opt/ros/jazzy/opt/gz_cmake_vendor:/opt/ros/jazzy LD_LIBRARY_PATH=/root/distr_slam_ws/install/cartographer_ros/lib:/root/distr_slam_ws/install/cartographer_ros_msgs/lib:${LD_LIBRARY_PATH} PATH=/root/distr_slam_ws/install/cartographer/bin:${PATH} PKG_CONFIG_PATH=/root/distr_slam_ws/install/cartographer/lib/x86_64-linux-gnu/pkgconfig:/root/distr_slam_ws/install/cartographer/lib/pkgconfig PYTHONPATH=/root/distr_slam_ws/install/cartographer_ros_msgs/lib/python3.12/site-packages:${PYTHONPATH} /usr/bin/cmake --install /root/distr_slam_ws/build/cartographer_rviz
[39.653s] -- Install configuration: "Release"
[39.653s] -- Installing: /root/distr_slam_ws/install/cartographer_rviz/share/cartographer_rviz/rviz_plugin_description.xml
[39.653s] -- Installing: /root/distr_slam_ws/install/cartographer_rviz/lib/libcartographer_rviz.so
[39.655s] -- Set non-toolchain portion of runtime path of "/root/distr_slam_ws/install/cartographer_rviz/lib/libcartographer_rviz.so" to ""
[39.656s] -- Installing: /root/distr_slam_ws/install/cartographer_rviz/include/cartographer_rviz
[39.656s] -- Installing: /root/distr_slam_ws/install/cartographer_rviz/include/cartographer_rviz/cartographer_rviz
[39.656s] -- Installing: /root/distr_slam_ws/install/cartographer_rviz/include/cartographer_rviz/cartographer_rviz/drawable_submap.h
[39.656s] -- Installing: /root/distr_slam_ws/install/cartographer_rviz/include/cartographer_rviz/cartographer_rviz/ogre_slice.h
[39.656s] -- Installing: /root/distr_slam_ws/install/cartographer_rviz/include/cartographer_rviz/cartographer_rviz/submaps_display.h
[39.657s] -- Installing: /root/distr_slam_ws/install/cartographer_rviz/share/cartographer_rviz/environment/library_path.sh
[39.657s] -- Installing: /root/distr_slam_ws/install/cartographer_rviz/share/cartographer_rviz/environment/library_path.dsv
[39.657s] -- Installing: /root/distr_slam_ws/install/cartographer_rviz/share/ament_index/resource_index/package_run_dependencies/cartographer_rviz
[39.658s] -- Installing: /root/distr_slam_ws/install/cartographer_rviz/share/ament_index/resource_index/parent_prefix_path/cartographer_rviz
[39.658s] -- Installing: /root/distr_slam_ws/install/cartographer_rviz/share/cartographer_rviz/environment/ament_prefix_path.sh
[39.658s] -- Installing: /root/distr_slam_ws/install/cartographer_rviz/share/cartographer_rviz/environment/ament_prefix_path.dsv
[39.658s] -- Installing: /root/distr_slam_ws/install/cartographer_rviz/share/cartographer_rviz/environment/path.sh
[39.659s] -- Installing: /root/distr_slam_ws/install/cartographer_rviz/share/cartographer_rviz/environment/path.dsv
[39.659s] -- Installing: /root/distr_slam_ws/install/cartographer_rviz/share/cartographer_rviz/local_setup.bash
[39.659s] -- Installing: /root/distr_slam_ws/install/cartographer_rviz/share/cartographer_rviz/local_setup.sh
[39.659s] -- Installing: /root/distr_slam_ws/install/cartographer_rviz/share/cartographer_rviz/local_setup.zsh
[39.660s] -- Installing: /root/distr_slam_ws/install/cartographer_rviz/share/cartographer_rviz/local_setup.dsv
[39.660s] -- Installing: /root/distr_slam_ws/install/cartographer_rviz/share/cartographer_rviz/package.dsv
[39.660s] -- Installing: /root/distr_slam_ws/install/cartographer_rviz/share/ament_index/resource_index/packages/cartographer_rviz
[39.660s] -- Installing: /root/distr_slam_ws/install/cartographer_rviz/share/ament_index/resource_index/rviz_common__pluginlib__plugin/cartographer_rviz
[39.661s] -- Installing: /root/distr_slam_ws/install/cartographer_rviz/share/cartographer_rviz/ogre_media/materials/glsl120
[39.661s] -- Installing: /root/distr_slam_ws/install/cartographer_rviz/share/cartographer_rviz/ogre_media/materials/glsl120/submap.frag
[39.661s] -- Installing: /root/distr_slam_ws/install/cartographer_rviz/share/cartographer_rviz/ogre_media/materials/glsl120/submap.vert
[39.661s] -- Installing: /root/distr_slam_ws/install/cartographer_rviz/share/cartographer_rviz/ogre_media/materials/glsl120/glsl120.program
[39.661s] -- Installing: /root/distr_slam_ws/install/cartographer_rviz/share/cartographer_rviz/ogre_media/materials/scripts
[39.662s] -- Installing: /root/distr_slam_ws/install/cartographer_rviz/share/cartographer_rviz/ogre_media/materials/scripts/submap.material
[39.662s] -- Installing: /root/distr_slam_ws/install/cartographer_rviz/share/ament_index/resource_index/rviz_ogre_media_exports/cartographer_rviz
[39.662s] -- Installing: /root/distr_slam_ws/install/cartographer_rviz/share/cartographer_rviz/cmake/cartographer_rvizExport.cmake
[39.663s] -- Installing: /root/distr_slam_ws/install/cartographer_rviz/share/cartographer_rviz/cmake/cartographer_rvizExport-release.cmake
[39.663s] -- Installing: /root/distr_slam_ws/install/cartographer_rviz/share/cartographer_rviz/cmake/ament_cmake_export_include_directories-extras.cmake
[39.663s] -- Installing: /root/distr_slam_ws/install/cartographer_rviz/share/cartographer_rviz/cmake/ament_cmake_export_libraries-extras.cmake
[39.663s] -- Installing: /root/distr_slam_ws/install/cartographer_rviz/share/cartographer_rviz/cmake/ament_cmake_export_targets-extras.cmake
[39.664s] -- Installing: /root/distr_slam_ws/install/cartographer_rviz/share/cartographer_rviz/cmake/ament_cmake_export_dependencies-extras.cmake
[39.664s] -- Installing: /root/distr_slam_ws/install/cartographer_rviz/share/cartographer_rviz/cmake/cartographer_rvizConfig.cmake
[39.664s] -- Installing: /root/distr_slam_ws/install/cartographer_rviz/share/cartographer_rviz/cmake/cartographer_rvizConfig-version.cmake
[39.664s] -- Installing: /root/distr_slam_ws/install/cartographer_rviz/share/cartographer_rviz/package.xml
[39.667s] Invoked command in '/root/distr_slam_ws/build/cartographer_rviz' returned '0': AMENT_PREFIX_PATH=/root/distr_slam_ws/install/cartographer_ros:/root/distr_slam_ws/install/cartographer_ros_msgs:${AMENT_PREFIX_PATH} CMAKE_PREFIX_PATH=/root/distr_slam_ws/install/cartographer_ros:/root/distr_slam_ws/install/cartographer_ros_msgs:/root/distr_slam_ws/install/cartographer:/opt/ros/jazzy/opt/gz_math_vendor:/opt/ros/jazzy/opt/gz_utils_vendor:/opt/ros/jazzy/opt/gz_cmake_vendor:/opt/ros/jazzy LD_LIBRARY_PATH=/root/distr_slam_ws/install/cartographer_ros/lib:/root/distr_slam_ws/install/cartographer_ros_msgs/lib:${LD_LIBRARY_PATH} PATH=/root/distr_slam_ws/install/cartographer/bin:${PATH} PKG_CONFIG_PATH=/root/distr_slam_ws/install/cartographer/lib/x86_64-linux-gnu/pkgconfig:/root/distr_slam_ws/install/cartographer/lib/pkgconfig PYTHONPATH=/root/distr_slam_ws/install/cartographer_ros_msgs/lib/python3.12/site-packages:${PYTHONPATH} /usr/bin/cmake --install /root/distr_slam_ws/build/cartographer_rviz
