[  2%] [32mBuilding CXX object CMakeFiles/cartographer_ros.dir/src/node.cpp.o[0m
[  5%] [32mBuilding CXX object CMakeFiles/cartographer_ros.dir/src/offline_node.cpp.o[0m
[01m[K/root/distr_slam_ws/src/cartographer_ros/cartographer_ros/src/node.cpp:[m[K In member function ‘[01m[Kvoid cartographer_ros::Node::[01;32m[KHandleExportStateToRedis[m[K(std::shared_ptr<std_srvs::srv::Trigger_Request_<std::allocator<void> > >, std::shared_ptr<std_srvs::srv::Trigger_Response_<std::allocator<void> > >)[m[K’:
[01m[K/root/distr_slam_ws/src/cartographer_ros/cartographer_ros/src/node.cpp:930:42:[m[K [01;31m[Kerror: [m[Kno matching function for call to ‘[01m[Kstd::lock_guard<std::mutex>::lock_guard(absl::debian3::Mutex&)[m[K’
  930 |   std::lock_guard<std::mutex> lock(mutex_[01;31m[K)[m[K;
      |                                          [01;31m[K^[m[K
In file included from [01m[K/usr/include/c++/13/mutex:45[m[K,
                 from [01m[K/usr/include/google/protobuf/stubs/mutex.h:33[m[K,
                 from [01m[K/usr/include/google/protobuf/descriptor.h:67[m[K,
                 from [01m[K/usr/include/google/protobuf/message.h:123[m[K,
                 from [01m[K/root/distr_slam_ws/install/cartographer/include/cartographer/io/proto_stream_interface.h:21[m[K,
                 from [01m[K/root/distr_slam_ws/install/cartographer/include/cartographer/mapping/map_builder_interface.h:27[m[K,
                 from [01m[K/root/distr_slam_ws/src/cartographer_ros/cartographer_ros/include/cartographer_ros/node.h:29[m[K,
                 from [01m[K/root/distr_slam_ws/src/cartographer_ros/cartographer_ros/src/node.cpp:17[m[K:
[01m[K/usr/include/c++/13/bits/std_mutex.h:248:16:[m[K [01;36m[Knote: [m[Kcandidate: ‘[01m[Kstd::lock_guard<_Mutex>::[01;32m[Klock_guard[m[K(mutex_type&) [35m[K[with _Mutex = std::mutex; mutex_type = std::mutex][m[K[m[K’
  248 |       explicit [01;36m[Klock_guard[m[K(mutex_type& __m) : _M_device(__m)
      |                [01;36m[K^~~~~~~~~~[m[K
[01m[K/usr/include/c++/13/bits/std_mutex.h:248:39:[m[K [01;36m[Knote: [m[K  no known conversion for argument 1 from ‘[01m[Kabsl::debian3::Mutex[m[K’ to ‘[01m[Kstd::lock_guard<std::mutex>::mutex_type&[m[K’ {aka ‘[01m[Kstd::mutex&[m[K’}
  248 |       explicit lock_guard([01;36m[Kmutex_type& __m[m[K) : _M_device(__m)
      |                           [01;36m[K~~~~~~~~~~~~^~~[m[K
[01m[K/usr/include/c++/13/bits/std_mutex.h:251:7:[m[K [01;36m[Knote: [m[Kcandidate: ‘[01m[Kstd::lock_guard<_Mutex>::[01;32m[Klock_guard[m[K(mutex_type&, std::adopt_lock_t) [35m[K[with _Mutex = std::mutex; mutex_type = std::mutex][m[K[m[K’
  251 |       [01;36m[Klock_guard[m[K(mutex_type& __m, adopt_lock_t) noexcept : _M_device(__m)
      |       [01;36m[K^~~~~~~~~~[m[K
[01m[K/usr/include/c++/13/bits/std_mutex.h:251:7:[m[K [01;36m[Knote: [m[K  candidate expects 2 arguments, 1 provided
[01m[K/root/distr_slam_ws/src/cartographer_ros/cartographer_ros/src/node.cpp:934:21:[m[K [01;31m[Kerror: [m[K‘[01m[KWriteMinimalPbStream[m[K’ is not a member of ‘[01m[Kcartographer::io[m[K’
  934 |   cartographer::io::[01;31m[KWriteMinimalPbStream[m[K(
      |                     [01;31m[K^~~~~~~~~~~~~~~~~~~~[m[K
[01m[K/root/distr_slam_ws/src/cartographer_ros/cartographer_ros/src/node.cpp:935:27:[m[K [01;31m[Kerror: [m[K‘[01m[Kclass std::shared_ptr<cartographer_ros::MapBuilderBridge>[m[K’ has no member named ‘[01m[Kpose_graph[m[K’
  935 |       map_builder_bridge_.[01;31m[Kpose_graph[m[K(),
      |                           [01;31m[K^~~~~~~~~~[m[K
[01m[K/root/distr_slam_ws/src/cartographer_ros/cartographer_ros/src/node.cpp:936:27:[m[K [01;31m[Kerror: [m[K‘[01m[Kclass std::shared_ptr<cartographer_ros::MapBuilderBridge>[m[K’ has no member named ‘[01m[KGetTrajectoryBuilderOptions[m[K’
  936 |       map_builder_bridge_.[01;31m[KGetTrajectoryBuilderOptions[m[K(),
      |                           [01;31m[K^~~~~~~~~~~~~~~~~~~~~~~~~~~[m[K
[01m[K/root/distr_slam_ws/src/cartographer_ros/cartographer_ros/src/node.cpp:928:60:[m[K [01;35m[Kwarning: [m[Kunused parameter ‘[01m[Krequest[m[K’ [[01;35m[K-Wunused-parameter[m[K]
  928 |     [01;35m[Kconst std::shared_ptr<std_srvs::srv::Trigger::Request> request[m[K,
      |     [01;35m[K~~~~~~~~~~~~~~~~~~~~~~~~~~~~~~~~~~~~~~~~~~~~~~~~~~~~~~~^~~~~~~[m[K
[01m[K/root/distr_slam_ws/src/cartographer_ros/cartographer_ros/src/node.cpp:[m[K In member function ‘[01m[Kvoid cartographer_ros::Node::[01;32m[KHandleImportStateFromRedis[m[K(std::shared_ptr<std_srvs::srv::Trigger_Request_<std::allocator<void> > >, std::shared_ptr<std_srvs::srv::Trigger_Response_<std::allocator<void> > >)[m[K’:
[01m[K/root/distr_slam_ws/src/cartographer_ros/cartographer_ros/src/node.cpp:962:42:[m[K [01;31m[Kerror: [m[Kno matching function for call to ‘[01m[Kstd::lock_guard<std::mutex>::lock_guard(absl::debian3::Mutex&)[m[K’
  962 |   std::lock_guard<std::mutex> lock(mutex_[01;31m[K)[m[K;
      |                                          [01;31m[K^[m[K
[01m[K/usr/include/c++/13/bits/std_mutex.h:248:16:[m[K [01;36m[Knote: [m[Kcandidate: ‘[01m[Kstd::lock_guard<_Mutex>::[01;32m[Klock_guard[m[K(mutex_type&) [35m[K[with _Mutex = std::mutex; mutex_type = std::mutex][m[K[m[K’
  248 |       explicit [01;36m[Klock_guard[m[K(mutex_type& __m) : _M_device(__m)
      |                [01;36m[K^~~~~~~~~~[m[K
[01m[K/usr/include/c++/13/bits/std_mutex.h:248:39:[m[K [01;36m[Knote: [m[K  no known conversion for argument 1 from ‘[01m[Kabsl::debian3::Mutex[m[K’ to ‘[01m[Kstd::lock_guard<std::mutex>::mutex_type&[m[K’ {aka ‘[01m[Kstd::mutex&[m[K’}
  248 |       explicit lock_guard([01;36m[Kmutex_type& __m[m[K) : _M_device(__m)
      |                           [01;36m[K~~~~~~~~~~~~^~~[m[K
[01m[K/usr/include/c++/13/bits/std_mutex.h:251:7:[m[K [01;36m[Knote: [m[Kcandidate: ‘[01m[Kstd::lock_guard<_Mutex>::[01;32m[Klock_guard[m[K(mutex_type&, std::adopt_lock_t) [35m[K[with _Mutex = std::mutex; mutex_type = std::mutex][m[K[m[K’
  251 |       [01;36m[Klock_guard[m[K(mutex_type& __m, adopt_lock_t) noexcept : _M_device(__m)
      |       [01;36m[K^~~~~~~~~~[m[K
[01m[K/usr/include/c++/13/bits/std_mutex.h:251:7:[m[K [01;36m[Knote: [m[K  candidate expects 2 arguments, 1 provided
[01m[K/root/distr_slam_ws/src/cartographer_ros/cartographer_ros/src/node.cpp:981:25:[m[K [01;31m[Kerror: [m[K‘[01m[Kclass std::shared_ptr<cartographer_ros::MapBuilderBridge>[m[K’ has no member named ‘[01m[KLoadState[m[K’
  981 |     map_builder_bridge_.[01;31m[KLoadState[m[K(&reader, true);
      |                         [01;31m[K^~~~~~~~~[m[K
[01m[K/root/distr_slam_ws/src/cartographer_ros/cartographer_ros/src/node.cpp:985:38:[m[K [01;31m[Kerror: [m[K‘[01m[Ktrajectory_options_[m[K’ was not declared in this scope; did you mean ‘[01m[KTrajectoryOptions[m[K’?
  985 |     StartTrajectoryWithDefaultTopics([01;31m[Ktrajectory_options_[m[K);
      |                                      [01;31m[K^~~~~~~~~~~~~~~~~~~[m[K
      |                                      [32m[KTrajectoryOptions[m[K
[01m[K/root/distr_slam_ws/src/cartographer_ros/cartographer_ros/src/node.cpp:960:60:[m[K [01;35m[Kwarning: [m[Kunused parameter ‘[01m[Krequest[m[K’ [[01;35m[K-Wunused-parameter[m[K]
  960 |     [01;35m[Kconst std::shared_ptr<std_srvs::srv::Trigger::Request> request[m[K,
      |     [01;35m[K~~~~~~~~~~~~~~~~~~~~~~~~~~~~~~~~~~~~~~~~~~~~~~~~~~~~~~~^~~~~~~[m[K
gmake[2]: *** [CMakeFiles/cartographer_ros.dir/build.make:132: CMakeFiles/cartographer_ros.dir/src/node.cpp.o] Error 1
gmake[1]: *** [CMakeFiles/Makefile2:151: CMakeFiles/cartographer_ros.dir/all] Error 2
gmake: *** [Makefile:146: all] Error 2
