[0.033s] Invoking command in '/root/distr_slam_ws/build/cartographer': CMAKE_PREFIX_PATH=/opt/ros/humble /usr/bin/cmake /root/distr_slam_ws/src/cartographer -DCMAKE_INSTALL_PREFIX=/root/distr_slam_ws/install/cartographer
[0.882s] -- The C compiler identification is GNU 11.4.0
[1.057s] -- The CXX compiler identification is GNU 11.4.0
[1.124s] -- Detecting C compiler ABI info
[1.257s] -- Detecting C compiler ABI info - done
[1.280s] -- Check for working C compiler: /usr/bin/cc - skipped
[1.284s] -- Detecting C compile features
[1.306s] -- Detecting C compile features - done
[1.371s] -- Detecting CXX compiler ABI info
[1.466s] -- Detecting CXX compiler ABI info - done
[1.479s] -- Check for working CXX compiler: /usr/bin/c++ - skipped
[1.479s] -- Detecting CXX compile features
[1.480s] -- Detecting CXX compile features - done
[1.555s] -- Build type: Release
[1.582s] Files /root/distr_slam_ws/build/cartographer/AllFiles.cmake and - differ
[1.886s] -- Found Python: /usr/bin/python3.10 (found version "3.10.12") found components: Interpreter 
[1.890s] -- Looking for pthread.h
[2.059s] -- Looking for pthread.h - found
[2.060s] -- Performing Test CMAKE_HAVE_LIBC_PTHREAD
[2.139s] -- Performing Test CMAKE_HAVE_LIBC_PTHREAD - Success
[2.140s] -- Found Threads: TRUE  
[2.148s] -- Found GMock: gmock_main  
[2.237s] -- Found Boost: /usr/lib/x86_64-linux-gnu/cmake/Boost-1.74.0/BoostConfig.cmake (found version "1.74.0") found components: iostreams 
[2.300s] -- Found required Ceres dependency: Eigen version 3.4.0 in /usr/include/eigen3
[2.322s] -- Found required Ceres dependency: glog
[2.323s] -- Found required Ceres dependency: gflags
[2.324s] -- Found Ceres version: 2.0.0 installed in: /usr with components: [EigenSparse, SparseLinearAlgebraLibrary, LAPACK, SuiteSparse, CXSparse, SchurSpecializations, Multithreading]
[2.346s] -- Found Lua: /usr/lib/x86_64-linux-gnu/liblua5.2.so;/usr/lib/x86_64-linux-gnu/libm.so (found version "5.2.4") 
[2.461s] -- Found Protobuf: /usr/lib/x86_64-linux-gnu/libprotobuf.so (found suitable version "3.12.4", minimum required is "3.0.0") 
[2.494s] -- Found PkgConfig: /usr/bin/pkg-config (found version "0.29.2") 
[2.495s] -- Checking for one of the modules 'cairo>=1.12.16'
[2.729s] -- Found Sphinx: /usr/bin/sphinx-build  
[2.919s] -- Configuring done
[3.355s] -- Generating done
[3.459s] -- Build files have been written to: /root/distr_slam_ws/build/cartographer
[3.472s] Invoked command in '/root/distr_slam_ws/build/cartographer' returned '0': CMAKE_PREFIX_PATH=/opt/ros/humble /usr/bin/cmake /root/distr_slam_ws/src/cartographer -DCMAKE_INSTALL_PREFIX=/root/distr_slam_ws/install/cartographer
[3.474s] Invoking command in '/root/distr_slam_ws/build/cartographer': CMAKE_PREFIX_PATH=/opt/ros/humble /usr/bin/cmake --build /root/distr_slam_ws/build/cartographer -- -j4 -l4
[3.537s] [  0%] [34m[1mRunning C++ protocol buffer compiler on /root/distr_slam_ws/src/cartographer/cartographer/transform/proto/transform.proto[0m
[3.551s] [  0%] [34m[1mBuilding documentation.[0m
[3.559s] [  1%] [32mBuilding CXX object googletest/CMakeFiles/gtest.dir/src/gtest-all.cc.o[0m
[3.568s] [  1%] [34m[1mRunning C++ protocol buffer compiler on /root/distr_slam_ws/src/cartographer/cartographer/common/proto/ceres_solver_options.proto[0m
[3.588s] [  1%] Built target cartographer_detect_changes
[3.600s] [  1%] [34m[1mRunning C++ protocol buffer compiler on /root/distr_slam_ws/src/cartographer/cartographer/ground_truth/proto/relations.proto[0m
[3.607s] [  2%] [34m[1mRunning C++ protocol buffer compiler on /root/distr_slam_ws/src/cartographer/cartographer/mapping/proto/cell_limits_2d.proto[0m
[3.630s] [  2%] [34m[1mRunning C++ protocol buffer compiler on /root/distr_slam_ws/src/cartographer/cartographer/mapping/proto/connected_components.proto[0m
[3.646s] [  2%] [34m[1mRunning C++ protocol buffer compiler on /root/distr_slam_ws/src/cartographer/cartographer/mapping/proto/grid_2d.proto[0m
[3.659s] [  2%] [34m[1mRunning C++ protocol buffer compiler on /root/distr_slam_ws/src/cartographer/cartographer/mapping/proto/grid_2d_options.proto[0m
[3.670s] [  3%] [34m[1mRunning C++ protocol buffer compiler on /root/distr_slam_ws/src/cartographer/cartographer/mapping/proto/hybrid_grid.proto[0m
[3.680s] [  3%] [34m[1mRunning C++ protocol buffer compiler on /root/distr_slam_ws/src/cartographer/cartographer/mapping/proto/local_trajectory_builder_options_2d.proto[0m
[3.690s] [  3%] [34m[1mRunning C++ protocol buffer compiler on /root/distr_slam_ws/src/cartographer/cartographer/mapping/proto/local_trajectory_builder_options_3d.proto[0m
[3.717s] [  4%] [34m[1mRunning C++ protocol buffer compiler on /root/distr_slam_ws/src/cartographer/cartographer/mapping/proto/map_limits.proto[0m
[3.719s] [  4%] [34m[1mRunning C++ protocol buffer compiler on /root/distr_slam_ws/src/cartographer/cartographer/mapping/proto/map_builder_options.proto[0m
[3.736s] [  4%] [34m[1mRunning C++ protocol buffer compiler on /root/distr_slam_ws/src/cartographer/cartographer/mapping/proto/motion_filter_options.proto[0m
[3.740s] [  4%] [34m[1mRunning C++ protocol buffer compiler on /root/distr_slam_ws/src/cartographer/cartographer/mapping/proto/normal_estimation_options_2d.proto[0m
[3.753s] [  4%] [34m[1mRunning C++ protocol buffer compiler on /root/distr_slam_ws/src/cartographer/cartographer/mapping/proto/pose_extrapolator_options.proto[0m
[3.758s] [  5%] [34m[1mRunning C++ protocol buffer compiler on /root/distr_slam_ws/src/cartographer/cartographer/mapping/proto/pose_graph.proto[0m
[3.776s] [  5%] [34m[1mRunning C++ protocol buffer compiler on /root/distr_slam_ws/src/cartographer/cartographer/mapping/proto/pose_graph/constraint_builder_options.proto[0m
[3.781s] [  5%] [34m[1mRunning C++ protocol buffer compiler on /root/distr_slam_ws/src/cartographer/cartographer/mapping/proto/pose_graph/optimization_problem_options.proto[0m
[3.798s] [  5%] [34m[1mRunning C++ protocol buffer compiler on /root/distr_slam_ws/src/cartographer/cartographer/mapping/proto/pose_graph_options.proto[0m
[3.804s] [  6%] [34m[1mRunning C++ protocol buffer compiler on /root/distr_slam_ws/src/cartographer/cartographer/mapping/proto/probability_grid.proto[0m
[3.819s] [  6%] [34m[1mRunning C++ protocol buffer compiler on /root/distr_slam_ws/src/cartographer/cartographer/mapping/proto/probability_grid_range_data_inserter_options_2d.proto[0m
[3.824s] [  6%] [34m[1mRunning C++ protocol buffer compiler on /root/distr_slam_ws/src/cartographer/cartographer/mapping/proto/range_data_inserter_options.proto[0m
[3.834s] [  6%] [34m[1mRunning C++ protocol buffer compiler on /root/distr_slam_ws/src/cartographer/cartographer/mapping/proto/range_data_inserter_options_3d.proto[0m
[3.841s] [  7%] [34m[1mRunning C++ protocol buffer compiler on /root/distr_slam_ws/src/cartographer/cartographer/mapping/proto/scan_matching/ceres_scan_matcher_options_2d.proto[0m
[3.858s] [  7%] [34m[1mRunning C++ protocol buffer compiler on /root/distr_slam_ws/src/cartographer/cartographer/mapping/proto/scan_matching/ceres_scan_matcher_options_3d.proto[0m
[3.861s] [  7%] [34m[1mRunning C++ protocol buffer compiler on /root/distr_slam_ws/src/cartographer/cartographer/mapping/proto/scan_matching/fast_correlative_scan_matcher_options_2d.proto[0m
[3.879s] [  7%] [34m[1mRunning C++ protocol buffer compiler on /root/distr_slam_ws/src/cartographer/cartographer/mapping/proto/scan_matching/fast_correlative_scan_matcher_options_3d.proto[0m
[3.883s] [  8%] [34m[1mRunning C++ protocol buffer compiler on /root/distr_slam_ws/src/cartographer/cartographer/mapping/proto/scan_matching/real_time_correlative_scan_matcher_options.proto[0m
[3.895s] [  8%] [34m[1mRunning C++ protocol buffer compiler on /root/distr_slam_ws/src/cartographer/cartographer/mapping/proto/serialization.proto[0m
[3.901s] [  8%] [34m[1mRunning C++ protocol buffer compiler on /root/distr_slam_ws/src/cartographer/cartographer/mapping/proto/submap.proto[0m
[3.922s] [  8%] [34m[1mRunning C++ protocol buffer compiler on /root/distr_slam_ws/src/cartographer/cartographer/mapping/proto/submap_visualization.proto[0m
[3.926s] [  9%] [34m[1mRunning C++ protocol buffer compiler on /root/distr_slam_ws/src/cartographer/cartographer/mapping/proto/submaps_options_2d.proto[0m
[3.945s] [  9%] [34m[1mRunning C++ protocol buffer compiler on /root/distr_slam_ws/src/cartographer/cartographer/mapping/proto/submaps_options_3d.proto[0m
[3.947s] [  9%] [34m[1mRunning C++ protocol buffer compiler on /root/distr_slam_ws/src/cartographer/cartographer/mapping/proto/trajectory.proto[0m
[3.965s] [  9%] [34m[1mRunning C++ protocol buffer compiler on /root/distr_slam_ws/src/cartographer/cartographer/mapping/proto/trajectory_builder_options.proto[0m
[3.967s] [ 10%] [34m[1mRunning C++ protocol buffer compiler on /root/distr_slam_ws/src/cartographer/cartographer/mapping/proto/trajectory_node_data.proto[0m
[3.988s] [ 10%] [34m[1mRunning C++ protocol buffer compiler on /root/distr_slam_ws/src/cartographer/cartographer/mapping/proto/tsdf_2d.proto[0m
[3.989s] [ 10%] [34m[1mRunning C++ protocol buffer compiler on /root/distr_slam_ws/src/cartographer/cartographer/mapping/proto/tsdf_range_data_inserter_options_2d.proto[0m
[4.003s] [ 10%] [34m[1mRunning C++ protocol buffer compiler on /root/distr_slam_ws/src/cartographer/cartographer/sensor/proto/sensor.proto[0m
[4.004s] [ 11%] [34m[1mRunning C++ protocol buffer compiler on /root/distr_slam_ws/src/cartographer/cartographer/sensor/proto/adaptive_voxel_filter_options.proto[0m
[4.022s] [ 11%] [34m[1mRunning C++ protocol buffer compiler on /root/distr_slam_ws/src/cartographer/cartographer/transform/proto/timestamped_transform.proto[0m
[4.284s] [ 12%] [32mBuilding CXX object CMakeFiles/cartographer.dir/cartographer/common/configuration_file_resolver.cc.o[0m
[4.288s] [ 12%] [32mBuilding CXX object CMakeFiles/cartographer.dir/cartographer/common/fixed_ratio_sampler.cc.o[0m
[5.007s] [01mRunning Sphinx v4.3.2[39;49;00m
[6.216s] [01mmaking output directory... [39;49;00mdone
[6.268s] [01mbuilding [mo]: [39;49;00mtargets for 0 po files that are out of date
[6.329s] [01mbuilding [html]: [39;49;00mtargets for 6 source files that are out of date
[6.332s] [01mupdating environment: [39;49;00m[new config] 6 added, 0 changed, 0 removed
[6.636s] [01mreading sources... [39;49;00m[ 16%] [35mconfiguration[39;49;00m                                        
[6.697s] [01mreading sources... [39;49;00m[ 33%] [35mcost_functions[39;49;00m                                       
[6.771s] [01mreading sources... [39;49;00m[ 50%] [35mevaluation[39;49;00m                                           
[6.858s] [01mreading sources... [39;49;00m[ 66%] [35mindex[39;49;00m                                                
[6.884s] [01mreading sources... [39;49;00m[ 83%] [35mpbstream_migration[39;49;00m                                   
[6.925s] [01mreading sources... [39;49;00m[100%] [35mterminology[39;49;00m                                          
[6.926s] 
[6.927s] [01mlooking for now-outdated files... [39;49;00mnone found
[6.932s] [01mpickling environment... [39;49;00mdone
[6.932s] [01mchecking consistency... [39;49;00mdone
[6.936s] [01mpreparing documents... [39;49;00mdone
[7.208s] [01mwriting output... [39;49;00m[ 16%] [32mconfiguration[39;49;00m                                         
[7.263s] [01mwriting output... [39;49;00m[ 33%] [32mcost_functions[39;49;00m                                        
[7.348s] [01mwriting output... [39;49;00m[ 50%] [32mevaluation[39;49;00m                                            
[7.407s] [01mwriting output... [39;49;00m[ 66%] [32mindex[39;49;00m                                                 
[7.546s] [01mwriting output... [39;49;00m[ 83%] [32mpbstream_migration[39;49;00m                                    
[7.593s] [01mwriting output... [39;49;00m[100%] [32mterminology[39;49;00m                                           
[7.593s] 
[7.637s] [01mgenerating indices... [39;49;00mgenindex done
[7.669s] [01mwriting additional pages... [39;49;00msearch done
[7.672s] [01mcopying images... [39;49;00m[ 50%] [33mautogenerate_groundtruth.png[39;49;00m                          
[7.676s] [01mcopying images... [39;49;00m[100%] [33mhigh_level_system_overview.png[39;49;00m                        
[7.677s] 
[7.780s] [01mcopying static files... [39;49;00mdone
[7.780s] [01mcopying extra files... [39;49;00mdone
[7.788s] [01mdumping search index in English (code: en)... [39;49;00mdone
[7.788s] [01mdumping object inventory... [39;49;00mdone
[7.791s] [01mbuild succeeded.[39;49;00m
[7.792s] 
[7.792s] The HTML pages are in html.
[8.107s] [ 12%] Built target build_doc
[8.144s] [ 12%] [32mBuilding CXX object CMakeFiles/cartographer.dir/cartographer/common/histogram.cc.o[0m
[10.046s] [ 12%] [32mBuilding CXX object CMakeFiles/cartographer.dir/cartographer/common/internal/ceres_solver_options.cc.o[0m
[10.544s] [ 13%] [32mBuilding CXX object CMakeFiles/cartographer.dir/cartographer/common/internal/testing/thread_pool_for_testing.cc.o[0m
[12.675s] [ 13%] [32mBuilding CXX object CMakeFiles/cartographer.dir/cartographer/common/lua_parameter_dictionary.cc.o[0m
[18.105s] [ 13%] [32mBuilding CXX object CMakeFiles/cartographer.dir/cartographer/common/task.cc.o[0m
[20.163s] [ 13%] [32mBuilding CXX object CMakeFiles/cartographer.dir/cartographer/common/thread_pool.cc.o[0m
[20.847s] [ 14%] [32mBuilding CXX object CMakeFiles/cartographer.dir/cartographer/common/time.cc.o[0m
[22.581s] [ 14%] [32mBuilding CXX object CMakeFiles/cartographer.dir/cartographer/ground_truth/autogenerate_ground_truth.cc.o[0m
[25.866s] [ 14%] [32mBuilding CXX object CMakeFiles/cartographer.dir/cartographer/ground_truth/relations_text_file.cc.o[0m
[26.056s] [ 14%] [32mBuilding CXX object CMakeFiles/cartographer.dir/cartographer/io/color.cc.o[0m
[34.725s] [ 14%] [32m[1mLinking CXX static library ../lib/libgtest.a[0m
[34.891s] [ 14%] Built target gtest
[34.919s] [ 15%] [32mBuilding CXX object CMakeFiles/cartographer.dir/cartographer/io/coloring_points_processor.cc.o[0m
[35.019s] [ 16%] [32mBuilding CXX object gmock/CMakeFiles/gmock.dir/src/gmock-all.cc.o[0m
[35.278s] [ 16%] [32mBuilding CXX object CMakeFiles/cartographer.dir/cartographer/io/counting_points_processor.cc.o[0m
[36.228s] [ 16%] [32mBuilding CXX object CMakeFiles/cartographer.dir/cartographer/io/draw_trajectories.cc.o[0m
[46.776s] [ 16%] [32m[1mLinking CXX static library ../lib/libgmock.a[0m
[46.896s] [ 16%] Built target gmock
[48.338s] [ 17%] [32mBuilding CXX object CMakeFiles/cartographer.dir/cartographer/io/fixed_ratio_sampling_points_processor.cc.o[0m
[54.523s] [ 17%] [32mBuilding CXX object CMakeFiles/cartographer.dir/cartographer/io/frame_id_filtering_points_processor.cc.o[0m
[57.539s] [ 17%] [32mBuilding CXX object CMakeFiles/cartographer.dir/cartographer/io/hybrid_grid_points_processor.cc.o[0m
[58.556s] [ 17%] [32mBuilding CXX object CMakeFiles/cartographer.dir/cartographer/io/file_writer.cc.o[0m
[58.868s] [ 17%] [32mBuilding CXX object CMakeFiles/cartographer.dir/cartographer/io/image.cc.o[0m
[61.028s] [ 18%] [32mBuilding CXX object CMakeFiles/cartographer.dir/cartographer/io/intensity_to_color_points_processor.cc.o[0m
[66.091s] [ 18%] [32mBuilding CXX object CMakeFiles/cartographer.dir/cartographer/io/internal/mapping_state_serialization.cc.o[0m
[68.113s] [ 18%] [32mBuilding CXX object CMakeFiles/cartographer.dir/cartographer/io/internal/pbstream_info.cc.o[0m
[69.131s] [ 18%] [32mBuilding CXX object CMakeFiles/cartographer.dir/cartographer/io/internal/in_memory_proto_stream.cc.o[0m
[71.367s] [ 19%] [32mBuilding CXX object CMakeFiles/cartographer.dir/cartographer/io/internal/pbstream_migrate.cc.o[0m
[71.654s] [ 19%] [32mBuilding CXX object CMakeFiles/cartographer.dir/cartographer/io/min_max_range_filtering_points_processor.cc.o[0m
[71.677s] [ 19%] [32mBuilding CXX object CMakeFiles/cartographer.dir/cartographer/io/outlier_removing_points_processor.cc.o[0m
[75.235s] [ 19%] [32mBuilding CXX object CMakeFiles/cartographer.dir/cartographer/io/pcd_writing_points_processor.cc.o[0m
[76.816s] [ 20%] [32mBuilding CXX object CMakeFiles/cartographer.dir/cartographer/io/ply_writing_points_processor.cc.o[0m
[77.794s] [ 20%] [32mBuilding CXX object CMakeFiles/cartographer.dir/cartographer/io/points_batch.cc.o[0m
[79.099s] [ 20%] [32mBuilding CXX object CMakeFiles/cartographer.dir/cartographer/io/points_processor_pipeline_builder.cc.o[0m
[82.883s] [ 20%] [32mBuilding CXX object CMakeFiles/cartographer.dir/cartographer/io/probability_grid_points_processor.cc.o[0m
[83.670s] [ 21%] [32mBuilding CXX object CMakeFiles/cartographer.dir/cartographer/io/proto_stream.cc.o[0m
[84.859s] [ 21%] [32mBuilding CXX object CMakeFiles/cartographer.dir/cartographer/io/proto_stream_deserializer.cc.o[0m
[88.854s] [ 21%] [32mBuilding CXX object CMakeFiles/cartographer.dir/cartographer/io/serialization_format_migration.cc.o[0m
[89.349s] [ 22%] [32mBuilding CXX object CMakeFiles/cartographer.dir/cartographer/io/submap_painter.cc.o[0m
[90.101s] [ 22%] [32mBuilding CXX object CMakeFiles/cartographer.dir/cartographer/io/vertical_range_filtering_points_processor.cc.o[0m
[95.791s] [ 22%] [32mBuilding CXX object CMakeFiles/cartographer.dir/cartographer/io/xray_points_processor.cc.o[0m
[98.397s] [ 22%] [32mBuilding CXX object CMakeFiles/cartographer.dir/cartographer/io/xyz_writing_points_processor.cc.o[0m
[99.004s] [ 23%] [32mBuilding CXX object CMakeFiles/cartographer.dir/cartographer/mapping/2d/grid_2d.cc.o[0m
[102.941s] [ 23%] [32mBuilding CXX object CMakeFiles/cartographer.dir/cartographer/mapping/2d/probability_grid.cc.o[0m
[103.431s] [ 23%] [32mBuilding CXX object CMakeFiles/cartographer.dir/cartographer/mapping/2d/probability_grid_range_data_inserter_2d.cc.o[0m
[104.240s] [ 23%] [32mBuilding CXX object CMakeFiles/cartographer.dir/cartographer/mapping/2d/submap_2d.cc.o[0m
[108.415s] [ 24%] [32mBuilding CXX object CMakeFiles/cartographer.dir/cartographer/mapping/3d/range_data_inserter_3d.cc.o[0m
[109.225s] [ 24%] [32mBuilding CXX object CMakeFiles/cartographer.dir/cartographer/mapping/3d/submap_3d.cc.o[0m
[111.490s] [ 24%] [32mBuilding CXX object CMakeFiles/cartographer.dir/cartographer/mapping/detect_floors.cc.o[0m
[114.946s] [ 24%] [32mBuilding CXX object CMakeFiles/cartographer.dir/cartographer/mapping/imu_tracker.cc.o[0m
[116.985s] [ 25%] [32mBuilding CXX object CMakeFiles/cartographer.dir/cartographer/mapping/internal/2d/local_slam_result_2d.cc.o[0m
[117.399s] [ 25%] [32mBuilding CXX object CMakeFiles/cartographer.dir/cartographer/mapping/internal/2d/local_trajectory_builder_2d.cc.o[0m
[119.466s] [ 25%] [32mBuilding CXX object CMakeFiles/cartographer.dir/cartographer/mapping/internal/2d/local_trajectory_builder_options_2d.cc.o[0m
[124.666s] [ 25%] [32mBuilding CXX object CMakeFiles/cartographer.dir/cartographer/mapping/internal/2d/normal_estimation_2d.cc.o[0m
[125.395s] [ 26%] [32mBuilding CXX object CMakeFiles/cartographer.dir/cartographer/mapping/internal/2d/overlapping_submaps_trimmer_2d.cc.o[0m
[126.091s] [ 26%] [32mBuilding CXX object CMakeFiles/cartographer.dir/cartographer/mapping/internal/2d/pose_graph_2d.cc.o[0m
[128.554s] [ 26%] [32mBuilding CXX object CMakeFiles/cartographer.dir/cartographer/mapping/internal/2d/ray_to_pixel_mask.cc.o[0m
[131.784s] [ 26%] [32mBuilding CXX object CMakeFiles/cartographer.dir/cartographer/mapping/internal/2d/scan_matching/ceres_scan_matcher_2d.cc.o[0m
[133.503s] [ 27%] [32mBuilding CXX object CMakeFiles/cartographer.dir/cartographer/mapping/internal/2d/scan_matching/correlative_scan_matcher_2d.cc.o[0m
[135.645s] [ 27%] [32mBuilding CXX object CMakeFiles/cartographer.dir/cartographer/mapping/internal/2d/scan_matching/fast_correlative_scan_matcher_2d.cc.o[0m
[140.088s] [ 27%] [32mBuilding CXX object CMakeFiles/cartographer.dir/cartographer/mapping/internal/2d/scan_matching/occupied_space_cost_function_2d.cc.o[0m
[140.561s] [ 27%] [32mBuilding CXX object CMakeFiles/cartographer.dir/cartographer/mapping/internal/2d/scan_matching/real_time_correlative_scan_matcher_2d.cc.o[0m
[144.098s] [ 28%] [32mBuilding CXX object CMakeFiles/cartographer.dir/cartographer/mapping/internal/2d/scan_matching/tsdf_match_cost_function_2d.cc.o[0m
[145.731s] [ 28%] [32mBuilding CXX object CMakeFiles/cartographer.dir/cartographer/mapping/internal/2d/tsd_value_converter.cc.o[0m
[146.973s] [ 28%] [32mBuilding CXX object CMakeFiles/cartographer.dir/cartographer/mapping/internal/2d/tsdf_2d.cc.o[0m
[148.192s] [ 28%] [32mBuilding CXX object CMakeFiles/cartographer.dir/cartographer/mapping/internal/2d/tsdf_range_data_inserter_2d.cc.o[0m
[152.102s] [ 29%] [32mBuilding CXX object CMakeFiles/cartographer.dir/cartographer/mapping/internal/3d/local_slam_result_3d.cc.o[0m
[152.853s] [ 29%] [32mBuilding CXX object CMakeFiles/cartographer.dir/cartographer/mapping/internal/3d/local_trajectory_builder_3d.cc.o[0m
[155.517s] [ 29%] [32mBuilding CXX object CMakeFiles/cartographer.dir/cartographer/mapping/internal/3d/local_trajectory_builder_options_3d.cc.o[0m
[159.604s] [ 29%] [32mBuilding CXX object CMakeFiles/cartographer.dir/cartographer/mapping/internal/3d/pose_graph_3d.cc.o[0m
[161.337s] [ 30%] [32mBuilding CXX object CMakeFiles/cartographer.dir/cartographer/mapping/internal/3d/scan_matching/ceres_scan_matcher_3d.cc.o[0m
[161.818s] [ 30%] [32mBuilding CXX object CMakeFiles/cartographer.dir/cartographer/mapping/internal/3d/scan_matching/fast_correlative_scan_matcher_3d.cc.o[0m
[170.060s] [ 30%] [32mBuilding CXX object CMakeFiles/cartographer.dir/cartographer/mapping/internal/3d/scan_matching/intensity_cost_function_3d.cc.o[0m
[172.539s] [ 30%] [32mBuilding CXX object CMakeFiles/cartographer.dir/cartographer/mapping/internal/3d/scan_matching/low_resolution_matcher.cc.o[0m
[173.371s] [ 31%] [32mBuilding CXX object CMakeFiles/cartographer.dir/cartographer/mapping/internal/3d/scan_matching/precomputation_grid_3d.cc.o[0m
[175.603s] [ 31%] [32mBuilding CXX object CMakeFiles/cartographer.dir/cartographer/mapping/internal/3d/scan_matching/real_time_correlative_scan_matcher_3d.cc.o[0m
[178.530s] [ 31%] [32mBuilding CXX object CMakeFiles/cartographer.dir/cartographer/mapping/internal/3d/scan_matching/rotational_scan_matcher.cc.o[0m
[179.647s] [ 32%] [32mBuilding CXX object CMakeFiles/cartographer.dir/cartographer/mapping/internal/collated_trajectory_builder.cc.o[0m
[179.901s] [ 32%] [32mBuilding CXX object CMakeFiles/cartographer.dir/cartographer/mapping/internal/connected_components.cc.o[0m
[184.476s] [ 32%] [32mBuilding CXX object CMakeFiles/cartographer.dir/cartographer/mapping/internal/constraints/constraint_builder.cc.o[0m
[185.086s] [ 32%] [32mBuilding CXX object CMakeFiles/cartographer.dir/cartographer/mapping/internal/constraints/constraint_builder_2d.cc.o[0m
[188.150s] [ 33%] [32mBuilding CXX object CMakeFiles/cartographer.dir/cartographer/mapping/internal/constraints/constraint_builder_3d.cc.o[0m
[188.617s] [ 33%] [32mBuilding CXX object CMakeFiles/cartographer.dir/cartographer/mapping/internal/eigen_quaterniond_from_two_vectors.cc.o[0m
[195.059s] [ 33%] [32mBuilding CXX object CMakeFiles/cartographer.dir/cartographer/mapping/internal/global_trajectory_builder.cc.o[0m
[195.161s] [ 33%] [32mBuilding CXX object CMakeFiles/cartographer.dir/cartographer/mapping/internal/imu_based_pose_extrapolator.cc.o[0m
[198.313s] [ 34%] [32mBuilding CXX object CMakeFiles/cartographer.dir/cartographer/mapping/internal/motion_filter.cc.o[0m
[203.636s] [ 34%] [32mBuilding CXX object CMakeFiles/cartographer.dir/cartographer/mapping/internal/optimization/ceres_pose.cc.o[0m
[204.532s] [ 34%] [32mBuilding CXX object CMakeFiles/cartographer.dir/cartographer/mapping/internal/optimization/cost_functions/spa_cost_function_2d.cc.o[0m
[208.077s] [ 34%] [32mBuilding CXX object CMakeFiles/cartographer.dir/cartographer/mapping/internal/optimization/optimization_problem_2d.cc.o[0m
[208.849s] [ 35%] [32mBuilding CXX object CMakeFiles/cartographer.dir/cartographer/mapping/internal/optimization/optimization_problem_3d.cc.o[0m
[211.110s] [ 35%] [32mBuilding CXX object CMakeFiles/cartographer.dir/cartographer/mapping/internal/optimization/optimization_problem_options.cc.o[0m
[215.899s] [ 35%] [32mBuilding CXX object CMakeFiles/cartographer.dir/cartographer/mapping/internal/range_data_collator.cc.o[0m
[223.060s] [ 35%] [32mBuilding CXX object CMakeFiles/cartographer.dir/cartographer/mapping/internal/scan_matching/real_time_correlative_scan_matcher.cc.o[0m
[223.077s] [ 36%] [32mBuilding CXX object CMakeFiles/cartographer.dir/cartographer/mapping/internal/submap_controller.cc.o[0m
[225.604s] [ 36%] [32mBuilding CXX object CMakeFiles/cartographer.dir/cartographer/mapping/internal/trajectory_connectivity_state.cc.o[0m
[225.622s] [ 36%] [32mBuilding CXX object CMakeFiles/cartographer.dir/cartographer/mapping/map_builder.cc.o[0m
[228.606s] [ 36%] [32mBuilding CXX object CMakeFiles/cartographer.dir/cartographer/mapping/map_builder_interface.cc.o[0m
[229.494s] [ 37%] [32mBuilding CXX object CMakeFiles/cartographer.dir/cartographer/mapping/pose_extrapolator.cc.o[0m
[233.741s] [ 37%] [32mBuilding CXX object CMakeFiles/cartographer.dir/cartographer/mapping/pose_extrapolator_interface.cc.o[0m
[235.317s] [ 37%] [32mBuilding CXX object CMakeFiles/cartographer.dir/cartographer/mapping/pose_graph.cc.o[0m
[237.141s] [ 37%] [32mBuilding CXX object CMakeFiles/cartographer.dir/cartographer/mapping/pose_graph_trimmer.cc.o[0m
[237.937s] [ 38%] [32mBuilding CXX object CMakeFiles/cartographer.dir/cartographer/mapping/probability_values.cc.o[0m
[240.699s] [ 38%] [32mBuilding CXX object CMakeFiles/cartographer.dir/cartographer/mapping/range_data_inserter_interface.cc.o[0m
[242.318s] [ 38%] [32mBuilding CXX object CMakeFiles/cartographer.dir/cartographer/mapping/trajectory_builder_interface.cc.o[0m
[243.035s] [ 38%] [32mBuilding CXX object CMakeFiles/cartographer.dir/cartographer/mapping/trajectory_node.cc.o[0m
[244.127s] [ 39%] [32mBuilding CXX object CMakeFiles/cartographer.dir/cartographer/mapping/value_conversion_tables.cc.o[0m
[245.680s] [ 39%] [32mBuilding CXX object CMakeFiles/cartographer.dir/cartographer/metrics/counter.cc.o[0m
[245.837s] [ 39%] [32mBuilding CXX object CMakeFiles/cartographer.dir/cartographer/metrics/gauge.cc.o[0m
[245.999s] [ 39%] [32mBuilding CXX object CMakeFiles/cartographer.dir/cartographer/metrics/histogram.cc.o[0m
[246.459s] [ 40%] [32mBuilding CXX object CMakeFiles/cartographer.dir/cartographer/metrics/register.cc.o[0m
[248.626s] [ 40%] [32mBuilding CXX object CMakeFiles/cartographer.dir/cartographer/sensor/compressed_point_cloud.cc.o[0m
[249.119s] [ 40%] [32mBuilding CXX object CMakeFiles/cartographer.dir/cartographer/sensor/fixed_frame_pose_data.cc.o[0m
[252.750s] [ 40%] [32mBuilding CXX object CMakeFiles/cartographer.dir/cartographer/sensor/imu_data.cc.o[0m
[253.785s] [ 41%] [32mBuilding CXX object CMakeFiles/cartographer.dir/cartographer/sensor/internal/collator.cc.o[0m
[254.274s] [ 41%] [32mBuilding CXX object CMakeFiles/cartographer.dir/cartographer/sensor/internal/ordered_multi_queue.cc.o[0m
[255.856s] [ 41%] [32mBuilding CXX object CMakeFiles/cartographer.dir/cartographer/sensor/internal/trajectory_collator.cc.o[0m
[260.785s] [ 42%] [32mBuilding CXX object CMakeFiles/cartographer.dir/cartographer/sensor/internal/voxel_filter.cc.o[0m
[260.812s] [ 42%] [32mBuilding CXX object CMakeFiles/cartographer.dir/cartographer/sensor/landmark_data.cc.o[0m
[261.107s] [ 42%] [32mBuilding CXX object CMakeFiles/cartographer.dir/cartographer/sensor/odometry_data.cc.o[0m
[264.368s] [ 42%] [32mBuilding CXX object CMakeFiles/cartographer.dir/cartographer/sensor/point_cloud.cc.o[0m
[266.130s] [ 43%] [32mBuilding CXX object CMakeFiles/cartographer.dir/cartographer/sensor/range_data.cc.o[0m
[267.906s] [ 43%] [32mBuilding CXX object CMakeFiles/cartographer.dir/cartographer/sensor/timed_point_cloud_data.cc.o[0m
[268.874s] [ 43%] [32mBuilding CXX object CMakeFiles/cartographer.dir/cartographer/transform/rigid_transform.cc.o[0m
[270.260s] [ 43%] [32mBuilding CXX object CMakeFiles/cartographer.dir/cartographer/transform/timestamped_transform.cc.o[0m
[272.086s] [ 44%] [32mBuilding CXX object CMakeFiles/cartographer.dir/cartographer/transform/transform.cc.o[0m
[272.557s] [ 44%] [32mBuilding CXX object CMakeFiles/cartographer.dir/cartographer/transform/transform_interpolation_buffer.cc.o[0m
[274.397s] [ 44%] [32mBuilding CXX object CMakeFiles/cartographer.dir/cartographer/common/proto/ceres_solver_options.pb.cc.o[0m
[276.060s] [ 44%] [32mBuilding CXX object CMakeFiles/cartographer.dir/cartographer/ground_truth/proto/relations.pb.cc.o[0m
[276.584s] [ 45%] [32mBuilding CXX object CMakeFiles/cartographer.dir/cartographer/mapping/proto/cell_limits_2d.pb.cc.o[0m
[276.932s] [ 45%] [32mBuilding CXX object CMakeFiles/cartographer.dir/cartographer/mapping/proto/connected_components.pb.cc.o[0m
[277.631s] [ 45%] [32mBuilding CXX object CMakeFiles/cartographer.dir/cartographer/mapping/proto/grid_2d.pb.cc.o[0m
[278.243s] [ 45%] [32mBuilding CXX object CMakeFiles/cartographer.dir/cartographer/mapping/proto/grid_2d_options.pb.cc.o[0m
[278.924s] [ 46%] [32mBuilding CXX object CMakeFiles/cartographer.dir/cartographer/mapping/proto/hybrid_grid.pb.cc.o[0m
[279.096s] [ 46%] [32mBuilding CXX object CMakeFiles/cartographer.dir/cartographer/mapping/proto/local_trajectory_builder_options_2d.pb.cc.o[0m
[280.024s] [ 46%] [32mBuilding CXX object CMakeFiles/cartographer.dir/cartographer/mapping/proto/local_trajectory_builder_options_3d.pb.cc.o[0m
[280.454s] [ 46%] [32mBuilding CXX object CMakeFiles/cartographer.dir/cartographer/mapping/proto/map_builder_options.pb.cc.o[0m
[280.806s] [ 47%] [32mBuilding CXX object CMakeFiles/cartographer.dir/cartographer/mapping/proto/map_limits.pb.cc.o[0m
[281.581s] [ 47%] [32mBuilding CXX object CMakeFiles/cartographer.dir/cartographer/mapping/proto/motion_filter_options.pb.cc.o[0m
[282.612s] [ 47%] [32mBuilding CXX object CMakeFiles/cartographer.dir/cartographer/mapping/proto/normal_estimation_options_2d.pb.cc.o[0m
[282.620s] [ 47%] [32mBuilding CXX object CMakeFiles/cartographer.dir/cartographer/mapping/proto/pose_extrapolator_options.pb.cc.o[0m
[282.679s] [ 48%] [32mBuilding CXX object CMakeFiles/cartographer.dir/cartographer/mapping/proto/pose_graph.pb.cc.o[0m
[283.830s] [ 48%] [32mBuilding CXX object CMakeFiles/cartographer.dir/cartographer/mapping/proto/pose_graph/constraint_builder_options.pb.cc.o[0m
[284.664s] [ 48%] [32mBuilding CXX object CMakeFiles/cartographer.dir/cartographer/mapping/proto/pose_graph/optimization_problem_options.pb.cc.o[0m
[285.055s] [ 48%] [32mBuilding CXX object CMakeFiles/cartographer.dir/cartographer/mapping/proto/pose_graph_options.pb.cc.o[0m
[285.708s] [ 49%] [32mBuilding CXX object CMakeFiles/cartographer.dir/cartographer/mapping/proto/probability_grid.pb.cc.o[0m
[286.347s] [ 49%] [32mBuilding CXX object CMakeFiles/cartographer.dir/cartographer/mapping/proto/probability_grid_range_data_inserter_options_2d.pb.cc.o[0m
[286.627s] [ 49%] [32mBuilding CXX object CMakeFiles/cartographer.dir/cartographer/mapping/proto/range_data_inserter_options.pb.cc.o[0m
[287.379s] [ 49%] [32mBuilding CXX object CMakeFiles/cartographer.dir/cartographer/mapping/proto/range_data_inserter_options_3d.pb.cc.o[0m
[287.395s] [ 50%] [32mBuilding CXX object CMakeFiles/cartographer.dir/cartographer/mapping/proto/scan_matching/ceres_scan_matcher_options_2d.pb.cc.o[0m
[288.496s] [ 50%] [32mBuilding CXX object CMakeFiles/cartographer.dir/cartographer/mapping/proto/scan_matching/ceres_scan_matcher_options_3d.pb.cc.o[0m
[288.639s] [ 50%] [32mBuilding CXX object CMakeFiles/cartographer.dir/cartographer/mapping/proto/scan_matching/fast_correlative_scan_matcher_options_2d.pb.cc.o[0m
[289.322s] [ 50%] [32mBuilding CXX object CMakeFiles/cartographer.dir/cartographer/mapping/proto/scan_matching/fast_correlative_scan_matcher_options_3d.pb.cc.o[0m
[289.801s] [ 51%] [32mBuilding CXX object CMakeFiles/cartographer.dir/cartographer/mapping/proto/scan_matching/real_time_correlative_scan_matcher_options.pb.cc.o[0m
[290.424s] [ 51%] [32mBuilding CXX object CMakeFiles/cartographer.dir/cartographer/mapping/proto/serialization.pb.cc.o[0m
[290.906s] [ 51%] [32mBuilding CXX object CMakeFiles/cartographer.dir/cartographer/mapping/proto/submap.pb.cc.o[0m
[290.986s] [ 52%] [32mBuilding CXX object CMakeFiles/cartographer.dir/cartographer/mapping/proto/submap_visualization.pb.cc.o[0m
[292.303s] [ 52%] [32mBuilding CXX object CMakeFiles/cartographer.dir/cartographer/mapping/proto/submaps_options_2d.pb.cc.o[0m
[293.444s] [ 52%] [32mBuilding CXX object CMakeFiles/cartographer.dir/cartographer/mapping/proto/submaps_options_3d.pb.cc.o[0m
[294.241s] [ 52%] [32mBuilding CXX object CMakeFiles/cartographer.dir/cartographer/mapping/proto/trajectory.pb.cc.o[0m
[294.565s] [ 53%] [32mBuilding CXX object CMakeFiles/cartographer.dir/cartographer/mapping/proto/trajectory_builder_options.pb.cc.o[0m
[295.039s] [ 53%] [32mBuilding CXX object CMakeFiles/cartographer.dir/cartographer/mapping/proto/trajectory_node_data.pb.cc.o[0m
[296.620s] [ 53%] [32mBuilding CXX object CMakeFiles/cartographer.dir/cartographer/mapping/proto/tsdf_2d.pb.cc.o[0m
[296.660s] [ 53%] [32mBuilding CXX object CMakeFiles/cartographer.dir/cartographer/mapping/proto/tsdf_range_data_inserter_options_2d.pb.cc.o[0m
[297.166s] [ 54%] [32mBuilding CXX object CMakeFiles/cartographer.dir/cartographer/sensor/proto/adaptive_voxel_filter_options.pb.cc.o[0m
[297.770s] [ 54%] [32mBuilding CXX object CMakeFiles/cartographer.dir/cartographer/sensor/proto/sensor.pb.cc.o[0m
[298.435s] [ 54%] [32mBuilding CXX object CMakeFiles/cartographer.dir/cartographer/transform/proto/timestamped_transform.pb.cc.o[0m
[298.980s] [ 54%] [32mBuilding CXX object CMakeFiles/cartographer.dir/cartographer/transform/proto/transform.pb.cc.o[0m
[301.630s] [ 55%] [32m[1mLinking CXX static library libcartographer.a[0m
[301.827s] [ 55%] Built target cartographer
[301.861s] [ 55%] [32mBuilding CXX object gmock/CMakeFiles/gmock_main.dir/src/gmock_main.cc.o[0m
[301.862s] [ 55%] [32mBuilding CXX object CMakeFiles/cartographer_compute_relations_metrics.dir/cartographer/ground_truth/compute_relations_metrics_main.cc.o[0m
[301.871s] [ 55%] [32mBuilding CXX object CMakeFiles/cartographer_autogenerate_ground_truth.dir/cartographer/ground_truth/autogenerate_ground_truth_main.cc.o[0m
[301.871s] [ 55%] [32mBuilding CXX object CMakeFiles/cartographer_pbstream.dir/cartographer/io/pbstream_main.cc.o[0m
[303.871s] [ 56%] [32m[1mLinking CXX executable cartographer_pbstream[0m
[304.036s] [ 56%] [32m[1mLinking CXX static library ../lib/libgmock_main.a[0m
[304.068s] [ 56%] Built target gmock_main
[304.089s] [ 56%] [32mBuilding CXX object CMakeFiles/cartographer_print_configuration.dir/cartographer/common/print_configuration_main.cc.o[0m
[304.860s] [ 56%] Built target cartographer_pbstream
[304.900s] [ 56%] [32mBuilding CXX object CMakeFiles/cartographer_test_library.dir/cartographer/io/fake_file_writer.cc.o[0m
[306.907s] [ 56%] [32m[1mLinking CXX executable cartographer_print_configuration[0m
[307.064s] [ 56%] Built target cartographer_print_configuration
[307.078s] [ 57%] [32mBuilding CXX object CMakeFiles/cartographer_test_library.dir/cartographer/io/fake_file_writer_test.cc.o[0m
[307.746s] [ 58%] [32m[1mLinking CXX executable cartographer_autogenerate_ground_truth[0m
[308.017s] [ 58%] Built target cartographer_autogenerate_ground_truth
[308.035s] [ 58%] [32mBuilding CXX object CMakeFiles/cartographer_test_library.dir/cartographer/io/internal/testing/test_helpers.cc.o[0m
[308.508s] [ 58%] [32mBuilding CXX object CMakeFiles/cartographer_test_library.dir/cartographer/mapping/internal/testing/test_helpers.cc.o[0m
[308.901s] [ 58%] [32m[1mLinking CXX executable cartographer_compute_relations_metrics[0m
[309.193s] [ 58%] Built target cartographer_compute_relations_metrics
[313.978s] [ 58%] [32m[1mLinking CXX static library libcartographer_test_library.a[0m
[314.013s] [ 58%] Built target cartographer_test_library
[314.048s] [ 58%] [32mBuilding CXX object CMakeFiles/cartographer.common.fixed_ratio_sampler_test.dir/cartographer/common/fixed_ratio_sampler_test.cc.o[0m
[314.048s] [ 58%] [32mBuilding CXX object CMakeFiles/cartographer.common.internal.blocking_queue_test.dir/cartographer/common/internal/blocking_queue_test.cc.o[0m
[314.048s] [ 58%] [32mBuilding CXX object CMakeFiles/cartographer.common.internal.rate_timer_test.dir/cartographer/common/internal/rate_timer_test.cc.o[0m
[314.048s] [ 58%] [32mBuilding CXX object CMakeFiles/cartographer.common.configuration_files_test.dir/cartographer/common/configuration_files_test.cc.o[0m
[318.061s] [ 59%] [32m[1mLinking CXX executable cartographer.common.fixed_ratio_sampler_test[0m
[318.255s] [ 59%] Built target cartographer.common.fixed_ratio_sampler_test
[318.290s] [ 59%] [32mBuilding CXX object CMakeFiles/cartographer.common.lua_parameter_dictionary_test.dir/cartographer/common/lua_parameter_dictionary_test.cc.o[0m
[319.566s] [ 60%] [32m[1mLinking CXX executable cartographer.common.internal.rate_timer_test[0m
[319.764s] [ 60%] Built target cartographer.common.internal.rate_timer_test
[319.796s] [ 60%] [32mBuilding CXX object CMakeFiles/cartographer.common.math_test.dir/cartographer/common/math_test.cc.o[0m
[320.259s] [ 60%] [32m[1mLinking CXX executable cartographer.common.internal.blocking_queue_test[0m
[320.450s] [ 60%] Built target cartographer.common.internal.blocking_queue_test
[320.479s] [ 60%] [32mBuilding CXX object CMakeFiles/cartographer.common.task_test.dir/cartographer/common/task_test.cc.o[0m
[321.197s] [ 60%] [32m[1mLinking CXX executable cartographer.common.configuration_files_test[0m
[321.641s] [ 60%] Built target cartographer.common.configuration_files_test
[321.674s] [ 60%] [32mBuilding CXX object CMakeFiles/cartographer.common.thread_pool_test.dir/cartographer/common/thread_pool_test.cc.o[0m
[325.025s] [ 60%] [32m[1mLinking CXX executable cartographer.common.lua_parameter_dictionary_test[0m
[325.213s] [ 60%] Built target cartographer.common.lua_parameter_dictionary_test
[325.241s] [ 61%] [32m[1mLinking CXX executable cartographer.common.math_test[0m
[325.243s] [ 61%] [32mBuilding CXX object CMakeFiles/cartographer.io.fake_file_writer_test.dir/cartographer/io/fake_file_writer_test.cc.o[0m
[325.418s] [ 61%] Built target cartographer.common.math_test
[325.448s] [ 61%] [32mBuilding CXX object CMakeFiles/cartographer.io.internal.in_memory_proto_stream_test.dir/cartographer/io/internal/in_memory_proto_stream_test.cc.o[0m
[325.886s] [ 62%] [32m[1mLinking CXX executable cartographer.common.thread_pool_test[0m
[326.071s] [ 62%] Built target cartographer.common.thread_pool_test
[326.101s] [ 62%] [32mBuilding CXX object CMakeFiles/cartographer.io.points_processor_pipeline_builder_test.dir/cartographer/io/points_processor_pipeline_builder_test.cc.o[0m
[326.523s] [ 62%] [32m[1mLinking CXX executable cartographer.common.task_test[0m
[326.717s] [ 62%] Built target cartographer.common.task_test
[326.748s] [ 62%] [32mBuilding CXX object CMakeFiles/cartographer.io.probability_grid_points_processor_test.dir/cartographer/io/probability_grid_points_processor_test.cc.o[0m
[330.247s] [ 62%] [32m[1mLinking CXX executable cartographer.io.fake_file_writer_test[0m
[330.458s] [ 62%] Built target cartographer.io.fake_file_writer_test
[330.490s] [ 62%] [32mBuilding CXX object CMakeFiles/cartographer.io.proto_stream_deserializer_test.dir/cartographer/io/proto_stream_deserializer_test.cc.o[0m
[330.979s] [ 63%] [32m[1mLinking CXX executable cartographer.io.internal.in_memory_proto_stream_test[0m
[331.266s] [ 63%] Built target cartographer.io.internal.in_memory_proto_stream_test
[331.297s] [ 64%] [32mBuilding CXX object CMakeFiles/cartographer.io.proto_stream_test.dir/cartographer/io/proto_stream_test.cc.o[0m
[332.907s] [ 64%] [32m[1mLinking CXX executable cartographer.io.points_processor_pipeline_builder_test[0m
[333.315s] [ 64%] Built target cartographer.io.points_processor_pipeline_builder_test
[333.347s] [ 64%] [32mBuilding CXX object CMakeFiles/cartographer.io.serialization_format_migration_test.dir/cartographer/io/serialization_format_migration_test.cc.o[0m
[335.839s] [ 64%] [32m[1mLinking CXX executable cartographer.io.proto_stream_test[0m
[336.077s] [ 64%] Built target cartographer.io.proto_stream_test
[336.111s] [ 65%] [32mBuilding CXX object CMakeFiles/cartographer.mapping.2d.map_limits_test.dir/cartographer/mapping/2d/map_limits_test.cc.o[0m
[336.701s] [ 66%] [32m[1mLinking CXX executable cartographer.io.probability_grid_points_processor_test[0m
[336.915s] [ 66%] [32m[1mLinking CXX executable cartographer.io.proto_stream_deserializer_test[0m
[337.025s] [ 66%] Built target cartographer.io.probability_grid_points_processor_test
[337.056s] [ 66%] [32mBuilding CXX object CMakeFiles/cartographer.mapping.2d.probability_grid_test.dir/cartographer/mapping/2d/probability_grid_test.cc.o[0m
[337.217s] [ 66%] Built target cartographer.io.proto_stream_deserializer_test
[337.253s] [ 67%] [32mBuilding CXX object CMakeFiles/cartographer.mapping.2d.range_data_inserter_2d_test.dir/cartographer/mapping/2d/range_data_inserter_2d_test.cc.o[0m
[341.990s] [ 67%] [32m[1mLinking CXX executable cartographer.io.serialization_format_migration_test[0m
[342.445s] [ 67%] Built target cartographer.io.serialization_format_migration_test
[342.476s] [ 67%] [32mBuilding CXX object CMakeFiles/cartographer.mapping.2d.submap_2d_test.dir/cartographer/mapping/2d/submap_2d_test.cc.o[0m
[343.025s] [ 67%] [32m[1mLinking CXX executable cartographer.mapping.2d.map_limits_test[0m
[343.254s] [ 67%] Built target cartographer.mapping.2d.map_limits_test
[343.286s] [ 68%] [32mBuilding CXX object CMakeFiles/cartographer.mapping.2d.xy_index_test.dir/cartographer/mapping/2d/xy_index_test.cc.o[0m
[344.932s] [ 68%] [32m[1mLinking CXX executable cartographer.mapping.2d.range_data_inserter_2d_test[0m
[345.188s] [ 68%] Built target cartographer.mapping.2d.range_data_inserter_2d_test
[345.220s] [ 68%] [32mBuilding CXX object CMakeFiles/cartographer.mapping.3d.hybrid_grid_test.dir/cartographer/mapping/3d/hybrid_grid_test.cc.o[0m
[345.574s] [ 68%] [32m[1mLinking CXX executable cartographer.mapping.2d.probability_grid_test[0m
[345.833s] [ 68%] Built target cartographer.mapping.2d.probability_grid_test
[345.864s] [ 69%] [32mBuilding CXX object CMakeFiles/cartographer.mapping.3d.range_data_inserter_3d_test.dir/cartographer/mapping/3d/range_data_inserter_3d_test.cc.o[0m
[349.480s] [ 69%] [32m[1mLinking CXX executable cartographer.mapping.2d.xy_index_test[0m
[349.696s] [ 69%] Built target cartographer.mapping.2d.xy_index_test
[349.730s] [ 69%] [32mBuilding CXX object CMakeFiles/cartographer.mapping.3d.submap_3d_test.dir/cartographer/mapping/3d/submap_3d_test.cc.o[0m
[352.108s] [ 69%] [32m[1mLinking CXX executable cartographer.mapping.2d.submap_2d_test[0m
[352.456s] [ 69%] Built target cartographer.mapping.2d.submap_2d_test
[352.506s] [ 70%] [32mBuilding CXX object CMakeFiles/cartographer.mapping.id_test.dir/cartographer/mapping/id_test.cc.o[0m
[355.097s] [ 70%] [32m[1mLinking CXX executable cartographer.mapping.3d.range_data_inserter_3d_test[0m
[355.323s] [ 70%] Built target cartographer.mapping.3d.range_data_inserter_3d_test
[355.357s] [ 70%] [32mBuilding CXX object CMakeFiles/cartographer.mapping.imu_tracker_test.dir/cartographer/mapping/imu_tracker_test.cc.o[0m
[356.968s] [ 70%] [32m[1mLinking CXX executable cartographer.mapping.3d.hybrid_grid_test[0m
[357.176s] [ 70%] Built target cartographer.mapping.3d.hybrid_grid_test
[357.209s] [ 71%] [32mBuilding CXX object CMakeFiles/cartographer.mapping.internal.2d.normal_estimation_2d_test.dir/cartographer/mapping/internal/2d/normal_estimation_2d_test.cc.o[0m
[358.999s] [ 71%] [32m[1mLinking CXX executable cartographer.mapping.3d.submap_3d_test[0m
[359.327s] [ 71%] Built target cartographer.mapping.3d.submap_3d_test
[359.361s] [ 71%] [32mBuilding CXX object CMakeFiles/cartographer.mapping.internal.2d.overlapping_submaps_trimmer_2d_test.dir/cartographer/mapping/internal/2d/overlapping_submaps_trimmer_2d_test.cc.o[0m
[360.867s] [ 71%] [32m[1mLinking CXX executable cartographer.mapping.imu_tracker_test[0m
[361.033s] [ 71%] [32m[1mLinking CXX executable cartographer.mapping.id_test[0m
[361.064s] [ 71%] Built target cartographer.mapping.imu_tracker_test
[361.099s] [ 72%] [32mBuilding CXX object CMakeFiles/cartographer.mapping.internal.2d.pose_graph_2d_test.dir/cartographer/mapping/internal/2d/pose_graph_2d_test.cc.o[0m
[361.221s] [ 72%] Built target cartographer.mapping.id_test
[361.252s] [ 72%] [32mBuilding CXX object CMakeFiles/cartographer.mapping.internal.2d.ray_to_pixel_mask_test.dir/cartographer/mapping/internal/2d/ray_to_pixel_mask_test.cc.o[0m
[365.495s] [ 72%] [32m[1mLinking CXX executable cartographer.mapping.internal.2d.normal_estimation_2d_test[0m
[365.742s] [ 72%] Built target cartographer.mapping.internal.2d.normal_estimation_2d_test
[365.773s] [ 73%] [32mBuilding CXX object CMakeFiles/cartographer.mapping.internal.2d.scan_matching.ceres_scan_matcher_2d_test.dir/cartographer/mapping/internal/2d/scan_matching/ceres_scan_matcher_2d_test.cc.o[0m
[371.223s] [ 73%] [32m[1mLinking CXX executable cartographer.mapping.internal.2d.ray_to_pixel_mask_test[0m
[371.411s] [ 73%] Built target cartographer.mapping.internal.2d.ray_to_pixel_mask_test
[371.436s] [ 73%] [32m[1mLinking CXX executable cartographer.mapping.internal.2d.overlapping_submaps_trimmer_2d_test[0m
[371.442s] [ 73%] [32mBuilding CXX object CMakeFiles/cartographer.mapping.internal.2d.scan_matching.correlative_scan_matcher_test.dir/cartographer/mapping/internal/2d/scan_matching/correlative_scan_matcher_test.cc.o[0m
[371.780s] [ 73%] Built target cartographer.mapping.internal.2d.overlapping_submaps_trimmer_2d_test
[371.817s] [ 74%] [32mBuilding CXX object CMakeFiles/cartographer.mapping.internal.2d.scan_matching.fast_correlative_scan_matcher_2d_test.dir/cartographer/mapping/internal/2d/scan_matching/fast_correlative_scan_matcher_2d_test.cc.o[0m
[375.245s] [ 74%] [32m[1mLinking CXX executable cartographer.mapping.internal.2d.scan_matching.ceres_scan_matcher_2d_test[0m
[375.550s] [ 74%] Built target cartographer.mapping.internal.2d.scan_matching.ceres_scan_matcher_2d_test
[375.580s] [ 74%] [32mBuilding CXX object CMakeFiles/cartographer.mapping.internal.2d.scan_matching.interpolated_tsdf_2d_test.dir/cartographer/mapping/internal/2d/scan_matching/interpolated_tsdf_2d_test.cc.o[0m
[377.027s] [ 74%] [32m[1mLinking CXX executable cartographer.mapping.internal.2d.pose_graph_2d_test[0m
[377.480s] [ 74%] Built target cartographer.mapping.internal.2d.pose_graph_2d_test
[377.511s] [ 74%] [32mBuilding CXX object CMakeFiles/cartographer.mapping.internal.2d.scan_matching.occupied_space_cost_function_2d_test.dir/cartographer/mapping/internal/2d/scan_matching/occupied_space_cost_function_2d_test.cc.o[0m
[378.836s] [ 74%] [32m[1mLinking CXX executable cartographer.mapping.internal.2d.scan_matching.correlative_scan_matcher_test[0m
[379.022s] [ 74%] Built target cartographer.mapping.internal.2d.scan_matching.correlative_scan_matcher_test
[379.054s] [ 74%] [32mBuilding CXX object CMakeFiles/cartographer.mapping.internal.2d.scan_matching.real_time_correlative_scan_matcher_2d_test.dir/cartographer/mapping/internal/2d/scan_matching/real_time_correlative_scan_matcher_2d_test.cc.o[0m
[382.839s] [ 74%] [32m[1mLinking CXX executable cartographer.mapping.internal.2d.scan_matching.fast_correlative_scan_matcher_2d_test[0m
[383.000s] [ 75%] [32m[1mLinking CXX executable cartographer.mapping.internal.2d.scan_matching.interpolated_tsdf_2d_test[0m
[383.112s] [ 75%] Built target cartographer.mapping.internal.2d.scan_matching.fast_correlative_scan_matcher_2d_test
[383.147s] [ 75%] [32mBuilding CXX object CMakeFiles/cartographer.mapping.internal.2d.scan_matching.tsdf_match_cost_function_2d_test.dir/cartographer/mapping/internal/2d/scan_matching/tsdf_match_cost_function_2d_test.cc.o[0m
[383.259s] [ 75%] Built target cartographer.mapping.internal.2d.scan_matching.interpolated_tsdf_2d_test
[383.291s] [ 75%] [32mBuilding CXX object CMakeFiles/cartographer.mapping.internal.2d.tsd_value_converter_test.dir/cartographer/mapping/internal/2d/tsd_value_converter_test.cc.o[0m
[385.515s] [ 75%] [32m[1mLinking CXX executable cartographer.mapping.internal.2d.scan_matching.occupied_space_cost_function_2d_test[0m
[385.812s] [ 75%] Built target cartographer.mapping.internal.2d.scan_matching.occupied_space_cost_function_2d_test
[385.844s] [ 75%] [32mBuilding CXX object CMakeFiles/cartographer.mapping.internal.2d.tsdf_2d_test.dir/cartographer/mapping/internal/2d/tsdf_2d_test.cc.o[0m
[387.336s] [ 76%] [32m[1mLinking CXX executable cartographer.mapping.internal.2d.scan_matching.real_time_correlative_scan_matcher_2d_test[0m
[387.623s] [ 76%] Built target cartographer.mapping.internal.2d.scan_matching.real_time_correlative_scan_matcher_2d_test
[387.655s] [ 76%] [32mBuilding CXX object CMakeFiles/cartographer.mapping.internal.2d.tsdf_range_data_inserter_2d_test.dir/cartographer/mapping/internal/2d/tsdf_range_data_inserter_2d_test.cc.o[0m
[389.213s] [ 77%] [32m[1mLinking CXX executable cartographer.mapping.internal.2d.tsd_value_converter_test[0m
[389.402s] [ 77%] Built target cartographer.mapping.internal.2d.tsd_value_converter_test
[389.434s] [ 77%] [32mBuilding CXX object CMakeFiles/cartographer.mapping.internal.3d.local_trajectory_builder_3d_test.dir/cartographer/mapping/internal/3d/local_trajectory_builder_3d_test.cc.o[0m
[393.532s] [ 77%] [32m[1mLinking CXX executable cartographer.mapping.internal.2d.scan_matching.tsdf_match_cost_function_2d_test[0m
[393.812s] [ 77%] Built target cartographer.mapping.internal.2d.scan_matching.tsdf_match_cost_function_2d_test
[393.846s] [ 77%] [32mBuilding CXX object CMakeFiles/cartographer.mapping.internal.3d.pose_graph_3d_test.dir/cartographer/mapping/internal/3d/pose_graph_3d_test.cc.o[0m
[394.096s] [ 77%] [32m[1mLinking CXX executable cartographer.mapping.internal.2d.tsdf_2d_test[0m
[394.353s] [ 77%] Built target cartographer.mapping.internal.2d.tsdf_2d_test
[394.384s] [ 77%] [32mBuilding CXX object CMakeFiles/cartographer.mapping.internal.3d.rotation_parameterization_test.dir/cartographer/mapping/internal/3d/rotation_parameterization_test.cc.o[0m
[394.416s] [ 77%] [32m[1mLinking CXX executable cartographer.mapping.internal.3d.rotation_parameterization_test[0m
[394.607s] [ 77%] Built target cartographer.mapping.internal.3d.rotation_parameterization_test
[394.642s] [ 77%] [32mBuilding CXX object CMakeFiles/cartographer.mapping.internal.3d.scan_matching.ceres_scan_matcher_3d_test.dir/cartographer/mapping/internal/3d/scan_matching/ceres_scan_matcher_3d_test.cc.o[0m
[397.699s] [ 78%] [32m[1mLinking CXX executable cartographer.mapping.internal.2d.tsdf_range_data_inserter_2d_test[0m
[397.963s] [ 78%] Built target cartographer.mapping.internal.2d.tsdf_range_data_inserter_2d_test
[397.997s] [ 78%] [32mBuilding CXX object CMakeFiles/cartographer.mapping.internal.3d.scan_matching.fast_correlative_scan_matcher_3d_test.dir/cartographer/mapping/internal/3d/scan_matching/fast_correlative_scan_matcher_3d_test.cc.o[0m
[402.046s] [ 78%] [32m[1mLinking CXX executable cartographer.mapping.internal.3d.local_trajectory_builder_3d_test[0m
[402.479s] [ 78%] Built target cartographer.mapping.internal.3d.local_trajectory_builder_3d_test
[402.510s] [ 78%] [32mBuilding CXX object CMakeFiles/cartographer.mapping.internal.3d.scan_matching.intensity_cost_function_3d_test.dir/cartographer/mapping/internal/3d/scan_matching/intensity_cost_function_3d_test.cc.o[0m
[406.196s] [ 79%] [32m[1mLinking CXX executable cartographer.mapping.internal.3d.scan_matching.ceres_scan_matcher_3d_test[0m
[406.474s] [ 79%] Built target cartographer.mapping.internal.3d.scan_matching.ceres_scan_matcher_3d_test
[406.505s] [ 79%] [32mBuilding CXX object CMakeFiles/cartographer.mapping.internal.3d.scan_matching.interpolated_grid_test.dir/cartographer/mapping/internal/3d/scan_matching/interpolated_grid_test.cc.o[0m
[406.858s] [ 80%] [32m[1mLinking CXX executable cartographer.mapping.internal.3d.pose_graph_3d_test[0m
[407.298s] [ 80%] Built target cartographer.mapping.internal.3d.pose_graph_3d_test
[407.328s] [ 80%] [32mBuilding CXX object CMakeFiles/cartographer.mapping.internal.3d.scan_matching.precomputation_grid_3d_test.dir/cartographer/mapping/internal/3d/scan_matching/precomputation_grid_3d_test.cc.o[0m
[410.727s] [ 80%] [32m[1mLinking CXX executable cartographer.mapping.internal.3d.scan_matching.fast_correlative_scan_matcher_3d_test[0m
[410.991s] [ 80%] Built target cartographer.mapping.internal.3d.scan_matching.fast_correlative_scan_matcher_3d_test
[411.024s] [ 80%] [32mBuilding CXX object CMakeFiles/cartographer.mapping.internal.3d.scan_matching.real_time_correlative_scan_matcher_3d_test.dir/cartographer/mapping/internal/3d/scan_matching/real_time_correlative_scan_matcher_3d_test.cc.o[0m
[411.771s] [ 81%] [32m[1mLinking CXX executable cartographer.mapping.internal.3d.scan_matching.intensity_cost_function_3d_test[0m
[411.956s] [ 81%] Built target cartographer.mapping.internal.3d.scan_matching.intensity_cost_function_3d_test
[411.987s] [ 81%] [32mBuilding CXX object CMakeFiles/cartographer.mapping.internal.3d.scan_matching.rotation_delta_cost_functor_3d_test.dir/cartographer/mapping/internal/3d/scan_matching/rotation_delta_cost_functor_3d_test.cc.o[0m
[414.249s] [ 81%] [32m[1mLinking CXX executable cartographer.mapping.internal.3d.scan_matching.interpolated_grid_test[0m
[414.434s] [ 81%] Built target cartographer.mapping.internal.3d.scan_matching.interpolated_grid_test
[414.466s] [ 81%] [32mBuilding CXX object CMakeFiles/cartographer.mapping.internal.3d.scan_matching.rotational_scan_matcher_test.dir/cartographer/mapping/internal/3d/scan_matching/rotational_scan_matcher_test.cc.o[0m
[415.103s] [ 82%] [32m[1mLinking CXX executable cartographer.mapping.internal.3d.scan_matching.precomputation_grid_3d_test[0m
[415.279s] [ 82%] Built target cartographer.mapping.internal.3d.scan_matching.precomputation_grid_3d_test
[415.309s] [ 82%] [32mBuilding CXX object CMakeFiles/cartographer.mapping.internal.connected_components_test.dir/cartographer/mapping/internal/connected_components_test.cc.o[0m
[418.146s] [ 83%] [32m[1mLinking CXX executable cartographer.mapping.internal.3d.scan_matching.rotation_delta_cost_functor_3d_test[0m
[418.316s] [ 83%] Built target cartographer.mapping.internal.3d.scan_matching.rotation_delta_cost_functor_3d_test
[418.345s] [ 83%] [32mBuilding CXX object CMakeFiles/cartographer.mapping.internal.constraints.constraint_builder_2d_test.dir/cartographer/mapping/internal/constraints/constraint_builder_2d_test.cc.o[0m
[421.376s] [ 83%] [32m[1mLinking CXX executable cartographer.mapping.internal.3d.scan_matching.rotational_scan_matcher_test[0m
[421.595s] [ 83%] Built target cartographer.mapping.internal.3d.scan_matching.rotational_scan_matcher_test
[421.629s] [ 84%] [32mBuilding CXX object CMakeFiles/cartographer.mapping.internal.constraints.constraint_builder_3d_test.dir/cartographer/mapping/internal/constraints/constraint_builder_3d_test.cc.o[0m
[421.922s] [ 84%] [32m[1mLinking CXX executable cartographer.mapping.internal.3d.scan_matching.real_time_correlative_scan_matcher_3d_test[0m
[422.161s] [ 84%] Built target cartographer.mapping.internal.3d.scan_matching.real_time_correlative_scan_matcher_3d_test
[422.195s] [ 84%] [32mBuilding CXX object CMakeFiles/cartographer.mapping.internal.motion_filter_test.dir/cartographer/mapping/internal/motion_filter_test.cc.o[0m
[423.308s] [ 85%] [32m[1mLinking CXX executable cartographer.mapping.internal.connected_components_test[0m
[423.537s] [ 85%] Built target cartographer.mapping.internal.connected_components_test
[423.568s] [ 86%] [32mBuilding CXX object CMakeFiles/cartographer.mapping.internal.optimization.cost_functions.landmark_cost_function_2d_test.dir/cartographer/mapping/internal/optimization/cost_functions/landmark_cost_function_2d_test.cc.o[0m
[429.194s] [ 86%] [32m[1mLinking CXX executable cartographer.mapping.internal.motion_filter_test[0m
[429.450s] [ 86%] Built target cartographer.mapping.internal.motion_filter_test
[429.483s] [ 86%] [32mBuilding CXX object CMakeFiles/cartographer.mapping.internal.optimization.cost_functions.landmark_cost_function_3d_test.dir/cartographer/mapping/internal/optimization/cost_functions/landmark_cost_function_3d_test.cc.o[0m
[430.433s] [ 86%] [32m[1mLinking CXX executable cartographer.mapping.internal.constraints.constraint_builder_2d_test[0m
[430.889s] [ 86%] Built target cartographer.mapping.internal.constraints.constraint_builder_2d_test
[430.920s] [ 87%] [32mBuilding CXX object CMakeFiles/cartographer.mapping.internal.optimization.cost_functions.spa_cost_function_2d_test.dir/cartographer/mapping/internal/optimization/cost_functions/spa_cost_function_2d_test.cc.o[0m
[434.458s] [ 87%] [32m[1mLinking CXX executable cartographer.mapping.internal.constraints.constraint_builder_3d_test[0m
[434.906s] [ 87%] Built target cartographer.mapping.internal.constraints.constraint_builder_3d_test
[434.937s] [ 87%] [32mBuilding CXX object CMakeFiles/cartographer.mapping.internal.optimization.optimization_problem_3d_test.dir/cartographer/mapping/internal/optimization/optimization_problem_3d_test.cc.o[0m
[436.919s] [ 87%] [32m[1mLinking CXX executable cartographer.mapping.internal.optimization.cost_functions.landmark_cost_function_2d_test[0m
[437.113s] [ 87%] Built target cartographer.mapping.internal.optimization.cost_functions.landmark_cost_function_2d_test
[437.143s] [ 88%] [32mBuilding CXX object CMakeFiles/cartographer.mapping.internal.range_data_collator_test.dir/cartographer/mapping/internal/range_data_collator_test.cc.o[0m
[441.935s] [ 88%] [32m[1mLinking CXX executable cartographer.mapping.internal.optimization.cost_functions.spa_cost_function_2d_test[0m
[442.126s] [ 88%] Built target cartographer.mapping.internal.optimization.cost_functions.spa_cost_function_2d_test
[442.155s] [ 88%] [32mBuilding CXX object CMakeFiles/cartographer.mapping.internal.trajectory_connectivity_state_test.dir/cartographer/mapping/internal/trajectory_connectivity_state_test.cc.o[0m
[442.221s] [ 88%] [32m[1mLinking CXX executable cartographer.mapping.internal.optimization.cost_functions.landmark_cost_function_3d_test[0m
[442.415s] [ 88%] Built target cartographer.mapping.internal.optimization.cost_functions.landmark_cost_function_3d_test
[442.448s] [ 89%] [32mBuilding CXX object CMakeFiles/cartographer.mapping.map_builder_test.dir/cartographer/mapping/map_builder_test.cc.o[0m
[445.196s] [ 89%] [32m[1mLinking CXX executable cartographer.mapping.internal.optimization.optimization_problem_3d_test[0m
[445.474s] [ 89%] Built target cartographer.mapping.internal.optimization.optimization_problem_3d_test
[445.506s] [ 89%] [32mBuilding CXX object CMakeFiles/cartographer.mapping.pose_extrapolator_test.dir/cartographer/mapping/pose_extrapolator_test.cc.o[0m
[446.050s] [ 89%] [32m[1mLinking CXX executable cartographer.mapping.internal.range_data_collator_test[0m
[446.248s] [ 89%] Built target cartographer.mapping.internal.range_data_collator_test
[446.276s] [ 90%] [32mBuilding CXX object CMakeFiles/cartographer.mapping.pose_graph_test.dir/cartographer/mapping/pose_graph_test.cc.o[0m
[450.009s] [ 90%] [32m[1mLinking CXX executable cartographer.mapping.internal.trajectory_connectivity_state_test[0m
[450.235s] [ 90%] Built target cartographer.mapping.internal.trajectory_connectivity_state_test
[450.273s] [ 90%] [32mBuilding CXX object CMakeFiles/cartographer.mapping.pose_graph_trimmer_test.dir/cartographer/mapping/pose_graph_trimmer_test.cc.o[0m
[454.343s] [ 90%] [32m[1mLinking CXX executable cartographer.mapping.pose_graph_test[0m
[454.766s] [ 90%] Built target cartographer.mapping.pose_graph_test
[454.800s] [ 91%] [32mBuilding CXX object CMakeFiles/cartographer.mapping.probability_values_test.dir/cartographer/mapping/probability_values_test.cc.o[0m
[456.987s] [ 91%] [32m[1mLinking CXX executable cartographer.mapping.pose_extrapolator_test[0m
[457.184s] [ 91%] Built target cartographer.mapping.pose_extrapolator_test
[457.216s] [ 91%] [32mBuilding CXX object CMakeFiles/cartographer.mapping.submaps_test.dir/cartographer/mapping/submaps_test.cc.o[0m
[457.970s] [ 91%] [32m[1mLinking CXX executable cartographer.mapping.pose_graph_trimmer_test[0m
[458.156s] [ 91%] Built target cartographer.mapping.pose_graph_trimmer_test
[458.188s] [ 92%] [32mBuilding CXX object CMakeFiles/cartographer.mapping.trajectory_node_test.dir/cartographer/mapping/trajectory_node_test.cc.o[0m
[458.487s] [ 92%] [32m[1mLinking CXX executable cartographer.mapping.map_builder_test[0m
[459.109s] [ 92%] Built target cartographer.mapping.map_builder_test
[459.152s] [ 92%] [32mBuilding CXX object CMakeFiles/cartographer.mapping.value_conversion_tables_test.dir/cartographer/mapping/value_conversion_tables_test.cc.o[0m
[460.575s] [ 92%] [32m[1mLinking CXX executable cartographer.mapping.probability_values_test[0m
[460.781s] [ 92%] Built target cartographer.mapping.probability_values_test
[460.811s] [ 93%] [32mBuilding CXX object CMakeFiles/cartographer.sensor.compressed_point_cloud_test.dir/cartographer/sensor/compressed_point_cloud_test.cc.o[0m
[463.065s] [ 93%] [32m[1mLinking CXX executable cartographer.mapping.value_conversion_tables_test[0m
[463.250s] [ 93%] Built target cartographer.mapping.value_conversion_tables_test
[463.279s] [ 93%] [32mBuilding CXX object CMakeFiles/cartographer.sensor.internal.collator_test.dir/cartographer/sensor/internal/collator_test.cc.o[0m
[464.131s] [ 93%] [32m[1mLinking CXX executable cartographer.mapping.submaps_test[0m
[464.319s] [ 93%] Built target cartographer.mapping.submaps_test
[464.353s] [ 94%] [32mBuilding CXX object CMakeFiles/cartographer.sensor.internal.ordered_multi_queue_test.dir/cartographer/sensor/internal/ordered_multi_queue_test.cc.o[0m
[467.659s] [ 94%] [32m[1mLinking CXX executable cartographer.mapping.trajectory_node_test[0m
[467.901s] [ 94%] Built target cartographer.mapping.trajectory_node_test
[467.933s] [ 94%] [32mBuilding CXX object CMakeFiles/cartographer.sensor.internal.trajectory_collator_test.dir/cartographer/sensor/internal/trajectory_collator_test.cc.o[0m
[469.702s] [ 94%] [32m[1mLinking CXX executable cartographer.sensor.compressed_point_cloud_test[0m
[469.936s] [ 94%] Built target cartographer.sensor.compressed_point_cloud_test
[469.968s] [ 94%] [32mBuilding CXX object CMakeFiles/cartographer.sensor.internal.voxel_filter_test.dir/cartographer/sensor/internal/voxel_filter_test.cc.o[0m
[472.962s] [ 94%] [32m[1mLinking CXX executable cartographer.sensor.internal.ordered_multi_queue_test[0m
[473.163s] [ 94%] Built target cartographer.sensor.internal.ordered_multi_queue_test
[473.194s] [ 94%] [32mBuilding CXX object CMakeFiles/cartographer.sensor.landmark_data_test.dir/cartographer/sensor/landmark_data_test.cc.o[0m
[473.941s] [ 94%] [32m[1mLinking CXX executable cartographer.sensor.internal.collator_test[0m
[474.156s] [ 94%] Built target cartographer.sensor.internal.collator_test
[474.189s] [ 94%] [32mBuilding CXX object CMakeFiles/cartographer.sensor.map_by_time_test.dir/cartographer/sensor/map_by_time_test.cc.o[0m
[478.181s] [ 95%] [32m[1mLinking CXX executable cartographer.sensor.internal.trajectory_collator_test[0m
[478.376s] [ 95%] Built target cartographer.sensor.internal.trajectory_collator_test
[478.410s] [ 95%] [32mBuilding CXX object CMakeFiles/cartographer.sensor.point_cloud_test.dir/cartographer/sensor/point_cloud_test.cc.o[0m
[478.729s] [ 95%] [32m[1mLinking CXX executable cartographer.sensor.internal.voxel_filter_test[0m
[478.972s] [ 95%] Built target cartographer.sensor.internal.voxel_filter_test
[479.005s] [ 95%] [32mBuilding CXX object CMakeFiles/cartographer.sensor.range_data_test.dir/cartographer/sensor/range_data_test.cc.o[0m
[480.149s] [ 95%] [32m[1mLinking CXX executable cartographer.sensor.map_by_time_test[0m
[480.349s] [ 95%] Built target cartographer.sensor.map_by_time_test
[480.382s] [ 95%] [32mBuilding CXX object CMakeFiles/cartographer.transform.rigid_transform_test.dir/cartographer/transform/rigid_transform_test.cc.o[0m
[485.709s] [ 96%] [32m[1mLinking CXX executable cartographer.sensor.landmark_data_test[0m
[485.967s] [ 96%] Built target cartographer.sensor.landmark_data_test
[485.999s] [ 96%] [32mBuilding CXX object CMakeFiles/cartographer.transform.timestamped_transform_test.dir/cartographer/transform/timestamped_transform_test.cc.o[0m
[487.280s] [ 96%] [32m[1mLinking CXX executable cartographer.sensor.range_data_test[0m
[487.479s] [ 96%] Built target cartographer.sensor.range_data_test
[487.512s] [ 96%] [32mBuilding CXX object CMakeFiles/cartographer.transform.transform_interpolation_buffer_test.dir/cartographer/transform/transform_interpolation_buffer_test.cc.o[0m
[488.606s] [ 97%] [32m[1mLinking CXX executable cartographer.sensor.point_cloud_test[0m
[488.828s] [ 97%] Built target cartographer.sensor.point_cloud_test
[488.859s] [ 97%] [32mBuilding CXX object CMakeFiles/cartographer.transform.transform_test.dir/cartographer/transform/transform_test.cc.o[0m
[494.792s] [ 97%] [32m[1mLinking CXX executable cartographer.transform.timestamped_transform_test[0m
[495.026s] [ 97%] Built target cartographer.transform.timestamped_transform_test
[495.817s] [ 98%] [32m[1mLinking CXX executable cartographer.transform.rigid_transform_test[0m
[496.010s] [ 98%] Built target cartographer.transform.rigid_transform_test
[496.515s] [100%] [32m[1mLinking CXX executable cartographer.transform.transform_interpolation_buffer_test[0m
[496.658s] [100%] Built target cartographer.transform.transform_interpolation_buffer_test
[497.583s] [100%] [32m[1mLinking CXX executable cartographer.transform.transform_test[0m
[497.709s] [100%] Built target cartographer.transform.transform_test
[497.724s] Invoked command in '/root/distr_slam_ws/build/cartographer' returned '0': CMAKE_PREFIX_PATH=/opt/ros/humble /usr/bin/cmake --build /root/distr_slam_ws/build/cartographer -- -j4 -l4
[497.726s] Invoking command in '/root/distr_slam_ws/build/cartographer': CMAKE_PREFIX_PATH=/opt/ros/humble /usr/bin/cmake --install /root/distr_slam_ws/build/cartographer
[497.734s] -- Install configuration: "Release"
[497.734s] -- Up-to-date: /root/distr_slam_ws/install/cartographer/share/cartographer/package.xml
[497.734s] -- Up-to-date: /root/distr_slam_ws/install/cartographer/share/cartographer//configuration_files
[497.833s] -- Up-to-date: /root/distr_slam_ws/install/cartographer/share/cartographer//configuration_files/map_builder.lua
[497.834s] -- Up-to-date: /root/distr_slam_ws/install/cartographer/share/cartographer//configuration_files/trajectory_builder_2d.lua
[497.835s] -- Up-to-date: /root/distr_slam_ws/install/cartographer/share/cartographer//configuration_files/map_builder_server.lua
[497.835s] -- Up-to-date: /root/distr_slam_ws/install/cartographer/share/cartographer//configuration_files/trajectory_builder.lua
[497.835s] -- Up-to-date: /root/distr_slam_ws/install/cartographer/share/cartographer//configuration_files/pose_graph.lua
[497.836s] -- Up-to-date: /root/distr_slam_ws/install/cartographer/share/cartographer//configuration_files/trajectory_builder_3d.lua
[497.837s] -- Up-to-date: /root/distr_slam_ws/install/cartographer/share/cartographer//cmake
[497.837s] -- Up-to-date: /root/distr_slam_ws/install/cartographer/share/cartographer//cmake/modules
[497.837s] -- Up-to-date: /root/distr_slam_ws/install/cartographer/share/cartographer//cmake/modules/FindGMock.cmake
[497.838s] -- Up-to-date: /root/distr_slam_ws/install/cartographer/share/cartographer//cmake/modules/FindSphinx.cmake
[497.838s] -- Up-to-date: /root/distr_slam_ws/install/cartographer/share/cartographer//cmake/modules/FindEigen3.cmake
[497.838s] -- Up-to-date: /root/distr_slam_ws/install/cartographer/share/cartographer//cmake/modules/FindLuaGoogle.cmake
[497.838s] -- Up-to-date: /root/distr_slam_ws/install/cartographer/share/cartographer//cmake/functions.cmake
[497.850s] -- Installing: /root/distr_slam_ws/install/cartographer/bin/cartographer_autogenerate_ground_truth
[497.871s] -- Installing: /root/distr_slam_ws/install/cartographer/bin/cartographer_compute_relations_metrics
[497.890s] -- Installing: /root/distr_slam_ws/install/cartographer/bin/cartographer_pbstream
[497.897s] -- Installing: /root/distr_slam_ws/install/cartographer/bin/cartographer_print_configuration
[497.898s] -- Installing: /root/distr_slam_ws/install/cartographer/lib/libcartographer.a
[497.916s] -- Up-to-date: /root/distr_slam_ws/install/cartographer/include/cartographer/common/configuration_file_resolver.h
[497.916s] -- Up-to-date: /root/distr_slam_ws/install/cartographer/include/cartographer/common/fixed_ratio_sampler.h
[497.917s] -- Up-to-date: /root/distr_slam_ws/install/cartographer/include/cartographer/common/histogram.h
[497.917s] -- Up-to-date: /root/distr_slam_ws/install/cartographer/include/cartographer/common/lua.h
[497.917s] -- Up-to-date: /root/distr_slam_ws/install/cartographer/include/cartographer/common/lua_parameter_dictionary.h
[497.918s] -- Up-to-date: /root/distr_slam_ws/install/cartographer/include/cartographer/common/math.h
[497.918s] -- Up-to-date: /root/distr_slam_ws/install/cartographer/include/cartographer/common/port.h
[497.919s] -- Up-to-date: /root/distr_slam_ws/install/cartographer/include/cartographer/common/task.h
[497.919s] -- Up-to-date: /root/distr_slam_ws/install/cartographer/include/cartographer/common/thread_pool.h
[497.919s] -- Up-to-date: /root/distr_slam_ws/install/cartographer/include/cartographer/common/time.h
[497.920s] -- Up-to-date: /root/distr_slam_ws/install/cartographer/include/cartographer/ground_truth/autogenerate_ground_truth.h
[497.920s] -- Up-to-date: /root/distr_slam_ws/install/cartographer/include/cartographer/ground_truth/relations_text_file.h
[497.921s] -- Up-to-date: /root/distr_slam_ws/install/cartographer/include/cartographer/io/color.h
[497.921s] -- Up-to-date: /root/distr_slam_ws/install/cartographer/include/cartographer/io/coloring_points_processor.h
[497.922s] -- Up-to-date: /root/distr_slam_ws/install/cartographer/include/cartographer/io/counting_points_processor.h
[497.922s] -- Up-to-date: /root/distr_slam_ws/install/cartographer/include/cartographer/io/draw_trajectories.h
[497.922s] -- Up-to-date: /root/distr_slam_ws/install/cartographer/include/cartographer/io/file_writer.h
[497.923s] -- Up-to-date: /root/distr_slam_ws/install/cartographer/include/cartographer/io/fixed_ratio_sampling_points_processor.h
[497.923s] -- Up-to-date: /root/distr_slam_ws/install/cartographer/include/cartographer/io/frame_id_filtering_points_processor.h
[497.923s] -- Up-to-date: /root/distr_slam_ws/install/cartographer/include/cartographer/io/hybrid_grid_points_processor.h
[497.924s] -- Up-to-date: /root/distr_slam_ws/install/cartographer/include/cartographer/io/image.h
[497.924s] -- Up-to-date: /root/distr_slam_ws/install/cartographer/include/cartographer/io/intensity_to_color_points_processor.h
[497.924s] -- Up-to-date: /root/distr_slam_ws/install/cartographer/include/cartographer/io/min_max_range_filtering_points_processor.h
[497.925s] -- Up-to-date: /root/distr_slam_ws/install/cartographer/include/cartographer/io/null_points_processor.h
[497.925s] -- Up-to-date: /root/distr_slam_ws/install/cartographer/include/cartographer/io/outlier_removing_points_processor.h
[497.926s] -- Up-to-date: /root/distr_slam_ws/install/cartographer/include/cartographer/io/pcd_writing_points_processor.h
[497.926s] -- Up-to-date: /root/distr_slam_ws/install/cartographer/include/cartographer/io/ply_writing_points_processor.h
[497.927s] -- Up-to-date: /root/distr_slam_ws/install/cartographer/include/cartographer/io/points_batch.h
[497.927s] -- Up-to-date: /root/distr_slam_ws/install/cartographer/include/cartographer/io/points_processor.h
[497.928s] -- Up-to-date: /root/distr_slam_ws/install/cartographer/include/cartographer/io/points_processor_pipeline_builder.h
[497.928s] -- Up-to-date: /root/distr_slam_ws/install/cartographer/include/cartographer/io/probability_grid_points_processor.h
[497.929s] -- Up-to-date: /root/distr_slam_ws/install/cartographer/include/cartographer/io/proto_stream.h
[497.929s] -- Up-to-date: /root/distr_slam_ws/install/cartographer/include/cartographer/io/proto_stream_deserializer.h
[497.929s] -- Up-to-date: /root/distr_slam_ws/install/cartographer/include/cartographer/io/proto_stream_interface.h
[497.929s] -- Up-to-date: /root/distr_slam_ws/install/cartographer/include/cartographer/io/serialization_format_migration.h
[497.930s] -- Up-to-date: /root/distr_slam_ws/install/cartographer/include/cartographer/io/submap_painter.h
[497.930s] -- Up-to-date: /root/distr_slam_ws/install/cartographer/include/cartographer/io/vertical_range_filtering_points_processor.h
[497.931s] -- Up-to-date: /root/distr_slam_ws/install/cartographer/include/cartographer/io/xray_points_processor.h
[497.931s] -- Up-to-date: /root/distr_slam_ws/install/cartographer/include/cartographer/io/xyz_writing_points_processor.h
[497.931s] -- Up-to-date: /root/distr_slam_ws/install/cartographer/include/cartographer/mapping/2d/grid_2d.h
[497.932s] -- Up-to-date: /root/distr_slam_ws/install/cartographer/include/cartographer/mapping/2d/map_limits.h
[497.932s] -- Up-to-date: /root/distr_slam_ws/install/cartographer/include/cartographer/mapping/2d/probability_grid.h
[497.932s] -- Up-to-date: /root/distr_slam_ws/install/cartographer/include/cartographer/mapping/2d/probability_grid_range_data_inserter_2d.h
[497.932s] -- Up-to-date: /root/distr_slam_ws/install/cartographer/include/cartographer/mapping/2d/submap_2d.h
[497.933s] -- Up-to-date: /root/distr_slam_ws/install/cartographer/include/cartographer/mapping/2d/xy_index.h
[497.933s] -- Up-to-date: /root/distr_slam_ws/install/cartographer/include/cartographer/mapping/3d/hybrid_grid.h
[497.933s] -- Up-to-date: /root/distr_slam_ws/install/cartographer/include/cartographer/mapping/3d/range_data_inserter_3d.h
[497.933s] -- Up-to-date: /root/distr_slam_ws/install/cartographer/include/cartographer/mapping/3d/submap_3d.h
[497.934s] -- Up-to-date: /root/distr_slam_ws/install/cartographer/include/cartographer/mapping/detect_floors.h
[497.934s] -- Up-to-date: /root/distr_slam_ws/install/cartographer/include/cartographer/mapping/grid_interface.h
[497.934s] -- Up-to-date: /root/distr_slam_ws/install/cartographer/include/cartographer/mapping/id.h
[497.934s] -- Up-to-date: /root/distr_slam_ws/install/cartographer/include/cartographer/mapping/imu_tracker.h
[497.935s] -- Up-to-date: /root/distr_slam_ws/install/cartographer/include/cartographer/mapping/map_builder.h
[497.935s] -- Up-to-date: /root/distr_slam_ws/install/cartographer/include/cartographer/mapping/map_builder_interface.h
[497.935s] -- Up-to-date: /root/distr_slam_ws/install/cartographer/include/cartographer/mapping/pose_extrapolator.h
[497.935s] -- Up-to-date: /root/distr_slam_ws/install/cartographer/include/cartographer/mapping/pose_extrapolator_interface.h
[497.936s] -- Up-to-date: /root/distr_slam_ws/install/cartographer/include/cartographer/mapping/pose_graph.h
[497.936s] -- Up-to-date: /root/distr_slam_ws/install/cartographer/include/cartographer/mapping/pose_graph_interface.h
[497.936s] -- Up-to-date: /root/distr_slam_ws/install/cartographer/include/cartographer/mapping/pose_graph_trimmer.h
[497.937s] -- Up-to-date: /root/distr_slam_ws/install/cartographer/include/cartographer/mapping/probability_values.h
[497.937s] -- Up-to-date: /root/distr_slam_ws/install/cartographer/include/cartographer/mapping/range_data_inserter_interface.h
[497.937s] -- Up-to-date: /root/distr_slam_ws/install/cartographer/include/cartographer/mapping/submaps.h
[497.938s] -- Up-to-date: /root/distr_slam_ws/install/cartographer/include/cartographer/mapping/trajectory_builder_interface.h
[497.938s] -- Up-to-date: /root/distr_slam_ws/install/cartographer/include/cartographer/mapping/trajectory_node.h
[497.938s] -- Up-to-date: /root/distr_slam_ws/install/cartographer/include/cartographer/mapping/value_conversion_tables.h
[497.938s] -- Up-to-date: /root/distr_slam_ws/install/cartographer/include/cartographer/metrics/counter.h
[497.938s] -- Up-to-date: /root/distr_slam_ws/install/cartographer/include/cartographer/metrics/family_factory.h
[497.938s] -- Up-to-date: /root/distr_slam_ws/install/cartographer/include/cartographer/metrics/gauge.h
[497.938s] -- Up-to-date: /root/distr_slam_ws/install/cartographer/include/cartographer/metrics/histogram.h
[497.938s] -- Up-to-date: /root/distr_slam_ws/install/cartographer/include/cartographer/metrics/register.h
[497.939s] -- Up-to-date: /root/distr_slam_ws/install/cartographer/include/cartographer/sensor/collator_interface.h
[497.939s] -- Up-to-date: /root/distr_slam_ws/install/cartographer/include/cartographer/sensor/compressed_point_cloud.h
[497.939s] -- Up-to-date: /root/distr_slam_ws/install/cartographer/include/cartographer/sensor/data.h
[497.939s] -- Up-to-date: /root/distr_slam_ws/install/cartographer/include/cartographer/sensor/fixed_frame_pose_data.h
[497.939s] -- Up-to-date: /root/distr_slam_ws/install/cartographer/include/cartographer/sensor/imu_data.h
[497.939s] -- Up-to-date: /root/distr_slam_ws/install/cartographer/include/cartographer/sensor/landmark_data.h
[497.939s] -- Up-to-date: /root/distr_slam_ws/install/cartographer/include/cartographer/sensor/map_by_time.h
[497.939s] -- Up-to-date: /root/distr_slam_ws/install/cartographer/include/cartographer/sensor/odometry_data.h
[497.939s] -- Up-to-date: /root/distr_slam_ws/install/cartographer/include/cartographer/sensor/point_cloud.h
[497.939s] -- Up-to-date: /root/distr_slam_ws/install/cartographer/include/cartographer/sensor/range_data.h
[497.940s] -- Up-to-date: /root/distr_slam_ws/install/cartographer/include/cartographer/sensor/rangefinder_point.h
[497.940s] -- Up-to-date: /root/distr_slam_ws/install/cartographer/include/cartographer/sensor/timed_point_cloud_data.h
[497.940s] -- Up-to-date: /root/distr_slam_ws/install/cartographer/include/cartographer/transform/rigid_transform.h
[497.940s] -- Up-to-date: /root/distr_slam_ws/install/cartographer/include/cartographer/transform/timestamped_transform.h
[497.940s] -- Up-to-date: /root/distr_slam_ws/install/cartographer/include/cartographer/transform/transform.h
[497.940s] -- Up-to-date: /root/distr_slam_ws/install/cartographer/include/cartographer/transform/transform_interpolation_buffer.h
[497.940s] -- Up-to-date: /root/distr_slam_ws/install/cartographer/include/cartographer/io/fake_file_writer.h
[497.940s] -- Up-to-date: /root/distr_slam_ws/install/cartographer/include/cartographer/transform/rigid_transform_test_helpers.h
[497.940s] -- Installing: /root/distr_slam_ws/install/cartographer/include/cartographer/common/proto/ceres_solver_options.pb.h
[497.941s] -- Installing: /root/distr_slam_ws/install/cartographer/include/cartographer/ground_truth/proto/relations.pb.h
[497.941s] -- Installing: /root/distr_slam_ws/install/cartographer/include/cartographer/mapping/proto/cell_limits_2d.pb.h
[497.941s] -- Installing: /root/distr_slam_ws/install/cartographer/include/cartographer/mapping/proto/connected_components.pb.h
[497.941s] -- Installing: /root/distr_slam_ws/install/cartographer/include/cartographer/mapping/proto/grid_2d.pb.h
[497.941s] -- Installing: /root/distr_slam_ws/install/cartographer/include/cartographer/mapping/proto/grid_2d_options.pb.h
[497.941s] -- Installing: /root/distr_slam_ws/install/cartographer/include/cartographer/mapping/proto/hybrid_grid.pb.h
[497.941s] -- Installing: /root/distr_slam_ws/install/cartographer/include/cartographer/mapping/proto/local_trajectory_builder_options_2d.pb.h
[497.941s] -- Installing: /root/distr_slam_ws/install/cartographer/include/cartographer/mapping/proto/local_trajectory_builder_options_3d.pb.h
[497.941s] -- Installing: /root/distr_slam_ws/install/cartographer/include/cartographer/mapping/proto/map_builder_options.pb.h
[497.942s] -- Installing: /root/distr_slam_ws/install/cartographer/include/cartographer/mapping/proto/map_limits.pb.h
[497.942s] -- Installing: /root/distr_slam_ws/install/cartographer/include/cartographer/mapping/proto/motion_filter_options.pb.h
[497.942s] -- Installing: /root/distr_slam_ws/install/cartographer/include/cartographer/mapping/proto/normal_estimation_options_2d.pb.h
[497.942s] -- Installing: /root/distr_slam_ws/install/cartographer/include/cartographer/mapping/proto/pose_extrapolator_options.pb.h
[497.942s] -- Installing: /root/distr_slam_ws/install/cartographer/include/cartographer/mapping/proto/pose_graph.pb.h
[497.942s] -- Installing: /root/distr_slam_ws/install/cartographer/include/cartographer/mapping/proto/pose_graph/constraint_builder_options.pb.h
[497.942s] -- Installing: /root/distr_slam_ws/install/cartographer/include/cartographer/mapping/proto/pose_graph/optimization_problem_options.pb.h
[497.942s] -- Installing: /root/distr_slam_ws/install/cartographer/include/cartographer/mapping/proto/pose_graph_options.pb.h
[497.942s] -- Installing: /root/distr_slam_ws/install/cartographer/include/cartographer/mapping/proto/probability_grid.pb.h
[497.942s] -- Installing: /root/distr_slam_ws/install/cartographer/include/cartographer/mapping/proto/probability_grid_range_data_inserter_options_2d.pb.h
[497.943s] -- Installing: /root/distr_slam_ws/install/cartographer/include/cartographer/mapping/proto/range_data_inserter_options.pb.h
[497.943s] -- Installing: /root/distr_slam_ws/install/cartographer/include/cartographer/mapping/proto/range_data_inserter_options_3d.pb.h
[497.943s] -- Installing: /root/distr_slam_ws/install/cartographer/include/cartographer/mapping/proto/scan_matching/ceres_scan_matcher_options_2d.pb.h
[497.943s] -- Installing: /root/distr_slam_ws/install/cartographer/include/cartographer/mapping/proto/scan_matching/ceres_scan_matcher_options_3d.pb.h
[497.943s] -- Installing: /root/distr_slam_ws/install/cartographer/include/cartographer/mapping/proto/scan_matching/fast_correlative_scan_matcher_options_2d.pb.h
[497.944s] -- Installing: /root/distr_slam_ws/install/cartographer/include/cartographer/mapping/proto/scan_matching/fast_correlative_scan_matcher_options_3d.pb.h
[497.944s] -- Installing: /root/distr_slam_ws/install/cartographer/include/cartographer/mapping/proto/scan_matching/real_time_correlative_scan_matcher_options.pb.h
[497.944s] -- Installing: /root/distr_slam_ws/install/cartographer/include/cartographer/mapping/proto/serialization.pb.h
[497.945s] -- Installing: /root/distr_slam_ws/install/cartographer/include/cartographer/mapping/proto/submap.pb.h
[497.945s] -- Installing: /root/distr_slam_ws/install/cartographer/include/cartographer/mapping/proto/submap_visualization.pb.h
[497.945s] -- Installing: /root/distr_slam_ws/install/cartographer/include/cartographer/mapping/proto/submaps_options_2d.pb.h
[497.946s] -- Installing: /root/distr_slam_ws/install/cartographer/include/cartographer/mapping/proto/submaps_options_3d.pb.h
[497.946s] -- Installing: /root/distr_slam_ws/install/cartographer/include/cartographer/mapping/proto/trajectory.pb.h
[497.946s] -- Installing: /root/distr_slam_ws/install/cartographer/include/cartographer/mapping/proto/trajectory_builder_options.pb.h
[497.947s] -- Installing: /root/distr_slam_ws/install/cartographer/include/cartographer/mapping/proto/trajectory_node_data.pb.h
[497.947s] -- Installing: /root/distr_slam_ws/install/cartographer/include/cartographer/mapping/proto/tsdf_2d.pb.h
[497.947s] -- Installing: /root/distr_slam_ws/install/cartographer/include/cartographer/mapping/proto/tsdf_range_data_inserter_options_2d.pb.h
[497.948s] -- Installing: /root/distr_slam_ws/install/cartographer/include/cartographer/sensor/proto/adaptive_voxel_filter_options.pb.h
[497.948s] -- Installing: /root/distr_slam_ws/install/cartographer/include/cartographer/sensor/proto/sensor.pb.h
[497.949s] -- Installing: /root/distr_slam_ws/install/cartographer/include/cartographer/transform/proto/timestamped_transform.pb.h
[497.949s] -- Installing: /root/distr_slam_ws/install/cartographer/include/cartographer/transform/proto/transform.pb.h
[497.949s] -- Old export file "/root/distr_slam_ws/install/cartographer/share/cartographer/cmake/CartographerTargets.cmake" will be replaced.  Removing files [/root/distr_slam_ws/install/cartographer/share/cartographer/cmake/CartographerTargets-release.cmake].
[497.950s] -- Installing: /root/distr_slam_ws/install/cartographer/share/cartographer/cmake/CartographerTargets.cmake
[497.950s] -- Installing: /root/distr_slam_ws/install/cartographer/share/cartographer/cmake/CartographerTargets-release.cmake
[497.950s] -- Installing: /root/distr_slam_ws/install/cartographer/share/cartographer/cartographer-config.cmake
[497.953s] Invoked command in '/root/distr_slam_ws/build/cartographer' returned '0': CMAKE_PREFIX_PATH=/opt/ros/humble /usr/bin/cmake --install /root/distr_slam_ws/build/cartographer
